V/androidripper(  788): Backing up trace #853 to disk.
V/androidripper(  788): Backing up trace #854 to disk.
V/androidripper(  788): Backing up trace #855 to disk.
V/androidripper(  788): Backing up trace #856 to disk.
V/androidripper(  788): Backing up trace #857 to disk.
V/androidripper(  788): Backing up trace #858 to disk.
V/androidripper(  788): Backing up trace #859 to disk.
D/dalvikvm(  788): GC_FOR_ALLOC freed 1708K, 17% free 10538K/12664K, paused 141ms, total 141ms
V/androidripper(  788): Backing up trace #860 to disk.
V/androidripper(  788): Backing up trace #861 to disk.
V/androidripper(  788): Backing up trace #862 to disk.
V/androidripper(  788): Backing up trace #863 to disk.
V/androidripper(  788): Backing up trace #864 to disk.
V/androidripper(  788): Backing up trace #865 to disk.
V/androidripper(  788): Backing up trace #866 to disk.
V/androidripper(  788): Backing up trace #867 to disk.
V/androidripper(  788): Backing up trace #868 to disk.
V/androidripper(  788): Backing up trace #869 to disk.
V/androidripper(  788): Backing up trace #870 to disk.
V/androidripper(  788): Backing up trace #871 to disk.
V/androidripper(  788): Backing up trace #872 to disk.
V/androidripper(  788): Backing up trace #873 to disk.
V/androidripper(  788): Backing up trace #874 to disk.
V/androidripper(  788): Backing up trace #875 to disk.
V/androidripper(  788): Backing up trace #876 to disk.
V/androidripper(  788): Backing up trace #877 to disk.
V/androidripper(  788): Backing up trace #878 to disk.
V/androidripper(  788): Backing up trace #879 to disk.
V/androidripper(  788): Backing up trace #880 to disk.
V/androidripper(  788): Backing up trace #881 to disk.
V/androidripper(  788): Backing up trace #882 to disk.
V/androidripper(  788): Backing up trace #883 to disk.
V/androidripper(  788): Backing up trace #884 to disk.
V/androidripper(  788): Backing up trace #885 to disk.
V/androidripper(  788): Backing up trace #886 to disk.
V/androidripper(  788): Backing up trace #887 to disk.
V/androidripper(  788): Backing up trace #888 to disk.
V/androidripper(  788): Backing up trace #889 to disk.
V/androidripper(  788): Backing up trace #890 to disk.
V/androidripper(  788): Backing up trace #891 to disk.
V/androidripper(  788): Backing up trace #892 to disk.
V/androidripper(  788): Backing up trace #893 to disk.
D/dalvikvm(  788): GC_FOR_ALLOC freed 1711K, 17% free 10534K/12664K, paused 143ms, total 143ms
V/androidripper(  788): Backing up trace #894 to disk.
V/androidripper(  788): Backing up trace #895 to disk.
V/androidripper(  788): Backing up trace #896 to disk.
V/androidripper(  788): Backing up trace #897 to disk.
V/androidripper(  788): Backing up trace #898 to disk.
V/androidripper(  788): Backing up trace #899 to disk.
V/androidripper(  788): Backing up trace #900 to disk.
V/androidripper(  788): Backing up trace #901 to disk.
V/androidripper(  788): Backing up trace #902 to disk.
V/androidripper(  788): Backing up trace #903 to disk.
V/androidripper(  788): Backing up trace #904 to disk.
V/androidripper(  788): Backing up trace #905 to disk.
V/androidripper(  788): Backing up trace #906 to disk.
V/androidripper(  788): Backing up trace #907 to disk.
V/androidripper(  788): Backing up trace #908 to disk.
V/androidripper(  788): Backing up trace #909 to disk.
V/androidripper(  788): Backing up trace #910 to disk.
V/androidripper(  788): Backing up trace #911 to disk.
V/androidripper(  788): Backing up trace #912 to disk.
V/androidripper(  788): Backing up trace #913 to disk.
V/androidripper(  788): Backing up trace #914 to disk.
V/androidripper(  788): Backing up trace #915 to disk.
V/androidripper(  788): Backing up trace #916 to disk.
V/androidripper(  788): Backing up trace #917 to disk.
V/androidripper(  788): Backing up trace #918 to disk.
V/androidripper(  788): Backing up trace #919 to disk.
V/androidripper(  788): Backing up trace #920 to disk.
V/androidripper(  788): Backing up trace #921 to disk.
V/androidripper(  788): Backing up trace #922 to disk.
V/androidripper(  788): Backing up trace #923 to disk.
V/androidripper(  788): Backing up trace #924 to disk.
V/androidripper(  788): Backing up trace #925 to disk.
V/androidripper(  788): Backing up trace #926 to disk.
V/androidripper(  788): Backing up trace #927 to disk.
D/dalvikvm(  788): GC_FOR_ALLOC freed 1683K, 17% free 10549K/12664K, paused 148ms, total 148ms
V/androidripper(  788): Backing up trace #928 to disk.
V/androidripper(  788): Backing up trace #929 to disk.
V/androidripper(  788): Backing up trace #930 to disk.
V/androidripper(  788): Backing up trace #931 to disk.
V/androidripper(  788): Backing up trace #932 to disk.
V/androidripper(  788): Backing up trace #933 to disk.
V/androidripper(  788): Backing up trace #934 to disk.
V/androidripper(  788): Backing up trace #935 to disk.
V/androidripper(  788): Backing up trace #936 to disk.
V/androidripper(  788): Backing up trace #937 to disk.
V/androidripper(  788): Backing up trace #938 to disk.
V/androidripper(  788): Backing up trace #939 to disk.
V/androidripper(  788): Backing up trace #940 to disk.
V/androidripper(  788): Backing up trace #941 to disk.
V/androidripper(  788): Backing up trace #942 to disk.
V/androidripper(  788): Backing up trace #943 to disk.
V/androidripper(  788): Backing up trace #944 to disk.
V/androidripper(  788): Backing up trace #945 to disk.
V/androidripper(  788): Backing up trace #946 to disk.
V/androidripper(  788): Backing up trace #947 to disk.
V/androidripper(  788): Backing up trace #948 to disk.
V/androidripper(  788): Backing up trace #949 to disk.
V/androidripper(  788): Backing up trace #950 to disk.
I/dalvikvm(  788): Jit: resizing JitTable from 4096 to 8192
V/androidripper(  788): Backing up trace #951 to disk.
V/androidripper(  788): Backing up trace #952 to disk.
V/androidripper(  788): Backing up trace #953 to disk.
V/androidripper(  788): Backing up trace #954 to disk.
V/androidripper(  788): Backing up trace #955 to disk.
V/androidripper(  788): Backing up trace #956 to disk.
V/androidripper(  788): Backing up trace #957 to disk.
V/androidripper(  788): Backing up trace #958 to disk.
V/androidripper(  788): Backing up trace #959 to disk.
V/androidripper(  788): Backing up trace #960 to disk.
D/dalvikvm(  788): GC_FOR_ALLOC freed 1708K, 17% free 10538K/12664K, paused 143ms, total 143ms
V/androidripper(  788): Backing up trace #961 to disk.
V/androidripper(  788): Backing up trace #962 to disk.
V/androidripper(  788): Backing up trace #963 to disk.
V/androidripper(  788): Backing up trace #964 to disk.
V/androidripper(  788): Backing up trace #965 to disk.
V/androidripper(  788): Backing up trace #966 to disk.
V/androidripper(  788): Backing up trace #967 to disk.
V/androidripper(  788): Backing up trace #968 to disk.
V/androidripper(  788): Backing up trace #969 to disk.
V/androidripper(  788): Backing up trace #970 to disk.
V/androidripper(  788): Backing up trace #971 to disk.
V/androidripper(  788): Backing up trace #972 to disk.
V/androidripper(  788): Backing up trace #973 to disk.
V/androidripper(  788): Backing up trace #974 to disk.
V/androidripper(  788): Backing up trace #975 to disk.
V/androidripper(  788): Backing up trace #976 to disk.
V/androidripper(  788): Backing up trace #977 to disk.
V/androidripper(  788): Backing up trace #978 to disk.
V/androidripper(  788): Backing up trace #979 to disk.
V/androidripper(  788): Backing up trace #980 to disk.
V/androidripper(  788): Backing up trace #981 to disk.
V/androidripper(  788): Backing up trace #982 to disk.
V/androidripper(  788): Backing up trace #983 to disk.
V/androidripper(  788): Backing up trace #984 to disk.
V/androidripper(  788): Backing up trace #985 to disk.
V/androidripper(  788): Backing up trace #986 to disk.
V/androidripper(  788): Backing up trace #987 to disk.
V/androidripper(  788): Backing up trace #988 to disk.
V/androidripper(  788): Backing up trace #989 to disk.
V/androidripper(  788): Backing up trace #990 to disk.
V/androidripper(  788): Backing up trace #991 to disk.
V/androidripper(  788): Backing up trace #992 to disk.
V/androidripper(  788): Backing up trace #993 to disk.
V/androidripper(  788): Backing up trace #994 to disk.
D/dalvikvm(  788): GC_FOR_ALLOC freed 1710K, 17% free 10534K/12664K, paused 140ms, total 140ms
V/androidripper(  788): Backing up trace #995 to disk.
V/androidripper(  788): Backing up trace #996 to disk.
V/androidripper(  788): Backing up trace #997 to disk.
V/androidripper(  788): Backing up trace #998 to disk.
V/androidripper(  788): Backing up trace #999 to disk.
V/androidripper(  788): Backing up trace #1000 to disk.
V/androidripper(  788): Backing up trace #1001 to disk.
V/androidripper(  788): Backing up trace #1002 to disk.
V/androidripper(  788): Backing up trace #1003 to disk.
V/androidripper(  788): Backing up trace #1004 to disk.
V/androidripper(  788): Backing up trace #1005 to disk.
D/androidripper(  788): Deleting backup of the old task list from disk
D/androidripper(  788): Deleting backup of the old activity list from disk
W/WindowManager(  294): Failure taking screenshot for (246x410) to layer 21015
E/SurfaceFlinger(   37): ro.sf.lcd_density must be defined as a build property
W/WindowManager(  294): Failure taking screenshot for (246x410) to layer 21010
D/dalvikvm(  788): GC_EXPLICIT freed 568K, 17% free 10521K/12664K, paused 9ms+14ms, total 480ms
D/dalvikvm(  788): GC_EXPLICIT freed <1K, 17% free 10521K/12664K, paused 5ms+21ms, total 531ms
I/TestRunner(  788): finished: testAndCrawl(it.unina.androidripper.guitree.GuiTreeEngine)
I/TestRunner(  788): passed: testAndCrawl(it.unina.androidripper.guitree.GuiTreeEngine)
D/AndroidRuntime(  756): Shutting down VM
D/dalvikvm(  756): GC_CONCURRENT freed 94K, 18% free 462K/560K, paused 1ms+1ms, total 9ms
I/Choreographer(  427): Skipped 132 frames!  The application may be doing too much work on its main thread.
E/SurfaceFlinger(   37): ro.sf.lcd_density must be defined as a build property
I/ActivityManager(  294): Force stopping package org.jessies.dalvikexplorer appid=10047 user=0
I/ActivityManager(  294): Killing proc 788:org.jessies.dalvikexplorer/u0a10047: force stop org.jessies.dalvikexplorer
W/InputDispatcher(  294): channel '40f05a08 org.jessies.dalvikexplorer/org.jessies.dalvikexplorer.DalvikExplorerActivity (server)' ~ Consumer closed input channel or an error occurred.  events=0x9
E/InputDispatcher(  294): channel '40f05a08 org.jessies.dalvikexplorer/org.jessies.dalvikexplorer.DalvikExplorerActivity (server)' ~ Channel is unrecoverably broken and will be disposed!
W/InputDispatcher(  294): channel '41046710 org.jessies.dalvikexplorer/org.jessies.dalvikexplorer.CharsetsActivity (server)' ~ Consumer closed input channel or an error occurred.  events=0x9
E/InputDispatcher(  294): channel '41046710 org.jessies.dalvikexplorer/org.jessies.dalvikexplorer.CharsetsActivity (server)' ~ Channel is unrecoverably broken and will be disposed!
I/WindowState(  294): WIN DEATH: Window{41046710 u0 org.jessies.dalvikexplorer/org.jessies.dalvikexplorer.CharsetsActivity}
W/InputDispatcher(  294): Attempted to unregister already unregistered input channel '41046710 org.jessies.dalvikexplorer/org.jessies.dalvikexplorer.CharsetsActivity (server)'
I/WindowState(  294): WIN DEATH: Window{40f05a08 u0 org.jessies.dalvikexplorer/org.jessies.dalvikexplorer.DalvikExplorerActivity}
W/InputDispatcher(  294): Attempted to unregister already unregistered input channel '40f05a08 org.jessies.dalvikexplorer/org.jessies.dalvikexplorer.DalvikExplorerActivity (server)'
D/AndroidRuntime(  904): 
D/AndroidRuntime(  904): >>>>>> AndroidRuntime START com.android.internal.os.RuntimeInit <<<<<<
D/AndroidRuntime(  904): CheckJNI is ON
D/dalvikvm(  904): Trying to load lib libjavacore.so 0x0
D/dalvikvm(  904): Added shared lib libjavacore.so 0x0
D/dalvikvm(  904): Trying to load lib libnativehelper.so 0x0
D/dalvikvm(  904): Added shared lib libnativehelper.so 0x0
D/AndroidRuntime(  904): Calling main entry com.android.commands.am.Am
D/dalvikvm(  904): Note: class Landroid/app/ActivityManagerNative; has 157 unimplemented (abstract) methods
D/dalvikvm(  914): Not late-enabling CheckJNI (already on)
I/ActivityManager(  294): Start proc org.jessies.dalvikexplorer for broadcast org.jessies.dalvikexplorer/.EmmaInstrument.SMSInstrumentedReceiver: pid=914 uid=10047 gids={50047, 1015, 1028}
E/Trace   (  914): error opening trace file: No such file or directory (2)
I/System.out(  914): EMMA: collecting runtime coverage data ...
D/EmmaInstrumentation:(  914): Intermidate Dump Called with file name :/mnt/sdcard/coverage.ec
D/EmmaInstrumentation:(  914): generateCoverageReport()
I/System.out(  914): EMMA: runtime coverage data merged into [/mnt/sdcard/coverage.ec] {in 18 ms}
D/AndroidRuntime(  904): Shutting down VM
D/dalvikvm(  904): GC_CONCURRENT freed 91K, 17% free 492K/588K, paused 1ms+0ms, total 9ms
D/dalvikvm(  914): GC_CONCURRENT freed 288K, 13% free 2533K/2884K, paused 4ms+32ms, total 87ms
* daemon not running. starting it now on port 5037 *
W/Resources(   38): Preloaded drawable resource #0x10805f3 (android:drawable/textfield_search_right_default_holo_dark) that varies with configuration!!
W/Resources(   38): Preloaded drawable resource #0x10805f9 (android:drawable/textfield_search_selected_holo_light) that varies with configuration!!
W/Resources(   38): Preloaded drawable resource #0x10805ed (android:drawable/textfield_search_default_holo_light) that varies with configuration!!
W/Resources(   38): Preloaded drawable resource #0x10805ed (android:drawable/textfield_search_default_holo_light) that varies with configuration!!
W/Resources(   38): Preloaded drawable resource #0x10805f6 (android:drawable/textfield_search_right_selected_holo_light) that varies with configuration!!
W/Resources(   38): Preloaded drawable resource #0x10805f4 (android:drawable/textfield_search_right_default_holo_light) that varies with configuration!!
W/Resources(   38): Preloaded drawable resource #0x10805f4 (android:drawable/textfield_search_right_default_holo_light) that varies with configuration!!
W/Resources(   38): Preloaded drawable resource #0x10805f8 (android:drawable/textfield_search_selected_holo_dark) that varies with configuration!!
W/Resources(   38): Preloaded drawable resource #0x10805ec (android:drawable/textfield_search_default_holo_dark) that varies with configuration!!
W/Resources(   38): Preloaded drawable resource #0x10805f5 (android:drawable/textfield_search_right_selected_holo_dark) that varies with configuration!!
W/Resources(   38): Preloaded drawable resource #0x10805f3 (android:drawable/textfield_search_right_default_holo_dark) that varies with configuration!!
W/Resources(   38): Preloaded drawable resource #0x10805f9 (android:drawable/textfield_search_selected_holo_light) that varies with configuration!!
W/Resources(   38): Preloaded drawable resource #0x10805ed (android:drawable/textfield_search_default_holo_light) that varies with configuration!!
W/Resources(   38): Preloaded drawable resource #0x10805f6 (android:drawable/textfield_search_right_selected_holo_light) that varies with configuration!!
W/Resources(   38): Preloaded drawable resource #0x10805f4 (android:drawable/textfield_search_right_default_holo_light) that varies with configuration!!
D/dalvikvm(   38): GC_EXPLICIT freed 47K, 26% free 2364K/3156K, paused 2ms+2ms, total 34ms
W/Resources(   38): Preloaded drawable resource #0x10805c1 (android:drawable/tab_unselected_holo) that varies with configuration!!
W/Resources(   38): Preloaded drawable resource #0x10805bc (android:drawable/tab_selected_holo) that varies with configuration!!
W/Resources(   38): Preloaded drawable resource #0x10805c0 (android:drawable/tab_unselected_focused_holo) that varies with configuration!!
W/Resources(   38): Preloaded drawable resource #0x10805bb (android:drawable/tab_selected_focused_holo) that varies with configuration!!
W/Resources(   38): Preloaded drawable resource #0x10805c2 (android:drawable/tab_unselected_pressed_holo) that varies with configuration!!
W/Resources(   38): Preloaded drawable resource #0x10805bd (android:drawable/tab_selected_pressed_holo) that varies with configuration!!
W/Resources(   38): Preloaded drawable resource #0x10805c2 (android:drawable/tab_unselected_pressed_holo) that varies with configuration!!
W/Resources(   38): Preloaded drawable resource #0x10805bd (android:drawable/tab_selected_pressed_holo) that varies with configuration!!
W/Resources(   38): Preloaded drawable resource #0x10805bd (android:drawable/tab_selected_pressed_holo) that varies with configuration!!
W/Resources(   38): Preloaded drawable resource #0x10805c1 (android:drawable/tab_unselected_holo) that varies with configuration!!
W/Resources(   38): Preloaded drawable resource #0x10805bc (android:drawable/tab_selected_holo) that varies with configuration!!
W/Resources(   38): Preloaded drawable resource #0x10805c0 (android:drawable/tab_unselected_focused_holo) that varies with configuration!!
W/Resources(   38): Preloaded drawable resource #0x10805bb (android:drawable/tab_selected_focused_holo) that varies with configuration!!
W/Resources(   38): Preloaded drawable resource #0x10805c2 (android:drawable/tab_unselected_pressed_holo) that varies with configuration!!
W/Resources(   38): Preloaded drawable resource #0x10805bd (android:drawable/tab_selected_pressed_holo) that varies with configuration!!
W/Resources(   38): Preloaded drawable resource #0x10804a5 (android:drawable/quickcontact_badge_overlay_pressed_dark) that varies with configuration!!
W/Resources(   38): Preloaded drawable resource #0x10804a0 (android:drawable/quickcontact_badge_overlay_focused_dark) that varies with configuration!!
W/Resources(   38): Preloaded drawable resource #0x10804a3 (android:drawable/quickcontact_badge_overlay_normal_dark) that varies with configuration!!
W/Resources(   38): Preloaded drawable resource #0x10804a3 (android:drawable/quickcontact_badge_overlay_normal_dark) that varies with configuration!!
W/Resources(   38): Preloaded drawable resource #0x10804a3 (android:drawable/quickcontact_badge_overlay_normal_dark) that varies with configuration!!
D/dalvikvm(   38): GC_EXPLICIT freed 56K, 26% free 2365K/3156K, paused 2ms+6ms, total 81ms
W/Resources(   38): Preloaded drawable resource #0x10804a5 (android:drawable/quickcontact_badge_overlay_pressed_dark) that varies with configuration!!
W/Resources(   38): Preloaded drawable resource #0x10804a6 (android:drawable/quickcontact_badge_overlay_pressed_light) that varies with configuration!!
W/Resources(   38): Preloaded drawable resource #0x10804a1 (android:drawable/quickcontact_badge_overlay_focused_light) that varies with configuration!!
W/Resources(   38): Preloaded drawable resource #0x10804a4 (android:drawable/quickcontact_badge_overlay_normal_light) that varies with configuration!!
W/Resources(   38): Preloaded drawable resource #0x10804a4 (android:drawable/quickcontact_badge_overlay_normal_light) that varies with configuration!!
W/Resources(   38): Preloaded drawable resource #0x10804a4 (android:drawable/quickcontact_badge_overlay_normal_light) that varies with configuration!!
W/Resources(   38): Preloaded drawable resource #0x10804a6 (android:drawable/quickcontact_badge_overlay_pressed_light) that varies with configuration!!
I/Zygote  (   38): ...preloaded 270 resources in 9008ms.
D/dalvikvm(   38): GC_EXPLICIT freed 48K, 25% free 2369K/3156K, paused 3ms+6ms, total 41ms
I/Zygote  (   38): ...preloaded 31 resources in 168ms.
D/dalvikvm(   38): GC_EXPLICIT freed 9K, 25% free 2377K/3156K, paused 2ms+3ms, total 80ms
D/dalvikvm(   38): GC_EXPLICIT freed 7K, 25% free 2369K/3156K, paused 3ms+2ms, total 78ms
D/dalvikvm(   38): GC_EXPLICIT freed <1K, 25% free 2369K/3156K, paused 2ms+3ms, total 77ms
I/dalvikvm(   38): System server process 284 has been created
I/Zygote  (   38): Accepting command socket connections
E/BatteryService(  284): usbOnlinePath not found
E/BatteryService(  284): wirelessOnlinePath not found
E/BatteryService(  284): batteryVoltagePath not found
E/BatteryService(  284): batteryTemperaturePath not found
I/sysproc (  284): Entered system_init()
I/sysproc (  284): ServiceManager: 0x2a164130
D/SensorService(  284): nuSensorService starting...
I/SensorService(  284): Goldfish 3-axis Accelerometer
I/SensorService(  284): Goldfish 3-axis Magnetic field sensor
I/SensorService(  284): Goldfish Orientation sensor
I/SensorService(  284): Goldfish Temperature sensor
I/SensorService(  284): Goldfish Proximity sensor
I/sysproc (  284): System server: starting Android runtime.
I/sysproc (  284): System server: starting Android services.
I/SystemServer(  284): Entered the Android system server!
D/SensorService(  284): nuSensorService thread starting...
I/sysproc (  284): System server: entering thread pool.
I/SystemServer(  284): Enabled StrictMode logging for UI Looper
I/SystemServer(  284): Waiting for installd to be ready.
I/Installer(  284): connecting...
I/installd(   41): new connection
I/SystemServer(  284): Enabled StrictMode logging for WM Looper
I/SystemServer(  284): Entropy Mixer
I/SystemServer(  284): Power Manager
E/PowerManagerService-JNI(  284): Couldn't load power module (No such file or directory)
I/SystemServer(  284): Activity Manager
I/ActivityManager(  284): Memory class: 48
W/UsageStats(  284): Usage stats version changed; dropping
I/ActivityManager(  284): Enabled StrictMode logging for AThread's Looper
I/SystemServer(  284): Display Manager
E/SurfaceFlinger(   37): ro.sf.lcd_density must be defined as a build property
I/DisplayManagerService(  284): Display device added: DisplayDeviceInfo{"Built-in Screen": 480 x 800, 260.416 fps, density 240, 240.0 x 240.0 dpi, touch INTERNAL, FLAG_DEFAULT_DISPLAY, FLAG_ROTATES_WITH_CONTENT, FLAG_SECURE, FLAG_SUPPORTS_PROTECTED_BUFFERS, rotation 0, type BUILT_IN, address null}
I/SystemServer(  284): Telephony Registry
I/SystemServer(  284): Scheduling Policy
I/SystemServer(  284): Package Manager
D/dalvikvm(  284): GC_CONCURRENT freed 248K, 11% free 2551K/2860K, paused 4ms+2ms, total 91ms
D/dalvikvm(  284): GC_CONCURRENT freed 224K, 10% free 2719K/3000K, paused 4ms+52ms, total 72ms
W/PackageManager(  284): Running ENG build: no pre-dexopt!
D/dalvikvm(  284): GC_CONCURRENT freed 208K, 9% free 2901K/3164K, paused 4ms+3ms, total 53ms
W/PackageParser(  284): No actions in intent filter at /system/app/Contacts.apk Binary XML file line #533
D/dalvikvm(  284): GC_CONCURRENT freed 218K, 9% free 3122K/3396K, paused 4ms+3ms, total 194ms
D/dalvikvm(  284): GC_CONCURRENT freed 214K, 8% free 3321K/3592K, paused 5ms+10ms, total 76ms
W/PackageManager(  284): Package com.android.camera desires unavailable shared library com.google.android.media.effects; ignoring!
D/PackageManager(  284): No files in app dir /vendor/app
D/dalvikvm(  284): GC_CONCURRENT freed 226K, 8% free 3589K/3872K, paused 4ms+13ms, total 207ms
W/PackageParser(  284): No actions in intent filter at /data/app/ApiDemos.apk Binary XML file line #2737
W/PackageParser(  284): No actions in intent filter at /data/app/ApiDemos.apk Binary XML file line #2743
W/PackageManager(  284): Package com.example.android.apis desires unavailable shared library com.example.will.never.exist; ignoring!
I/PackageManager(  284): Time to scan packages: 3.6 seconds
W/PackageManager(  284): Unknown permission com.google.android.googleapps.permission.GOOGLE_AUTH.mail in package com.android.contacts
W/PackageManager(  284): Unknown permission android.permission.ADD_SYSTEM_SERVICE in package com.android.phone
W/PackageManager(  284): Unknown permission com.android.smspush.WAPPUSH_MANAGER_BIND in package com.android.phone
W/PackageManager(  284): Unknown permission com.google.android.googleapps.permission.GOOGLE_AUTH in package com.android.providers.calendar
W/PackageManager(  284): Unknown permission com.google.android.googleapps.permission.GOOGLE_AUTH.cl in package com.android.providers.calendar
W/PackageManager(  284): Unknown permission com.google.android.googleapps.permission.GOOGLE_AUTH.mail in package com.android.calendar
W/PackageManager(  284): Not granting permission android.permission.SEND_DOWNLOAD_COMPLETED_INTENTS to package com.android.browser (protectionLevel=2 flags=0x9be45)
W/PackageManager(  284): Not granting permission android.permission.BIND_APPWIDGET to package com.android.widgetpreview (protectionLevel=18 flags=0x8be44)
W/PackageManager(  284): Unknown permission com.google.android.googleapps.permission.GOOGLE_AUTH in package com.android.settings
W/PackageManager(  284): Unknown permission com.google.android.gallery3d.permission.GALLERY_PROVIDER in package com.android.exchange
W/PackageManager(  284): Unknown permission com.google.android.googleapps.permission.ACCESS_GOOGLE_PASSWORD in package com.android.development
W/PackageManager(  284): Unknown permission com.google.android.googleapps.permission.GOOGLE_AUTH in package com.android.development
W/PackageManager(  284): Unknown permission com.google.android.googleapps.permission.GOOGLE_AUTH.ALL_SERVICES in package com.android.development
W/PackageManager(  284): Unknown permission com.google.android.googleapps.permission.GOOGLE_AUTH.YouTubeUser in package com.android.development
W/PackageManager(  284): Unknown permission com.google.android.gallery3d.permission.GALLERY_PROVIDER in package com.android.email
W/PackageManager(  284): Not granting permission android.permission.DEVICE_POWER to package com.android.deskclock (protectionLevel=2 flags=0x8be45)
D/dalvikvm(  284): GC_CONCURRENT freed 262K, 8% free 3738K/4060K, paused 4ms+16ms, total 129ms
D/dalvikvm(  284): GC_EXPLICIT freed 239K, 13% free 3631K/4128K, paused 3ms+16ms, total 122ms
I/SystemServer(  284): User Service
I/SystemServer(  284): Account Manager
I/SystemServer(  284): Content Manager
I/SystemServer(  284): System Content Providers
I/SystemServer(  284): Lights Service
I/SystemServer(  284): Battery Service
I/SystemServer(  284): Vibrator Service
I/libsuspend(  284): Selected early suspend
I/libsuspend(  284): Starting early suspend unblocker thread
D/PermissionCache(   37): checking android.permission.ACCESS_SURFACE_FLINGER for uid=1000 => granted (2946 us)
D/SurfaceFlinger(   37): Screen acquired, type=0 flinger=0x2a007318
D/SurfaceFlinger(   37):  screen was previously acquired
I/SystemServer(  284): Alarm Manager
D/AlarmManagerService(  284): Kernel timezone updated to 0 minutes west of GMT
I/SystemServer(  284): Init Watchdog
I/SystemServer(  284): Input Manager
I/InputManager(  284): Initializing input manager, mUseDevInputEventForAudioJack=false
I/SystemServer(  284): Window Manager
E/SoundPool(  284): error loading /system/media/audio/ui/Lock.ogg
W/KeyguardViewMediator(  284): failed to load lock sound from /system/media/audio/ui/Lock.ogg
E/SoundPool(  284): error loading /system/media/audio/ui/Unlock.ogg
W/KeyguardViewMediator(  284): failed to load unlock sound from /system/media/audio/ui/Unlock.ogg
I/InputManager(  284): Starting input manager
I/SystemServer(  284): No Bluetooh Service (emulator)
I/SystemServer(  284): Input Method Service
W/InputMethodManagerService(  284): Couldn't create dir.: /data/system/inputmethod
D/dalvikvm(  284): GC_CONCURRENT freed 264K, 8% free 3866K/4200K, paused 4ms+51ms, total 119ms
D/dalvikvm(  284): WAIT_FOR_CONCURRENT_GC blocked 16ms
I/EventHub(  284): New device: id=1, fd=89, path='/dev/input/event0', name='qwerty2', classes=0x2d, configuration='/system/usr/idc/qwerty2.idc', keyLayout='/system/usr/keylayout/qwerty.kl', keyCharacterMap='/system/usr/keychars/qwerty2.kcm', builtinKeyboard=true, usingSuspendBlockIoctl=false, usingClockIoctl=false
E/EventHub(  284): could not get driver version for /dev/input/mouse0, Not a typewriter
E/EventHub(  284): could not get driver version for /dev/input/mice, Not a typewriter
I/InputReader(  284): Device added: id=-1, name='Virtual', sources=0x00000301
I/InputReader(  284):   Touch device 'qwerty2' could not query the properties of its associated display.  The device will be inoperable until the display size becomes available.
I/InputReader(  284): Device added: id=0, name='qwerty2', sources=0x00011307
E/Trace   (  284): error opening trace file: No such file or directory (2)
I/SystemServer(  284): Accessibility Manager
I/ActivityManager(  284): Config changes=15f8 {1.0 ?mcc?mnc en_US ldltr sw320dp w320dp h508dp 240dpi nrml long port ?uimode ?night finger -keyb/v/h tball/v s.2}
I/SystemServer(  284): Mount Service
I/InputReader(  284): Reconfiguring input devices.  changes=0x00000004
I/InputReader(  284): Device reconfigured: id=0, name='qwerty2', size 480x800, orientation 0, mode 1, display id 0
I/InputReader(  284): Reconfiguring input devices.  changes=0x00000004
I/InputReader(  284): Device reconfigured: id=0, name='qwerty2', size 480x800, orientation 0, mode 1, display id 0
D/MountService(  284): got storage path: /mnt/sdcard description: USB storage primary: true removable: false emulated: false mtpReserve: 0 allowMassStorage: false maxFileSize: 0
D/MountService(  284): addVolumeLocked() StorageVolume [mStorageId=0 mPath=/mnt/sdcard mDescriptionId=17040615 mPrimary=true mRemovable=false mEmulated=false mMtpReserveSpace=0 mAllowMassStorage=false mMaxFileSize=0 mOwner=null]
I/SystemServer(  284): LockSettingsService
I/SystemServer(  284): Device Policy
I/SystemServer(  284): Status Bar
I/SystemServer(  284): Clipboard Service
I/SystemServer(  284): NetworkManagement Service
I/SystemServer(  284): Text Service Manager Service
I/SystemServer(  284): NetworkStats Service
I/SystemServer(  284): NetworkPolicy Service
I/SystemServer(  284): Wi-Fi P2pService
I/SystemServer(  284): Wi-Fi Service
I/SystemServer(  284): Connectivity Service
D/ConnectivityService(  284): ConnectivityService starting up
D/dalvikvm(  284): GREF has increased to 201
E/CommandListener(   34): Failed to open /proc/sys/net/ipv6/conf/wlan0/disable_ipv6: No such file or directory
E/WifiStateMachine(  284): Failed to disable IPv6: java.lang.IllegalStateException: command '1 interface ipv6 wlan0 disable' failed with '400 1 Failed to change IPv6 state (No such file or directory)'
E/MobileDataStateTracker(  284): default: Ignoring feature request because could not acquire PhoneService
E/MobileDataStateTracker(  284): default: Could not enable APN type "default"
I/WifiService(  284): WifiService starting up with Wi-Fi disabled
D/MountService(  284): volume state changed for /mnt/sdcard (null -> unmounted)
I/PackageManager(  284): Updating external media status from unmounted to unmounted
I/SystemServer(  284): Network Service Discovery Service
W/MountService(  284): getSecureContainerList() called when storage not mounted
D/NsdService(  284): Network service discovery enabled true
I/PackageManager(  284): No secure containers on sdcard
W/PackageManager(  284): Unknown permission com.google.android.googleapps.permission.GOOGLE_AUTH.mail in package com.android.contacts
W/PackageManager(  284): Unknown permission android.permission.ADD_SYSTEM_SERVICE in package com.android.phone
W/PackageManager(  284): Unknown permission com.android.smspush.WAPPUSH_MANAGER_BIND in package com.android.phone
W/PackageManager(  284): Unknown permission com.google.android.googleapps.permission.GOOGLE_AUTH in package com.android.providers.calendar
W/PackageManager(  284): Unknown permission com.google.android.googleapps.permission.GOOGLE_AUTH.cl in package com.android.providers.calendar
W/PackageManager(  284): Unknown permission com.google.android.googleapps.permission.GOOGLE_AUTH.mail in package com.android.calendar
W/PackageManager(  284): Not granting permission android.permission.SEND_DOWNLOAD_COMPLETED_INTENTS to package com.android.browser (protectionLevel=2 flags=0x89be45)
W/PackageManager(  284): Not granting permission android.permission.BIND_APPWIDGET to package com.android.widgetpreview (protectionLevel=18 flags=0x8be44)
W/PackageManager(  284): Unknown permission com.google.android.googleapps.permission.GOOGLE_AUTH in package com.android.settings
I/SystemServer(  284): Throttle Service
I/SystemServer(  284): UpdateLock Service
W/PackageManager(  284): Unknown permission com.google.android.gallery3d.permission.GALLERY_PROVIDER in package com.android.exchange
W/PackageManager(  284): Unknown permission com.google.android.googleapps.permission.ACCESS_GOOGLE_PASSWORD in package com.android.development
W/PackageManager(  284): Unknown permission com.google.android.googleapps.permission.GOOGLE_AUTH in package com.android.development
W/PackageManager(  284): Unknown permission com.google.android.googleapps.permission.GOOGLE_AUTH.ALL_SERVICES in package com.android.development
W/PackageManager(  284): Unknown permission com.google.android.googleapps.permission.GOOGLE_AUTH.YouTubeUser in package com.android.development
W/PackageManager(  284): Unknown permission com.google.android.gallery3d.permission.GALLERY_PROVIDER in package com.android.email
W/PackageManager(  284): Not granting permission android.permission.DEVICE_POWER to package com.android.deskclock (protectionLevel=2 flags=0x88be45)
D/dalvikvm(  284): GC_CONCURRENT freed 244K, 8% free 4105K/4416K, paused 13ms+66ms, total 249ms
I/SystemServer(  284): Notification Manager
I/SystemServer(  284): Device Storage Monitor
I/SystemServer(  284): Location Manager
I/SystemServer(  284): Country Detector
I/SystemServer(  284): Search Service
I/SystemServer(  284): DropBox Service
I/SystemServer(  284): Wallpaper Service
I/SystemServer(  284): Audio Service
D/dalvikvm(  284): GC_CONCURRENT freed 360K, 10% free 4199K/4624K, paused 5ms+22ms, total 157ms
I/SystemServer(  284): Dock Observer
W/DockObserver(  284): This kernel does not have dock station support
I/SystemServer(  284): Wired Accessory Manager
W/WiredAccessoryManager(  284): This kernel does not have wired headset support
W/WiredAccessoryManager(  284): This kernel does not have usb audio support
W/WiredAccessoryManager(  284): This kernel does not have HDMI audio support
I/SystemServer(  284): USB Service
I/SystemServer(  284): Serial Service
I/SystemServer(  284): Twilight Service
I/SystemServer(  284): UI Mode Manager Service
I/SystemServer(  284): Backup Service
V/BackupManagerService(  284): No ancestral data
I/BackupManagerService(  284): Found stale backup journal, scheduling
I/BackupManagerService(  284):   android
I/BackupManagerService(  284):   com.android.browser
I/BackupManagerService(  284):   com.android.calendar
I/BackupManagerService(  284):   com.android.inputmethod.latin
I/BackupManagerService(  284):   com.android.providers.settings
I/BackupManagerService(  284):   com.android.providers.userdictionary
I/BackupManagerService(  284):   com.android.sharedstoragebackup
I/BackupManagerService(  284): Backup enabled => true
I/SystemServer(  284): AppWidget Service
I/SystemServer(  284): Recognition Service
I/SystemServer(  284): DiskStats Service
I/SystemServer(  284): SamplingProfiler Service
I/SystemServer(  284): NetworkTimeUpdateService
I/SystemServer(  284): CommonTimeManagementService
I/SystemServer(  284): CertBlacklister
I/SystemServer(  284): Dreams Service
I/WindowManager(  284): SAFE MODE not enabled
D/dalvikvm(  284): JIT started for system_server
D/dalvikvm(  284): GC_CONCURRENT freed 305K, 8% free 4316K/4680K, paused 5ms+15ms, total 266ms
I/ActivityManager(  284): System now ready
I/SystemServer(  284): Making services ready
I/Zygote  (  284): Process: zygote socket opened
I/ActivityManager(  284): Start proc com.android.systemui for service com.android.systemui/.SystemUIService: pid=349 uid=10034 gids={50034, 1028, 1015, 3002, 3001}
I/Vold    (   32): /dev/block/vold/179:0 being considered for volume sdcard
D/Vold    (   32): Volume sdcard state changing 1 (Idle-Unmounted) -> 3 (Checking)
D/MountService(  284): volume state changed for /mnt/sdcard (unmounted -> checking)
D/MountService(  284): sendStorageIntent Intent { act=android.intent.action.MEDIA_CHECKING dat=file:///mnt/sdcard (has extras) } to UserHandle{-1}
I//system/bin/fsck_msdos(   32): ** /dev/block/vold/179:0
D/NetworkManagementService(  284): not enabling bandwidth control
I/keystore(   42): uid: 1000 action: e -> 7 state: 3 -> 3 retry: 4
W/NetworkStats(  284): bandwidth controls disabled, unable to track stats
W/NetworkPolicy(  284): bandwidth controls disabled, unable to enforce policy
I/keystore(   42): uid: 1000 action: e -> 7 state: 3 -> 3 retry: 4
I/ActivityManager(  284): Config changes=200 {1.0 ?mcc?mnc en_US ldltr sw320dp w320dp h508dp 240dpi nrml long port finger -keyb/v/h tball/v s.3}
W/RecognitionManagerService(  284): no available voice recognition services found for user 0
I//system/bin/fsck_msdos(   32): ** Phase 1 - Read and Compare FATs
I//system/bin/fsck_msdos(   32): Attempting to allocate 2044 KB for FAT
E/Trace   (  349): error opening trace file: No such file or directory (2)
D/SystemUIService(  349): loading: class com.android.systemui.statusbar.phone.PhoneStatusBar
D/dalvikvm(  284): GC_CONCURRENT freed 127K, 5% free 4652K/4860K, paused 12ms+7ms, total 621ms
D/dalvikvm(  284): WAIT_FOR_CONCURRENT_GC blocked 597ms
W/InputMethodManagerService(  284): Ignoring setImeWindowStatus of uid 1000 token: null
D/SystemUIService(  349): running: com.android.systemui.statusbar.phone.PhoneStatusBar@40cd23a0
I/StatusBarManagerService(  284): registerStatusBar bar=com.android.internal.statusbar.IStatusBar$Stub$Proxy@40cda2e8
W/InputMethodManagerService(  284): Found no subtypes in a system IME: com.android.inputmethod.pinyin
I/ActivityManager(  284): Start proc com.android.inputmethod.latin for service com.android.inputmethod.latin/.LatinIME: pid=381 uid=10010 gids={50010, 1028}
I/CommonTimeManagementService(  284): No common time service detected on this platform.  Common time services will be unavailable.
I/InputReader(  284): Reconfiguring input devices.  changes=0x00000020
I/ActivityManager(  284): Start proc com.android.phone for added application com.android.phone: pid=396 uid=1001 gids={41001, 3002, 3001, 3003, 1015, 1028}
I/ActivityManager(  284): START u0 {act=android.intent.action.MAIN cat=[android.intent.category.HOME] flg=0x10000000 cmp=com.android.launcher/com.android.launcher2.Launcher} from pid 0
I/ActivityManager(  284): Start proc com.android.launcher for activity com.android.launcher/com.android.launcher2.Launcher: pid=404 uid=10020 gids={50020, 1028}
I/SystemServer(  284): Enabled StrictMode for system server main thread.
I/InputReader(  284): Reconfiguring input devices.  changes=0x00000010
E/ThrottleService(  284): problem during onPollAlarm: java.lang.IllegalStateException: problem parsing stats: java.io.FileNotFoundException: /proc/net/xt_qtaguid/iface_stat_all: open failed: ENOENT (No such file or directory)
D/dalvikvm(  284): GC_CONCURRENT freed 375K, 9% free 4850K/5288K, paused 12ms+128ms, total 744ms
D/dalvikvm(  284): WAIT_FOR_CONCURRENT_GC blocked 187ms
D/dalvikvm(  284): WAIT_FOR_CONCURRENT_GC blocked 604ms
E/NetdConnector(  284): NDC Command {4 interface setthrottle rmnet0 -1 -1} took too long (702ms)
D/dalvikvm(  284): WAIT_FOR_CONCURRENT_GC blocked 619ms
D/dalvikvm(  284): WAIT_FOR_CONCURRENT_GC blocked 291ms
D/dalvikvm(  284): WAIT_FOR_CONCURRENT_GC blocked 241ms
D/dalvikvm(  284): WAIT_FOR_CONCURRENT_GC blocked 664ms
D/dalvikvm(  284): WAIT_FOR_CONCURRENT_GC blocked 639ms
D/dalvikvm(  284): WAIT_FOR_CONCURRENT_GC blocked 403ms
D/dalvikvm(  284): WAIT_FOR_CONCURRENT_GC blocked 589ms
E/Trace   (  381): error opening trace file: No such file or directory (2)
D/dalvikvm(  284): GC_FOR_ALLOC freed 93K, 8% free 5060K/5496K, paused 169ms, total 173ms
E/SurfaceFlinger(   37): ro.sf.lcd_density must be defined as a build property
D/gralloc_goldfish(  284): Emulator without GPU emulation detected.
E/Trace   (  396): error opening trace file: No such file or directory (2)
E/Trace   (  404): error opening trace file: No such file or directory (2)
I/LatinIME(  381): Hardware accelerated drawing: false
D/dalvikvm(  284): GC_CONCURRENT freed 361K, 8% free 5372K/5796K, paused 102ms+16ms, total 744ms
D/dalvikvm(  284): WAIT_FOR_CONCURRENT_GC blocked 50ms
D/dalvikvm(  284): WAIT_FOR_CONCURRENT_GC blocked 300ms
D/dalvikvm(  284): WAIT_FOR_CONCURRENT_GC blocked 247ms
D/dalvikvm(  284): WAIT_FOR_CONCURRENT_GC blocked 487ms
D/dalvikvm(  284): WAIT_FOR_CONCURRENT_GC blocked 423ms
I/Choreographer(  284): Skipped 1975 frames!  The application may be doing too much work on its main thread.
D/dalvikvm(  349): GC_FOR_ALLOC freed 88K, 6% free 2664K/2808K, paused 608ms, total 623ms
I/dalvikvm-heap(  349): Grow heap (frag case) to 3.259MB for 635812-byte allocation
D/dalvikvm(  349): GC_CONCURRENT freed 5K, 5% free 3280K/3432K, paused 4ms+2ms, total 80ms
D/dalvikvm(  349): WAIT_FOR_CONCURRENT_GC blocked 60ms
D/dalvikvm(  284): GC_CONCURRENT freed 703K, 13% free 5422K/6188K, paused 5ms+91ms, total 313ms
D/dalvikvm(  284): WAIT_FOR_CONCURRENT_GC blocked 187ms
D/dalvikvm(  284): WAIT_FOR_CONCURRENT_GC blocked 221ms
D/dalvikvm(  284): WAIT_FOR_CONCURRENT_GC blocked 224ms
D/dalvikvm(  284): WAIT_FOR_CONCURRENT_GC blocked 221ms
W/TelephonyProvider(  396): onCreate: confFile=/system/etc/apns-conf.xml oldCheckSum=-1
D/TelephonyManager(  396): getLteOnCdmaMode=0 curVal=-1 product_type='' lteOnCdmaProductType=''
I/ActivityManager(  284): Start proc com.android.music for broadcast com.android.music/.MediaButtonIntentReceiver: pid=436 uid=10025 gids={50025, 3003, 1015, 1028}
W/InputAttributes(  381): No editor info for this field. Bug?
V/TAG     (  284): bug 7643792: fitSystemWindows([0,0][0,0])
D/TelephonyManager(  396): getLteOnCdmaMode=0 curVal=-1 product_type='' lteOnCdmaProductType=''
V/TAG     (  284): bug 7643792: fitSystemWindows([0,0][0,0])
I/dalvikvm(  436): Turning on JNI app bug workarounds for target SDK version 9...
E/ActivityThread(  381): Failed to find provider info for com.android.inputmethod.latin.dictionarypack
D/TelephonyManager(  396): getLteOnCdmaMode=0 curVal=-1 product_type='' lteOnCdmaProductType=''
D/dalvikvm(  284): GREF has increased to 301
E/BluetoothAdapter(  349): Bluetooth binder is null
E/BluetoothAdapter(  349): Bluetooth binder is null
E/Trace   (  436): error opening trace file: No such file or directory (2)
E/BinaryDictionaryGetter(  381): Could not find a dictionary pack
W/InputMethodManagerService(  284): Found no subtypes in a system IME: com.android.inputmethod.pinyin
I/Choreographer(  284): Skipped 103 frames!  The application may be doing too much work on its main thread.
I/ActivityManager(  284): Start proc android.process.acore for content provider com.android.providers.userdictionary/.UserDictionaryProvider: pid=455 uid=10001 gids={50001, 3003, 1015, 1028}
E/SurfaceFlinger(   37): ro.sf.lcd_density must be defined as a build property
E/BluetoothAdapter(  349): Bluetooth binder is null
D/dalvikvm(  284): GC_CONCURRENT freed 729K, 13% free 5410K/6204K, paused 101ms+183ms, total 1067ms
D/dalvikvm(  284): GC_FOR_ALLOC freed 27K, 14% free 5383K/6204K, paused 365ms, total 366ms
I/dalvikvm-heap(  284): Grow heap (frag case) to 6.393MB for 1128976-byte allocation
D/dalvikvm(  284): GC_FOR_ALLOC freed 2K, 12% free 6484K/7308K, paused 300ms, total 300ms
W/WindowManager(  284): Window freeze timeout expired.
W/WindowManager(  284): Force clearing orientation change: Window{40eec918 u0 Keyguard}
W/Settings(  396): Setting airplane_mode_on has moved from android.provider.Settings.System to android.provider.Settings.Global, returning read-only value.
I/AudioService(  284):   Remote Control   registerMediaButtonIntent() for PendingIntent{40d16538: PendingIntentRecord{40d57018 com.android.music broadcastIntent}}
W/Settings(  396): Setting auto_time has moved from android.provider.Settings.System to android.provider.Settings.Global, returning read-only global URI.
W/Settings(  396): Setting auto_time_zone has moved from android.provider.Settings.System to android.provider.Settings.Global, returning read-only global URI.
E/Trace   (  455): error opening trace file: No such file or directory (2)
I/ActivityManager(  284): Start proc android.process.media for content provider com.android.providers.media/.MediaProvider: pid=477 uid=10000 gids={50000, 1015, 1023, 1024, 1028, 1006, 2001, 3003, 3007}
W/ActivityManager(  284): Unable to start service Intent { act=com.android.internal.telephony.IWapPushManager } U=0: not found
D/dalvikvm(  349): GC_CONCURRENT freed 66K, 4% free 3633K/3756K, paused 4ms+3ms, total 218ms
D/dalvikvm(  284): GC_CONCURRENT freed 15K, 11% free 6506K/7308K, paused 19ms+226ms, total 874ms
D/        (  396): [ApnContext:default] set reason as dataEnabled,current state IDLE
D/        (  396): [ApnContext:default] setRetryCount: 0
D/        (  396): [ApnContext:mms] set reason as dataEnabled,current state IDLE
D/        (  396): [ApnContext:mms] setRetryCount: 0
D/        (  396): [ApnContext:supl] set reason as dataEnabled,current state IDLE
D/        (  396): [ApnContext:supl] setRetryCount: 0
I/Choreographer(  284): Skipped 36 frames!  The application may be doing too much work on its main thread.
D/        (  396): [ApnContext:hipri] set reason as dataEnabled,current state IDLE
D/        (  396): [ApnContext:hipri] setRetryCount: 0
D/        (  396): [ApnContext:fota] set reason as dataEnabled,current state IDLE
D/        (  396): [ApnContext:fota] setRetryCount: 0
D/        (  396): [ApnContext:ims] set reason as dataEnabled,current state IDLE
D/        (  396): [ApnContext:ims] setRetryCount: 0
D/        (  396): [ApnContext:cbs] set reason as dataEnabled,current state IDLE
D/        (  396): [ApnContext:cbs] setRetryCount: 0
I/Choreographer(  284): Skipped 886 frames!  The application may be doing too much work on its main thread.
E/BluetoothAdapter(  349): Bluetooth binder is null
E/Trace   (  477): error opening trace file: No such file or directory (2)
D/TelephonyManager(  396): getLteOnCdmaMode=0 curVal=-1 product_type='' lteOnCdmaProductType=''
D/CallManager(  396): registerPhone(GSM Handler (com.android.internal.telephony.PhoneProxy) {40d04ed0})
I/Choreographer(  284): Skipped 59 frames!  The application may be doing too much work on its main thread.
D/dalvikvm(  396): GC_CONCURRENT freed 206K, 10% free 2586K/2848K, paused 330ms+3ms, total 1003ms
I/DownloadManager(  477): in removeSpuriousFiles
W/ActivityManager(  284): Activity idle timeout for ActivityRecord{40f43cf8 u0 com.android.launcher/com.android.launcher2.Launcher}
I/ActivityManager(  284): Start proc com.android.contacts for broadcast com.android.contacts/.calllog.CallLogReceiver: pid=499 uid=10001 gids={50001, 3003, 1015, 1028}
E/BluetoothAdapter(  284): Bluetooth binder is null
E/BluetoothAdapter(  284): Bluetooth binder is null
V/WiredAccessoryManager(  284): init()
E/SoundPool(  284): error loading /system/media/audio/ui/Effect_Tick.ogg
W/AudioService(  284): Soundpool could not load file: /system/media/audio/ui/Effect_Tick.ogg
E/SoundPool(  284): error loading /system/media/audio/ui/Effect_Tick.ogg
W/AudioService(  284): Soundpool could not load file: /system/media/audio/ui/Effect_Tick.ogg
E/SoundPool(  284): error loading /system/media/audio/ui/Effect_Tick.ogg
W/AudioService(  284): Soundpool could not load file: /system/media/audio/ui/Effect_Tick.ogg
E/SoundPool(  284): error loading /system/media/audio/ui/Effect_Tick.ogg
W/AudioService(  284): Soundpool could not load file: /system/media/audio/ui/Effect_Tick.ogg
E/SoundPool(  284): error loading /system/media/audio/ui/Effect_Tick.ogg
W/AudioService(  284): Soundpool could not load file: /system/media/audio/ui/Effect_Tick.ogg
E/SoundPool(  284): error loading /system/media/audio/ui/KeypressStandard.ogg
W/AudioService(  284): Soundpool could not load file: /system/media/audio/ui/KeypressStandard.ogg
E/SoundPool(  284): error loading /system/media/audio/ui/KeypressSpacebar.ogg
W/AudioService(  284): Soundpool could not load file: /system/media/audio/ui/KeypressSpacebar.ogg
E/SoundPool(  284): error loading /system/media/audio/ui/KeypressDelete.ogg
W/AudioService(  284): Soundpool could not load file: /system/media/audio/ui/KeypressDelete.ogg
E/SoundPool(  284): error loading /system/media/audio/ui/KeypressReturn.ogg
W/AudioService(  284): Soundpool could not load file: /system/media/audio/ui/KeypressReturn.ogg
W/AudioService(  284): loadSoundEffects(), Error -1 while loading samples
E/Trace   (  499): error opening trace file: No such file or directory (2)
E/UserHistoryDictionary(  381): when loading: file not foundjava.io.FileNotFoundException: /data/data/com.android.inputmethod.latin/files/UserHistoryDictionary.en_US.dict: open failed: ENOENT (No such file or directory)
D/dalvikvm(  381): GC_CONCURRENT freed 243K, 11% free 2535K/2836K, paused 4ms+23ms, total 98ms
E/StrictMode(  381): A resource was acquired at attached stack trace but never released. See java.io.Closeable for information on avoiding resource leaks.
E/StrictMode(  381): java.lang.Throwable: Explicit termination method 'close' not called
E/StrictMode(  381): 	at dalvik.system.CloseGuard.open(CloseGuard.java:184)
E/StrictMode(  381): 	at android.os.ParcelFileDescriptor.<init>(ParcelFileDescriptor.java:412)
E/StrictMode(  381): 	at android.content.res.AssetManager.openNonAssetFdNative(Native Method)
E/StrictMode(  381): 	at android.content.res.AssetManager.openNonAssetFd(AssetManager.java:428)
E/StrictMode(  381): 	at android.content.res.Resources.openRawResourceFd(Resources.java:979)
E/StrictMode(  381): 	at com.android.inputmethod.latin.BinaryDictionaryGetter.loadFallbackResource(BinaryDictionaryGetter.java:183)
E/StrictMode(  381): 	at com.android.inputmethod.latin.BinaryDictionaryGetter.getDictionaryFiles(BinaryDictionaryGetter.java:456)
E/StrictMode(  381): 	at com.android.inputmethod.latin.DictionaryFactory.createMainDictionaryFromManager(DictionaryFactory.java:57)
