D/androidripper(  823): Found widget: id=-1 (com.android.internal.widget.ActionBarView$HomeView{40ceae88 V.E..... ......I. 0,0-60,72})
D/androidripper(  823): Found widget: id=16908870 (android.widget.ImageView{40d22a70 G.ED.... ......I. 0,0-0,0 #1020246 android:id/up})
D/androidripper(  823): Found widget: id=16908332 (android.widget.ImageView{40d0bb98 V.ED.... ......I. 6,12-54,60 #102002c android:id/home})
D/androidripper(  823): Found widget: id=-1 (android.widget.LinearLayout{40d11030 V.E..... ......I. 60,0-252,72})
D/androidripper(  823): Found widget: id=16908870 (android.widget.ImageView{40d31090 G.ED.... ......I. 0,0-0,0 #1020246 android:id/up})
D/androidripper(  823): Found widget: id=-1 (android.widget.LinearLayout{40cd86c8 V.E..... ......I. 0,17-180,54})
D/androidripper(  823): Found widget: id=16908877 (android.widget.TextView{40d270f8 V.ED.... ......I. 0,0-180,37 #102024d android:id/action_bar_title}): Dalvik Explorer
D/androidripper(  823): Found widget: id=16908878 (android.widget.TextView{40d44430 G.ED.... ......I. 0,0-0,0 #102024e android:id/action_bar_subtitle}): 
D/androidripper(  823): Found widget: id=-1 (com.android.internal.view.menu.ActionMenuView{40cec958 V.ED.... ......ID 480,0-480,72})
D/androidripper(  823): Found widget: id=16909147 (com.android.internal.widget.ActionBarContextView{40cf64a0 G.E..... ......ID 0,0-0,0 #102035b android:id/action_context_bar})
D/androidripper(  823): Found widget: id=16908290 (android.widget.FrameLayout{40cec4a0 V.E..... ......I. 0,110-480,800 #1020002 android:id/content})
D/androidripper(  823): Found widget: id=16908298 (android.widget.ListView{40ce4fd8 VFED.VC. .F....I. 0,0-480,690 #102000a android:id/list})
D/androidripper(  823): Found widget: id=16908308 (android.widget.TextView{40ce54b8 V.ED.... ..S...I. 0,0-480,72 #1020014 android:id/text1}): Build Details
D/androidripper(  823): Found widget: id=16908308 (android.widget.TextView{40d41510 V.ED.... ......I. 0,73-480,145 #1020014 android:id/text1}): Charsets
D/androidripper(  823): Found widget: id=16908308 (android.widget.TextView{40d41970 V.ED.... ......I. 0,146-480,218 #1020014 android:id/text1}): Device Details
D/androidripper(  823): Found widget: id=16908308 (android.widget.TextView{40d44000 V.ED.... ......I. 0,219-480,291 #1020014 android:id/text1}): Environment Variables
D/androidripper(  823): Found widget: id=16908308 (android.widget.TextView{40d46938 V.ED.... ......I. 0,292-480,364 #1020014 android:id/text1}): File Systems
D/androidripper(  823): Found widget: id=16908308 (android.widget.TextView{40d1ee68 V.ED.... ......I. 0,365-480,437 #1020014 android:id/text1}): Locales
D/androidripper(  823): Found widget: id=16908308 (android.widget.TextView{40ce3040 V.ED.... ......I. 0,438-480,510 #1020014 android:id/text1}): System Properties
D/androidripper(  823): Found widget: id=16908308 (android.widget.TextView{40d269a8 V.ED.... ......I. 0,511-480,583 #1020014 android:id/text1}): Time Zones
D/androidripper(  823): Found widget: id=16909148 (com.android.internal.widget.ActionBarContainer{40cda568 G.ED.... ......I. 0,0-0,0 #102035c android:id/split_action_bar})
D/androidripper(  823): Found widget: id=-1 (com.android.internal.policy.impl.PhoneWindow$DecorView{40ceef38 V.E..... R.....I. 0,0-480,800})
I/androidripper(  823): Playing Trace 0
I/androidripper(  823): Retrieved from return list id=16908298
D/androidripper(  823): Testing for type (android.widget.ListView) against the original (android.widget.ListView)
D/androidripper(  823): Testing for name () against the original ()
I/androidripper(  823): Firing event: type= selectListItem index=15 widget=android.widget.ListView
V/MediaScanner(  537): pruneDeadThumbnailFiles... android.database.sqlite.SQLiteCursor@40cca450
V/MediaScanner(  537): /pruneDeadThumbnailFiles... android.database.sqlite.SQLiteCursor@40cca450
I/androidripper(  823): Swapping to listview item 1
D/androidripper(  823): Event description: Build Details
I/ActivityManager(  292): START u0 {cmp=org.jessies.dalvikexplorer/.BuildActivity} from pid 823
W/WindowManager(  292): Failure taking screenshot for (246x410) to layer 21010
I/androidripper(  823): Waiting for 1 sec.
D/dalvikvm(  823): GC_CONCURRENT freed 265K, 16% free 3791K/4504K, paused 5ms+27ms, total 128ms
E/SurfaceFlinger(   37): ro.sf.lcd_density must be defined as a build property
I/Choreographer(  823): Skipped 226 frames!  The application may be doing too much work on its main thread.
I/ActivityManager(  292): Displayed org.jessies.dalvikexplorer/.BuildActivity: +2s811ms
I/androidripper(  823): Current activity is BuildActivity
I/androidripper(  823): Retrieving widgets
D/androidripper(  823): Found widget: id=-1 (android.widget.LinearLayout{40d38700 V.E..... ......I. 0,0-480,800})
D/androidripper(  823): Found widget: id=16909145 (com.android.internal.widget.ActionBarContainer{40e2c630 V.ED.... ......I. 0,38-480,110 #1020359 android:id/action_bar_container})
D/androidripper(  823): Found widget: id=16909146 (com.android.internal.widget.ActionBarView{40e2cbf8 V.E..... ......I. 0,0-480,72 #102035a android:id/action_bar})
D/androidripper(  823): Found widget: id=-1 (android.widget.LinearLayout{40e25188 VFE...C. ......I. 13,0-237,72})
D/androidripper(  823): Found widget: id=-1 (com.android.internal.widget.ActionBarView$HomeView{40e0c470 V.E..... ......I. 0,0-60,72})
D/androidripper(  823): Found widget: id=16908870 (android.widget.ImageView{40e0c6b8 G.ED.... ......I. 0,0-0,0 #1020246 android:id/up})
D/androidripper(  823): Found widget: id=16908332 (android.widget.ImageView{40e0ca28 V.ED.... ......I. 6,12-54,60 #102002c android:id/home})
D/androidripper(  823): Found widget: id=-1 (android.widget.LinearLayout{40e0e2f8 V.E..... ......I. 60,0-224,72})
D/androidripper(  823): Found widget: id=16908870 (android.widget.ImageView{40ea2d88 G.ED.... ......I. 0,0-0,0 #1020246 android:id/up})
D/androidripper(  823): Found widget: id=-1 (android.widget.LinearLayout{40ea3100 V.E..... ......I. 0,17-152,54})
D/androidripper(  823): Found widget: id=16908877 (android.widget.TextView{40ea34d0 V.ED.... ......I. 0,0-152,37 #102024d android:id/action_bar_title}): Build Details
D/androidripper(  823): Found widget: id=16908878 (android.widget.TextView{40ea41f0 G.ED.... ......I. 0,0-0,0 #102024e android:id/action_bar_subtitle}): 
D/androidripper(  823): Found widget: id=-1 (com.android.internal.view.menu.ActionMenuView{40e00af0 V.ED.... ......I. 396,0-480,72})
D/androidripper(  823): Found widget: id=2131230727 (android.widget.SearchView{40e70a50 VFE..... ......I. 0,0-84,72 #7f080007 app:id/menu_search})
D/androidripper(  823): Found widget: id=16909151 (android.widget.LinearLayout{40e70fd8 V.E..... ......I. 0,0-84,72 #102035f android:id/search_bar})
D/androidripper(  823): Found widget: id=16909155 (android.widget.TextView{40e713c8 G.ED.... ......I. 0,0-0,0 #1020363 android:id/search_badge}): 
D/androidripper(  823): Found widget: id=16909156 (android.widget.ImageView{40e7aab0 V.ED..C. ......I. 0,0-84,72 #1020364 android:id/search_button})
D/androidripper(  823): Found widget: id=16909157 (android.widget.LinearLayout{40e34ed8 G.E..... ......I. 0,0-0,0 #1020365 android:id/search_edit_frame})
D/androidripper(  823): Found widget: id=16909158 (android.widget.ImageView{40e35280 G.ED.... ......I. 0,0-0,0 #1020366 android:id/search_mag_icon})
D/androidripper(  823): Found widget: id=16909159 (android.widget.LinearLayout{40e3e870 V.E..... ......I. 0,0-0,0 #1020367 android:id/search_plate})
D/androidripper(  823): Found widget: id=16909160 (android.widget.SearchView$SearchAutoComplete{40e48c70 VFED..CL ......I. 0,0-0,0 #1020368 android:id/search_src_text}): 
D/androidripper(  823): Found widget: id=16909161 (android.widget.ImageView{40e5d3a8 VFED..C. ......I. 0,0-0,0 #1020369 android:id/search_close_btn})
D/androidripper(  823): Found widget: id=16909162 (android.widget.LinearLayout{40e995a0 G.E..... ......I. 0,0-0,0 #102036a android:id/submit_area})
D/androidripper(  823): Found widget: id=16909163 (android.widget.ImageView{40e84c20 GFED..C. ......I. 0,0-0,0 #102036b android:id/search_go_btn})
D/androidripper(  823): Found widget: id=16909164 (android.widget.ImageView{40e05458 GFED..C. ......I. 0,0-0,0 #102036c android:id/search_voice_btn})
D/androidripper(  823): Found widget: id=16909147 (com.android.internal.widget.ActionBarContextView{40ea4838 G.E..... ......ID 0,0-0,0 #102035b android:id/action_context_bar})
D/androidripper(  823): Found widget: id=16908290 (android.widget.FrameLayout{40e2df88 V.E..... ......I. 0,110-480,800 #1020002 android:id/content})
D/androidripper(  823): Found widget: id=-1 (android.widget.LinearLayout{40e2ee88 V.E..... ......I. 0,0-480,690})
D/androidripper(  823): Found widget: id=-1 (android.widget.ScrollView{40e2f378 VFED.V.. ......I. 0,0-480,690})
D/androidripper(  823): Found widget: id=2131230725 (android.widget.TextView{40e2fea8 V.ED...L ......I. 0,0-480,1637 #7f080005 app:id/output}): Manufacturer: unknown
D/androidripper(  823): Model: sdk
D/androidripper(  823): 
D/androidripper(  823): Brand: generic
D/androidripper(  823): Board: unknown
D/androidripper(  823): Device: generic
D/androidripper(  823): Hardware: goldfish
D/androidripper(  823): Product: sdk
D/androidripper(  823): 
D/androidripper(  823): Serial Number: unknown
D/androidripper(  823): 
D/androidripper(  823): Bootloader: unknown
D/androidripper(  823): Radio: 
D/androidripper(  823): OS: JB_MR1.1
D/androidripper(  823): 
D/androidripper(  823): Build: sdk-eng 4.2.2 JB_MR1.1 1742939 test-keys
D/androidripper(  823): Build Type: eng
D/androidripper(  823): Build Fingerprint: generic/sdk/generic:4.2.2/JB_MR1.1/1742939:eng/test-keys
D/androidripper(  823): Build Tags: test-keys
D/androidripper(  823): Build Date: 2015-02-19
D/androidripper(  823): Built By: android-build@vpak28.mtv.corp.google.com
D/androidripper(  823): 
D/androidripper(  823): CPU ABIs: armeabi-v7a armeabi
D/androidripper(  823): 
D/androidripper(  823): Kernel Version: Linux version 2.6.29-gea477bb (kroot@kennyroot.mtv.corp.google.com) (gcc version 4.6.x-google 20120106 (prerelease) (GCC) ) #1 Wed Sep 26 11:04:45 PDT 2012 
D/androidripper(  823): 
D/androidripper(  823): DalvikVM Heap Size: 48 MiB
D/androidripper(  823): 
D/androidripper(  823): DalvikVM features 
D/androidripper(  823): hprof-heap-dump 
D/androidripper(  823): hprof-heap-dump-streaming 
D/androidripper(  823): method-trace-profiling 
D/androidripper(  823): method-trace-profiling-streaming 
D/androidripper(  823): 
D/androidripper(  823): OpenGL ES version: 0.0
D/androidripper(  823): 
D/androidripper(  823): Features 
D/androidripper(  823): android.hardware.bluetooth 
D/androidripper(  823): android.hardware.camera 
D/androidripper(  823): android.hardware.camera.any 
D/androidripper(  823): android.hardware.camera.autofocus 
D/androidripper(  823): android.hardware.faketouch 
D/androidripper(  823): android.hardware.location 
D/androidripper(  823): android.hardware.location.network 
D/androidripper(  823): android.hardware.microphone 
D/androidripper(  823): android.hardware.screen.landscape 
D/androidripper(  823): android.hardware.screen.portrait 
D/androidripper(  823): android.hardware.sensor.accelerometer 
D/androidripper(  823): android.hardware.sensor.compass 
D/androidripper(  823): android.hardware.touchscreen 
D/androidripper(  823): android.hardware.touchscreen.multitouch 
D/androidripper(  823): android.hardware.touchscreen.multitouch.distinct 
D/androidripper(  823): android.hardware.touchscreen.multitouch.jazzhand 
D/androidripper(  823): android.software.live_wallpaper 
D/androidripper(  823): 
D/androidripper(  823): Shared Java libraries 
D/androidripper(  823): android.test.runner 
D/androidripper(  823): com.android.location.provider 
D/androidripper(  823): javax.obex 
D/androidripper(  823): 
D/androidripper(  823): Found widget: id=2131230726 (android.widget.EditText{40e60138 GFED..CL ......I. 0,0-0,0 #7f080006 app:id/search}): 
D/androidripper(  823): Found widget: id=16909148 (com.android.internal.widget.ActionBarContainer{40e2e2a0 G.ED.... ......I. 0,0-0,0 #102035c android:id/split_action_bar})
D/androidripper(  823): Found widget: id=-1 (com.android.internal.policy.impl.PhoneWindow$DecorView{40d37fd8 V.E..... R.....I. 0,0-480,800})
D/dalvikvm(  823): GC_CONCURRENT freed 341K, 13% free 3961K/4504K, paused 4ms+3ms, total 243ms
D/dalvikvm(  823): WAIT_FOR_CONCURRENT_GC blocked 10ms
D/dalvikvm(  823): WAIT_FOR_CONCURRENT_GC blocked 22ms
V/androidripper(  823): TextualID : null
V/androidripper(  823): ContentType detected : default
V/androidripper(  823): TextualID : output
V/androidripper(  823): ContentType detected : default
I/androidripper(  823): Performing comparation for activity BuildActivity
D/androidripper(  823): Comparing against activity DalvikExplorerActivity
I/androidripper(  823): Registering activity BuildActivity (id: a2) as a new found state
D/androidripper(  823): Performing backup of the old activity list on disk
D/androidripper(  823): Saving new found state 'a2' on disk
V/androidripper(  823): Opening state file in append mode.
D/dalvikvm(  823): GC_FOR_ALLOC freed 181K, 12% free 3994K/4528K, paused 43ms, total 52ms
I/dalvikvm-heap(  823): Grow heap (frag case) to 5.420MB for 1536016-byte allocation
D/dalvikvm(  823): GC_FOR_ALLOC freed <1K, 9% free 5494K/6032K, paused 44ms, total 44ms
D/dalvikvm(  823): GC_CONCURRENT freed 2K, 9% free 5495K/6032K, paused 11ms+3ms, total 55ms
D/dalvikvm(  823): WAIT_FOR_CONCURRENT_GC blocked 9ms
I/dalvikvm-heap(  823): Grow heap (frag case) to 6.885MB for 1536016-byte allocation
D/dalvikvm(  823): GC_FOR_ALLOC freed <1K, 8% free 6994K/7536K, paused 26ms, total 26ms
I/androidripper(  823): Saved image on disk: a2.jpg
I/androidripper(  823): Waiting for 1 sec.
I/androidripper(  823): Session count is 1. Will dump to disk at 1
I/androidripper(  823): Saving the session on disk. This is the first batch: the file will be created.
D/dalvikvm(  823): GC_EXPLICIT freed 3112K, 12% free 3990K/4488K, paused 3ms+4ms, total 44ms
I/androidripper(  823): Planning for new Activity BuildActivity
D/androidripper(  823): Handling event 'click' on widget id=16909156 type=image name=
I/androidripper(  823): Created trace to press the back button
I/androidripper(  823): Created trace to press the menu button
I/androidripper(  823): Created trace to change orientation
I/androidripper(  823): Check for pause: 0 steps left of 1
I/androidripper(  823): Saving the session on disk. This is the last batch. The session will be terminated.
D/androidripper(  823): Performing backup of the old task list on disk
D/androidripper(  823): Saving task list on disk
V/androidripper(  823): Backing up trace #1 to disk.
V/androidripper(  823): Backing up trace #2 to disk.
V/androidripper(  823): Backing up trace #3 to disk.
V/androidripper(  823): Backing up trace #4 to disk.
V/androidripper(  823): Backing up trace #5 to disk.
V/androidripper(  823): Backing up trace #6 to disk.
V/androidripper(  823): Backing up trace #7 to disk.
V/androidripper(  823): Backing up trace #8 to disk.
D/dalvikvm(  823): GC_CONCURRENT freed 511K, 13% free 4016K/4588K, paused 5ms+3ms, total 80ms
D/dalvikvm(  823): WAIT_FOR_CONCURRENT_GC blocked 17ms
V/androidripper(  823): Backing up trace #9 to disk.
V/androidripper(  823): Backing up trace #10 to disk.
V/androidripper(  823): Backing up trace #11 to disk.
V/androidripper(  823): Backing up trace #12 to disk.
V/androidripper(  823): Backing up trace #13 to disk.
V/androidripper(  823): Backing up trace #14 to disk.
V/androidripper(  823): Backing up trace #15 to disk.
V/androidripper(  823): Backing up trace #16 to disk.
V/androidripper(  823): Backing up trace #17 to disk.
V/androidripper(  823): Backing up trace #18 to disk.
V/androidripper(  823): Backing up trace #19 to disk.
V/androidripper(  823): Backing up trace #20 to disk.
V/androidripper(  823): Backing up trace #21 to disk.
D/androidripper(  823): Deleting backup of the old task list from disk
D/androidripper(  823): Deleting backup of the old activity list from disk
W/WindowManager(  292): Failure taking screenshot for (246x410) to layer 21015
E/SurfaceFlinger(   37): ro.sf.lcd_density must be defined as a build property
D/dalvikvm(  823): GC_CONCURRENT freed 488K, 13% free 4023K/4588K, paused 4ms+106ms, total 422ms
D/dalvikvm(  823): WAIT_FOR_CONCURRENT_GC blocked 238ms
D/dalvikvm(  823): GC_EXPLICIT freed 33K, 14% free 3990K/4588K, paused 3ms+141ms, total 219ms
I/Choreographer(  428): Skipped 102 frames!  The application may be doing too much work on its main thread.
D/dalvikvm(  823): GC_EXPLICIT freed <1K, 14% free 3989K/4588K, paused 3ms+4ms, total 103ms
I/TestRunner(  823): finished: testAndCrawl(it.unina.androidripper.guitree.GuiTreeEngine)
I/TestRunner(  823): passed: testAndCrawl(it.unina.androidripper.guitree.GuiTreeEngine)
D/AndroidRuntime(  802): Shutting down VM
D/dalvikvm(  802): GC_CONCURRENT freed 94K, 18% free 462K/560K, paused 0ms+2ms, total 10ms
E/SurfaceFlinger(   37): ro.sf.lcd_density must be defined as a build property
I/ActivityManager(  292): Force stopping package org.jessies.dalvikexplorer appid=10047 user=0
I/ActivityManager(  292): Killing proc 823:org.jessies.dalvikexplorer/u0a10047: force stop org.jessies.dalvikexplorer
I/WindowState(  292): WIN DEATH: Window{4116d220 u0 org.jessies.dalvikexplorer/org.jessies.dalvikexplorer.DalvikExplorerActivity}
I/WindowState(  292): WIN DEATH: Window{40ea0650 u0 org.jessies.dalvikexplorer/org.jessies.dalvikexplorer.BuildActivity EXITING}
I/Choreographer(  292): Skipped 116 frames!  The application may be doing too much work on its main thread.
I/Choreographer(  292): Skipped 33 frames!  The application may be doing too much work on its main thread.
W/InputMethodManagerService(  292): Got RemoteException sending setActive(false) notification to pid 823 uid 10047
D/AndroidRuntime(  866): 
D/AndroidRuntime(  866): >>>>>> AndroidRuntime START com.android.internal.os.RuntimeInit <<<<<<
D/AndroidRuntime(  866): CheckJNI is ON
D/dalvikvm(  866): Trying to load lib libjavacore.so 0x0
D/dalvikvm(  866): Added shared lib libjavacore.so 0x0
D/dalvikvm(  866): Trying to load lib libnativehelper.so 0x0
D/dalvikvm(  866): Added shared lib libnativehelper.so 0x0
D/AndroidRuntime(  866): Calling main entry com.android.commands.am.Am
D/dalvikvm(  866): Note: class Landroid/app/ActivityManagerNative; has 157 unimplemented (abstract) methods
D/dalvikvm(  877): Not late-enabling CheckJNI (already on)
I/ActivityManager(  292): Start proc org.jessies.dalvikexplorer for broadcast org.jessies.dalvikexplorer/.EmmaInstrument.SMSInstrumentedReceiver: pid=877 uid=10047 gids={50047, 1015, 1028}
E/Trace   (  877): error opening trace file: No such file or directory (2)
I/System.out(  877): EMMA: collecting runtime coverage data ...
D/dalvikvm(  877): GC_CONCURRENT freed 288K, 13% free 2496K/2844K, paused 5ms+2ms, total 44ms
D/EmmaInstrumentation:(  877): Intermidate Dump Called with file name :/mnt/sdcard/coverage.ec
D/EmmaInstrumentation:(  877): generateCoverageReport()
I/System.out(  877): EMMA: runtime coverage data merged into [/mnt/sdcard/coverage.ec] {in 13 ms}
D/AndroidRuntime(  866): Shutting down VM
D/dalvikvm(  866): GC_CONCURRENT freed 91K, 17% free 492K/588K, paused 1ms+0ms, total 8ms
* daemon not running. starting it now on port 5037 *
* daemon started successfully *
W/Resources(   38): Preloaded drawable resource #0x1080341 (android:drawable/ic_menu_moreoverflow_normal_holo_dark) that varies with configuration!!
W/Resources(   38): Preloaded drawable resource #0x1080342 (android:drawable/ic_menu_moreoverflow_normal_holo_light) that varies with configuration!!
W/Resources(   38): Preloaded drawable resource #0x1080342 (android:drawable/ic_menu_moreoverflow_normal_holo_light) that varies with configuration!!
D/dalvikvm(   38): GC_EXPLICIT freed 58K, 27% free 2317K/3156K, paused 2ms+12ms, total 100ms
W/Resources(   38): Preloaded drawable resource #0x1080345 (android:drawable/ic_menu_paste_holo_dark) that varies with configuration!!
W/Resources(   38): Preloaded drawable resource #0x1080346 (android:drawable/ic_menu_paste_holo_light) that varies with configuration!!
W/Resources(   38): Preloaded drawable resource #0x108034c (android:drawable/ic_menu_selectall_holo_light) that varies with configuration!!
W/Resources(   38): Preloaded drawable resource #0x108034b (android:drawable/ic_menu_selectall_holo_dark) that varies with configuration!!
W/Resources(   38): Preloaded drawable resource #0x10802b5 (android:drawable/ic_clear_disabled) that varies with configuration!!
W/Resources(   38): Preloaded drawable resource #0x10802b7 (android:drawable/ic_clear_normal) that varies with configuration!!
W/Resources(   38): Preloaded drawable resource #0x10802b7 (android:drawable/ic_clear_normal) that varies with configuration!!
D/dalvikvm(   38): GC_EXPLICIT freed 66K, 27% free 2318K/3156K, paused 3ms+6ms, total 165ms
W/Resources(   38): Preloaded drawable resource #0x10802b5 (android:drawable/ic_clear_disabled) that varies with configuration!!
W/Resources(   38): Preloaded drawable resource #0x10802b7 (android:drawable/ic_clear_normal) that varies with configuration!!
W/Resources(   38): Preloaded drawable resource #0x108035b (android:drawable/ic_search) that varies with configuration!!
W/Resources(   38): Preloaded drawable resource #0x10802cf (android:drawable/ic_go) that varies with configuration!!
W/Resources(   38): Preloaded drawable resource #0x1080362 (android:drawable/ic_voice_search) that varies with configuration!!
D/dalvikvm(   38): GC_EXPLICIT freed 53K, 27% free 2317K/3156K, paused 14ms+4ms, total 149ms
W/Resources(   38): Preloaded drawable resource #0x108021f (android:drawable/dialog_bottom_holo_dark) that varies with configuration!!
W/Resources(   38): Preloaded drawable resource #0x1080220 (android:drawable/dialog_bottom_holo_light) that varies with configuration!!
W/Resources(   38): Preloaded drawable resource #0x1080224 (android:drawable/dialog_full_holo_dark) that varies with configuration!!
D/dalvikvm(   38): GC_EXPLICIT freed 77K, 27% free 2317K/3156K, paused 2ms+2ms, total 89ms
W/Resources(   38): Preloaded drawable resource #0x1080225 (android:drawable/dialog_full_holo_light) that varies with configuration!!
W/Resources(   38): Preloaded drawable resource #0x108022d (android:drawable/dialog_middle_holo_dark) that varies with configuration!!
D/dalvikvm(   38): GC_EXPLICIT freed 50K, 27% free 2317K/3156K, paused 9ms+2ms, total 211ms
W/Resources(   38): Preloaded drawable resource #0x108022e (android:drawable/dialog_middle_holo_light) that varies with configuration!!
W/Resources(   38): Preloaded drawable resource #0x108022f (android:drawable/dialog_top_holo_dark) that varies with configuration!!
W/Resources(   38): Preloaded drawable resource #0x1080230 (android:drawable/dialog_top_holo_light) that varies with configuration!!
D/dalvikvm(   38): GC_EXPLICIT freed 55K, 27% free 2317K/3156K, paused 40ms+43ms, total 139ms
W/Resources(   38): Preloaded drawable resource #0x10802c2 (android:drawable/ic_dialog_alert_holo_dark) that varies with configuration!!
W/Resources(   38): Preloaded drawable resource #0x10802c3 (android:drawable/ic_dialog_alert_holo_light) that varies with configuration!!
W/Resources(   38): Preloaded drawable resource #0x10803c9 (android:drawable/list_divider_holo_dark) that varies with configuration!!
W/Resources(   38): Preloaded drawable resource #0x10803ca (android:drawable/list_divider_holo_light) that varies with configuration!!
W/Resources(   38): Preloaded drawable resource #0x10803ca (android:drawable/list_divider_holo_light) that varies with configuration!!
W/Resources(   38): Preloaded drawable resource #0x10800bd (android:drawable/ab_transparent_dark_holo) that varies with configuration!!
W/Resources(   38): Preloaded drawable resource #0x10800bb (android:drawable/ab_stacked_transparent_dark_holo) that varies with configuration!!
W/Resources(   38): Preloaded drawable resource #0x10800a1 (android:drawable/ab_bottom_transparent_dark_holo) that varies with configuration!!
D/dalvikvm(   38): GC_EXPLICIT freed 47K, 27% free 2321K/3156K, paused 25ms+12ms, total 80ms
W/Resources(   38): Preloaded drawable resource #0x10800b5 (android:drawable/ab_solid_dark_holo) that varies with configuration!!
W/Resources(   38): Preloaded drawable resource #0x10800b8 (android:drawable/ab_stacked_solid_dark_holo) that varies with configuration!!
W/Resources(   38): Preloaded drawable resource #0x108009e (android:drawable/ab_bottom_solid_dark_holo) that varies with configuration!!
W/Resources(   38): Preloaded drawable resource #0x10800be (android:drawable/ab_transparent_light_holo) that varies with configuration!!
W/Resources(   38): Preloaded drawable resource #0x10800bc (android:drawable/ab_stacked_transparent_light_holo) that varies with configuration!!
W/Resources(   38): Preloaded drawable resource #0x10800a2 (android:drawable/ab_bottom_transparent_light_holo) that varies with configuration!!
W/Resources(   38): Preloaded drawable resource #0x10800b6 (android:drawable/ab_solid_light_holo) that varies with configuration!!
W/Resources(   38): Preloaded drawable resource #0x10800ba (android:drawable/ab_stacked_solid_light_holo) that varies with configuration!!
D/dalvikvm(   38): GC_EXPLICIT freed 53K, 27% free 2322K/3156K, paused 2ms+2ms, total 28ms
W/Resources(   38): Preloaded drawable resource #0x10800a0 (android:drawable/ab_bottom_solid_light_holo) that varies with configuration!!
W/Resources(   38): Preloaded drawable resource #0x10800b7 (android:drawable/ab_solid_shadow_holo) that varies with configuration!!
W/Resources(   38): Preloaded drawable resource #0x10803f0 (android:drawable/list_selector_disabled_holo_dark) that varies with configuration!!
W/Resources(   38): Preloaded drawable resource #0x10803f0 (android:drawable/list_selector_disabled_holo_dark) that varies with configuration!!
W/Resources(   38): Preloaded drawable resource #0x10803d1 (android:drawable/list_pressed_holo_dark) that varies with configuration!!
W/Resources(   38): Preloaded drawable resource #0x10803d0 (android:drawable/list_longpressed_holo) that varies with configuration!!
W/Resources(   38): Preloaded drawable resource #0x10803d0 (android:drawable/list_longpressed_holo) that varies with configuration!!
W/Resources(   38): Preloaded drawable resource #0x10803d1 (android:drawable/list_pressed_holo_dark) that varies with configuration!!
W/Resources(   38): Preloaded drawable resource #0x10803d0 (android:drawable/list_longpressed_holo) that varies with configuration!!
W/Resources(   38): Preloaded drawable resource #0x10803d0 (android:drawable/list_longpressed_holo) that varies with configuration!!
W/Resources(   38): Preloaded drawable resource #0x10803cc (android:drawable/list_focused_holo) that varies with configuration!!
W/Resources(   38): Preloaded drawable resource #0x10803f1 (android:drawable/list_selector_disabled_holo_light) that varies with configuration!!
W/Resources(   38): Preloaded drawable resource #0x10803f1 (android:drawable/list_selector_disabled_holo_light) that varies with configuration!!
W/Resources(   38): Preloaded drawable resource #0x10803d2 (android:drawable/list_pressed_holo_light) that varies with configuration!!
W/Resources(   38): Preloaded drawable resource #0x10803d0 (android:drawable/list_longpressed_holo) that varies with configuration!!
W/Resources(   38): Preloaded drawable resource #0x10803d0 (android:drawable/list_longpressed_holo) that varies with configuration!!
W/Resources(   38): Preloaded drawable resource #0x10803d2 (android:drawable/list_pressed_holo_light) that varies with configuration!!
W/Resources(   38): Preloaded drawable resource #0x10803d0 (android:drawable/list_longpressed_holo) that varies with configuration!!
W/Resources(   38): Preloaded drawable resource #0x10803d0 (android:drawable/list_longpressed_holo) that varies with configuration!!
W/Resources(   38): Preloaded drawable resource #0x10803cc (android:drawable/list_focused_holo) that varies with configuration!!
D/dalvikvm(   38): GC_EXPLICIT freed 31K, 26% free 2359K/3156K, paused 2ms+3ms, total 28ms
W/Resources(   38): Preloaded drawable resource #0x108027a (android:drawable/fastscroll_thumb_pressed_holo) that varies with configuration!!
W/Resources(   38): Preloaded drawable resource #0x1080278 (android:drawable/fastscroll_thumb_default_holo) that varies with configuration!!
W/Resources(   38): Preloaded drawable resource #0x1080278 (android:drawable/fastscroll_thumb_default_holo) that varies with configuration!!
W/Resources(   38): Preloaded drawable resource #0x108027a (android:drawable/fastscroll_thumb_pressed_holo) that varies with configuration!!
D/dalvikvm(   38): GC_EXPLICIT freed 51K, 26% free 2358K/3156K, paused 2ms+3ms, total 41ms
W/Resources(   38): Preloaded drawable resource #0x1080278 (android:drawable/fastscroll_thumb_default_holo) that varies with configuration!!
W/Resources(   38): Preloaded drawable resource #0x108027f (android:drawable/fastscroll_track_pressed_holo_dark) that varies with configuration!!
W/Resources(   38): Preloaded drawable resource #0x108027b (android:drawable/fastscroll_track_default_holo_dark) that varies with configuration!!
W/Resources(   38): Preloaded drawable resource #0x108027b (android:drawable/fastscroll_track_default_holo_dark) that varies with configuration!!
W/Resources(   38): Preloaded drawable resource #0x108027f (android:drawable/fastscroll_track_pressed_holo_dark) that varies with configuration!!
W/Resources(   38): Preloaded drawable resource #0x108027b (android:drawable/fastscroll_track_default_holo_dark) that varies with configuration!!
W/Resources(   38): Preloaded drawable resource #0x1080274 (android:drawable/fastscroll_label_left_holo_dark) that varies with configuration!!
D/dalvikvm(   38): GC_EXPLICIT freed 74K, 26% free 2358K/3156K, paused 2ms+2ms, total 28ms
W/Resources(   38): Preloaded drawable resource #0x1080276 (android:drawable/fastscroll_label_right_holo_dark) that varies with configuration!!
D/dalvikvm(   38): GC_EXPLICIT freed 50K, 26% free 2357K/3156K, paused 12ms+3ms, total 40ms
W/Resources(   38): Preloaded drawable resource #0x1080280 (android:drawable/fastscroll_track_pressed_holo_light) that varies with configuration!!
W/Resources(   38): Preloaded drawable resource #0x108027c (android:drawable/fastscroll_track_default_holo_light) that varies with configuration!!
W/Resources(   38): Preloaded drawable resource #0x108027c (android:drawable/fastscroll_track_default_holo_light) that varies with configuration!!
W/Resources(   38): Preloaded drawable resource #0x1080280 (android:drawable/fastscroll_track_pressed_holo_light) that varies with configuration!!
W/Resources(   38): Preloaded drawable resource #0x108027c (android:drawable/fastscroll_track_default_holo_light) that varies with configuration!!
W/Resources(   38): Preloaded drawable resource #0x1080275 (android:drawable/fastscroll_label_left_holo_light) that varies with configuration!!
D/dalvikvm(   38): GC_EXPLICIT freed 57K, 26% free 2359K/3156K, paused 4ms+3ms, total 58ms
W/Resources(   38): Preloaded drawable resource #0x1080277 (android:drawable/fastscroll_label_right_holo_light) that varies with configuration!!
D/dalvikvm(   38): GC_EXPLICIT freed 50K, 26% free 2358K/3156K, paused 3ms+3ms, total 120ms
W/Resources(   38): Preloaded drawable resource #0x1080259 (android:drawable/editbox_dropdown_background_dark) that varies with configuration!!
W/Resources(   38): Preloaded drawable resource #0x10805f8 (android:drawable/textfield_search_selected_holo_dark) that varies with configuration!!
W/Resources(   38): Preloaded drawable resource #0x10805ec (android:drawable/textfield_search_default_holo_dark) that varies with configuration!!
W/Resources(   38): Preloaded drawable resource #0x10805ec (android:drawable/textfield_search_default_holo_dark) that varies with configuration!!
W/Resources(   38): Preloaded drawable resource #0x10805f5 (android:drawable/textfield_search_right_selected_holo_dark) that varies with configuration!!
W/Resources(   38): Preloaded drawable resource #0x10805f3 (android:drawable/textfield_search_right_default_holo_dark) that varies with configuration!!
W/Resources(   38): Preloaded drawable resource #0x10805f3 (android:drawable/textfield_search_right_default_holo_dark) that varies with configuration!!
W/Resources(   38): Preloaded drawable resource #0x10805f9 (android:drawable/textfield_search_selected_holo_light) that varies with configuration!!
W/Resources(   38): Preloaded drawable resource #0x10805ed (android:drawable/textfield_search_default_holo_light) that varies with configuration!!
W/Resources(   38): Preloaded drawable resource #0x10805ed (android:drawable/textfield_search_default_holo_light) that varies with configuration!!
W/Resources(   38): Preloaded drawable resource #0x10805f6 (android:drawable/textfield_search_right_selected_holo_light) that varies with configuration!!
W/Resources(   38): Preloaded drawable resource #0x10805f4 (android:drawable/textfield_search_right_default_holo_light) that varies with configuration!!
W/Resources(   38): Preloaded drawable resource #0x10805f4 (android:drawable/textfield_search_right_default_holo_light) that varies with configuration!!
W/Resources(   38): Preloaded drawable resource #0x10805f8 (android:drawable/textfield_search_selected_holo_dark) that varies with configuration!!
W/Resources(   38): Preloaded drawable resource #0x10805ec (android:drawable/textfield_search_default_holo_dark) that varies with configuration!!
W/Resources(   38): Preloaded drawable resource #0x10805f5 (android:drawable/textfield_search_right_selected_holo_dark) that varies with configuration!!
W/Resources(   38): Preloaded drawable resource #0x10805f3 (android:drawable/textfield_search_right_default_holo_dark) that varies with configuration!!
W/Resources(   38): Preloaded drawable resource #0x10805f9 (android:drawable/textfield_search_selected_holo_light) that varies with configuration!!
W/Resources(   38): Preloaded drawable resource #0x10805ed (android:drawable/textfield_search_default_holo_light) that varies with configuration!!
W/Resources(   38): Preloaded drawable resource #0x10805f6 (android:drawable/textfield_search_right_selected_holo_light) that varies with configuration!!
W/Resources(   38): Preloaded drawable resource #0x10805f4 (android:drawable/textfield_search_right_default_holo_light) that varies with configuration!!
D/dalvikvm(   38): GC_EXPLICIT freed 47K, 26% free 2364K/3156K, paused 16ms+3ms, total 167ms
W/Resources(   38): Preloaded drawable resource #0x10805c1 (android:drawable/tab_unselected_holo) that varies with configuration!!
W/Resources(   38): Preloaded drawable resource #0x10805bc (android:drawable/tab_selected_holo) that varies with configuration!!
W/Resources(   38): Preloaded drawable resource #0x10805c0 (android:drawable/tab_unselected_focused_holo) that varies with configuration!!
W/Resources(   38): Preloaded drawable resource #0x10805bb (android:drawable/tab_selected_focused_holo) that varies with configuration!!
W/Resources(   38): Preloaded drawable resource #0x10805c2 (android:drawable/tab_unselected_pressed_holo) that varies with configuration!!
W/Resources(   38): Preloaded drawable resource #0x10805bd (android:drawable/tab_selected_pressed_holo) that varies with configuration!!
W/Resources(   38): Preloaded drawable resource #0x10805c2 (android:drawable/tab_unselected_pressed_holo) that varies with configuration!!
W/Resources(   38): Preloaded drawable resource #0x10805bd (android:drawable/tab_selected_pressed_holo) that varies with configuration!!
W/Resources(   38): Preloaded drawable resource #0x10805bd (android:drawable/tab_selected_pressed_holo) that varies with configuration!!
W/Resources(   38): Preloaded drawable resource #0x10805c1 (android:drawable/tab_unselected_holo) that varies with configuration!!
W/Resources(   38): Preloaded drawable resource #0x10805bc (android:drawable/tab_selected_holo) that varies with configuration!!
W/Resources(   38): Preloaded drawable resource #0x10805c0 (android:drawable/tab_unselected_focused_holo) that varies with configuration!!
W/Resources(   38): Preloaded drawable resource #0x10805bb (android:drawable/tab_selected_focused_holo) that varies with configuration!!
W/Resources(   38): Preloaded drawable resource #0x10805c2 (android:drawable/tab_unselected_pressed_holo) that varies with configuration!!
W/Resources(   38): Preloaded drawable resource #0x10805bd (android:drawable/tab_selected_pressed_holo) that varies with configuration!!
W/Resources(   38): Preloaded drawable resource #0x10804a5 (android:drawable/quickcontact_badge_overlay_pressed_dark) that varies with configuration!!
W/Resources(   38): Preloaded drawable resource #0x10804a0 (android:drawable/quickcontact_badge_overlay_focused_dark) that varies with configuration!!
W/Resources(   38): Preloaded drawable resource #0x10804a3 (android:drawable/quickcontact_badge_overlay_normal_dark) that varies with configuration!!
W/Resources(   38): Preloaded drawable resource #0x10804a3 (android:drawable/quickcontact_badge_overlay_normal_dark) that varies with configuration!!
W/Resources(   38): Preloaded drawable resource #0x10804a3 (android:drawable/quickcontact_badge_overlay_normal_dark) that varies with configuration!!
D/dalvikvm(   38): GC_EXPLICIT freed 56K, 26% free 2365K/3156K, paused 5ms+40ms, total 159ms
W/Resources(   38): Preloaded drawable resource #0x10804a5 (android:drawable/quickcontact_badge_overlay_pressed_dark) that varies with configuration!!
W/Resources(   38): Preloaded drawable resource #0x10804a6 (android:drawable/quickcontact_badge_overlay_pressed_light) that varies with configuration!!
W/Resources(   38): Preloaded drawable resource #0x10804a1 (android:drawable/quickcontact_badge_overlay_focused_light) that varies with configuration!!
W/Resources(   38): Preloaded drawable resource #0x10804a4 (android:drawable/quickcontact_badge_overlay_normal_light) that varies with configuration!!
W/Resources(   38): Preloaded drawable resource #0x10804a4 (android:drawable/quickcontact_badge_overlay_normal_light) that varies with configuration!!
W/Resources(   38): Preloaded drawable resource #0x10804a4 (android:drawable/quickcontact_badge_overlay_normal_light) that varies with configuration!!
W/Resources(   38): Preloaded drawable resource #0x10804a6 (android:drawable/quickcontact_badge_overlay_pressed_light) that varies with configuration!!
I/Zygote  (   38): ...preloaded 270 resources in 12027ms.
D/dalvikvm(   38): GC_EXPLICIT freed 48K, 25% free 2369K/3156K, paused 4ms+3ms, total 48ms
I/Zygote  (   38): ...preloaded 31 resources in 335ms.
D/dalvikvm(   38): GC_EXPLICIT freed 9K, 25% free 2377K/3156K, paused 2ms+3ms, total 57ms
D/dalvikvm(   38): GC_EXPLICIT freed 7K, 25% free 2369K/3156K, paused 3ms+54ms, total 168ms
D/dalvikvm(   38): GC_EXPLICIT freed <1K, 25% free 2369K/3156K, paused 2ms+3ms, total 92ms
I/dalvikvm(   38): System server process 294 has been created
I/Zygote  (   38): Accepting command socket connections
E/BatteryService(  294): usbOnlinePath not found
E/BatteryService(  294): wirelessOnlinePath not found
E/BatteryService(  294): batteryVoltagePath not found
E/BatteryService(  294): batteryTemperaturePath not found
I/sysproc (  294): Entered system_init()
I/sysproc (  294): ServiceManager: 0x2a1847a0
D/SensorService(  294): nuSensorService starting...
I/SensorService(  294): Goldfish 3-axis Accelerometer
I/SensorService(  294): Goldfish 3-axis Magnetic field sensor
I/SensorService(  294): Goldfish Orientation sensor
I/SensorService(  294): Goldfish Temperature sensor
I/SensorService(  294): Goldfish Proximity sensor
I/sysproc (  294): System server: starting Android runtime.
I/sysproc (  294): System server: starting Android services.
I/SystemServer(  294): Entered the Android system server!
I/sysproc (  294): System server: entering thread pool.
D/SensorService(  294): nuSensorService thread starting...
I/SystemServer(  294): Enabled StrictMode logging for UI Looper
I/SystemServer(  294): Waiting for installd to be ready.
I/Installer(  294): connecting...
I/installd(   41): new connection
I/SystemServer(  294): Entropy Mixer
I/SystemServer(  294): Enabled StrictMode logging for WM Looper
I/SystemServer(  294): Power Manager
E/PowerManagerService-JNI(  294): Couldn't load power module (No such file or directory)
I/SystemServer(  294): Activity Manager
I/ActivityManager(  294): Memory class: 48
W/UsageStats(  294): Usage stats version changed; dropping
I/ActivityManager(  294): Enabled StrictMode logging for AThread's Looper
I/SystemServer(  294): Display Manager
I/SystemServer(  294): Telephony Registry
I/SystemServer(  294): Scheduling Policy
E/SurfaceFlinger(   37): ro.sf.lcd_density must be defined as a build property
I/DisplayManagerService(  294): Display device added: DisplayDeviceInfo{"Built-in Screen": 480 x 800, 260.416 fps, density 240, 240.0 x 240.0 dpi, touch INTERNAL, FLAG_DEFAULT_DISPLAY, FLAG_ROTATES_WITH_CONTENT, FLAG_SECURE, FLAG_SUPPORTS_PROTECTED_BUFFERS, rotation 0, type BUILT_IN, address null}
I/SystemServer(  294): Package Manager
D/dalvikvm(  294): GC_CONCURRENT freed 305K, 13% free 2553K/2924K, paused 62ms+4ms, total 398ms
D/dalvikvm(  294): WAIT_FOR_CONCURRENT_GC blocked 153ms
W/PackageManager(  294): Running ENG build: no pre-dexopt!
D/dalvikvm(  294): GC_CONCURRENT freed 276K, 12% free 2674K/3008K, paused 4ms+14ms, total 74ms
D/dalvikvm(  294): GC_CONCURRENT freed 121K, 6% free 2959K/3136K, paused 52ms+3ms, total 157ms
W/PackageParser(  294): No actions in intent filter at /system/app/Contacts.apk Binary XML file line #533
D/dalvikvm(  294): GC_CONCURRENT freed 244K, 9% free 3157K/3452K, paused 49ms+60ms, total 412ms
D/dalvikvm(  294): GC_CONCURRENT freed 225K, 8% free 3349K/3632K, paused 4ms+3ms, total 76ms
W/PackageManager(  294): Package com.android.camera desires unavailable shared library com.google.android.media.effects; ignoring!
D/PackageManager(  294): No files in app dir /vendor/app
D/dalvikvm(  294): GC_CONCURRENT freed 210K, 7% free 3549K/3816K, paused 6ms+44ms, total 202ms
W/PackageParser(  294): No actions in intent filter at /data/app/ApiDemos.apk Binary XML file line #2737
W/PackageParser(  294): No actions in intent filter at /data/app/ApiDemos.apk Binary XML file line #2743
W/PackageManager(  294): Package com.example.android.apis desires unavailable shared library com.example.will.never.exist; ignoring!
I/PackageManager(  294): Time to scan packages: 6.23 seconds
W/PackageManager(  294): Unknown permission com.google.android.googleapps.permission.GOOGLE_AUTH.mail in package com.android.contacts
W/PackageManager(  294): Unknown permission android.permission.ADD_SYSTEM_SERVICE in package com.android.phone
W/PackageManager(  294): Unknown permission com.android.smspush.WAPPUSH_MANAGER_BIND in package com.android.phone
W/PackageManager(  294): Unknown permission com.google.android.googleapps.permission.GOOGLE_AUTH in package com.android.providers.calendar
W/PackageManager(  294): Unknown permission com.google.android.googleapps.permission.GOOGLE_AUTH.cl in package com.android.providers.calendar
W/PackageManager(  294): Unknown permission com.google.android.googleapps.permission.GOOGLE_AUTH.mail in package com.android.calendar
W/PackageManager(  294): Not granting permission android.permission.SEND_DOWNLOAD_COMPLETED_INTENTS to package com.android.browser (protectionLevel=2 flags=0x9be45)
W/PackageManager(  294): Not granting permission android.permission.BIND_APPWIDGET to package com.android.widgetpreview (protectionLevel=18 flags=0x8be44)
W/PackageManager(  294): Unknown permission com.google.android.googleapps.permission.GOOGLE_AUTH in package com.android.settings
W/PackageManager(  294): Unknown permission com.google.android.gallery3d.permission.GALLERY_PROVIDER in package com.android.exchange
W/PackageManager(  294): Unknown permission com.google.android.googleapps.permission.ACCESS_GOOGLE_PASSWORD in package com.android.development
W/PackageManager(  294): Unknown permission com.google.android.googleapps.permission.GOOGLE_AUTH in package com.android.development
W/PackageManager(  294): Unknown permission com.google.android.googleapps.permission.GOOGLE_AUTH.ALL_SERVICES in package com.android.development
W/PackageManager(  294): Unknown permission com.google.android.googleapps.permission.GOOGLE_AUTH.YouTubeUser in package com.android.development
W/PackageManager(  294): Unknown permission com.google.android.gallery3d.permission.GALLERY_PROVIDER in package com.android.email
W/PackageManager(  294): Not granting permission android.permission.DEVICE_POWER to package com.android.deskclock (protectionLevel=2 flags=0x8be45)
D/dalvikvm(  294): GC_CONCURRENT freed 254K, 8% free 3769K/4080K, paused 4ms+20ms, total 95ms
D/dalvikvm(  294): GC_EXPLICIT freed 206K, 12% free 3628K/4112K, paused 3ms+11ms, total 59ms
I/SystemServer(  294): User Service
I/SystemServer(  294): Account Manager
I/SystemServer(  294): Content Manager
I/SystemServer(  294): System Content Providers
I/SystemServer(  294): Lights Service
I/SystemServer(  294): Battery Service
I/SystemServer(  294): Vibrator Service
I/libsuspend(  294): Selected early suspend
I/libsuspend(  294): Starting early suspend unblocker thread
D/PermissionCache(   37): checking android.permission.ACCESS_SURFACE_FLINGER for uid=1000 => granted (11927 us)
D/SurfaceFlinger(   37): Screen acquired, type=0 flinger=0x2a007318
D/SurfaceFlinger(   37):  screen was previously acquired
I/SystemServer(  294): Alarm Manager
D/AlarmManagerService(  294): Kernel timezone updated to 0 minutes west of GMT
I/SystemServer(  294): Init Watchdog
I/SystemServer(  294): Input Manager
I/InputManager(  294): Initializing input manager, mUseDevInputEventForAudioJack=false
I/SystemServer(  294): Window Manager
E/SoundPool(  294): error loading /system/media/audio/ui/Lock.ogg
W/KeyguardViewMediator(  294): failed to load lock sound from /system/media/audio/ui/Lock.ogg
E/SoundPool(  294): error loading /system/media/audio/ui/Unlock.ogg
W/KeyguardViewMediator(  294): failed to load unlock sound from /system/media/audio/ui/Unlock.ogg
I/InputManager(  294): Starting input manager
I/SystemServer(  294): No Bluetooh Service (emulator)
I/SystemServer(  294): Input Method Service
W/InputMethodManagerService(  294): Couldn't create dir.: /data/system/inputmethod
I/EventHub(  294): New device: id=1, fd=90, path='/dev/input/event0', name='qwerty2', classes=0x2d, configuration='/system/usr/idc/qwerty2.idc', keyLayout='/system/usr/keylayout/qwerty.kl', keyCharacterMap='/system/usr/keychars/qwerty2.kcm', builtinKeyboard=true, usingSuspendBlockIoctl=false, usingClockIoctl=false
E/EventHub(  294): could not get driver version for /dev/input/mouse0, Not a typewriter
E/EventHub(  294): could not get driver version for /dev/input/mice, Not a typewriter
I/InputReader(  294): Device added: id=-1, name='Virtual', sources=0x00000301
D/dalvikvm(  294): GC_CONCURRENT freed 289K, 9% free 3840K/4196K, paused 5ms+4ms, total 207ms
I/InputReader(  294):   Touch device 'qwerty2' could not query the properties of its associated display.  The device will be inoperable until the display size becomes available.
I/InputReader(  294): Device added: id=0, name='qwerty2', sources=0x00011307
E/Trace   (  294): error opening trace file: No such file or directory (2)
I/SystemServer(  294): Accessibility Manager
I/ActivityManager(  294): Config changes=15f8 {1.0 ?mcc?mnc en_US ldltr sw320dp w320dp h508dp 240dpi nrml long port ?uimode ?night finger -keyb/v/h tball/v s.2}
I/InputReader(  294): Reconfiguring input devices.  changes=0x00000004
I/InputReader(  294): Device reconfigured: id=0, name='qwerty2', size 480x800, orientation 0, mode 1, display id 0
I/SystemServer(  294): Mount Service
D/MountService(  294): got storage path: /mnt/sdcard description: USB storage primary: true removable: false emulated: false mtpReserve: 0 allowMassStorage: false maxFileSize: 0
D/MountService(  294): addVolumeLocked() StorageVolume [mStorageId=0 mPath=/mnt/sdcard mDescriptionId=17040615 mPrimary=true mRemovable=false mEmulated=false mMtpReserveSpace=0 mAllowMassStorage=false mMaxFileSize=0 mOwner=null]
I/SystemServer(  294): LockSettingsService
I/SystemServer(  294): Device Policy
D/dalvikvm(  294): GREF has increased to 201
I/SystemServer(  294): Status Bar
I/SystemServer(  294): Clipboard Service
I/SystemServer(  294): NetworkManagement Service
I/SystemServer(  294): Text Service Manager Service
I/SystemServer(  294): NetworkStats Service
I/SystemServer(  294): NetworkPolicy Service
I/SystemServer(  294): Wi-Fi P2pService
D/MountService(  294): volume state changed for /mnt/sdcard (null -> unmounted)
I/PackageManager(  294): Updating external media status from unmounted to unmounted
W/MountService(  294): getSecureContainerList() called when storage not mounted
I/PackageManager(  294): No secure containers on sdcard
W/PackageManager(  294): Unknown permission com.google.android.googleapps.permission.GOOGLE_AUTH.mail in package com.android.contacts
W/PackageManager(  294): Unknown permission android.permission.ADD_SYSTEM_SERVICE in package com.android.phone
I/SystemServer(  294): Wi-Fi Service
W/PackageManager(  294): Unknown permission com.android.smspush.WAPPUSH_MANAGER_BIND in package com.android.phone
W/PackageManager(  294): Unknown permission com.google.android.googleapps.permission.GOOGLE_AUTH in package com.android.providers.calendar
W/PackageManager(  294): Unknown permission com.google.android.googleapps.permission.GOOGLE_AUTH.cl in package com.android.providers.calendar
W/PackageManager(  294): Unknown permission com.google.android.googleapps.permission.GOOGLE_AUTH.mail in package com.android.calendar
