E/StrictMode(  381): 	at com.android.inputmethod.latin.DictionaryFactory.createMainDictionaryFromManager(DictionaryFactory.java:87)
E/StrictMode(  381): 	at com.android.inputmethod.latin.Suggest$1.run(Suggest.java:108)
E/BluetoothAdapter(  396): Bluetooth binder is null
D/dalvikvm(  455): GC_CONCURRENT freed 182K, 9% free 2611K/2848K, paused 97ms+2ms, total 566ms
D/PhoneStatusBar(  349): disable: < expand icons alerts ticker system_info back home recent clock search >
E/BluetoothAdapter(  396): Bluetooth binder is null
E/BluetoothAdapter(  349): Bluetooth binder is null
D/SystemUIService(  349): loading: class com.android.systemui.power.PowerUI
D/SystemUIService(  349): running: com.android.systemui.power.PowerUI@40e3ea88
D/dalvikvm(  284): GREF has increased to 401
D/SystemUIService(  349): loading: class com.android.systemui.media.RingtonePlayer
D/SystemUIService(  349): running: com.android.systemui.media.RingtonePlayer@40e3f968
I/Choreographer(  349): Skipped 2337 frames!  The application may be doing too much work on its main thread.
D/DebugService(  396): DebugService DebugService:
D/TelephonyDebugService(  396): TelephonyDebugService()
W/dalvikvm(  404): threadid=2: spin on suspend #1 threadid=12 (pcf=0)
D/dalvikvm(  404): Temporarily moving tid 475 to fg (was 0)
D/dalvikvm(  404): Temporarily raised priority on tid 475 (10 -> 0)
E/SurfaceFlinger(   37): ro.sf.lcd_density must be defined as a build property
W/dalvikvm(  404): threadid=2: spin on suspend resolved in 1338 msec
D/dalvikvm(  404): Restored policy of 475 to 0
D/dalvikvm(  404): Restored priority on 475 to 10
I/RecoverySystem(  284): No recovery log file
V/TAG     (  284): bug 7643792: fitSystemWindows([0,38][0,0])
I/Choreographer(  284): Skipped 40 frames!  The application may be doing too much work on its main thread.
D/dalvikvm(  404): GC_CONCURRENT freed 179K, 9% free 2605K/2840K, paused 1354ms+259ms, total 1697ms
D/PhoneStatusBar(  349): disable: < expand icons alerts ticker system_info BACK* HOME* RECENT* CLOCK* SEARCH* >
I/ActivityManager(  284): Start proc com.android.deskclock for broadcast com.android.deskclock/.AlarmInitReceiver: pid=539 uid=10006 gids={50006, 1028}
D/dalvikvm(   38): GC_EXPLICIT freed 34K, 4% free 2381K/2472K, paused 3ms+3ms, total 75ms
D/dalvikvm(   38): GC_EXPLICIT freed <1K, 4% free 2381K/2472K, paused 5ms+2ms, total 42ms
W/dalvikvm(  396): threadid=2: spin on suspend #1 threadid=14 (pcf=0)
D/dalvikvm(  396): Temporarily moving tid 527 to fg (was 0)
D/dalvikvm(  396): Temporarily raised priority on tid 527 (10 -> 0)
D/dalvikvm(   38): GC_EXPLICIT freed <1K, 4% free 2382K/2472K, paused 3ms+3ms, total 156ms
W/dalvikvm(  396): threadid=2: spin on suspend resolved in 1098 msec
D/dalvikvm(  396): Restored policy of 527 to 0
D/dalvikvm(  396): Restored priority on 527 to 10
D/dalvikvm(  396): GC_CONCURRENT freed 339K, 13% free 2673K/3068K, paused 1121ms+241ms, total 1521ms
D/dalvikvm(  349): GC_CONCURRENT freed 258K, 8% free 3776K/4092K, paused 5ms+4ms, total 438ms
W/WindowManager(  284): Window freeze timeout expired.
W/WindowManager(  284): Force clearing orientation change: Window{40f32030 u0 StatusBar}
E/SurfaceFlinger(   37): ro.sf.lcd_density must be defined as a build property
W/Settings(  396): Setting auto_time_zone has moved from android.provider.Settings.System to android.provider.Settings.Global, returning read-only value.
D/dalvikvm(  349): GC_FOR_ALLOC freed 11K, 8% free 3768K/4092K, paused 160ms, total 160ms
I/dalvikvm-heap(  349): Grow heap (frag case) to 9.845MB for 6410576-byte allocation
D/dalvikvm(  349): GC_CONCURRENT freed <1K, 4% free 10029K/10356K, paused 3ms+3ms, total 208ms
D/dalvikvm(  349): WAIT_FOR_CONCURRENT_GC blocked 161ms
D/CAT     (  396): CatService: Running CAT service. STK app installed:false
D/CAT     (  396): CatService: NEW sInstance
D/dalvikvm(  404): GC_FOR_ALLOC freed 52K, 4% free 2856K/2964K, paused 86ms, total 87ms
W/WindowManager(  284): Window freeze timeout expired.
W/WindowManager(  284): Force clearing orientation change: Window{41041aa0 u0 com.android.systemui.ImageWallpaper}
I/dalvikvm-heap(  404): Grow heap (frag case) to 4.213MB for 1440016-byte allocation
D/dalvikvm(  404): GC_FOR_ALLOC freed 12K, 3% free 4250K/4372K, paused 256ms, total 256ms
D/dalvikvm(  404): GC_CONCURRENT freed <1K, 3% free 4250K/4372K, paused 43ms+2ms, total 76ms
I/Choreographer(  284): Skipped 54 frames!  The application may be doing too much work on its main thread.
D/CAT     (  396): CatService: SIM ready. Reporting STK service running now...
E/Trace   (  539): error opening trace file: No such file or directory (2)
D/dalvikvm(  349): GC_FOR_ALLOC freed <1K, 4% free 10031K/10356K, paused 272ms, total 272ms
I/dalvikvm-heap(  349): Grow heap (frag case) to 12.545MB for 2828816-byte allocation
D/dalvikvm(  284): GC_CONCURRENT freed 1931K, 27% free 5611K/7604K, paused 338ms+62ms, total 904ms
D/dalvikvm(  284): WAIT_FOR_CONCURRENT_GC blocked 208ms
D/dalvikvm(  284): WAIT_FOR_CONCURRENT_GC blocked 355ms
D/dalvikvm(  284): WAIT_FOR_CONCURRENT_GC blocked 298ms
D/dalvikvm(  284): WAIT_FOR_CONCURRENT_GC blocked 301ms
D/dalvikvm(  284): WAIT_FOR_CONCURRENT_GC blocked 309ms
D/dalvikvm(  284): WAIT_FOR_CONCURRENT_GC blocked 302ms
D/dalvikvm(  284): WAIT_FOR_CONCURRENT_GC blocked 453ms
D/dalvikvm(  284): WAIT_FOR_CONCURRENT_GC blocked 456ms
D/MccTable(  396): updateMccMncConfiguration: mcc=310, mnc=260
D/TelephonyManager(  396): getLteOnCdmaMode=0 curVal=-1 product_type='' lteOnCdmaProductType=''
D/MccTable(  396): locale set to en_us
D/MccTable(  396): WIFI_COUNTRY_CODE set to us
D/dalvikvm(  349): GC_FOR_ALLOC freed <1K, 3% free 12794K/13120K, paused 790ms, total 790ms
I/WifiService(  284): WifiService trying to set country code to us with persist set to true
I/ActivityManager(  284): Config changes=1403 {1.0 310mcc260mnc en_US ldltr sw320dp w320dp h508dp 240dpi nrml long port finger -keyb/v/h tball/v s.4}
D/dalvikvm(  396): GC_CONCURRENT freed 292K, 12% free 2777K/3128K, paused 5ms+297ms, total 439ms
D/dalvikvm(  284): WAIT_FOR_CONCURRENT_GC blocked 1131ms
W/SurfaceFlinger(   37): createScreenshotSurface failed (Function not implemented)
D/dalvikvm(  349): GC_CONCURRENT freed 6260K, 51% free 6535K/13120K, paused 4ms+192ms, total 355ms
W/Settings(  396): Setting auto_time_zone has moved from android.provider.Settings.System to android.provider.Settings.Global, returning read-only value.
W/dalvikvm(  499): threadid=5: spin on suspend #1 threadid=11 (pcf=0)
D/dalvikvm(  499): Temporarily moving tid 521 to fg (was 0)
D/dalvikvm(  499): Temporarily raised priority on tid 521 (10 -> 0)
W/dalvikvm(  499): threadid=5: spin on suspend resolved in 2425 msec
D/dalvikvm(  499): Restored policy of 521 to 0
D/dalvikvm(  499): Restored priority on 521 to 10
D/gralloc_goldfish(  349): Emulator without GPU emulation detected.
I/Choreographer(  349): Skipped 2848 frames!  The application may be doing too much work on its main thread.
D/dalvikvm(  284): GC_CONCURRENT freed 348K, 22% free 5975K/7604K, paused 99ms+6ms, total 258ms
D/dalvikvm(  284): WAIT_FOR_CONCURRENT_GC blocked 67ms
V/AlarmClock(  539): No next alarm
V/AlarmClock(  539): AlarmInitReceiver - Reset timers and clear stopwatch data
W/WindowManager(  284): Window freeze timeout expired.
V/AlarmClock(  539): No next alarm
W/WindowManager(  284): Force clearing orientation change: Window{40eec918 u0 Keyguard}
V/AlarmClock(  539): AlarmInitReceiver finished
D/MccTable(  396): updateMccMncConfiguration: mcc=310, mnc=260
D/TelephonyManager(  396): getLteOnCdmaMode=0 curVal=-1 product_type='' lteOnCdmaProductType=''
D/MccTable(  396): locale set to en_us
D/MccTable(  396): WIFI_COUNTRY_CODE set to us
I/WifiService(  284): WifiService trying to set country code to us with persist set to true
I/ActivityManager(  284): Config changes=1400 {1.0 310mcc260mnc en_US ldltr sw320dp w320dp h508dp 240dpi nrml long port finger -keyb/v/h tball/v s.5}
I/Choreographer(  349): Skipped 310 frames!  The application may be doing too much work on its main thread.
D/dalvikvm(  284): GC_CONCURRENT freed 380K, 15% free 6497K/7604K, paused 298ms+11ms, total 700ms
D/dalvikvm(  284): WAIT_FOR_CONCURRENT_GC blocked 10ms
D/dalvikvm(  284): WAIT_FOR_CONCURRENT_GC blocked 232ms
D/dalvikvm(  284): WAIT_FOR_CONCURRENT_GC blocked 92ms
D/dalvikvm(  284): WAIT_FOR_CONCURRENT_GC blocked 84ms
D/dalvikvm(  284): WAIT_FOR_CONCURRENT_GC blocked 85ms
D/dalvikvm(  284): WAIT_FOR_CONCURRENT_GC blocked 71ms
D/dalvikvm(  284): WAIT_FOR_CONCURRENT_GC blocked 75ms
D/dalvikvm(  284): WAIT_FOR_CONCURRENT_GC blocked 300ms
D/dalvikvm(  396): GC_CONCURRENT freed 357K, 13% free 2929K/3344K, paused 4ms+9ms, total 153ms
D/dalvikvm(  396): WAIT_FOR_CONCURRENT_GC blocked 6ms
I/Choreographer(  284): Skipped 1762 frames!  The application may be doing too much work on its main thread.
W/WindowManager(  284): App freeze timeout expired.
W/WindowManager(  284): Force clearing freeze: AppWindowToken{40f54d10 token=Token{40f44130 ActivityRecord{40f43cf8 u0 com.android.launcher/com.android.launcher2.Launcher}}}
D/dalvikvm(  284): WAIT_FOR_CONCURRENT_GC blocked 2160ms
I/Choreographer(  284): Skipped 102 frames!  The application may be doing too much work on its main thread.
D/dalvikvm(  396): GC_CONCURRENT freed 468K, 16% free 2890K/3416K, paused 4ms+2ms, total 199ms
D/dalvikvm(  284): GC_FOR_ALLOC freed 644K, 14% free 6560K/7604K, paused 177ms, total 195ms
I/dalvikvm-heap(  284): Grow heap (frag case) to 7.541MB for 1128976-byte allocation
D/dalvikvm(  284): GC_FOR_ALLOC freed 884K, 23% free 6778K/8708K, paused 126ms, total 126ms
I/Choreographer(  349): Skipped 54 frames!  The application may be doing too much work on its main thread.
D/ConnectivityService(  284): ConnectivityChange for mobile: CONNECTED/CONNECTED
D/dalvikvm(  284): GC_CONCURRENT freed 132K, 23% free 6763K/8708K, paused 120ms+107ms, total 1111ms
D/dalvikvm(  284): WAIT_FOR_CONCURRENT_GC blocked 300ms
D/dalvikvm(  404): GC_CONCURRENT freed 174K, 5% free 4606K/4844K, paused 42ms+11ms, total 112ms
I//system/bin/fsck_msdos(   32): Attempting to allocate 2044 KB for FAT
D/dalvikvm(  284): GC_EXPLICIT freed 1117K, 35% free 5746K/8708K, paused 65ms+102ms, total 297ms
I/SurfaceFlinger(   37): Boot is finished (72338 ms)
I/ActivityManager(  284): Config changes=1400 {1.0 310mcc260mnc en_US ldltr sw320dp w320dp h508dp 240dpi nrml long port finger -keyb/v/h tball/v s.6}
I/PowerManagerService(  284): Boot animation finished.
I/Choreographer(  284): Skipped 51 frames!  The application may be doing too much work on its main thread.
I/Choreographer(  349): Skipped 32 frames!  The application may be doing too much work on its main thread.
I/ActivityManager(  284): Start proc com.android.email for broadcast com.android.email/.service.EmailBroadcastReceiver: pid=585 uid=10019 gids={50019, 3003, 1015, 1028}
D/dalvikvm(  284): GC_CONCURRENT freed 221K, 27% free 6363K/8708K, paused 25ms+26ms, total 137ms
D/dalvikvm(  284): WAIT_FOR_CONCURRENT_GC blocked 78ms
E/Trace   (  585): error opening trace file: No such file or directory (2)
I/Choreographer(  284): Skipped 792 frames!  The application may be doing too much work on its main thread.
D/dalvikvm(  284): GC_FOR_ALLOC freed 528K, 25% free 6552K/8708K, paused 100ms, total 109ms
I/dalvikvm-heap(  284): Grow heap (frag case) to 7.535MB for 1128976-byte allocation
D/dalvikvm(  284): GC_FOR_ALLOC freed 882K, 23% free 6772K/8708K, paused 71ms, total 71ms
I/Choreographer(  284): Skipped 81 frames!  The application may be doing too much work on its main thread.
I/ActivityManager(  284): Start proc com.android.exchange for service com.android.exchange/.ExchangeService: pid=602 uid=10032 gids={50032, 3003, 1015, 1028}
D/dalvikvm(  284): GC_CONCURRENT freed 22K, 23% free 6761K/8708K, paused 19ms+52ms, total 313ms
I/ActivityManager(  284): Start proc com.android.providers.calendar for broadcast com.android.providers.calendar/.CalendarReceiver: pid=616 uid=10023 gids={50023, 3003, 1015, 1028}
I/Choreographer(  284): Skipped 110 frames!  The application may be doing too much work on its main thread.
E/Trace   (  602): error opening trace file: No such file or directory (2)
E/Trace   (  616): error opening trace file: No such file or directory (2)
I/Choreographer(  284): Skipped 91 frames!  The application may be doing too much work on its main thread.
D/Tethering(  284): MasterInitialState.processMessage what=3
I/Choreographer(  284): Skipped 54 frames!  The application may be doing too much work on its main thread.
I/ActivityManager(  284): Start proc com.android.mms for broadcast com.android.mms/.transaction.MmsSystemEventReceiver: pid=636 uid=10029 gids={50029, 3003, 1015, 1028}
E/Trace   (  636): error opening trace file: No such file or directory (2)
D/CountryDetector(  284): The first listener is added
V/MmsConfig(  636): mnc/mcc: 310260
V/MmsConfig(  636): tag: bool value: enabledMMS - true
V/MmsConfig(  636): tag: int value: maxMessageSize - 307200
V/MmsConfig(  636): tag: int value: maxImageHeight - 480
V/MmsConfig(  636): tag: int value: maxImageWidth - 640
V/MmsConfig(  636): tag: int value: defaultSMSMessagesPerThread - 500
V/MmsConfig(  636): tag: int value: defaultMMSMessagesPerThread - 50
V/MmsConfig(  636): tag: int value: minMessageCountPerThread - 10
V/MmsConfig(  636): tag: int value: maxMessageCountPerThread - 5000
V/MmsConfig(  636): tag: string value: uaProfUrl - http://www.google.com/oha/rdf/ua-profile-kila.xml
V/MmsConfig(  636): tag: int value: recipientLimit - -1
V/MmsConfig(  636): tag: bool value: enableMultipartSMS - true
V/MmsConfig(  636): tag: int value: smsToMmsTextThreshold - -1
V/MmsConfig(  636): tag: bool value: enableSlideDuration - true
V/MmsConfig(  636): tag: int value: maxMessageTextSize - -1
I/ActivityManager(  284): Start proc com.android.settings for broadcast com.android.settings/.widget.SettingsAppWidgetProvider: pid=663 uid=1000 gids={41000, 1015, 1028, 3002, 3001, 3003}
E/Trace   (  663): error opening trace file: No such file or directory (2)
E/BluetoothAdapter(  663): Bluetooth binder is null
E/BluetoothAdapter(  663): Bluetooth binder is null
D/ExchangeService(  602): !!! EAS ExchangeService, onStartCommand, startingUp = false, running = false
D/Eas Debug(  602): Logging: 
D/ExchangeService(  602): !!! EAS ExchangeService, onCreate
D/ExchangeService(  602): !!! EAS ExchangeService, onStartCommand, startingUp = true, running = false
D/ExchangeService(  602): Received deviceId from Email app: androidc259148960
D/ExchangeService(  602): Reconciling accounts...
D/dalvikvm(  284): GREF has increased to 501
D/ExchangeService(  602): !!! EAS ExchangeService, onStartCommand, startingUp = true, running = false
D/Eas Debug(  602): Logging: 
I//system/bin/fsck_msdos(   32): ** Phase 2 - Check Cluster Chains
I//system/bin/fsck_msdos(   32): ** Phase 3 - Checking Directories
I//system/bin/fsck_msdos(   32): ** Phase 4 - Checking for Lost Files
I//system/bin/fsck_msdos(   32): Next free cluster in FSInfo block (17) not free
I//system/bin/fsck_msdos(   32): FIXED
I//system/bin/fsck_msdos(   32): 13 files, 1044442 free (522221 clusters)
I/Vold    (   32): Filesystem check completed OK
I/Vold    (   32): Device /dev/block/vold/179:0, target /mnt/sdcard mounted @ /mnt/secure/staging
D/Vold    (   32): Volume sdcard state changing 3 (Checking) -> 4 (Mounted)
D/MountService(  284): volume state changed for /mnt/sdcard (checking -> mounted)
I/PackageManager(  284): Updating external media status from unmounted to mounted
D/MountService(  284): sendStorageIntent Intent { act=android.intent.action.MEDIA_MOUNTED dat=file:///mnt/sdcard (has extras) } to UserHandle{-1}
E/VoldConnector(  284): NDC Command {3 volume mount /mnt/sdcard} took too long (39446ms)
I/LocationBlacklist(  284): whitelist: []
I/LocationBlacklist(  284): blacklist: []
I/PackageManager(  284): No secure containers on sdcard
W/PackageManager(  284): Unknown permission com.google.android.googleapps.permission.GOOGLE_AUTH.mail in package com.android.contacts
D/MediaScannerReceiver(  477): action: android.intent.action.MEDIA_MOUNTED path: /mnt/sdcard
W/PackageManager(  284): Unknown permission android.permission.ADD_SYSTEM_SERVICE in package com.android.phone
W/PackageManager(  284): Unknown permission com.android.smspush.WAPPUSH_MANAGER_BIND in package com.android.phone
W/PackageManager(  284): Unknown permission com.google.android.googleapps.permission.GOOGLE_AUTH in package com.android.providers.calendar
W/PackageManager(  284): Unknown permission com.google.android.googleapps.permission.GOOGLE_AUTH.cl in package com.android.providers.calendar
W/PackageManager(  284): Unknown permission com.google.android.googleapps.permission.GOOGLE_AUTH.mail in package com.android.calendar
W/PackageManager(  284): Not granting permission android.permission.SEND_DOWNLOAD_COMPLETED_INTENTS to package com.android.browser (protectionLevel=2 flags=0x89be45)
W/PackageManager(  284): Not granting permission android.permission.BIND_APPWIDGET to package com.android.widgetpreview (protectionLevel=18 flags=0x8be44)
W/PackageManager(  284): Unknown permission com.google.android.googleapps.permission.GOOGLE_AUTH in package com.android.settings
W/PackageManager(  284): Unknown permission com.google.android.gallery3d.permission.GALLERY_PROVIDER in package com.android.exchange
W/PackageManager(  284): Unknown permission com.google.android.googleapps.permission.ACCESS_GOOGLE_PASSWORD in package com.android.development
W/PackageManager(  284): Unknown permission com.google.android.googleapps.permission.GOOGLE_AUTH in package com.android.development
W/PackageManager(  284): Unknown permission com.google.android.googleapps.permission.GOOGLE_AUTH.ALL_SERVICES in package com.android.development
W/PackageManager(  284): Unknown permission com.google.android.googleapps.permission.GOOGLE_AUTH.YouTubeUser in package com.android.development
W/PackageManager(  284): Unknown permission com.google.android.gallery3d.permission.GALLERY_PROVIDER in package com.android.email
W/PackageManager(  284): Not granting permission android.permission.DEVICE_POWER to package com.android.deskclock (protectionLevel=2 flags=0x88be45)
I/CalendarProvider2(  616): Sending notification intent: Intent { act=android.intent.action.PROVIDER_CHANGED dat=content://com.android.calendar }
W/ContentResolver(  616): Failed to get type for: content://com.android.calendar (Unknown URL content://com.android.calendar)
D/EmailProvider(  585): fromDatabase accounts: 0
D/EmailProvider(  585): ending toDatabase transaction; copyCount = 0
D/EmailProvider(  585): ending fromDatabase transaction; copyCount = 0
W/GpsLocationProvider(  284): Could not open GPS configuration file /etc/gps.conf
W/ServiceWatcher(  284): com.google.android.location not found
W/ServiceWatcher(  284): com.google.android.location not found
W/LocationManagerService(  284): no network location provider found
W/ServiceWatcher(  284): com.google.android.location not found
I/AccountTypeManager(  499): Loaded meta-data for 1 account types, 0 accounts in 84ms(wall) 30ms(cpu)
I/ActivityManager(  284): Start proc com.android.location.fused for service com.android.location.fused/.FusedLocationService: pid=695 uid=10022 gids={50022, 1028}
I/ActivityManager(  284): Start proc com.android.calendar for broadcast com.android.calendar/.alerts.AlertReceiver: pid=708 uid=10004 gids={50004, 3003, 1028}
E/Trace   (  695): error opening trace file: No such file or directory (2)
E/Trace   (  708): error opening trace file: No such file or directory (2)
D/AlertReceiver(  708): onReceive: a=android.intent.action.PROVIDER_CHANGED Intent { act=android.intent.action.PROVIDER_CHANGED dat=content://com.android.calendar flg=0x10 cmp=com.android.calendar/.alerts.AlertReceiver }
W/ServiceWatcher(  284): com.google.android.location not found
E/LocationManagerService(  284): no geocoder provider found
D/Mms:app (  636): cancelNotification
D/AlertService(  708): 0 Action = android.intent.action.PROVIDER_CHANGED
D/AlertService(  708): Beginning updateAlertNotification
I/FusedLocation(  695): engine started (com.android.location.fused)
W/ActivityManager(  284): Unable to start service Intent { cmp=com.android.email/.service.AttachmentDownloadService } U=0: not found
D/MmsSmsDatabaseHelper(  396): [MmsSmsDb] tableName: threads hasAutoIncrement: CREATE TABLE threads (_id INTEGER PRIMARY KEY AUTOINCREMENT,date INTEGER DEFAULT 0,message_count INTEGER DEFAULT 0,recipient_ids TEXT,snippet TEXT,snippet_cs INTEGER DEFAULT 0,read INTEGER DEFAULT 1,type INTEGER DEFAULT 0,error INTEGER DEFAULT 0,has_attachment INTEGER DEFAULT 0) result: true
D/dalvikvm(  477): GREF has increased to 201
E/BluetoothAdapter(  663): Bluetooth binder is null
D/ExchangeService(  602): !!! EAS ExchangeService, onStartCommand, startingUp = true, running = false
I/FusedLocation(  695): engine started (com.android.location.fused)
D/MmsSmsDatabaseHelper(  396): [MmsSmsDb] tableName: canonical_addresses hasAutoIncrement: CREATE TABLE canonical_addresses (_id INTEGER PRIMARY KEY AUTOINCREMENT,address TEXT) result: true
D/MmsSmsDatabaseHelper(  396): [MmsSmsDb] tableName: part hasAutoIncrement: CREATE TABLE part (_id INTEGER PRIMARY KEY AUTOINCREMENT,mid INTEGER,seq INTEGER DEFAULT 0,ct TEXT,name TEXT,chset INTEGER,cd TEXT,fn TEXT,cid TEXT,cl TEXT,ctt_s INTEGER,ctt_t TEXT,_data TEXT,text TEXT) result: true
D/dalvikvm(  404): GC_FOR_ALLOC freed 343K, 8% free 4856K/5256K, paused 66ms, total 79ms
I/dalvikvm-heap(  404): Grow heap (frag case) to 6.167MB for 1440016-byte allocation
W/ActivityManager(  284): Unable to start service Intent { cmp=com.android.email/.service.AttachmentDownloadService } U=0: not found
D/dalvikvm(  404): GC_FOR_ALLOC freed 29K, 7% free 6233K/6664K, paused 39ms, total 39ms
D/dalvikvm(  404): GC_CONCURRENT freed <1K, 7% free 6233K/6664K, paused 3ms+14ms, total 35ms
D/Launcher.Model(  404): Reload apps on config change. curr_mcc:310 prevmcc:0
I/Choreographer(  404): Skipped 491 frames!  The application may be doing too much work on its main thread.
E/SurfaceFlinger(   37): ro.sf.lcd_density must be defined as a build property
D/gralloc_goldfish(  404): Emulator without GPU emulation detected.
D/dalvikvm(  404): GC_FOR_ALLOC freed 1503K, 26% free 5041K/6768K, paused 91ms, total 102ms
I/dalvikvm-heap(  404): Grow heap (frag case) to 6.370MB for 1463056-byte allocation
D/dalvikvm(  404): GC_CONCURRENT freed 7K, 22% free 6463K/8200K, paused 5ms+3ms, total 30ms
D/dalvikvm(  404): WAIT_FOR_CONCURRENT_GC blocked 25ms
D/dalvikvm(  404): GC_FOR_ALLOC freed <1K, 22% free 6463K/8200K, paused 34ms, total 34ms
I/dalvikvm-heap(  404): Grow heap (frag case) to 7.758MB for 1463056-byte allocation
D/dalvikvm(  404): GC_FOR_ALLOC freed 0K, 19% free 7892K/9632K, paused 24ms, total 24ms
I/ActivityManager(  284): Displayed com.android.launcher/com.android.launcher2.Launcher: +42s4ms
D/dalvikvm(  404): WAIT_FOR_CONCURRENT_GC blocked 307ms
D/dalvikvm(  404): GC_CONCURRENT freed 1435K, 32% free 6551K/9632K, paused 5ms+4ms, total 76ms
D/dalvikvm(  585): GC_CONCURRENT freed 195K, 9% free 2590K/2844K, paused 1802ms+435ms, total 3172ms
D/MmsSmsDatabaseHelper(  396): [MmsSmsDb] tableName: pdu hasAutoIncrement: CREATE TABLE pdu (_id INTEGER PRIMARY KEY AUTOINCREMENT,thread_id INTEGER,date INTEGER,date_sent INTEGER DEFAULT 0,msg_box INTEGER,read INTEGER DEFAULT 0,m_id TEXT,sub TEXT,sub_cs INTEGER,ct_t TEXT,ct_l TEXT,exp INTEGER,m_cls TEXT,m_type INTEGER,v INTEGER,m_size INTEGER,pri INTEGER,rr INTEGER,rpt_a INTEGER,resp_st INTEGER,st INTEGER,tr_id TEXT,retr_st INTEGER,retr_txt TEXT,retr_txt_cs INTEGER,read_status INTEGER,ct_cls INTEGER,resp_txt TEXT,d_tm INTEGER,d_rpt INTEGER,locked INTEGER DEFAULT 0,seen INTEGER DEFAULT 0,text_only INTEGER DEFAULT 0) result: true
D/MmsSmsDatabaseHelper(  396): [getWritableDatabase] hasAutoIncrementThreads: true hasAutoIncrementAddresses: true hasAutoIncrementPart: true hasAutoIncrementPdu: true
W/ActivityManager(  284): Unable to start service Intent { cmp=com.android.email/.service.AttachmentDownloadService } U=0: not found
D/dalvikvm(  404): GC_FOR_ALLOC freed 53K, 21% free 7678K/9632K, paused 28ms, total 39ms
D/dalvikvm(  404): GREF has increased to 201
I/Choreographer(  404): Skipped 31 frames!  The application may be doing too much work on its main thread.
I/Choreographer(  404): Skipped 46 frames!  The application may be doing too much work on its main thread.
D/dalvikvm(  477): GC_CONCURRENT freed 197K, 10% free 2562K/2816K, paused 4ms+2ms, total 54ms
D/AlertService(  708): No fired or scheduled alerts
W/MediaProvider(  477): no database for scanned volume external
D/dalvikvm(  396): GREF has increased to 201
D/Mms:app (  636): cancelNotification
D/dalvikvm(  284): GC_EXPLICIT freed 1917K, 35% free 5731K/8708K, paused 5ms+10ms, total 134ms
W/MediaScanner(  477): Error opening directory '/mnt/sdcard/.android_secure/', skipping: Permission denied.
V/MediaScanner(  477): pruneDeadThumbnailFiles... android.database.sqlite.SQLiteCursor@40d139c0
V/MediaScanner(  477): /pruneDeadThumbnailFiles... android.database.sqlite.SQLiteCursor@40d139c0
W/MediaScanner(  477): Error opening directory '/mnt/sdcard/.android_secure/', skipping: Permission denied.
V/MediaScanner(  477): pruneDeadThumbnailFiles... android.database.sqlite.SQLiteCursor@40d266e0
V/MediaScanner(  477): /pruneDeadThumbnailFiles... android.database.sqlite.SQLiteCursor@40d266e0
D/AndroidRuntime(  761): 
D/AndroidRuntime(  761): >>>>>> AndroidRuntime START com.android.internal.os.RuntimeInit <<<<<<
D/AndroidRuntime(  761): CheckJNI is ON
D/dalvikvm(  761): Trying to load lib libjavacore.so 0x0
D/dalvikvm(  761): Added shared lib libjavacore.so 0x0
D/dalvikvm(  761): Trying to load lib libnativehelper.so 0x0
D/dalvikvm(  761): Added shared lib libnativehelper.so 0x0
D/AndroidRuntime(  761): Calling main entry com.android.commands.input.Input
I/Input   (  761): injectKeyEvent: KeyEvent { action=ACTION_DOWN, keyCode=KEYCODE_MENU, scanCode=0, metaState=0, flags=0x0, repeatCount=0, eventTime=96082, downTime=96082, deviceId=-1, source=0x101 }
W/SoundPool(  284):   sample 0 not READY
D/PhoneStatusBar(  349): disable: < expand icons alerts ticker system_info BACK HOME recent* CLOCK search* >
I/Input   (  761): injectKeyEvent: KeyEvent { action=ACTION_UP, keyCode=KEYCODE_MENU, scanCode=0, metaState=0, flags=0x0, repeatCount=0, eventTime=96082, downTime=96082, deviceId=-1, source=0x101 }
D/InputEventConsistencyVerifier(  284): KeyEvent: ACTION_UP but key was not down.
D/InputEventConsistencyVerifier(  284):   in com.android.internal.policy.impl.keyguard.KeyguardViewManager$ViewManagerHost{40ee7de0 G.E..... ......I. 0,0-480,800}
D/InputEventConsistencyVerifier(  284):   0: sent at 96082000000, KeyEvent { action=ACTION_UP, keyCode=KEYCODE_MENU, scanCode=0, metaState=0, flags=0x0, repeatCount=0, eventTime=96082, downTime=96082, deviceId=-1, source=0x101 }
D/AndroidRuntime(  761): Shutting down VM
D/dalvikvm(  761): GC_CONCURRENT freed 93K, 18% free 454K/552K, paused 1ms+1ms, total 12ms
I/Choreographer(  284): Skipped 32 frames!  The application may be doing too much work on its main thread.
D/PhoneStatusBar(  349): disable: < expand icons alerts ticker system_info back* home* recent clock* search >
I/ARMAssembler(   37): generated scanline__00000077:03515104_00009001_00000000 [131 ipp] (153 ins) at [0x4189d1f0:0x4189d454] in 7743001 ns
V/TAG     (  284): bug 7643792: fitSystemWindows([0,38][0,0])
I/Choreographer(  284): Skipped 38 frames!  The application may be doing too much work on its main thread.
I/Choreographer(  349): Skipped 39 frames!  The application may be doing too much work on its main thread.
D/AndroidRuntime(  774): 
D/AndroidRuntime(  774): >>>>>> AndroidRuntime START com.android.internal.os.RuntimeInit <<<<<<
D/AndroidRuntime(  774): CheckJNI is ON
D/dalvikvm(  774): Trying to load lib libjavacore.so 0x0
D/dalvikvm(  774): Added shared lib libjavacore.so 0x0
D/dalvikvm(  774): Trying to load lib libnativehelper.so 0x0
D/dalvikvm(  774): Added shared lib libnativehelper.so 0x0
D/AndroidRuntime(  774): Calling main entry com.android.commands.am.Am
D/dalvikvm(  774): Note: class Landroid/app/ActivityManagerNative; has 157 unimplemented (abstract) methods
I/ActivityManager(  284): Force stopping package org.jessies.dalvikexplorer appid=10047 user=0
D/dalvikvm(  784): Not late-enabling CheckJNI (already on)
I/ActivityManager(  284): Start proc org.jessies.dalvikexplorer for added application org.jessies.dalvikexplorer: pid=784 uid=10047 gids={50047, 1015, 1028}
E/Trace   (  784): error opening trace file: No such file or directory (2)
D/androidripper(  784): Updating node 
D/androidripper(  784): Loading node 
I/androidripper(  784): Preferences file found.
V/androidripper(  784): Updating value ACTIVITY_DESCRIPTION_IN_SESSION
V/androidripper(  784): Updating value ADDITIONAL_CRITERIAS
V/androidripper(  784): Updating value ADDITIONAL_EVENTS
V/androidripper(  784): Updating value ADDITIONAL_INPUTS
V/androidripper(  784): Updating value CLASS_NAME
D/androidripper(  784): Updated value of parameter CLASS_NAME to org.jessies.dalvikexplorer.DalvikExplorerActivity (default = app.package.class)
V/androidripper(  784): Updating value ENABLE_MODEL
V/androidripper(  784): Updating value ENABLE_RESUME
V/androidripper(  784): Updating value INTENT_ACTION
V/androidripper(  784): Updating value INTENT_ACTIVITY
V/androidripper(  784): Updating value INTENT_CATEGORY
V/androidripper(  784): Updating value INTENT_DATA
V/androidripper(  784): Updating value INTENT_FLAGS
V/androidripper(  784): Updating value INTENT_TYPE
V/androidripper(  784): Updating value PACKAGE_NAME
D/androidripper(  784): Updated value of parameter PACKAGE_NAME to org.jessies.dalvikexplorer (default = app.package)
V/androidripper(  784): Updating value RANDOM_SEED
D/androidripper(  784): Updated value of parameter RANDOM_SEED to -4244019791393197310 (default = 5466516511651561651)
V/androidripper(  784): Updating value RETRY_FAILED_TRACES
V/androidripper(  784): Updating value theClass
D/dalvikvm(  784): GC_CONCURRENT freed 291K, 13% free 2544K/2896K, paused 4ms+12ms, total 49ms
I/System.out(  784): EMMA: collecting runtime coverage data ...
D/androidripper(  784): Updating node scheduler
D/androidripper(  784): Loading node scheduler
V/androidripper(  784): Updating value ACTIONBARHOME_EVENTS
V/androidripper(  784): Updating value ALL_EVENTS_ON_PREFERENCES
V/androidripper(  784): Updating value BACK_BUTTON_EVENT
V/androidripper(  784): Updating value DICTIONARY_FIXED_VALUE
V/androidripper(  784): Updating value DICTIONARY_IGNORE_CONTENT_TYPES
V/androidripper(  784): Updating value EMULATOR_PORT
V/androidripper(  784): Updating value EVENTS
D/androidripper(  784): Updated values of array parameter EVENTS
V/androidripper(  784): Updating value EVENT_WHEN_NO_ID
V/androidripper(  784): Updating value EXCLUDE_WIDGETS_INPUTS_IN_GPS_EVENTS
V/androidripper(  784): Updating value EXCLUDE_WIDGETS_INPUTS_IN_SENSORS_EVENTS
V/androidripper(  784): Updating value FIX_GPS_POSITION
V/androidripper(  784): Updating value INPUTS
D/androidripper(  784): Updated values of array parameter INPUTS
V/androidripper(  784): Updating value KEY_EVENTS
V/androidripper(  784): Updating value MAX_EVENTS_PER_WIDGET
V/androidripper(  784): Updating value MAX_TASKS_IN_SCHEDULER
V/androidripper(  784): Updating value MAX_TASKS_PER_EVENT
V/androidripper(  784): Updating value MENU_EVENTS
V/androidripper(  784): Updating value ORIENTATION_EVENTS
V/androidripper(  784): Updating value PLANNER
V/androidripper(  784): Updating value REFLECT_ACTIVITY_LISTENERS
V/androidripper(  784): Updating value REFLECT_WIDGETS
V/androidripper(  784): Updating value SCHEDULER_ALGORITHM
V/androidripper(  784): Updating value SCROLL_DOWN_EVENT
V/androidripper(  784): Updating value SENSOR_TYPES
V/androidripper(  784): Updating value SIMULATE_INCOMING_CALL
V/androidripper(  784): Updating value SIMULATE_INCOMING_SMS
V/androidripper(  784): Updating value TAB_EVENTS_START_ONLY
V/androidripper(  784): Updating value TEST_LOCATION_PROVIDER
V/androidripper(  784): Updating value TEXT_VALUES_FROM_DICTIONARY
V/androidripper(  784): Updating value TEXT_VALUES_ID_HASH
V/androidripper(  784): Updating value USE_GPS
V/androidripper(  784): Updating value USE_SENSORS
D/androidripper(  784): Updating node planner
D/androidripper(  784): Loading node planner
V/androidripper(  784): Updating value ACTIONBARHOME_EVENTS
V/androidripper(  784): Updating value ALL_EVENTS_ON_PREFERENCES
V/androidripper(  784): Updating value BACK_BUTTON_EVENT
V/androidripper(  784): Updating value DICTIONARY_FIXED_VALUE
V/androidripper(  784): Updating value DICTIONARY_IGNORE_CONTENT_TYPES
V/androidripper(  784): Updating value EMULATOR_PORT
V/androidripper(  784): Updating value EVENTS
D/androidripper(  784): Updated values of array parameter EVENTS
V/androidripper(  784): Updating value EVENT_WHEN_NO_ID
V/androidripper(  784): Updating value EXCLUDE_WIDGETS_INPUTS_IN_GPS_EVENTS
V/androidripper(  784): Updating value EXCLUDE_WIDGETS_INPUTS_IN_SENSORS_EVENTS
V/androidripper(  784): Updating value FIX_GPS_POSITION
V/androidripper(  784): Updating value INPUTS
D/androidripper(  784): Updated values of array parameter INPUTS
V/androidripper(  784): Updating value KEY_EVENTS
V/androidripper(  784): Updating value MAX_EVENTS_PER_WIDGET
V/androidripper(  784): Updating value MAX_TASKS_IN_SCHEDULER
V/androidripper(  784): Updating value MAX_TASKS_PER_EVENT
V/androidripper(  784): Updating value MENU_EVENTS
V/androidripper(  784): Updating value ORIENTATION_EVENTS
V/androidripper(  784): Updating value PLANNER
V/androidripper(  784): Updating value REFLECT_ACTIVITY_LISTENERS
V/androidripper(  784): Updating value REFLECT_WIDGETS
V/androidripper(  784): Updating value SCHEDULER_ALGORITHM
V/androidripper(  784): Updating value SCROLL_DOWN_EVENT
V/androidripper(  784): Updating value SENSOR_TYPES
V/androidripper(  784): Updating value SIMULATE_INCOMING_CALL
V/androidripper(  784): Updating value SIMULATE_INCOMING_SMS
V/androidripper(  784): Updating value TAB_EVENTS_START_ONLY
V/androidripper(  784): Updating value TEST_LOCATION_PROVIDER
V/androidripper(  784): Updating value TEXT_VALUES_FROM_DICTIONARY
V/androidripper(  784): Updating value TEXT_VALUES_ID_HASH
D/androidripper(  784): Updated value of parameter TEXT_VALUES_ID_HASH to true (default = false)
V/androidripper(  784): Updating value USE_GPS
V/androidripper(  784): Updating value USE_SENSORS
D/androidripper(  784): Updating node interactions
D/androidripper(  784): Loading node interactions
V/androidripper(  784): Updating value ACTIONBARHOME_EVENTS
V/androidripper(  784): Updating value ALL_EVENTS_ON_PREFERENCES
V/androidripper(  784): Updating value BACK_BUTTON_EVENT
V/androidripper(  784): Updating value DICTIONARY_FIXED_VALUE
V/androidripper(  784): Updating value DICTIONARY_IGNORE_CONTENT_TYPES
V/androidripper(  784): Updating value EMULATOR_PORT
V/androidripper(  784): Updating value EVENTS
D/androidripper(  784): Updated values of array parameter EVENTS
V/androidripper(  784): Updating value EVENT_WHEN_NO_ID
V/androidripper(  784): Updating value EXCLUDE_WIDGETS_INPUTS_IN_GPS_EVENTS
V/androidripper(  784): Updating value EXCLUDE_WIDGETS_INPUTS_IN_SENSORS_EVENTS
V/androidripper(  784): Updating value FIX_GPS_POSITION
V/androidripper(  784): Updating value INPUTS
D/androidripper(  784): Updated values of array parameter INPUTS
V/androidripper(  784): Updating value KEY_EVENTS
V/androidripper(  784): Updating value MAX_EVENTS_PER_WIDGET
V/androidripper(  784): Updating value MAX_TASKS_IN_SCHEDULER
V/androidripper(  784): Updating value MAX_TASKS_PER_EVENT
V/androidripper(  784): Updating value MENU_EVENTS
V/androidripper(  784): Updating value ORIENTATION_EVENTS
V/androidripper(  784): Updating value PLANNER
V/androidripper(  784): Updating value REFLECT_ACTIVITY_LISTENERS
V/androidripper(  784): Updating value REFLECT_WIDGETS
V/androidripper(  784): Updating value SCHEDULER_ALGORITHM
V/androidripper(  784): Updating value SCROLL_DOWN_EVENT
V/androidripper(  784): Updating value SENSOR_TYPES
V/androidripper(  784): Updating value SIMULATE_INCOMING_CALL
V/androidripper(  784): Updating value SIMULATE_INCOMING_SMS
V/androidripper(  784): Updating value TAB_EVENTS_START_ONLY
V/androidripper(  784): Updating value TEST_LOCATION_PROVIDER
V/androidripper(  784): Updating value TEXT_VALUES_FROM_DICTIONARY
V/androidripper(  784): Updating value TEXT_VALUES_ID_HASH
V/androidripper(  784): Updating value USE_GPS
V/androidripper(  784): Updating value USE_SENSORS
D/androidripper(  784): Updating node comparator
D/androidripper(  784): Loading node comparator
V/androidripper(  784): Updating value COMPARATOR
V/androidripper(  784): Updating value COMPARATOR_TYPE
D/androidripper(  784): Updated value of parameter COMPARATOR_TYPE to CustomWidgetsSimpleComparator (default = NullComparator)
V/androidripper(  784): Updating value COMPARE_ACTIVITY_NAME
V/androidripper(  784): Updating value COMPARE_LIST_COUNT
V/androidripper(  784): Updating value COMPARE_MENU_COUNT
V/androidripper(  784): Updating value COMPARE_STATE_TITLE
D/androidripper(  784): Updated value of parameter COMPARE_STATE_TITLE to true (default = false)
V/androidripper(  784): Updating value COMPARE_VALUES
V/androidripper(  784): Updating value WIDGET_TYPES
D/androidripper(  784): Updated values of array parameter WIDGET_TYPES
D/androidripper(  784): Comparation by name is enabled
D/androidripper(  784): Comparation by title is disabled
D/androidripper(  784): Updating node strategy
D/androidripper(  784): Loading node strategy
V/androidripper(  784): Updating value AFTER_EVENT_DONT_EXPLORE
V/androidripper(  784): Updating value AFTER_WIDGET_DONT_EXPLORE
V/androidripper(  784): Updating value CHECK_FOR_TRANSITION
V/androidripper(  784): Updating value EXPLORE_ONLY_NEW_STATES
V/androidripper(  784): Updating value MAX_NUM_TRACES
V/androidripper(  784): Updating value MAX_TIME_CRAWLING
V/androidripper(  784): Updating value PAUSE_AFTER_TIME
V/androidripper(  784): Updating value PAUSE_AFTER_TRACES
V/androidripper(  784): Updating value TRACE_MAX_DEPTH
V/androidripper(  784): Updating value TRACE_MIN_DEPTH
W/dalvikvm(  784): method Landroid/test/InstrumentationTestRunner$StringResultPrinter;.print incorrectly overrides package-private method with same name in Ljunit/textui/ResultPrinter;
I/TestRunner(  784): started: testAndCrawl(it.unina.androidripper.guitree.GuiTreeEngine)
I/ActivityManager(  284): START u0 {act=android.intent.action.MAIN flg=0x10000000 cmp=org.jessies.dalvikexplorer/.DalvikExplorerActivity} from pid 784
D/PermissionCache(   37): checking android.permission.READ_FRAME_BUFFER for uid=1000 => granted (16153 us)
W/WindowManager(  284): Failure taking screenshot for (246x410) to layer 21005
D/dalvikvm(  784): GC_CONCURRENT freed 339K, 14% free 2602K/3000K, paused 3ms+3ms, total 135ms
E/SurfaceFlinger(   37): ro.sf.lcd_density must be defined as a build property
I/Choreographer(  284): Skipped 39 frames!  The application may be doing too much work on its main thread.
I/Choreographer(  284): Skipped 33 frames!  The application may be doing too much work on its main thread.
D/dalvikvm(  784): GC_FOR_ALLOC freed 14K, 11% free 2740K/3056K, paused 134ms, total 152ms
I/dalvikvm-heap(  784): Grow heap (frag case) to 3.336MB for 635812-byte allocation
D/dalvikvm(  784): GC_FOR_ALLOC freed <1K, 9% free 3361K/3680K, paused 131ms, total 131ms
D/dalvikvm(  784): GC_CONCURRENT freed 1K, 9% free 3360K/3680K, paused 4ms+3ms, total 89ms
E/SurfaceFlinger(   37): ro.sf.lcd_density must be defined as a build property
D/gralloc_goldfish(  784): Emulator without GPU emulation detected.
I/ActivityManager(  284): Displayed org.jessies.dalvikexplorer/.DalvikExplorerActivity: +1s368ms
D/androidripper(  784): Generated Resuming Persistence
D/androidripper(  784): Updating node storage
D/androidripper(  784): Loading node storage
V/androidripper(  784): Updating value ACTIVITY_LIST_FILE_NAME
V/androidripper(  784): Updating value FILE_NAME
V/androidripper(  784): Updating value MAX_TRACES_IN_RAM
V/androidripper(  784): Updating value ONLY_FINALTRANSITION
V/androidripper(  784): Updating value PARAMETERS_FILE_NAME
V/androidripper(  784): Updating value TASK_LIST_FILE_NAME
E/dalvikvm(  784): Could not find class 'android.support.v4.app.FragmentActivity', referenced from method com.jayway.android.robotium.solo.Waiter.getSupportFragment
W/dalvikvm(  784): VFY: unable to resolve check-cast 56 (Landroid/support/v4/app/FragmentActivity;) in Lcom/jayway/android/robotium/solo/Waiter;
D/dalvikvm(  784): VFY: replacing opcode 0x1f at 0x0009
I/dalvikvm(  784): Could not find method android.support.v4.app.FragmentActivity.getSupportFragmentManager, referenced from method com.jayway.android.robotium.solo.Waiter.getSupportFragment
W/dalvikvm(  784): VFY: unable to resolve virtual method 141: Landroid/support/v4/app/FragmentActivity;.getSupportFragmentManager ()Landroid/support/v4/app/FragmentManager;
D/dalvikvm(  784): VFY: replacing opcode 0x6e at 0x0010
I/dalvikvm(  784): Could not find method android.support.v4.app.FragmentActivity.getSupportFragmentManager, referenced from method com.jayway.android.robotium.solo.Waiter.getSupportFragment
W/dalvikvm(  784): VFY: unable to resolve virtual method 141: Landroid/support/v4/app/FragmentActivity;.getSupportFragmentManager ()Landroid/support/v4/app/FragmentManager;
D/dalvikvm(  784): VFY: replacing opcode 0x6e at 0x0019
W/dalvikvm(  784): VFY: unable to find class referenced in signature (Landroid/support/v4/app/Fragment;)
W/dalvikvm(  784): VFY: unable to find class referenced in signature (Landroid/support/v4/app/Fragment;)
D/androidripper(  784): Updating node automation
D/androidripper(  784): Loading node automation
V/androidripper(  784): Updating value FORCE_RESTART
V/androidripper(  784): Updating value IN_AND_OUT_FOCUS
V/androidripper(  784): Updating value PRECRAWLING
V/androidripper(  784): Updating value SCREENSHOT_FOR_EVENTS
V/androidripper(  784): Updating value SCREENSHOT_FOR_STATES
V/androidripper(  784): Updating value SCREENSHOT_ONLY_NEW_STATES
V/androidripper(  784): Updating value SLEEP_AFTER_EVENT
V/androidripper(  784): Updating value SLEEP_AFTER_RESTART
V/androidripper(  784): Updating value SLEEP_AFTER_TASK
V/androidripper(  784): Updating value SLEEP_ON_THROBBER
I/androidripper(  784): Waiting for 1 sec.
D/androidripper(  784): Ready to operate after restarting...
I/androidripper(  784): Current activity is DalvikExplorerActivity
W/androidripper(  784): --->DalvikExplorerActivity
I/androidripper(  784): Retrieving widgets
D/androidripper(  784): Found widget: id=-1 (android.widget.LinearLayout{40ceb408 V.E..... ......ID 0,0-480,800})
D/androidripper(  784): Found widget: id=16909145 (com.android.internal.widget.ActionBarContainer{40ce8e90 V.ED.... ......I. 0,38-480,110 #1020359 android:id/action_bar_container})
D/androidripper(  784): Found widget: id=16909146 (com.android.internal.widget.ActionBarView{40ce05a0 V.E..... ......I. 0,0-480,72 #102035a android:id/action_bar})
D/androidripper(  784): Found widget: id=-1 (android.widget.LinearLayout{40cefe40 V.....C. ......I. 13,0-265,72})
D/androidripper(  784): Found widget: id=-1 (com.android.internal.widget.ActionBarView$HomeView{40cd9410 V.E..... ......I. 0,0-60,72})
D/androidripper(  784): Found widget: id=16908870 (android.widget.ImageView{40d21cb8 G.ED.... ......I. 0,0-0,0 #1020246 android:id/up})
D/androidripper(  784): Found widget: id=16908332 (android.widget.ImageView{40d24bb0 V.ED.... ......I. 6,12-54,60 #102002c android:id/home})
D/androidripper(  784): Found widget: id=-1 (android.widget.LinearLayout{40d21970 V.E..... ......I. 60,0-252,72})
D/androidripper(  784): Found widget: id=16908870 (android.widget.ImageView{40ce2288 G.ED.... ......I. 0,0-0,0 #1020246 android:id/up})
D/androidripper(  784): Found widget: id=-1 (android.widget.LinearLayout{40d4a450 V.E..... ......I. 0,17-180,54})
D/androidripper(  784): Found widget: id=16908877 (android.widget.TextView{40d426a8 V.ED.... ......I. 0,0-180,37 #102024d android:id/action_bar_title}): Dalvik Explorer
D/androidripper(  784): Found widget: id=16908878 (android.widget.TextView{40d207a8 G.ED.... ......I. 0,0-0,0 #102024e android:id/action_bar_subtitle}): 
D/androidripper(  784): Found widget: id=-1 (com.android.internal.view.menu.ActionMenuView{40ce6e18 V.ED.... ......ID 480,0-480,72})
D/androidripper(  784): Found widget: id=16909147 (com.android.internal.widget.ActionBarContextView{40cf39b0 G.E..... ......ID 0,0-0,0 #102035b android:id/action_context_bar})
D/androidripper(  784): Found widget: id=16908290 (android.widget.FrameLayout{40ceb6e8 V.E..... ......ID 0,110-480,800 #1020002 android:id/content})
D/androidripper(  784): Found widget: id=16908298 (android.widget.ListView{40ce4220 VFED.VC. .F....ID 0,0-480,690 #102000a android:id/list})
D/androidripper(  784): Found widget: id=16908308 (android.widget.TextView{40d20c08 V.ED.... ..S...I. 0,0-480,72 #1020014 android:id/text1}): Build Details
D/androidripper(  784): Found widget: id=16908308 (android.widget.TextView{40d42278 V.ED.... ......I. 0,73-480,145 #1020014 android:id/text1}): Charsets
D/androidripper(  784): Found widget: id=16908308 (android.widget.TextView{40cf2f78 V.ED.... ......I. 0,146-480,218 #1020014 android:id/text1}): Device Details
D/androidripper(  784): Found widget: id=16908308 (android.widget.TextView{40d44bb0 V.ED.... ......I. 0,219-480,291 #1020014 android:id/text1}): Environment Variables
D/androidripper(  784): Found widget: id=16908308 (android.widget.TextView{40d1ddb0 V.ED.... ......I. 0,292-480,364 #1020014 android:id/text1}): File Systems
D/androidripper(  784): Found widget: id=16908308 (android.widget.TextView{40d26f88 V.ED.... ......I. 0,365-480,437 #1020014 android:id/text1}): Locales
D/androidripper(  784): Found widget: id=16908308 (android.widget.TextView{40d45260 V.ED.... ......I. 0,438-480,510 #1020014 android:id/text1}): System Properties
D/androidripper(  784): Found widget: id=16908308 (android.widget.TextView{40cd6768 V.ED.... ......I. 0,511-480,583 #1020014 android:id/text1}): Time Zones
D/androidripper(  784): Found widget: id=16909148 (com.android.internal.widget.ActionBarContainer{40cea438 G.ED.... ......I. 0,0-0,0 #102035c android:id/split_action_bar})
D/androidripper(  784): Found widget: id=-1 (com.android.internal.policy.impl.PhoneWindow$DecorView{40d508f8 V.E..... R.....I. 0,0-480,800})
V/androidripper(  784): TextualID : null
V/androidripper(  784): ContentType detected : default
E/androidripper(  784): java.lang.NoSuchFieldException: mOnFocusChangeListener
V/androidripper(  784): android.widget.ListView > mOnFocusChangeListener NOT FOUND
V/androidripper(  784): TextualID : null
V/androidripper(  784): ContentType detected : default
V/androidripper(  784): TextualID : null
V/androidripper(  784): ContentType detected : default
V/androidripper(  784): TextualID : null
V/androidripper(  784): ContentType detected : default
V/androidripper(  784): TextualID : null
V/androidripper(  784): ContentType detected : default
V/androidripper(  784): TextualID : null
V/androidripper(  784): ContentType detected : default
V/androidripper(  784): TextualID : null
V/androidripper(  784): ContentType detected : default
V/androidripper(  784): TextualID : null
V/androidripper(  784): ContentType detected : default
V/androidripper(  784): TextualID : null
V/androidripper(  784): ContentType detected : default
I/androidripper(  784): Attempting to resume previous session
I/androidripper(  784): Reading task file
D/dalvikvm(  784): GC_CONCURRENT freed 231K, 8% free 3641K/3932K, paused 5ms+2ms, total 55ms
D/dalvikvm(  784): WAIT_FOR_CONCURRENT_GC blocked 16ms
D/dalvikvm(  784): GC_FOR_ALLOC freed 51K, 6% free 3975K/4212K, paused 27ms, total 28ms
D/dalvikvm(  784): GC_CONCURRENT freed 32K, 5% free 4353K/4568K, paused 5ms+2ms, total 25ms
D/dalvikvm(  784): WAIT_FOR_CONCURRENT_GC blocked 10ms
D/dalvikvm(  784): GC_CONCURRENT freed 76K, 5% free 4834K/5072K, paused 5ms+3ms, total 28ms
D/dalvikvm(  784): WAIT_FOR_CONCURRENT_GC blocked 11ms
D/dalvikvm(  784): GC_CONCURRENT freed 96K, 5% free 5470K/5712K, paused 4ms+4ms, total 35ms
D/dalvikvm(  784): WAIT_FOR_CONCURRENT_GC blocked 12ms
D/androidripper(  784): Importing trace #2 from disk
D/androidripper(  784): Importing trace #3 from disk
D/androidripper(  784): Importing trace #4 from disk
D/androidripper(  784): Importing trace #5 from disk
D/androidripper(  784): Importing trace #6 from disk
D/androidripper(  784): Importing trace #7 from disk
D/androidripper(  784): Importing trace #8 from disk
D/androidripper(  784): Importing trace #9 from disk
D/androidripper(  784): Importing trace #10 from disk
D/androidripper(  784): Importing trace #11 from disk
D/androidripper(  784): Importing trace #12 from disk
D/androidripper(  784): Importing trace #13 from disk
D/androidripper(  784): Importing trace #14 from disk
D/androidripper(  784): Importing trace #15 from disk
D/androidripper(  784): Importing trace #16 from disk
D/dalvikvm(  784): GC_CONCURRENT freed 408K, 8% free 6084K/6552K, paused 6ms+12ms, total 108ms
D/dalvikvm(  784): WAIT_FOR_CONCURRENT_GC blocked 36ms
D/androidripper(  784): Importing trace #17 from disk
D/androidripper(  784): Importing trace #18 from disk
D/androidripper(  784): Importing trace #19 from disk
D/androidripper(  784): Importing trace #20 from disk
D/androidripper(  784): Importing trace #21 from disk
D/androidripper(  784): Importing trace #22 from disk
D/androidripper(  784): Importing trace #23 from disk
D/androidripper(  784): Importing trace #24 from disk
D/androidripper(  784): Importing trace #25 from disk
D/androidripper(  784): Importing trace #26 from disk
D/androidripper(  784): Importing trace #27 from disk
D/androidripper(  784): Importing trace #28 from disk
