V/androidripper(  788): Updating value DICTIONARY_FIXED_VALUE
V/androidripper(  788): Updating value DICTIONARY_IGNORE_CONTENT_TYPES
V/androidripper(  788): Updating value EMULATOR_PORT
V/androidripper(  788): Updating value EVENTS
D/androidripper(  788): Updated values of array parameter EVENTS
V/androidripper(  788): Updating value EVENT_WHEN_NO_ID
V/androidripper(  788): Updating value EXCLUDE_WIDGETS_INPUTS_IN_GPS_EVENTS
V/androidripper(  788): Updating value EXCLUDE_WIDGETS_INPUTS_IN_SENSORS_EVENTS
V/androidripper(  788): Updating value FIX_GPS_POSITION
V/androidripper(  788): Updating value INPUTS
D/androidripper(  788): Updated values of array parameter INPUTS
V/androidripper(  788): Updating value KEY_EVENTS
V/androidripper(  788): Updating value MAX_EVENTS_PER_WIDGET
V/androidripper(  788): Updating value MAX_TASKS_IN_SCHEDULER
V/androidripper(  788): Updating value MAX_TASKS_PER_EVENT
V/androidripper(  788): Updating value MENU_EVENTS
V/androidripper(  788): Updating value ORIENTATION_EVENTS
V/androidripper(  788): Updating value PLANNER
V/androidripper(  788): Updating value REFLECT_ACTIVITY_LISTENERS
V/androidripper(  788): Updating value REFLECT_WIDGETS
V/androidripper(  788): Updating value SCHEDULER_ALGORITHM
V/androidripper(  788): Updating value SCROLL_DOWN_EVENT
V/androidripper(  788): Updating value SENSOR_TYPES
V/androidripper(  788): Updating value SIMULATE_INCOMING_CALL
V/androidripper(  788): Updating value SIMULATE_INCOMING_SMS
V/androidripper(  788): Updating value TAB_EVENTS_START_ONLY
V/androidripper(  788): Updating value TEST_LOCATION_PROVIDER
V/androidripper(  788): Updating value TEXT_VALUES_FROM_DICTIONARY
V/androidripper(  788): Updating value TEXT_VALUES_ID_HASH
V/androidripper(  788): Updating value USE_GPS
V/androidripper(  788): Updating value USE_SENSORS
D/androidripper(  788): Updating node comparator
D/androidripper(  788): Loading node comparator
V/androidripper(  788): Updating value COMPARATOR
V/androidripper(  788): Updating value COMPARATOR_TYPE
D/androidripper(  788): Updated value of parameter COMPARATOR_TYPE to CustomWidgetsSimpleComparator (default = NullComparator)
V/androidripper(  788): Updating value COMPARE_ACTIVITY_NAME
V/androidripper(  788): Updating value COMPARE_LIST_COUNT
V/androidripper(  788): Updating value COMPARE_MENU_COUNT
V/androidripper(  788): Updating value COMPARE_STATE_TITLE
D/androidripper(  788): Updated value of parameter COMPARE_STATE_TITLE to true (default = false)
V/androidripper(  788): Updating value COMPARE_VALUES
V/androidripper(  788): Updating value WIDGET_TYPES
D/androidripper(  788): Updated values of array parameter WIDGET_TYPES
D/androidripper(  788): Comparation by name is enabled
D/androidripper(  788): Comparation by title is disabled
D/androidripper(  788): Updating node strategy
D/androidripper(  788): Loading node strategy
V/androidripper(  788): Updating value AFTER_EVENT_DONT_EXPLORE
V/androidripper(  788): Updating value AFTER_WIDGET_DONT_EXPLORE
V/androidripper(  788): Updating value CHECK_FOR_TRANSITION
V/androidripper(  788): Updating value EXPLORE_ONLY_NEW_STATES
V/androidripper(  788): Updating value MAX_NUM_TRACES
V/androidripper(  788): Updating value MAX_TIME_CRAWLING
V/androidripper(  788): Updating value PAUSE_AFTER_TIME
V/androidripper(  788): Updating value PAUSE_AFTER_TRACES
V/androidripper(  788): Updating value TRACE_MAX_DEPTH
V/androidripper(  788): Updating value TRACE_MIN_DEPTH
W/dalvikvm(  788): method Landroid/test/InstrumentationTestRunner$StringResultPrinter;.print incorrectly overrides package-private method with same name in Ljunit/textui/ResultPrinter;
I/TestRunner(  788): started: testAndCrawl(it.unina.androidripper.guitree.GuiTreeEngine)
I/ActivityManager(  294): START u0 {act=android.intent.action.MAIN flg=0x10000000 cmp=org.jessies.dalvikexplorer/.DalvikExplorerActivity} from pid 788
D/PermissionCache(   37): checking android.permission.READ_FRAME_BUFFER for uid=1000 => granted (12227 us)
W/WindowManager(  294): Failure taking screenshot for (246x410) to layer 21000
D/ExchangeService(  641): !!! EAS ExchangeService, onStartCommand, startingUp = true, running = false
D/AlertService(  774): Beginning updateAlertNotification
E/SurfaceFlinger(   37): ro.sf.lcd_density must be defined as a build property
D/dalvikvm(  622): GC_CONCURRENT freed 186K, 9% free 2586K/2832K, paused 42ms+42ms, total 321ms
W/ActivityManager(  294): Unable to start service Intent { cmp=com.android.email/.service.AttachmentDownloadService } U=0: not found
W/ActivityManager(  294): Activity pause timeout for ActivityRecord{40fed1f8 u0 com.android.launcher/com.android.launcher2.Launcher}
D/dalvikvm(  788): GC_CONCURRENT freed 328K, 13% free 2652K/3040K, paused 3ms+83ms, total 136ms
I/ARMAssembler(   37): generated scanline__00000077:03010104_00008001_00000000 [ 89 ipp] (110 ins) at [0x40d0e6c0:0x40d0e878] in 1088000 ns
D/dalvikvm(  788): GC_FOR_ALLOC freed 10K, 12% free 2739K/3096K, paused 92ms, total 93ms
I/dalvikvm-heap(  788): Grow heap (frag case) to 3.336MB for 635812-byte allocation
D/dalvikvm(  788): GC_FOR_ALLOC freed <1K, 10% free 3360K/3720K, paused 44ms, total 44ms
D/dalvikvm(  788): GC_CONCURRENT freed 1K, 10% free 3378K/3720K, paused 22ms+17ms, total 65ms
E/SurfaceFlinger(   37): ro.sf.lcd_density must be defined as a build property
D/gralloc_goldfish(  788): Emulator without GPU emulation detected.
I/ActivityManager(  294): Displayed org.jessies.dalvikexplorer/.DalvikExplorerActivity: +1s227ms
I/Choreographer(  294): Skipped 46 frames!  The application may be doing too much work on its main thread.
D/androidripper(  788): Generated Resuming Persistence
D/androidripper(  788): Updating node storage
D/androidripper(  788): Loading node storage
V/androidripper(  788): Updating value ACTIVITY_LIST_FILE_NAME
V/androidripper(  788): Updating value FILE_NAME
V/androidripper(  788): Updating value MAX_TRACES_IN_RAM
V/androidripper(  788): Updating value ONLY_FINALTRANSITION
V/androidripper(  788): Updating value PARAMETERS_FILE_NAME
V/androidripper(  788): Updating value TASK_LIST_FILE_NAME
E/dalvikvm(  788): Could not find class 'android.support.v4.app.FragmentActivity', referenced from method com.jayway.android.robotium.solo.Waiter.getSupportFragment
W/dalvikvm(  788): VFY: unable to resolve check-cast 56 (Landroid/support/v4/app/FragmentActivity;) in Lcom/jayway/android/robotium/solo/Waiter;
D/dalvikvm(  788): VFY: replacing opcode 0x1f at 0x0009
I/dalvikvm(  788): Could not find method android.support.v4.app.FragmentActivity.getSupportFragmentManager, referenced from method com.jayway.android.robotium.solo.Waiter.getSupportFragment
W/dalvikvm(  788): VFY: unable to resolve virtual method 141: Landroid/support/v4/app/FragmentActivity;.getSupportFragmentManager ()Landroid/support/v4/app/FragmentManager;
D/dalvikvm(  788): VFY: replacing opcode 0x6e at 0x0010
I/dalvikvm(  788): Could not find method android.support.v4.app.FragmentActivity.getSupportFragmentManager, referenced from method com.jayway.android.robotium.solo.Waiter.getSupportFragment
W/dalvikvm(  788): VFY: unable to resolve virtual method 141: Landroid/support/v4/app/FragmentActivity;.getSupportFragmentManager ()Landroid/support/v4/app/FragmentManager;
D/dalvikvm(  788): VFY: replacing opcode 0x6e at 0x0019
W/dalvikvm(  788): VFY: unable to find class referenced in signature (Landroid/support/v4/app/Fragment;)
W/dalvikvm(  788): VFY: unable to find class referenced in signature (Landroid/support/v4/app/Fragment;)
W/ActivityManager(  294): Unable to start service Intent { cmp=com.android.email/.service.AttachmentDownloadService } U=0: not found
D/ExchangeService(  641): !!! EAS ExchangeService, onStartCommand, startingUp = true, running = false
D/dalvikvm(  491): GC_CONCURRENT freed 194K, 9% free 2566K/2816K, paused 4ms+35ms, total 108ms
D/Eas Debug(  641): Logging: 
D/dalvikvm(  416): GREF has increased to 201
D/androidripper(  788): Updating node automation
D/androidripper(  788): Loading node automation
V/androidripper(  788): Updating value FORCE_RESTART
V/androidripper(  788): Updating value IN_AND_OUT_FOCUS
V/androidripper(  788): Updating value PRECRAWLING
V/androidripper(  788): Updating value SCREENSHOT_FOR_EVENTS
V/androidripper(  788): Updating value SCREENSHOT_FOR_STATES
V/androidripper(  788): Updating value SCREENSHOT_ONLY_NEW_STATES
V/androidripper(  788): Updating value SLEEP_AFTER_EVENT
V/androidripper(  788): Updating value SLEEP_AFTER_RESTART
V/androidripper(  788): Updating value SLEEP_AFTER_TASK
V/androidripper(  788): Updating value SLEEP_ON_THROBBER
I/androidripper(  788): Waiting for 1 sec.
D/Mms:app (  676): cancelNotification
W/MediaProvider(  491): no database for scanned volume external
D/AlertService(  774): No fired or scheduled alerts
D/androidripper(  788): Ready to operate after restarting...
I/androidripper(  788): Current activity is DalvikExplorerActivity
W/androidripper(  788): --->DalvikExplorerActivity
I/androidripper(  788): Retrieving widgets
D/androidripper(  788): Found widget: id=-1 (android.widget.LinearLayout{40d4dd28 V.E..... ......I. 0,0-480,800})
D/androidripper(  788): Found widget: id=16909145 (com.android.internal.widget.ActionBarContainer{40d4e978 V.ED.... ......I. 0,38-480,110 #1020359 android:id/action_bar_container})
D/androidripper(  788): Found widget: id=16909146 (com.android.internal.widget.ActionBarView{40d51e20 V.E..... ......I. 0,0-480,72 #102035a android:id/action_bar})
D/androidripper(  788): Found widget: id=-1 (android.widget.LinearLayout{40d585d0 V.....C. ......I. 13,0-265,72})
D/androidripper(  788): Found widget: id=-1 (com.android.internal.widget.ActionBarView$HomeView{40d59e30 V.E..... ......I. 0,0-60,72})
D/androidripper(  788): Found widget: id=16908870 (android.widget.ImageView{40d5a3f0 G.ED.... ......I. 0,0-0,0 #1020246 android:id/up})
D/androidripper(  788): Found widget: id=16908332 (android.widget.ImageView{40cee2d8 V.ED.... ......I. 6,12-54,60 #102002c android:id/home})
D/androidripper(  788): Found widget: id=-1 (android.widget.LinearLayout{40cd94c0 V.E..... ......I. 60,0-252,72})
D/androidripper(  788): Found widget: id=16908870 (android.widget.ImageView{40d48600 G.ED.... ......I. 0,0-0,0 #1020246 android:id/up})
D/androidripper(  788): Found widget: id=-1 (android.widget.LinearLayout{40d467f8 V.E..... ......I. 0,17-180,54})
D/androidripper(  788): Found widget: id=16908877 (android.widget.TextView{40cf6d70 V.ED.... ......I. 0,0-180,37 #102024d android:id/action_bar_title}): Dalvik Explorer
D/androidripper(  788): Found widget: id=16908878 (android.widget.TextView{40d1e7f8 G.ED.... ......I. 0,0-0,0 #102024e android:id/action_bar_subtitle}): 
D/androidripper(  788): Found widget: id=-1 (com.android.internal.view.menu.ActionMenuView{40cdf2b8 V.ED.... ......ID 480,0-480,72})
D/androidripper(  788): Found widget: id=16909147 (com.android.internal.widget.ActionBarContextView{40cd79c0 G.E..... ......ID 0,0-0,0 #102035b android:id/action_context_bar})
D/androidripper(  788): Found widget: id=16908290 (android.widget.FrameLayout{40cfdaa8 V.E..... ......I. 0,110-480,800 #1020002 android:id/content})
D/androidripper(  788): Found widget: id=16908298 (android.widget.ListView{40cc21e8 VFED.VC. .F....I. 0,0-480,690 #102000a android:id/list})
D/androidripper(  788): Found widget: id=16908308 (android.widget.TextView{40d1ed28 V.ED.... ..S...I. 0,0-480,72 #1020014 android:id/text1}): Build Details
D/androidripper(  788): Found widget: id=16908308 (android.widget.TextView{40d263f0 V.ED.... ......I. 0,73-480,145 #1020014 android:id/text1}): Charsets
D/androidripper(  788): Found widget: id=16908308 (android.widget.TextView{40d273b0 V.ED.... ......I. 0,146-480,218 #1020014 android:id/text1}): Device Details
D/androidripper(  788): Found widget: id=16908308 (android.widget.TextView{40cedd68 V.ED.... ......I. 0,219-480,291 #1020014 android:id/text1}): Environment Variables
D/androidripper(  788): Found widget: id=16908308 (android.widget.TextView{40ceed20 V.ED.... ......I. 0,292-480,364 #1020014 android:id/text1}): File Systems
D/androidripper(  788): Found widget: id=16908308 (android.widget.TextView{40d1e3c8 V.ED.... ......I. 0,365-480,437 #1020014 android:id/text1}): Locales
D/androidripper(  788): Found widget: id=16908308 (android.widget.TextView{40d22160 V.ED.... ......I. 0,438-480,510 #1020014 android:id/text1}): System Properties
D/androidripper(  788): Found widget: id=16908308 (android.widget.TextView{40d25420 V.ED.... ......I. 0,511-480,583 #1020014 android:id/text1}): Time Zones
D/androidripper(  788): Found widget: id=16909148 (com.android.internal.widget.ActionBarContainer{40cdcc28 G.ED.... ......I. 0,0-0,0 #102035c android:id/split_action_bar})
D/androidripper(  788): Found widget: id=-1 (com.android.internal.policy.impl.PhoneWindow$DecorView{40d4cc60 V.E..... R.....I. 0,0-480,800})
V/androidripper(  788): TextualID : null
V/androidripper(  788): ContentType detected : default
E/androidripper(  788): java.lang.NoSuchFieldException: mOnFocusChangeListener
V/androidripper(  788): android.widget.ListView > mOnFocusChangeListener NOT FOUND
V/androidripper(  788): TextualID : null
V/androidripper(  788): ContentType detected : default
V/androidripper(  788): TextualID : null
V/androidripper(  788): ContentType detected : default
V/androidripper(  788): TextualID : null
V/androidripper(  788): ContentType detected : default
V/androidripper(  788): TextualID : null
V/androidripper(  788): ContentType detected : default
V/androidripper(  788): TextualID : null
V/androidripper(  788): ContentType detected : default
V/androidripper(  788): TextualID : null
V/androidripper(  788): ContentType detected : default
V/androidripper(  788): TextualID : null
V/androidripper(  788): ContentType detected : default
V/androidripper(  788): TextualID : null
V/androidripper(  788): ContentType detected : default
I/androidripper(  788): Attempting to resume previous session
I/androidripper(  788): Reading task file
D/dalvikvm(  788): GC_CONCURRENT freed 242K, 8% free 3524K/3828K, paused 8ms+12ms, total 59ms
D/androidripper(  788): Importing trace #1 from disk
D/androidripper(  788): Importing trace #2 from disk
D/androidripper(  788): Importing trace #3 from disk
D/androidripper(  788): Importing trace #4 from disk
D/androidripper(  788): Importing trace #5 from disk
D/androidripper(  788): Importing trace #6 from disk
D/androidripper(  788): Importing trace #7 from disk
D/androidripper(  788): Importing trace #8 from disk
D/androidripper(  788): Importing trace #9 from disk
D/androidripper(  788): Importing trace #10 from disk
D/androidripper(  788): Importing trace #11 from disk
D/androidripper(  788): Importing trace #12 from disk
D/androidripper(  788): Importing trace #13 from disk
D/androidripper(  788): Importing trace #14 from disk
D/androidripper(  788): Importing trace #15 from disk
D/androidripper(  788): Importing trace #16 from disk
D/androidripper(  788): Importing trace #17 from disk
D/androidripper(  788): Importing trace #18 from disk
D/dalvikvm(  788): GC_CONCURRENT freed 367K, 12% free 3624K/4088K, paused 17ms+3ms, total 81ms
D/dalvikvm(  788): WAIT_FOR_CONCURRENT_GC blocked 26ms
D/androidripper(  788): Importing trace #19 from disk
D/androidripper(  788): Importing trace #20 from disk
D/androidripper(  788): Importing trace #21 from disk
I/androidripper(  788): Reading state file
D/androidripper(  788): Imported activity state a1 from disk
D/androidripper(  788): Imported activity state a2 from disk
D/androidripper(  788): Performing backup of the old activity list on disk
D/androidripper(  788): Saving new found state 'a1' on disk
V/androidripper(  788): Opening state file in overwrite mode.
D/dalvikvm(  788): GC_CONCURRENT freed 305K, 9% free 3781K/4144K, paused 9ms+11ms, total 91ms
D/androidripper(  788): Performing backup of the old activity list on disk
D/androidripper(  788): Saving new found state 'a2' on disk
V/androidripper(  788): Opening state file in append mode.
D/androidripper(  788): Backup session footer restored to 
D/androidripper(  788): </SESSION>
D/androidripper(  788): Restored trace count to 22
D/androidripper(  788): Restored abstractor counters to: event = 22 - input = 0 - activity = 2
I/androidripper(  788): Saving the session on disk.
D/dalvikvm(  788): GC_CONCURRENT freed 414K, 12% free 3792K/4268K, paused 14ms+3ms, total 76ms
D/dalvikvm(  788): WAIT_FOR_CONCURRENT_GC blocked 26ms
D/dalvikvm(  788): GC_EXPLICIT freed 13K, 12% free 3778K/4268K, paused 3ms+3ms, total 45ms
I/androidripper(  788): Dispatching new task. 21 more tasks remaining.
D/androidripper(  788): Performing backup of the old task list on disk
D/androidripper(  788): Saving task list on disk
V/androidripper(  788): Backing up trace #1 to disk.
V/androidripper(  788): Backing up trace #2 to disk.
V/androidripper(  788): Backing up trace #3 to disk.
V/androidripper(  788): Backing up trace #4 to disk.
V/androidripper(  788): Backing up trace #5 to disk.
V/androidripper(  788): Backing up trace #6 to disk.
V/androidripper(  788): Backing up trace #7 to disk.
V/androidripper(  788): Backing up trace #8 to disk.
V/androidripper(  788): Backing up trace #9 to disk.
V/androidripper(  788): Backing up trace #10 to disk.
V/androidripper(  788): Backing up trace #11 to disk.
V/androidripper(  788): Backing up trace #12 to disk.
V/androidripper(  788): Backing up trace #13 to disk.
V/androidripper(  788): Backing up trace #14 to disk.
V/androidripper(  788): Backing up trace #15 to disk.
D/dalvikvm(  788): GC_CONCURRENT freed 482K, 13% free 3811K/4352K, paused 9ms+5ms, total 87ms
D/dalvikvm(  788): WAIT_FOR_CONCURRENT_GC blocked 10ms
V/androidripper(  788): Backing up trace #16 to disk.
V/androidripper(  788): Backing up trace #17 to disk.
V/androidripper(  788): Backing up trace #18 to disk.
V/androidripper(  788): Backing up trace #19 to disk.
V/androidripper(  788): Backing up trace #20 to disk.
V/androidripper(  788): Backing up trace #21 to disk.
D/androidripper(  788): Deleting backup of the old task list from disk
D/androidripper(  788): Deleting backup of the old activity list from disk
I/androidripper(  788): Restarting
W/MediaScanner(  491): Error opening directory '/mnt/sdcard/.android_secure/', skipping: Permission denied.
I/androidripper(  788): Waiting for 1 sec.
D/dalvikvm(  427): GC_CONCURRENT freed 786K, 10% free 8143K/9028K, paused 8ms+8ms, total 108ms
D/dalvikvm(  294): GREF has increased to 601
V/MediaScanner(  491): pruneDeadThumbnailFiles... android.database.sqlite.SQLiteCursor@40d16d88
V/MediaScanner(  491): /pruneDeadThumbnailFiles... android.database.sqlite.SQLiteCursor@40d16d88
W/MediaScanner(  491): Error opening directory '/mnt/sdcard/.android_secure/', skipping: Permission denied.
V/MediaScanner(  491): pruneDeadThumbnailFiles... android.database.sqlite.SQLiteCursor@40d298e0
V/MediaScanner(  491): /pruneDeadThumbnailFiles... android.database.sqlite.SQLiteCursor@40d298e0
D/androidripper(  788): Ready to operate after restarting...
I/androidripper(  788): Retrieving widgets
D/androidripper(  788): Found widget: id=-1 (android.widget.LinearLayout{40d4dd28 V.E..... ......I. 0,0-480,800})
D/androidripper(  788): Found widget: id=16909145 (com.android.internal.widget.ActionBarContainer{40d4e978 V.ED.... ......I. 0,38-480,110 #1020359 android:id/action_bar_container})
D/androidripper(  788): Found widget: id=16909146 (com.android.internal.widget.ActionBarView{40d51e20 V.E..... ......I. 0,0-480,72 #102035a android:id/action_bar})
D/androidripper(  788): Found widget: id=-1 (android.widget.LinearLayout{40d585d0 V.....C. ......I. 13,0-265,72})
D/androidripper(  788): Found widget: id=-1 (com.android.internal.widget.ActionBarView$HomeView{40d59e30 V.E..... ......I. 0,0-60,72})
D/androidripper(  788): Found widget: id=16908870 (android.widget.ImageView{40d5a3f0 G.ED.... ......I. 0,0-0,0 #1020246 android:id/up})
D/androidripper(  788): Found widget: id=16908332 (android.widget.ImageView{40cee2d8 V.ED.... ......I. 6,12-54,60 #102002c android:id/home})
D/androidripper(  788): Found widget: id=-1 (android.widget.LinearLayout{40cd94c0 V.E..... ......I. 60,0-252,72})
D/androidripper(  788): Found widget: id=16908870 (android.widget.ImageView{40d48600 G.ED.... ......I. 0,0-0,0 #1020246 android:id/up})
D/androidripper(  788): Found widget: id=-1 (android.widget.LinearLayout{40d467f8 V.E..... ......I. 0,17-180,54})
D/androidripper(  788): Found widget: id=16908877 (android.widget.TextView{40cf6d70 V.ED.... ......I. 0,0-180,37 #102024d android:id/action_bar_title}): Dalvik Explorer
D/androidripper(  788): Found widget: id=16908878 (android.widget.TextView{40d1e7f8 G.ED.... ......I. 0,0-0,0 #102024e android:id/action_bar_subtitle}): 
D/androidripper(  788): Found widget: id=-1 (com.android.internal.view.menu.ActionMenuView{40cdf2b8 V.ED.... ......ID 480,0-480,72})
D/androidripper(  788): Found widget: id=16909147 (com.android.internal.widget.ActionBarContextView{40cd79c0 G.E..... ......ID 0,0-0,0 #102035b android:id/action_context_bar})
D/androidripper(  788): Found widget: id=16908290 (android.widget.FrameLayout{40cfdaa8 V.E..... ......I. 0,110-480,800 #1020002 android:id/content})
D/androidripper(  788): Found widget: id=16908298 (android.widget.ListView{40cc21e8 VFED.VC. .F....I. 0,0-480,690 #102000a android:id/list})
D/androidripper(  788): Found widget: id=16908308 (android.widget.TextView{40d1ed28 V.ED.... ..S...I. 0,0-480,72 #1020014 android:id/text1}): Build Details
D/androidripper(  788): Found widget: id=16908308 (android.widget.TextView{40d263f0 V.ED.... ......I. 0,73-480,145 #1020014 android:id/text1}): Charsets
D/androidripper(  788): Found widget: id=16908308 (android.widget.TextView{40d273b0 V.ED.... ......I. 0,146-480,218 #1020014 android:id/text1}): Device Details
D/androidripper(  788): Found widget: id=16908308 (android.widget.TextView{40cedd68 V.ED.... ......I. 0,219-480,291 #1020014 android:id/text1}): Environment Variables
D/androidripper(  788): Found widget: id=16908308 (android.widget.TextView{40ceed20 V.ED.... ......I. 0,292-480,364 #1020014 android:id/text1}): File Systems
D/androidripper(  788): Found widget: id=16908308 (android.widget.TextView{40d1e3c8 V.ED.... ......I. 0,365-480,437 #1020014 android:id/text1}): Locales
D/androidripper(  788): Found widget: id=16908308 (android.widget.TextView{40d22160 V.ED.... ......I. 0,438-480,510 #1020014 android:id/text1}): System Properties
D/androidripper(  788): Found widget: id=16908308 (android.widget.TextView{40d25420 V.ED.... ......I. 0,511-480,583 #1020014 android:id/text1}): Time Zones
D/androidripper(  788): Found widget: id=16909148 (com.android.internal.widget.ActionBarContainer{40cdcc28 G.ED.... ......I. 0,0-0,0 #102035c android:id/split_action_bar})
D/androidripper(  788): Found widget: id=-1 (com.android.internal.policy.impl.PhoneWindow$DecorView{40d4cc60 V.E..... R.....I. 0,0-480,800})
I/androidripper(  788): Playing Trace 1
I/androidripper(  788): Retrieved from return list id=16908298
D/androidripper(  788): Testing for type (android.widget.ListView) against the original (android.widget.ListView)
D/androidripper(  788): Testing for name () against the original ()
I/androidripper(  788): Firing event: type= selectListItem index=15 widget=android.widget.ListView
D/dalvikvm(  788): GC_CONCURRENT freed 490K, 14% free 3769K/4352K, paused 4ms+3ms, total 115ms
I/androidripper(  788): Swapping to listview item 2
D/androidripper(  788): Event description: Charsets
I/ActivityManager(  294): START u0 {cmp=org.jessies.dalvikexplorer/.CharsetsActivity} from pid 788
W/WindowManager(  294): Failure taking screenshot for (246x410) to layer 21010
I/androidripper(  788): Waiting for 1 sec.
D/dalvikvm(  788): GC_CONCURRENT freed 125K, 7% free 4040K/4344K, paused 5ms+92ms, total 287ms
E/SurfaceFlinger(   37): ro.sf.lcd_density must be defined as a build property
I/Choreographer(  788): Skipped 100 frames!  The application may be doing too much work on its main thread.
I/ActivityManager(  294): Displayed org.jessies.dalvikexplorer/.CharsetsActivity: +3s407ms
I/Choreographer(  788): Skipped 84 frames!  The application may be doing too much work on its main thread.
I/androidripper(  788): Current activity is CharsetsActivity
I/androidripper(  788): Retrieving widgets
D/androidripper(  788): Found widget: id=-1 (android.widget.LinearLayout{40d3a550 V.E..... ......I. 0,0-480,800})
D/androidripper(  788): Found widget: id=16909145 (com.android.internal.widget.ActionBarContainer{40e17838 V.ED.... ......I. 0,38-480,110 #1020359 android:id/action_bar_container})
D/androidripper(  788): Found widget: id=16909146 (com.android.internal.widget.ActionBarView{40e08780 V.E..... ......I. 0,0-480,72 #102035a android:id/action_bar})
D/androidripper(  788): Found widget: id=-1 (android.widget.LinearLayout{40e6a528 VFE...C. ......I. 13,0-262,72})
D/androidripper(  788): Found widget: id=-1 (com.android.internal.widget.ActionBarView$HomeView{40e13f00 V.E..... ......I. 0,0-60,72})
D/androidripper(  788): Found widget: id=16908870 (android.widget.ImageView{40e55db8 G.ED.... ......I. 0,0-0,0 #1020246 android:id/up})
D/androidripper(  788): Found widget: id=16908332 (android.widget.ImageView{40e55aa0 V.ED.... ......I. 6,12-54,60 #102002c android:id/home})
D/androidripper(  788): Found widget: id=-1 (android.widget.LinearLayout{40e99460 V.E..... ......I. 60,0-249,72})
D/androidripper(  788): Found widget: id=16908870 (android.widget.ImageView{40e56a88 G.ED.... ......I. 0,0-0,0 #1020246 android:id/up})
D/androidripper(  788): Found widget: id=-1 (android.widget.LinearLayout{40e73d40 V.E..... ......I. 0,17-177,54})
D/androidripper(  788): Found widget: id=16908877 (android.widget.TextView{40e4a648 V.ED.... ......I. 0,0-177,37 #102024d android:id/action_bar_title}): Charsets (490)
D/androidripper(  788): Found widget: id=16908878 (android.widget.TextView{40e65d50 G.ED.... ......I. 0,0-0,0 #102024e android:id/action_bar_subtitle}): 
D/androidripper(  788): Found widget: id=-1 (com.android.internal.view.menu.ActionMenuView{40e9dc60 V.ED.... ......I. 396,0-480,72})
D/androidripper(  788): Found widget: id=2131230727 (android.widget.SearchView{40e9e5a0 VFE..... ......I. 0,0-84,72 #7f080007 app:id/menu_search})
D/androidripper(  788): Found widget: id=16909151 (android.widget.LinearLayout{40e9ed30 V.E..... ......I. 0,0-84,72 #102035f android:id/search_bar})
D/androidripper(  788): Found widget: id=16909155 (android.widget.TextView{40e9f120 G.ED.... ......I. 0,0-0,0 #1020363 android:id/search_badge}): 
D/androidripper(  788): Found widget: id=16909156 (android.widget.ImageView{40e9f7c0 V.ED..C. ......I. 0,0-84,72 #1020364 android:id/search_button})
D/androidripper(  788): Found widget: id=16909157 (android.widget.LinearLayout{40e77e48 G.E..... ......I. 0,0-0,0 #1020365 android:id/search_edit_frame})
D/androidripper(  788): Found widget: id=16909158 (android.widget.ImageView{40e781f0 G.ED.... ......I. 0,0-0,0 #1020366 android:id/search_mag_icon})
D/androidripper(  788): Found widget: id=16909159 (android.widget.LinearLayout{40e78578 V.E..... ......I. 0,0-0,0 #1020367 android:id/search_plate})
D/androidripper(  788): Found widget: id=16909160 (android.widget.SearchView$SearchAutoComplete{40e79988 VFED..CL ......I. 0,0-0,0 #1020368 android:id/search_src_text}): 
D/androidripper(  788): Found widget: id=16909161 (android.widget.ImageView{40e80b18 VFED..C. ......I. 0,0-0,0 #1020369 android:id/search_close_btn})
D/androidripper(  788): Found widget: id=16909162 (android.widget.LinearLayout{40e91938 G.E..... ......I. 0,0-0,0 #102036a android:id/submit_area})
D/androidripper(  788): Found widget: id=16909163 (android.widget.ImageView{40e92e88 GFED..C. ......I. 0,0-0,0 #102036b android:id/search_go_btn})
D/androidripper(  788): Found widget: id=16909164 (android.widget.ImageView{40e96218 GFED..C. ......I. 0,0-0,0 #102036c android:id/search_voice_btn})
D/androidripper(  788): Found widget: id=16909147 (com.android.internal.widget.ActionBarContextView{40e2ae00 G.E..... ......ID 0,0-0,0 #102035b android:id/action_context_bar})
D/androidripper(  788): Found widget: id=16908290 (android.widget.FrameLayout{40e86f70 V.E..... ......I. 0,110-480,800 #1020002 android:id/content})
D/androidripper(  788): Found widget: id=16908298 (android.widget.ListView{40e20c28 VFED.VC. .F....I. 0,0-480,690 #102000a android:id/list})
D/androidripper(  788): Found widget: id=-1 (android.widget.TwoLineListItem{40e89b98 V.E..... ......I. 0,0-480,96})
D/androidripper(  788): Found widget: id=16908308 (android.widget.TextView{40ccd478 V.ED.... ......I. 12,12-480,56 #1020014 android:id/text1}): UTF-8 (default)
D/androidripper(  788): Found widget: id=16908309 (android.widget.TextView{40e19858 V.ED.... ......I. 12,56-480,85 #1020015 android:id/text2}): Canonical
D/androidripper(  788): Found widget: id=-1 (android.widget.TwoLineListItem{40ccd718 V.E..... ......I. 0,97-480,193})
D/androidripper(  788): Found widget: id=16908308 (android.widget.TextView{40e346e8 V.ED.... ......I. 12,12-480,56 #1020014 android:id/text1}): Big5
D/androidripper(  788): Found widget: id=16908309 (android.widget.TextView{40e34988 V.ED.... ......I. 12,56-480,85 #1020015 android:id/text2}): Canonical
D/androidripper(  788): Found widget: id=-1 (android.widget.TwoLineListItem{40e19af8 V.E..... ......I. 0,194-480,290})
D/androidripper(  788): Found widget: id=16908308 (android.widget.TextView{40e82cc8 V.ED.... ......I. 12,12-480,56 #1020014 android:id/text1}): Big5-HKSCS
D/androidripper(  788): Found widget: id=16908309 (android.widget.TextView{40e82f68 V.ED.... ......I. 12,56-480,85 #1020015 android:id/text2}): Canonical
D/androidripper(  788): Found widget: id=-1 (android.widget.TwoLineListItem{40e879e8 V.E..... ......I. 0,291-480,387})
D/androidripper(  788): Found widget: id=16908308 (android.widget.TextView{40e87c00 V.ED.... ......I. 12,12-480,56 #1020014 android:id/text1}): BOCU-1
D/androidripper(  788): Found widget: id=16908309 (android.widget.TextView{40e87ea0 V.ED.... ......I. 12,56-480,85 #1020015 android:id/text2}): Canonical
D/androidripper(  788): Found widget: id=-1 (android.widget.TwoLineListItem{40e99738 V.E..... ......I. 0,388-480,484})
D/androidripper(  788): Found widget: id=16908308 (android.widget.TextView{40e99950 V.ED.... ......I. 12,12-480,56 #1020014 android:id/text1}): CESU-8
D/androidripper(  788): Found widget: id=16908309 (android.widget.TextView{40e5f178 V.ED.... ......I. 12,56-480,85 #1020015 android:id/text2}): Canonical
D/androidripper(  788): Found widget: id=-1 (android.widget.TwoLineListItem{40e67d50 V.E..... ......I. 0,485-480,581})
D/androidripper(  788): Found widget: id=16908308 (android.widget.TextView{40ea0230 V.ED.... ......I. 12,12-480,56 #1020014 android:id/text1}): cp864
D/androidripper(  788): Found widget: id=16908309 (android.widget.TextView{40ea05b0 V.ED.... ......I. 12,56-480,85 #1020015 android:id/text2}): Canonical
D/androidripper(  788): Found widget: id=-1 (android.widget.TwoLineListItem{40e1dc88 V.E..... ......I. 0,582-480,678})
D/androidripper(  788): Found widget: id=16908308 (android.widget.TextView{40e2e730 V.ED.... ......I. 12,12-480,56 #1020014 android:id/text1}): EUC-JP
D/androidripper(  788): Found widget: id=16908309 (android.widget.TextView{40e2ee88 V.ED.... ......I. 12,56-480,85 #1020015 android:id/text2}): Canonical
D/androidripper(  788): Found widget: id=-1 (android.widget.TwoLineListItem{40e28a68 V.E..... ......I. 0,679-480,775})
D/androidripper(  788): Found widget: id=16908308 (android.widget.TextView{40e28f80 V.ED.... ......ID 12,12-480,56 #1020014 android:id/text1}): EUC-KR
D/androidripper(  788): Found widget: id=16908309 (android.widget.TextView{40e29550 V.ED.... ......ID 12,56-480,85 #1020015 android:id/text2}): Canonical
D/androidripper(  788): Found widget: id=16909148 (com.android.internal.widget.ActionBarContainer{40e47e80 G.ED.... ......I. 0,0-0,0 #102035c android:id/split_action_bar})
D/androidripper(  788): Found widget: id=-1 (com.android.internal.policy.impl.PhoneWindow$DecorView{40e73688 V.E..... R.....I. 0,0-480,800})
V/androidripper(  788): TextualID : null
V/androidripper(  788): ContentType detected : default
E/androidripper(  788): java.lang.NoSuchFieldException: mOnFocusChangeListener
V/androidripper(  788): android.widget.ListView > mOnFocusChangeListener NOT FOUND
V/androidripper(  788): TextualID : null
V/androidripper(  788): ContentType detected : default
V/androidripper(  788): TextualID : null
V/androidripper(  788): ContentType detected : default
V/androidripper(  788): TextualID : null
V/androidripper(  788): ContentType detected : default
V/androidripper(  788): TextualID : null
V/androidripper(  788): ContentType detected : default
V/androidripper(  788): TextualID : null
V/androidripper(  788): ContentType detected : default
V/androidripper(  788): TextualID : null
V/androidripper(  788): ContentType detected : default
V/androidripper(  788): TextualID : null
V/androidripper(  788): ContentType detected : default
V/androidripper(  788): TextualID : null
V/androidripper(  788): ContentType detected : default
V/androidripper(  788): TextualID : null
V/androidripper(  788): ContentType detected : default
D/dalvikvm(  788): GC_CONCURRENT freed 294K, 8% free 4277K/4632K, paused 7ms+18ms, total 244ms
V/androidripper(  788): TextualID : null
V/androidripper(  788): ContentType detected : default
V/androidripper(  788): TextualID : null
V/androidripper(  788): ContentType detected : default
V/androidripper(  788): TextualID : null
V/androidripper(  788): ContentType detected : default
V/androidripper(  788): TextualID : null
V/androidripper(  788): ContentType detected : default
V/androidripper(  788): TextualID : null
V/androidripper(  788): ContentType detected : default
V/androidripper(  788): TextualID : null
V/androidripper(  788): ContentType detected : default
V/androidripper(  788): TextualID : null
V/androidripper(  788): ContentType detected : default
I/androidripper(  788): Performing comparation for activity CharsetsActivity
D/androidripper(  788): Comparing against activity BuildActivity
D/androidripper(  788): Comparing against activity DalvikExplorerActivity
I/androidripper(  788): Registering activity CharsetsActivity (id: a3) as a new found state
D/androidripper(  788): Performing backup of the old activity list on disk
D/androidripper(  788): Saving new found state 'a3' on disk
V/androidripper(  788): Opening state file in append mode.
D/dalvikvm(  788): GC_FOR_ALLOC freed 212K, 8% free 4291K/4664K, paused 48ms, total 49ms
I/dalvikvm-heap(  788): Grow heap (frag case) to 5.711MB for 1536016-byte allocation
D/dalvikvm(  788): GC_FOR_ALLOC freed <1K, 7% free 5791K/6168K, paused 37ms, total 37ms
D/dalvikvm(  788): GC_CONCURRENT freed 1K, 7% free 5792K/6168K, paused 11ms+4ms, total 53ms
D/dalvikvm(  788): WAIT_FOR_CONCURRENT_GC blocked 21ms
I/dalvikvm-heap(  788): Grow heap (frag case) to 7.177MB for 1536016-byte allocation
D/dalvikvm(  788): GC_FOR_ALLOC freed <1K, 5% free 7291K/7672K, paused 31ms, total 31ms
I/androidripper(  788): Saved image on disk: a3.jpg
I/androidripper(  788): Waiting for 1 sec.
I/androidripper(  788): Session count is 1. Will dump to disk at 1
I/androidripper(  788): Saving the session on disk.
D/dalvikvm(  788): GC_EXPLICIT freed 3121K, 8% free 4293K/4632K, paused 3ms+4ms, total 63ms
I/androidripper(  788): Planning for new Activity CharsetsActivity
D/androidripper(  788): Handling event 'click' on widget id=16909156 type=image name=
D/androidripper(  788): Handling event selectListItem for items [1,490] on listView #16908298 count=490
D/dalvikvm(  788): GC_CONCURRENT freed 153K, 5% free 4755K/4972K, paused 4ms+8ms, total 185ms
D/androidripper(  788): Handling event longClickListItem for items [1,490] on listView #16908298 count=490
D/dalvikvm(  788): GC_CONCURRENT freed 98K, 3% free 5454K/5612K, paused 4ms+6ms, total 135ms
D/dalvikvm(  788): WAIT_FOR_CONCURRENT_GC blocked 21ms
D/dalvikvm(  788): WAIT_FOR_CONCURRENT_GC blocked 23ms
D/dalvikvm(  788): GC_CONCURRENT freed 760K, 13% free 5724K/6544K, paused 4ms+4ms, total 190ms
D/dalvikvm(  788): WAIT_FOR_CONCURRENT_GC blocked 30ms
D/dalvikvm(  788): GC_CONCURRENT freed 1145K, 18% free 5699K/6904K, paused 5ms+4ms, total 197ms
D/dalvikvm(  788): WAIT_FOR_CONCURRENT_GC blocked 35ms
D/dalvikvm(  788): GC_CONCURRENT freed 1029K, 17% free 5778K/6904K, paused 4ms+4ms, total 192ms
D/dalvikvm(  788): WAIT_FOR_CONCURRENT_GC blocked 27ms
D/dalvikvm(  788): WAIT_FOR_CONCURRENT_GC blocked 30ms
I/AudioService(  294):  AudioFocus  abandonAudioFocus() from android.media.AudioManager@40cd8240com.android.music.MediaPlaybackService$3@40cd6e60
D/dalvikvm(  788): GC_CONCURRENT freed 1151K, 18% free 5764K/6976K, paused 5ms+4ms, total 194ms
D/dalvikvm(  788): WAIT_FOR_CONCURRENT_GC blocked 29ms
D/dalvikvm(  788): GC_CONCURRENT freed 1122K, 18% free 5773K/6976K, paused 4ms+4ms, total 180ms
D/dalvikvm(  788): WAIT_FOR_CONCURRENT_GC blocked 30ms
D/dalvikvm(  788): GC_CONCURRENT freed 1060K, 17% free 5848K/6976K, paused 4ms+16ms, total 360ms
D/dalvikvm(  788): WAIT_FOR_CONCURRENT_GC blocked 62ms
D/dalvikvm(  788): WAIT_FOR_CONCURRENT_GC blocked 69ms
D/AndroidRuntime(  841): 
D/AndroidRuntime(  841): >>>>>> AndroidRuntime START com.android.internal.os.RuntimeInit <<<<<<
D/AndroidRuntime(  841): CheckJNI is ON
D/dalvikvm(  841): Trying to load lib libjavacore.so 0x0
D/dalvikvm(  841): Added shared lib libjavacore.so 0x0
D/dalvikvm(  841): Trying to load lib libnativehelper.so 0x0
D/dalvikvm(  841): Added shared lib libnativehelper.so 0x0
D/AndroidRuntime(  841): Calling main entry com.android.commands.am.Am
D/dalvikvm(  841): Note: class Landroid/app/ActivityManagerNative; has 157 unimplemented (abstract) methods
D/EmmaInstrumentation:(  788): Intermidate Dump Called with file name :/mnt/sdcard/coverage.ec
D/EmmaInstrumentation:(  788): generateCoverageReport()
I/System.out(  788): EMMA: runtime coverage data merged into [/mnt/sdcard/coverage.ec] {in 91 ms}
D/AndroidRuntime(  841): Shutting down VM
D/dalvikvm(  841): GC_CONCURRENT freed 91K, 17% free 492K/588K, paused 1ms+2ms, total 9ms
D/AndroidRuntime(  855): 
D/AndroidRuntime(  855): >>>>>> AndroidRuntime START com.android.internal.os.RuntimeInit <<<<<<
D/AndroidRuntime(  855): CheckJNI is ON
D/dalvikvm(  855): Trying to load lib libjavacore.so 0x0
D/dalvikvm(  855): Added shared lib libjavacore.so 0x0
D/dalvikvm(  855): Trying to load lib libnativehelper.so 0x0
D/dalvikvm(  855): Added shared lib libnativehelper.so 0x0
D/dalvikvm(  788): GC_CONCURRENT freed 1175K, 18% free 5832K/7068K, paused 6ms+4ms, total 408ms
D/dalvikvm(  788): WAIT_FOR_CONCURRENT_GC blocked 41ms
D/dalvikvm(  788): WAIT_FOR_CONCURRENT_GC blocked 95ms
D/AndroidRuntime(  855): Calling main entry com.android.commands.am.Am
D/dalvikvm(  855): Note: class Landroid/app/ActivityManagerNative; has 157 unimplemented (abstract) methods
D/EmmaInstrumentation:(  788): Intermidate Dump Called with file name :/mnt/sdcard/coverage.ec
D/EmmaInstrumentation:(  788): generateCoverageReport()
I/System.out(  788): EMMA: runtime coverage data merged into [/mnt/sdcard/coverage.ec] {in 88 ms}
D/AndroidRuntime(  855): Shutting down VM
D/dalvikvm(  855): GC_CONCURRENT freed 91K, 17% free 492K/588K, paused 1ms+10ms, total 26ms
D/AndroidRuntime(  869): 
D/AndroidRuntime(  869): >>>>>> AndroidRuntime START com.android.internal.os.RuntimeInit <<<<<<
D/AndroidRuntime(  869): CheckJNI is ON
D/dalvikvm(  869): Trying to load lib libjavacore.so 0x0
D/dalvikvm(  869): Added shared lib libjavacore.so 0x0
D/dalvikvm(  869): Trying to load lib libnativehelper.so 0x0
D/dalvikvm(  869): Added shared lib libnativehelper.so 0x0
D/dalvikvm(  788): GC_CONCURRENT freed 1104K, 17% free 5882K/7068K, paused 4ms+33ms, total 472ms
D/dalvikvm(  788): WAIT_FOR_CONCURRENT_GC blocked 107ms
D/dalvikvm(  788): WAIT_FOR_CONCURRENT_GC blocked 146ms
D/AndroidRuntime(  869): Calling main entry com.android.commands.am.Am
D/dalvikvm(  869): Note: class Landroid/app/ActivityManagerNative; has 157 unimplemented (abstract) methods
D/EmmaInstrumentation:(  788): Intermidate Dump Called with file name :/mnt/sdcard/coverage.ec
D/EmmaInstrumentation:(  788): generateCoverageReport()
I/System.out(  788): EMMA: runtime coverage data merged into [/mnt/sdcard/coverage.ec] {in 8 ms}
D/AndroidRuntime(  869): Shutting down VM
D/dalvikvm(  869): GC_CONCURRENT freed 91K, 17% free 492K/588K, paused 1ms+4ms, total 9ms
D/dalvikvm(  788): GC_CONCURRENT freed 1166K, 18% free 5886K/7112K, paused 6ms+4ms, total 201ms
D/dalvikvm(  788): WAIT_FOR_CONCURRENT_GC blocked 27ms
D/dalvikvm(  788): GC_CONCURRENT freed 1126K, 17% free 5934K/7120K, paused 5ms+4ms, total 193ms
D/dalvikvm(  788): WAIT_FOR_CONCURRENT_GC blocked 36ms
E/ThrottleService(  294): problem during onPollAlarm: java.lang.IllegalStateException: problem parsing stats: java.io.FileNotFoundException: /proc/net/xt_qtaguid/iface_stat_all: open failed: ENOENT (No such file or directory)
E/ThrottleService(  294): problem during onPollAlarm: java.lang.IllegalStateException: problem parsing stats: java.io.FileNotFoundException: /proc/net/xt_qtaguid/iface_stat_all: open failed: ENOENT (No such file or directory)
D/dalvikvm(  294): GC_CONCURRENT freed 641K, 23% free 5857K/7592K, paused 5ms+84ms, total 413ms
D/dalvikvm(  788): GC_CONCURRENT freed 1193K, 18% free 5930K/7184K, paused 5ms+5ms, total 190ms
D/dalvikvm(  788): WAIT_FOR_CONCURRENT_GC blocked 10ms
D/dalvikvm(  788): WAIT_FOR_CONCURRENT_GC blocked 36ms
D/dalvikvm(  788): GC_CONCURRENT freed 1126K, 17% free 5990K/7184K, paused 4ms+5ms, total 175ms
D/dalvikvm(  788): WAIT_FOR_CONCURRENT_GC blocked 33ms
D/dalvikvm(  788): GC_CONCURRENT freed 1192K, 18% free 6004K/7256K, paused 4ms+4ms, total 180ms
D/dalvikvm(  788): WAIT_FOR_CONCURRENT_GC blocked 31ms
D/dalvikvm(  788): GC_CONCURRENT freed 1195K, 18% free 6020K/7276K, paused 5ms+4ms, total 189ms
D/dalvikvm(  788): WAIT_FOR_CONCURRENT_GC blocked 33ms
D/dalvikvm(  788): GC_CONCURRENT freed 1194K, 18% free 6042K/7296K, paused 4ms+5ms, total 183ms
D/dalvikvm(  788): WAIT_FOR_CONCURRENT_GC blocked 14ms
D/dalvikvm(  788): WAIT_FOR_CONCURRENT_GC blocked 38ms
D/dalvikvm(  788): GC_CONCURRENT freed 1195K, 18% free 6073K/7328K, paused 4ms+5ms, total 178ms
D/dalvikvm(  788): WAIT_FOR_CONCURRENT_GC blocked 22ms
D/dalvikvm(  788): WAIT_FOR_CONCURRENT_GC blocked 36ms
D/dalvikvm(  788): GC_CONCURRENT freed 1195K, 18% free 6113K/7368K, paused 9ms+4ms, total 199ms
D/dalvikvm(  788): WAIT_FOR_CONCURRENT_GC blocked 15ms
D/dalvikvm(  788): WAIT_FOR_CONCURRENT_GC blocked 52ms
D/dalvikvm(  788): GC_CONCURRENT freed 1227K, 18% free 6132K/7420K, paused 5ms+5ms, total 180ms
D/dalvikvm(  788): WAIT_FOR_CONCURRENT_GC blocked 39ms
D/dalvikvm(  788): GC_CONCURRENT freed 1235K, 18% free 6153K/7448K, paused 5ms+4ms, total 178ms
D/dalvikvm(  788): WAIT_FOR_CONCURRENT_GC blocked 33ms
D/dalvikvm(  788): GC_CONCURRENT freed 1227K, 18% free 6188K/7476K, paused 4ms+5ms, total 182ms
D/dalvikvm(  788): WAIT_FOR_CONCURRENT_GC blocked 31ms
D/dalvikvm(  788): GC_CONCURRENT freed 1232K, 18% free 6228K/7520K, paused 4ms+4ms, total 179ms
D/dalvikvm(  788): WAIT_FOR_CONCURRENT_GC blocked 41ms
D/dalvikvm(  788): GC_CONCURRENT freed 1265K, 18% free 6251K/7576K, paused 5ms+4ms, total 194ms
D/dalvikvm(  788): WAIT_FOR_CONCURRENT_GC blocked 38ms
D/dalvikvm(  788): WAIT_FOR_CONCURRENT_GC blocked 51ms
D/dalvikvm(  788): GC_CONCURRENT freed 1240K, 18% free 6304K/7604K, paused 5ms+4ms, total 180ms
D/dalvikvm(  788): WAIT_FOR_CONCURRENT_GC blocked 24ms
D/dalvikvm(  788): WAIT_FOR_CONCURRENT_GC blocked 41ms
D/dalvikvm(  788): GC_CONCURRENT freed 1293K, 18% free 6323K/7676K, paused 5ms+4ms, total 188ms
D/dalvikvm(  788): WAIT_FOR_CONCURRENT_GC blocked 43ms
D/dalvikvm(  788): GC_CONCURRENT freed 1268K, 18% free 6372K/7700K, paused 5ms+5ms, total 185ms
D/dalvikvm(  788): WAIT_FOR_CONCURRENT_GC blocked 45ms
D/dalvikvm(  788): GC_CONCURRENT freed 1332K, 18% free 6376K/7768K, paused 5ms+7ms, total 198ms
D/dalvikvm(  788): WAIT_FOR_CONCURRENT_GC blocked 52ms
D/dalvikvm(  788): GC_CONCURRENT freed 1333K, 18% free 6379K/7772K, paused 4ms+3ms, total 179ms
D/dalvikvm(  788): WAIT_FOR_CONCURRENT_GC blocked 42ms
D/dalvikvm(  788): GC_CONCURRENT freed 1271K, 18% free 6445K/7776K, paused 5ms+4ms, total 202ms
D/dalvikvm(  788): WAIT_FOR_CONCURRENT_GC blocked 20ms
D/dalvikvm(  788): WAIT_FOR_CONCURRENT_GC blocked 43ms
D/dalvikvm(  788): GC_CONCURRENT freed 1335K, 18% free 6468K/7864K, paused 5ms+5ms, total 188ms
D/dalvikvm(  788): WAIT_FOR_CONCURRENT_GC blocked 38ms
D/dalvikvm(  788): WAIT_FOR_CONCURRENT_GC blocked 44ms
D/dalvikvm(  788): GC_CONCURRENT freed 1336K, 18% free 6500K/7896K, paused 5ms+4ms, total 200ms
D/dalvikvm(  788): WAIT_FOR_CONCURRENT_GC blocked 37ms
D/dalvikvm(  788): WAIT_FOR_CONCURRENT_GC blocked 54ms
D/dalvikvm(  788): GC_CONCURRENT freed 1367K, 18% free 6509K/7936K, paused 5ms+4ms, total 202ms
D/dalvikvm(  788): WAIT_FOR_CONCURRENT_GC blocked 43ms
D/dalvikvm(  788): WAIT_FOR_CONCURRENT_GC blocked 68ms
D/dalvikvm(  788): GC_CONCURRENT freed 1308K, 18% free 6580K/7948K, paused 5ms+6ms, total 193ms
D/dalvikvm(  788): WAIT_FOR_CONCURRENT_GC blocked 46ms
D/dalvikvm(  788): GC_CONCURRENT freed 1405K, 19% free 6579K/8044K, paused 6ms+8ms, total 194ms
D/dalvikvm(  788): WAIT_FOR_CONCURRENT_GC blocked 33ms
D/dalvikvm(  788): WAIT_FOR_CONCURRENT_GC blocked 58ms
D/dalvikvm(  788): GC_CONCURRENT freed 1342K, 18% free 6639K/8044K, paused 5ms+6ms, total 205ms
D/dalvikvm(  788): WAIT_FOR_CONCURRENT_GC blocked 34ms
D/dalvikvm(  788): WAIT_FOR_CONCURRENT_GC blocked 50ms
D/dalvikvm(  788): GC_CONCURRENT freed 1407K, 19% free 6657K/8124K, paused 4ms+4ms, total 358ms
D/dalvikvm(  788): WAIT_FOR_CONCURRENT_GC blocked 29ms
D/dalvikvm(  788): GC_CONCURRENT freed 1386K, 18% free 6702K/8148K, paused 5ms+5ms, total 255ms
D/dalvikvm(  788): WAIT_FOR_CONCURRENT_GC blocked 45ms
D/dalvikvm(  788): WAIT_FOR_CONCURRENT_GC blocked 47ms
D/dalvikvm(  788): GC_CONCURRENT freed 1428K, 19% free 6720K/8208K, paused 6ms+5ms, total 197ms
D/dalvikvm(  788): WAIT_FOR_CONCURRENT_GC blocked 36ms
D/dalvikvm(  788): WAIT_FOR_CONCURRENT_GC blocked 54ms
D/dalvikvm(  788): GC_CONCURRENT freed 1408K, 18% free 6764K/8232K, paused 6ms+6ms, total 198ms
D/dalvikvm(  788): WAIT_FOR_CONCURRENT_GC blocked 40ms
D/dalvikvm(  788): WAIT_FOR_CONCURRENT_GC blocked 51ms
D/dalvikvm(  788): GC_CONCURRENT freed 1476K, 19% free 6751K/8288K, paused 5ms+5ms, total 196ms
D/dalvikvm(  788): WAIT_FOR_CONCURRENT_GC blocked 36ms
D/dalvikvm(  788): WAIT_FOR_CONCURRENT_GC blocked 52ms
D/dalvikvm(  788): GC_CONCURRENT freed 1408K, 18% free 6804K/8288K, paused 4ms+4ms, total 196ms
D/dalvikvm(  788): WAIT_FOR_CONCURRENT_GC blocked 36ms
D/dalvikvm(  788): WAIT_FOR_CONCURRENT_GC blocked 49ms
D/dalvikvm(  788): GC_CONCURRENT freed 1473K, 19% free 6810K/8344K, paused 5ms+5ms, total 200ms
D/dalvikvm(  788): WAIT_FOR_CONCURRENT_GC blocked 14ms
D/dalvikvm(  788): WAIT_FOR_CONCURRENT_GC blocked 51ms
D/dalvikvm(  788): GC_CONCURRENT freed 1414K, 18% free 6878K/8352K, paused 4ms+4ms, total 198ms
D/dalvikvm(  788): WAIT_FOR_CONCURRENT_GC blocked 41ms
D/dalvikvm(  788): WAIT_FOR_CONCURRENT_GC blocked 54ms
D/dalvikvm(  788): GC_CONCURRENT freed 1477K, 19% free 6903K/8440K, paused 5ms+5ms, total 204ms
D/dalvikvm(  788): WAIT_FOR_CONCURRENT_GC blocked 37ms
D/dalvikvm(  788): WAIT_FOR_CONCURRENT_GC blocked 58ms
D/dalvikvm(  788): GC_CONCURRENT freed 1479K, 19% free 6937K/8476K, paused 5ms+6ms, total 201ms
D/dalvikvm(  788): WAIT_FOR_CONCURRENT_GC blocked 13ms
D/dalvikvm(  788): WAIT_FOR_CONCURRENT_GC blocked 58ms
D/dalvikvm(  788): GC_CONCURRENT freed 1480K, 19% free 6980K/8520K, paused 6ms+4ms, total 205ms
D/dalvikvm(  788): WAIT_FOR_CONCURRENT_GC blocked 23ms
D/dalvikvm(  788): WAIT_FOR_CONCURRENT_GC blocked 64ms
D/dalvikvm(  788): GC_CONCURRENT freed 1481K, 18% free 7035K/8576K, paused 5ms+5ms, total 205ms
D/dalvikvm(  788): WAIT_FOR_CONCURRENT_GC blocked 53ms
D/dalvikvm(  788): GC_CONCURRENT freed 1525K, 19% free 7067K/8652K, paused 5ms+5ms, total 199ms
D/dalvikvm(  788): WAIT_FOR_CONCURRENT_GC blocked 42ms
D/dalvikvm(  788): WAIT_FOR_CONCURRENT_GC blocked 61ms
W/SystemClock(  294): Unable to set rtc to 1483619554: Invalid argument
D/SystemClock(  294): Setting time of day to sec=1483619554
V/AlarmClock(  591): No next alarm
V/AlarmClock(  591): AlarmInitReceiver finished
D/dalvikvm(  788): GC_CONCURRENT freed 1564K, 19% free 7067K/8692K, paused 4ms+5ms, total 266ms
D/dalvikvm(  788): WAIT_FOR_CONCURRENT_GC blocked 117ms
D/dalvikvm(  788): GC_CONCURRENT freed 1536K, 19% free 7096K/8692K, paused 4ms+5ms, total 212ms
D/dalvikvm(  788): WAIT_FOR_CONCURRENT_GC blocked 58ms
D/dalvikvm(  788): GC_CONCURRENT freed 1535K, 19% free 7136K/8732K, paused 5ms+5ms, total 216ms
D/dalvikvm(  788): WAIT_FOR_CONCURRENT_GC blocked 61ms
D/dalvikvm(  788): GC_CONCURRENT freed 1538K, 19% free 7186K/8784K, paused 5ms+5ms, total 269ms
D/dalvikvm(  788): WAIT_FOR_CONCURRENT_GC blocked 117ms
D/dalvikvm(  788): GC_CONCURRENT freed 1606K, 19% free 7186K/8852K, paused 4ms+5ms, total 216ms
D/dalvikvm(  788): WAIT_FOR_CONCURRENT_GC blocked 51ms
D/dalvikvm(  788): WAIT_FOR_CONCURRENT_GC blocked 67ms
I/androidripper(  788): Created trace to press the back button
I/androidripper(  788): Created trace to press the menu button
I/androidripper(  788): Created trace to change orientation
D/dalvikvm(  788): GC_CONCURRENT freed 1562K, 19% free 7228K/8852K, paused 5ms+6ms, total 185ms
D/dalvikvm(  788): WAIT_FOR_CONCURRENT_GC blocked 65ms
D/dalvikvm(  788): WAIT_FOR_CONCURRENT_GC blocked 71ms
D/dalvikvm(  788): GC_CONCURRENT freed 1042K, 13% free 7806K/8908K, paused 6ms+4ms, total 190ms
D/dalvikvm(  788): WAIT_FOR_CONCURRENT_GC blocked 44ms
D/dalvikvm(  788): WAIT_FOR_CONCURRENT_GC blocked 80ms
D/dalvikvm(  788): GC_CONCURRENT freed 1129K, 13% free 8491K/9680K, paused 4ms+5ms, total 185ms
D/dalvikvm(  788): WAIT_FOR_CONCURRENT_GC blocked 85ms
