W/Resources(   38): Preloaded drawable resource #0x108027f (android:drawable/fastscroll_track_pressed_holo_dark) that varies with configuration!!
W/Resources(   38): Preloaded drawable resource #0x108027b (android:drawable/fastscroll_track_default_holo_dark) that varies with configuration!!
W/Resources(   38): Preloaded drawable resource #0x108027b (android:drawable/fastscroll_track_default_holo_dark) that varies with configuration!!
W/Resources(   38): Preloaded drawable resource #0x108027f (android:drawable/fastscroll_track_pressed_holo_dark) that varies with configuration!!
W/Resources(   38): Preloaded drawable resource #0x108027b (android:drawable/fastscroll_track_default_holo_dark) that varies with configuration!!
W/Resources(   38): Preloaded drawable resource #0x1080274 (android:drawable/fastscroll_label_left_holo_dark) that varies with configuration!!
D/dalvikvm(   38): GC_EXPLICIT freed 74K, 26% free 2358K/3156K, paused 3ms+3ms, total 152ms
W/Resources(   38): Preloaded drawable resource #0x1080276 (android:drawable/fastscroll_label_right_holo_dark) that varies with configuration!!
D/dalvikvm(   38): GC_EXPLICIT freed 50K, 26% free 2357K/3156K, paused 3ms+2ms, total 135ms
W/Resources(   38): Preloaded drawable resource #0x1080280 (android:drawable/fastscroll_track_pressed_holo_light) that varies with configuration!!
W/Resources(   38): Preloaded drawable resource #0x108027c (android:drawable/fastscroll_track_default_holo_light) that varies with configuration!!
W/Resources(   38): Preloaded drawable resource #0x108027c (android:drawable/fastscroll_track_default_holo_light) that varies with configuration!!
W/Resources(   38): Preloaded drawable resource #0x1080280 (android:drawable/fastscroll_track_pressed_holo_light) that varies with configuration!!
W/Resources(   38): Preloaded drawable resource #0x108027c (android:drawable/fastscroll_track_default_holo_light) that varies with configuration!!
W/Resources(   38): Preloaded drawable resource #0x1080275 (android:drawable/fastscroll_label_left_holo_light) that varies with configuration!!
D/dalvikvm(   38): WAIT_FOR_CONCURRENT_GC blocked 1ms
D/dalvikvm(   38): GC_EXPLICIT freed 57K, 26% free 2359K/3156K, paused 2ms+3ms, total 158ms
W/Resources(   38): Preloaded drawable resource #0x1080277 (android:drawable/fastscroll_label_right_holo_light) that varies with configuration!!
D/dalvikvm(   38): GC_EXPLICIT freed 50K, 26% free 2358K/3156K, paused 3ms+43ms, total 84ms
W/Resources(   38): Preloaded drawable resource #0x1080259 (android:drawable/editbox_dropdown_background_dark) that varies with configuration!!
W/Resources(   38): Preloaded drawable resource #0x10805f8 (android:drawable/textfield_search_selected_holo_dark) that varies with configuration!!
W/Resources(   38): Preloaded drawable resource #0x10805ec (android:drawable/textfield_search_default_holo_dark) that varies with configuration!!
W/Resources(   38): Preloaded drawable resource #0x10805ec (android:drawable/textfield_search_default_holo_dark) that varies with configuration!!
W/Resources(   38): Preloaded drawable resource #0x10805f5 (android:drawable/textfield_search_right_selected_holo_dark) that varies with configuration!!
W/Resources(   38): Preloaded drawable resource #0x10805f3 (android:drawable/textfield_search_right_default_holo_dark) that varies with configuration!!
W/Resources(   38): Preloaded drawable resource #0x10805f3 (android:drawable/textfield_search_right_default_holo_dark) that varies with configuration!!
W/Resources(   38): Preloaded drawable resource #0x10805f9 (android:drawable/textfield_search_selected_holo_light) that varies with configuration!!
W/Resources(   38): Preloaded drawable resource #0x10805ed (android:drawable/textfield_search_default_holo_light) that varies with configuration!!
W/Resources(   38): Preloaded drawable resource #0x10805ed (android:drawable/textfield_search_default_holo_light) that varies with configuration!!
W/Resources(   38): Preloaded drawable resource #0x10805f6 (android:drawable/textfield_search_right_selected_holo_light) that varies with configuration!!
W/Resources(   38): Preloaded drawable resource #0x10805f4 (android:drawable/textfield_search_right_default_holo_light) that varies with configuration!!
W/Resources(   38): Preloaded drawable resource #0x10805f4 (android:drawable/textfield_search_right_default_holo_light) that varies with configuration!!
W/Resources(   38): Preloaded drawable resource #0x10805f8 (android:drawable/textfield_search_selected_holo_dark) that varies with configuration!!
W/Resources(   38): Preloaded drawable resource #0x10805ec (android:drawable/textfield_search_default_holo_dark) that varies with configuration!!
W/Resources(   38): Preloaded drawable resource #0x10805f5 (android:drawable/textfield_search_right_selected_holo_dark) that varies with configuration!!
W/Resources(   38): Preloaded drawable resource #0x10805f3 (android:drawable/textfield_search_right_default_holo_dark) that varies with configuration!!
W/Resources(   38): Preloaded drawable resource #0x10805f9 (android:drawable/textfield_search_selected_holo_light) that varies with configuration!!
W/Resources(   38): Preloaded drawable resource #0x10805ed (android:drawable/textfield_search_default_holo_light) that varies with configuration!!
W/Resources(   38): Preloaded drawable resource #0x10805f6 (android:drawable/textfield_search_right_selected_holo_light) that varies with configuration!!
W/Resources(   38): Preloaded drawable resource #0x10805f4 (android:drawable/textfield_search_right_default_holo_light) that varies with configuration!!
D/dalvikvm(   38): GC_EXPLICIT freed 47K, 26% free 2364K/3156K, paused 5ms+7ms, total 103ms
W/Resources(   38): Preloaded drawable resource #0x10805c1 (android:drawable/tab_unselected_holo) that varies with configuration!!
W/Resources(   38): Preloaded drawable resource #0x10805bc (android:drawable/tab_selected_holo) that varies with configuration!!
W/Resources(   38): Preloaded drawable resource #0x10805c0 (android:drawable/tab_unselected_focused_holo) that varies with configuration!!
W/Resources(   38): Preloaded drawable resource #0x10805bb (android:drawable/tab_selected_focused_holo) that varies with configuration!!
W/Resources(   38): Preloaded drawable resource #0x10805c2 (android:drawable/tab_unselected_pressed_holo) that varies with configuration!!
W/Resources(   38): Preloaded drawable resource #0x10805bd (android:drawable/tab_selected_pressed_holo) that varies with configuration!!
W/Resources(   38): Preloaded drawable resource #0x10805c2 (android:drawable/tab_unselected_pressed_holo) that varies with configuration!!
W/Resources(   38): Preloaded drawable resource #0x10805bd (android:drawable/tab_selected_pressed_holo) that varies with configuration!!
W/Resources(   38): Preloaded drawable resource #0x10805bd (android:drawable/tab_selected_pressed_holo) that varies with configuration!!
W/Resources(   38): Preloaded drawable resource #0x10805c1 (android:drawable/tab_unselected_holo) that varies with configuration!!
W/Resources(   38): Preloaded drawable resource #0x10805bc (android:drawable/tab_selected_holo) that varies with configuration!!
W/Resources(   38): Preloaded drawable resource #0x10805c0 (android:drawable/tab_unselected_focused_holo) that varies with configuration!!
W/Resources(   38): Preloaded drawable resource #0x10805bb (android:drawable/tab_selected_focused_holo) that varies with configuration!!
W/Resources(   38): Preloaded drawable resource #0x10805c2 (android:drawable/tab_unselected_pressed_holo) that varies with configuration!!
W/Resources(   38): Preloaded drawable resource #0x10805bd (android:drawable/tab_selected_pressed_holo) that varies with configuration!!
W/Resources(   38): Preloaded drawable resource #0x10804a5 (android:drawable/quickcontact_badge_overlay_pressed_dark) that varies with configuration!!
W/Resources(   38): Preloaded drawable resource #0x10804a0 (android:drawable/quickcontact_badge_overlay_focused_dark) that varies with configuration!!
W/Resources(   38): Preloaded drawable resource #0x10804a3 (android:drawable/quickcontact_badge_overlay_normal_dark) that varies with configuration!!
W/Resources(   38): Preloaded drawable resource #0x10804a3 (android:drawable/quickcontact_badge_overlay_normal_dark) that varies with configuration!!
W/Resources(   38): Preloaded drawable resource #0x10804a3 (android:drawable/quickcontact_badge_overlay_normal_dark) that varies with configuration!!
D/dalvikvm(   38): GC_EXPLICIT freed 56K, 26% free 2365K/3156K, paused 3ms+4ms, total 32ms
W/Resources(   38): Preloaded drawable resource #0x10804a5 (android:drawable/quickcontact_badge_overlay_pressed_dark) that varies with configuration!!
W/Resources(   38): Preloaded drawable resource #0x10804a6 (android:drawable/quickcontact_badge_overlay_pressed_light) that varies with configuration!!
W/Resources(   38): Preloaded drawable resource #0x10804a1 (android:drawable/quickcontact_badge_overlay_focused_light) that varies with configuration!!
W/Resources(   38): Preloaded drawable resource #0x10804a4 (android:drawable/quickcontact_badge_overlay_normal_light) that varies with configuration!!
W/Resources(   38): Preloaded drawable resource #0x10804a4 (android:drawable/quickcontact_badge_overlay_normal_light) that varies with configuration!!
W/Resources(   38): Preloaded drawable resource #0x10804a4 (android:drawable/quickcontact_badge_overlay_normal_light) that varies with configuration!!
W/Resources(   38): Preloaded drawable resource #0x10804a6 (android:drawable/quickcontact_badge_overlay_pressed_light) that varies with configuration!!
I/Zygote  (   38): ...preloaded 270 resources in 10477ms.
D/dalvikvm(   38): GC_EXPLICIT freed 48K, 25% free 2368K/3156K, paused 2ms+3ms, total 28ms
I/Zygote  (   38): ...preloaded 31 resources in 67ms.
D/dalvikvm(   38): GC_EXPLICIT freed 9K, 25% free 2376K/3156K, paused 2ms+3ms, total 40ms
D/dalvikvm(   38): GC_EXPLICIT freed 7K, 25% free 2369K/3156K, paused 3ms+3ms, total 33ms
D/dalvikvm(   38): GC_EXPLICIT freed <1K, 25% free 2369K/3156K, paused 2ms+3ms, total 41ms
I/dalvikvm(   38): System server process 291 has been created
I/Zygote  (   38): Accepting command socket connections
E/BatteryService(  291): usbOnlinePath not found
E/BatteryService(  291): wirelessOnlinePath not found
E/BatteryService(  291): batteryVoltagePath not found
E/BatteryService(  291): batteryTemperaturePath not found
I/sysproc (  291): Entered system_init()
I/sysproc (  291): ServiceManager: 0x2a1a1320
D/SensorService(  291): nuSensorService starting...
I/SensorService(  291): Goldfish 3-axis Accelerometer
I/SensorService(  291): Goldfish 3-axis Magnetic field sensor
I/SensorService(  291): Goldfish Orientation sensor
I/SensorService(  291): Goldfish Temperature sensor
I/SensorService(  291): Goldfish Proximity sensor
I/sysproc (  291): System server: starting Android runtime.
I/sysproc (  291): System server: starting Android services.
I/SystemServer(  291): Entered the Android system server!
D/SensorService(  291): nuSensorService thread starting...
I/sysproc (  291): System server: entering thread pool.
I/SystemServer(  291): Waiting for installd to be ready.
I/Installer(  291): connecting...
I/installd(   41): new connection
I/SystemServer(  291): Entropy Mixer
I/SystemServer(  291): Enabled StrictMode logging for UI Looper
I/SystemServer(  291): Enabled StrictMode logging for WM Looper
I/SystemServer(  291): Power Manager
E/PowerManagerService-JNI(  291): Couldn't load power module (No such file or directory)
I/SystemServer(  291): Activity Manager
I/ActivityManager(  291): Memory class: 48
W/UsageStats(  291): Usage stats version changed; dropping
I/ActivityManager(  291): Enabled StrictMode logging for AThread's Looper
I/SystemServer(  291): Display Manager
I/SystemServer(  291): Telephony Registry
I/SystemServer(  291): Scheduling Policy
E/SurfaceFlinger(   37): ro.sf.lcd_density must be defined as a build property
I/DisplayManagerService(  291): Display device added: DisplayDeviceInfo{"Built-in Screen": 480 x 800, 260.416 fps, density 240, 240.0 x 240.0 dpi, touch INTERNAL, FLAG_DEFAULT_DISPLAY, FLAG_ROTATES_WITH_CONTENT, FLAG_SECURE, FLAG_SUPPORTS_PROTECTED_BUFFERS, rotation 0, type BUILT_IN, address null}
I/SystemServer(  291): Package Manager
D/dalvikvm(  291): GC_CONCURRENT freed 225K, 10% free 2561K/2844K, paused 4ms+8ms, total 106ms
D/dalvikvm(  291): GC_CONCURRENT freed 226K, 10% free 2723K/3008K, paused 4ms+17ms, total 54ms
W/PackageManager(  291): Running ENG build: no pre-dexopt!
D/dalvikvm(  291): GC_CONCURRENT freed 216K, 9% free 2901K/3176K, paused 4ms+12ms, total 112ms
W/PackageParser(  291): No actions in intent filter at /system/app/Contacts.apk Binary XML file line #533
D/dalvikvm(  291): GC_CONCURRENT freed 200K, 8% free 3086K/3344K, paused 4ms+3ms, total 79ms
D/dalvikvm(  291): GC_CONCURRENT freed 226K, 8% free 3298K/3580K, paused 4ms+6ms, total 242ms
W/PackageManager(  291): Package com.android.camera desires unavailable shared library com.google.android.media.effects; ignoring!
D/PackageManager(  291): No files in app dir /vendor/app
D/dalvikvm(  291): GC_CONCURRENT freed 225K, 8% free 3563K/3848K, paused 5ms+76ms, total 262ms
W/PackageParser(  291): No actions in intent filter at /data/app/ApiDemos.apk Binary XML file line #2737
W/PackageParser(  291): No actions in intent filter at /data/app/ApiDemos.apk Binary XML file line #2743
W/PackageManager(  291): Package com.example.android.apis desires unavailable shared library com.example.will.never.exist; ignoring!
I/PackageManager(  291): Time to scan packages: 5.373 seconds
W/PackageManager(  291): Unknown permission com.google.android.googleapps.permission.GOOGLE_AUTH.mail in package com.android.contacts
W/PackageManager(  291): Unknown permission android.permission.ADD_SYSTEM_SERVICE in package com.android.phone
W/PackageManager(  291): Unknown permission com.android.smspush.WAPPUSH_MANAGER_BIND in package com.android.phone
W/PackageManager(  291): Unknown permission com.google.android.googleapps.permission.GOOGLE_AUTH in package com.android.providers.calendar
W/PackageManager(  291): Unknown permission com.google.android.googleapps.permission.GOOGLE_AUTH.cl in package com.android.providers.calendar
W/PackageManager(  291): Unknown permission com.google.android.googleapps.permission.GOOGLE_AUTH.mail in package com.android.calendar
W/PackageManager(  291): Not granting permission android.permission.SEND_DOWNLOAD_COMPLETED_INTENTS to package com.android.browser (protectionLevel=2 flags=0x9be45)
W/PackageManager(  291): Not granting permission android.permission.BIND_APPWIDGET to package com.android.widgetpreview (protectionLevel=18 flags=0x8be44)
W/PackageManager(  291): Unknown permission com.google.android.googleapps.permission.GOOGLE_AUTH in package com.android.settings
W/PackageManager(  291): Unknown permission com.google.android.gallery3d.permission.GALLERY_PROVIDER in package com.android.exchange
W/PackageManager(  291): Unknown permission com.google.android.googleapps.permission.ACCESS_GOOGLE_PASSWORD in package com.android.development
W/PackageManager(  291): Unknown permission com.google.android.googleapps.permission.GOOGLE_AUTH in package com.android.development
W/PackageManager(  291): Unknown permission com.google.android.googleapps.permission.GOOGLE_AUTH.ALL_SERVICES in package com.android.development
W/PackageManager(  291): Unknown permission com.google.android.googleapps.permission.GOOGLE_AUTH.YouTubeUser in package com.android.development
W/PackageManager(  291): Unknown permission com.google.android.gallery3d.permission.GALLERY_PROVIDER in package com.android.email
W/PackageManager(  291): Not granting permission android.permission.DEVICE_POWER to package com.android.deskclock (protectionLevel=2 flags=0x8be45)
D/dalvikvm(  291): GC_CONCURRENT freed 335K, 10% free 3733K/4124K, paused 4ms+3ms, total 416ms
D/dalvikvm(  291): WAIT_FOR_CONCURRENT_GC blocked 120ms
D/dalvikvm(  291): GC_EXPLICIT freed 119K, 12% free 3677K/4144K, paused 13ms+4ms, total 198ms
I/SystemServer(  291): User Service
I/SystemServer(  291): Account Manager
I/SystemServer(  291): Content Manager
I/SystemServer(  291): System Content Providers
I/SystemServer(  291): Lights Service
I/SystemServer(  291): Battery Service
I/SystemServer(  291): Vibrator Service
I/libsuspend(  291): Selected early suspend
I/libsuspend(  291): Starting early suspend unblocker thread
D/PermissionCache(   37): checking android.permission.ACCESS_SURFACE_FLINGER for uid=1000 => granted (2300 us)
D/SurfaceFlinger(   37): Screen acquired, type=0 flinger=0x2a007318
D/SurfaceFlinger(   37):  screen was previously acquired
I/SystemServer(  291): Alarm Manager
D/AlarmManagerService(  291): Kernel timezone updated to 0 minutes west of GMT
I/SystemServer(  291): Init Watchdog
I/SystemServer(  291): Input Manager
I/InputManager(  291): Initializing input manager, mUseDevInputEventForAudioJack=false
I/SystemServer(  291): Window Manager
E/SoundPool(  291): error loading /system/media/audio/ui/Lock.ogg
W/KeyguardViewMediator(  291): failed to load lock sound from /system/media/audio/ui/Lock.ogg
E/SoundPool(  291): error loading /system/media/audio/ui/Unlock.ogg
W/KeyguardViewMediator(  291): failed to load unlock sound from /system/media/audio/ui/Unlock.ogg
I/InputManager(  291): Starting input manager
I/SystemServer(  291): No Bluetooh Service (emulator)
I/SystemServer(  291): Input Method Service
I/EventHub(  291): New device: id=1, fd=88, path='/dev/input/event0', name='qwerty2', classes=0x2d, configuration='/system/usr/idc/qwerty2.idc', keyLayout='/system/usr/keylayout/qwerty.kl', keyCharacterMap='/system/usr/keychars/qwerty2.kcm', builtinKeyboard=true, usingSuspendBlockIoctl=false, usingClockIoctl=false
E/EventHub(  291): could not get driver version for /dev/input/mouse0, Not a typewriter
E/EventHub(  291): could not get driver version for /dev/input/mice, Not a typewriter
W/InputMethodManagerService(  291): Couldn't create dir.: /data/system/inputmethod
I/InputReader(  291): Device added: id=-1, name='Virtual', sources=0x00000301
D/dalvikvm(  291): GC_CONCURRENT freed 349K, 10% free 3826K/4244K, paused 5ms+4ms, total 654ms
I/InputReader(  291):   Touch device 'qwerty2' could not query the properties of its associated display.  The device will be inoperable until the display size becomes available.
I/InputReader(  291): Device added: id=0, name='qwerty2', sources=0x00011307
E/Trace   (  291): error opening trace file: No such file or directory (2)
I/SystemServer(  291): Accessibility Manager
I/ActivityManager(  291): Config changes=15f8 {1.0 ?mcc?mnc en_US ldltr sw320dp w320dp h508dp 240dpi nrml long port ?uimode ?night finger -keyb/v/h tball/v s.2}
I/InputReader(  291): Reconfiguring input devices.  changes=0x00000004
I/InputReader(  291): Device reconfigured: id=0, name='qwerty2', size 480x800, orientation 0, mode 1, display id 0
I/SystemServer(  291): Mount Service
D/MountService(  291): got storage path: /mnt/sdcard description: USB storage primary: true removable: false emulated: false mtpReserve: 0 allowMassStorage: false maxFileSize: 0
D/MountService(  291): addVolumeLocked() StorageVolume [mStorageId=0 mPath=/mnt/sdcard mDescriptionId=17040615 mPrimary=true mRemovable=false mEmulated=false mMtpReserveSpace=0 mAllowMassStorage=false mMaxFileSize=0 mOwner=null]
I/SystemServer(  291): LockSettingsService
I/SystemServer(  291): Device Policy
I/SystemServer(  291): Status Bar
I/SystemServer(  291): Clipboard Service
I/SystemServer(  291): NetworkManagement Service
I/SystemServer(  291): Text Service Manager Service
I/SystemServer(  291): NetworkStats Service
I/SystemServer(  291): NetworkPolicy Service
I/SystemServer(  291): Wi-Fi P2pService
D/dalvikvm(  291): GREF has increased to 201
I/SystemServer(  291): Wi-Fi Service
E/CommandListener(   34): Failed to open /proc/sys/net/ipv6/conf/wlan0/disable_ipv6: No such file or directory
E/WifiStateMachine(  291): Failed to disable IPv6: java.lang.IllegalStateException: command '1 interface ipv6 wlan0 disable' failed with '400 1 Failed to change IPv6 state (No such file or directory)'
I/SystemServer(  291): Connectivity Service
D/ConnectivityService(  291): ConnectivityService starting up
E/MobileDataStateTracker(  291): default: Ignoring feature request because could not acquire PhoneService
E/MobileDataStateTracker(  291): default: Could not enable APN type "default"
D/MountService(  291): volume state changed for /mnt/sdcard (null -> unmounted)
I/PackageManager(  291): Updating external media status from unmounted to unmounted
I/WifiService(  291): WifiService starting up with Wi-Fi disabled
I/SystemServer(  291): Network Service Discovery Service
W/MountService(  291): getSecureContainerList() called when storage not mounted
D/NsdService(  291): Network service discovery enabled true
I/PackageManager(  291): No secure containers on sdcard
W/PackageManager(  291): Unknown permission com.google.android.googleapps.permission.GOOGLE_AUTH.mail in package com.android.contacts
W/PackageManager(  291): Unknown permission android.permission.ADD_SYSTEM_SERVICE in package com.android.phone
W/PackageManager(  291): Unknown permission com.android.smspush.WAPPUSH_MANAGER_BIND in package com.android.phone
I/SystemServer(  291): Throttle Service
I/SystemServer(  291): UpdateLock Service
W/PackageManager(  291): Unknown permission com.google.android.googleapps.permission.GOOGLE_AUTH in package com.android.providers.calendar
W/PackageManager(  291): Unknown permission com.google.android.googleapps.permission.GOOGLE_AUTH.cl in package com.android.providers.calendar
W/PackageManager(  291): Unknown permission com.google.android.googleapps.permission.GOOGLE_AUTH.mail in package com.android.calendar
W/PackageManager(  291): Not granting permission android.permission.SEND_DOWNLOAD_COMPLETED_INTENTS to package com.android.browser (protectionLevel=2 flags=0x89be45)
W/PackageManager(  291): Not granting permission android.permission.BIND_APPWIDGET to package com.android.widgetpreview (protectionLevel=18 flags=0x8be44)
W/PackageManager(  291): Unknown permission com.google.android.googleapps.permission.GOOGLE_AUTH in package com.android.settings
W/PackageManager(  291): Unknown permission com.google.android.gallery3d.permission.GALLERY_PROVIDER in package com.android.exchange
W/PackageManager(  291): Unknown permission com.google.android.googleapps.permission.ACCESS_GOOGLE_PASSWORD in package com.android.development
W/PackageManager(  291): Unknown permission com.google.android.googleapps.permission.GOOGLE_AUTH in package com.android.development
W/PackageManager(  291): Unknown permission com.google.android.googleapps.permission.GOOGLE_AUTH.ALL_SERVICES in package com.android.development
W/PackageManager(  291): Unknown permission com.google.android.googleapps.permission.GOOGLE_AUTH.YouTubeUser in package com.android.development
W/PackageManager(  291): Unknown permission com.google.android.gallery3d.permission.GALLERY_PROVIDER in package com.android.email
W/PackageManager(  291): Not granting permission android.permission.DEVICE_POWER to package com.android.deskclock (protectionLevel=2 flags=0x88be45)
D/dalvikvm(  291): GC_CONCURRENT freed 237K, 7% free 4086K/4388K, paused 4ms+8ms, total 97ms
I/SystemServer(  291): Notification Manager
I/SystemServer(  291): Device Storage Monitor
I/SystemServer(  291): Location Manager
I/SystemServer(  291): Country Detector
I/SystemServer(  291): Search Service
I/SystemServer(  291): DropBox Service
I/SystemServer(  291): Wallpaper Service
I/SystemServer(  291): Audio Service
D/dalvikvm(  291): GC_CONCURRENT freed 371K, 10% free 4180K/4616K, paused 5ms+17ms, total 638ms
I/SystemServer(  291): Dock Observer
W/DockObserver(  291): This kernel does not have dock station support
I/SystemServer(  291): Wired Accessory Manager
W/WiredAccessoryManager(  291): This kernel does not have wired headset support
W/WiredAccessoryManager(  291): This kernel does not have usb audio support
W/WiredAccessoryManager(  291): This kernel does not have HDMI audio support
I/SystemServer(  291): USB Service
I/SystemServer(  291): Serial Service
I/SystemServer(  291): Twilight Service
I/SystemServer(  291): UI Mode Manager Service
I/SystemServer(  291): Backup Service
V/BackupManagerService(  291): No ancestral data
I/BackupManagerService(  291): Found stale backup journal, scheduling
I/BackupManagerService(  291):   android
I/BackupManagerService(  291):   com.android.browser
I/BackupManagerService(  291):   com.android.calendar
I/BackupManagerService(  291):   com.android.inputmethod.latin
I/BackupManagerService(  291):   com.android.providers.settings
I/BackupManagerService(  291):   com.android.providers.userdictionary
I/BackupManagerService(  291):   com.android.sharedstoragebackup
I/BackupManagerService(  291): Backup enabled => true
I/SystemServer(  291): AppWidget Service
I/SystemServer(  291): Recognition Service
I/SystemServer(  291): DiskStats Service
I/SystemServer(  291): SamplingProfiler Service
I/SystemServer(  291): NetworkTimeUpdateService
I/SystemServer(  291): CommonTimeManagementService
I/SystemServer(  291): CertBlacklister
I/SystemServer(  291): Dreams Service
I/WindowManager(  291): SAFE MODE not enabled
D/dalvikvm(  291): JIT started for system_server
I/ActivityManager(  291): System now ready
I/SystemServer(  291): Making services ready
I/Zygote  (  291): Process: zygote socket opened
I/ActivityManager(  291): Start proc com.android.systemui for service com.android.systemui/.SystemUIService: pid=361 uid=10034 gids={50034, 1028, 1015, 3002, 3001}
I/Vold    (   32): /dev/block/vold/179:0 being considered for volume sdcard
D/Vold    (   32): Volume sdcard state changing 1 (Idle-Unmounted) -> 3 (Checking)
D/MountService(  291): volume state changed for /mnt/sdcard (unmounted -> checking)
D/MountService(  291): sendStorageIntent Intent { act=android.intent.action.MEDIA_CHECKING dat=file:///mnt/sdcard (has extras) } to UserHandle{-1}
I//system/bin/fsck_msdos(   32): ** /dev/block/vold/179:0
D/NetworkManagementService(  291): not enabling bandwidth control
I/keystore(   42): uid: 1000 action: e -> 7 state: 3 -> 3 retry: 4
W/NetworkStats(  291): bandwidth controls disabled, unable to track stats
W/NetworkPolicy(  291): bandwidth controls disabled, unable to enforce policy
I/keystore(   42): uid: 1000 action: e -> 7 state: 3 -> 3 retry: 4
D/dalvikvm(  291): GC_CONCURRENT freed 293K, 8% free 4342K/4700K, paused 4ms+52ms, total 700ms
I/ActivityManager(  291): Config changes=200 {1.0 ?mcc?mnc en_US ldltr sw320dp w320dp h508dp 240dpi nrml long port finger -keyb/v/h tball/v s.3}
W/RecognitionManagerService(  291): no available voice recognition services found for user 0
I//system/bin/fsck_msdos(   32): ** Phase 1 - Read and Compare FATs
E/Trace   (  361): error opening trace file: No such file or directory (2)
I//system/bin/fsck_msdos(   32): Attempting to allocate 2044 KB for FAT
D/SystemUIService(  361): loading: class com.android.systemui.statusbar.phone.PhoneStatusBar
D/SystemUIService(  361): running: com.android.systemui.statusbar.phone.PhoneStatusBar@40cd23a0
I/StatusBarManagerService(  291): registerStatusBar bar=com.android.internal.statusbar.IStatusBar$Stub$Proxy@40e30d38
D/dalvikvm(  291): GC_FOR_ALLOC freed 57K, 6% free 4629K/4900K, paused 393ms, total 436ms
W/InputMethodManagerService(  291): Ignoring setImeWindowStatus of uid 1000 token: null
D/dalvikvm(  291): GC_CONCURRENT freed 261K, 7% free 4856K/5184K, paused 100ms+26ms, total 306ms
D/dalvikvm(  291): WAIT_FOR_CONCURRENT_GC blocked 16ms
D/dalvikvm(  361): GC_FOR_ALLOC freed 88K, 6% free 2663K/2808K, paused 75ms, total 119ms
I/dalvikvm-heap(  361): Grow heap (frag case) to 3.259MB for 635812-byte allocation
D/dalvikvm(  361): GC_CONCURRENT freed 5K, 5% free 3279K/3432K, paused 4ms+71ms, total 193ms
D/dalvikvm(  361): WAIT_FOR_CONCURRENT_GC blocked 168ms
D/dalvikvm(  291): GC_CONCURRENT freed 191K, 5% free 5283K/5540K, paused 6ms+133ms, total 458ms
D/dalvikvm(  291): WAIT_FOR_CONCURRENT_GC blocked 34ms
D/dalvikvm(  291): WAIT_FOR_CONCURRENT_GC blocked 78ms
D/dalvikvm(  291): WAIT_FOR_CONCURRENT_GC blocked 299ms
W/InputMethodManagerService(  291): Found no subtypes in a system IME: com.android.inputmethod.pinyin
I/ActivityManager(  291): Start proc com.android.inputmethod.latin for service com.android.inputmethod.latin/.LatinIME: pid=393 uid=10010 gids={50010, 1028}
I/CommonTimeManagementService(  291): No common time service detected on this platform.  Common time services will be unavailable.
I/InputReader(  291): Reconfiguring input devices.  changes=0x00000020
I/InputReader(  291): Reconfiguring input devices.  changes=0x00000010
I/ActivityManager(  291): Start proc com.android.phone for added application com.android.phone: pid=404 uid=1001 gids={41001, 3002, 3001, 3003, 1015, 1028}
I/ActivityManager(  291): START u0 {act=android.intent.action.MAIN cat=[android.intent.category.HOME] flg=0x10000000 cmp=com.android.launcher/com.android.launcher2.Launcher} from pid 0
I/ActivityManager(  291): Start proc com.android.launcher for activity com.android.launcher/com.android.launcher2.Launcher: pid=419 uid=10020 gids={50020, 1028}
E/ThrottleService(  291): problem during onPollAlarm: java.lang.IllegalStateException: problem parsing stats: java.io.FileNotFoundException: /proc/net/xt_qtaguid/iface_stat_all: open failed: ENOENT (No such file or directory)
I/SystemServer(  291): Enabled StrictMode for system server main thread.
E/Trace   (  404): error opening trace file: No such file or directory (2)
E/Trace   (  393): error opening trace file: No such file or directory (2)
E/SurfaceFlinger(   37): ro.sf.lcd_density must be defined as a build property
D/dalvikvm(  291): GC_CONCURRENT freed 527K, 10% free 5393K/5984K, paused 5ms+78ms, total 690ms
D/gralloc_goldfish(  291): Emulator without GPU emulation detected.
I/Choreographer(  291): Skipped 34 frames!  The application may be doing too much work on its main thread.
E/Trace   (  419): error opening trace file: No such file or directory (2)
W/TelephonyProvider(  404): onCreate: confFile=/system/etc/apns-conf.xml oldCheckSum=-1
D/TelephonyManager(  404): getLteOnCdmaMode=0 curVal=-1 product_type='' lteOnCdmaProductType=''
I/LatinIME(  393): Hardware accelerated drawing: false
D/TelephonyManager(  404): getLteOnCdmaMode=0 curVal=-1 product_type='' lteOnCdmaProductType=''
D/TelephonyManager(  404): getLteOnCdmaMode=0 curVal=-1 product_type='' lteOnCdmaProductType=''
I/ActivityManager(  291): Start proc com.android.music for broadcast com.android.music/.MediaButtonIntentReceiver: pid=450 uid=10025 gids={50025, 3003, 1015, 1028}
I/dalvikvm(  450): Turning on JNI app bug workarounds for target SDK version 9...
D/dalvikvm(  291): GREF has increased to 301
E/Trace   (  450): error opening trace file: No such file or directory (2)
E/BluetoothAdapter(  361): Bluetooth binder is null
E/BluetoothAdapter(  361): Bluetooth binder is null
I/Choreographer(  291): Skipped 2865 frames!  The application may be doing too much work on its main thread.
D/dalvikvm(  291): GC_CONCURRENT freed 678K, 12% free 5447K/6188K, paused 198ms+94ms, total 1069ms
E/BluetoothAdapter(  361): Bluetooth binder is null
W/InputAttributes(  393): No editor info for this field. Bug?
I/AudioService(  291):   Remote Control   registerMediaButtonIntent() for PendingIntent{410156f0: PendingIntentRecord{40fd8e20 com.android.music broadcastIntent}}
V/TAG     (  291): bug 7643792: fitSystemWindows([0,0][0,0])
W/Settings(  404): Setting airplane_mode_on has moved from android.provider.Settings.System to android.provider.Settings.Global, returning read-only value.
W/Settings(  404): Setting auto_time has moved from android.provider.Settings.System to android.provider.Settings.Global, returning read-only global URI.
W/Settings(  404): Setting auto_time_zone has moved from android.provider.Settings.System to android.provider.Settings.Global, returning read-only global URI.
V/TAG     (  291): bug 7643792: fitSystemWindows([0,0][0,0])
W/ActivityManager(  291): Unable to start service Intent { act=com.android.internal.telephony.IWapPushManager } U=0: not found
I/ActivityManager(  291): Start proc android.process.media for content provider com.android.providers.media/.MediaProvider: pid=477 uid=10000 gids={50000, 1015, 1023, 1024, 1028, 1006, 2001, 3003, 3007}
E/ActivityThread(  393): Failed to find provider info for com.android.inputmethod.latin.dictionarypack
W/InputMethodManagerService(  291): Found no subtypes in a system IME: com.android.inputmethod.pinyin
E/BinaryDictionaryGetter(  393): Could not find a dictionary pack
I/Choreographer(  291): Skipped 178 frames!  The application may be doing too much work on its main thread.
I/LocationBlacklist(  291): whitelist: []
I/LocationBlacklist(  291): blacklist: []
I/ActivityManager(  291): Start proc android.process.acore for content provider com.android.providers.userdictionary/.UserDictionaryProvider: pid=490 uid=10001 gids={50001, 3003, 1015, 1028}
D/dalvikvm(  361): GC_CONCURRENT freed 68K, 4% free 3651K/3776K, paused 12ms+72ms, total 301ms
W/WindowManager(  291): Window freeze timeout expired.
W/WindowManager(  291): Force clearing orientation change: Window{40ee8310 u0 Keyguard}
E/BluetoothAdapter(  361): Bluetooth binder is null
D/dalvikvm(  419): GC_CONCURRENT freed 183K, 9% free 2605K/2844K, paused 4ms+2ms, total 86ms
D/dalvikvm(  419): GC_FOR_ALLOC freed 48K, 4% free 2855K/2960K, paused 94ms, total 108ms
I/dalvikvm-heap(  419): Grow heap (frag case) to 4.212MB for 1440016-byte allocation
D/        (  404): [ApnContext:default] set reason as dataEnabled,current state IDLE
D/        (  404): [ApnContext:default] setRetryCount: 0
E/SurfaceFlinger(   37): ro.sf.lcd_density must be defined as a build property
D/dalvikvm(  419): GC_FOR_ALLOC freed 11K, 3% free 4249K/4368K, paused 393ms, total 393ms
D/        (  404): [ApnContext:mms] set reason as dataEnabled,current state IDLE
D/        (  404): [ApnContext:mms] setRetryCount: 0
E/Trace   (  477): error opening trace file: No such file or directory (2)
D/        (  404): [ApnContext:supl] set reason as dataEnabled,current state IDLE
D/        (  404): [ApnContext:supl] setRetryCount: 0
D/        (  404): [ApnContext:hipri] set reason as dataEnabled,current state IDLE
D/        (  404): [ApnContext:hipri] setRetryCount: 0
D/        (  404): [ApnContext:fota] set reason as dataEnabled,current state IDLE
D/        (  404): [ApnContext:fota] setRetryCount: 0
D/        (  404): [ApnContext:ims] set reason as dataEnabled,current state IDLE
D/        (  404): [ApnContext:ims] setRetryCount: 0
D/        (  404): [ApnContext:cbs] set reason as dataEnabled,current state IDLE
D/        (  404): [ApnContext:cbs] setRetryCount: 0
D/dalvikvm(  419): GC_CONCURRENT freed 1K, 3% free 4250K/4368K, paused 4ms+3ms, total 436ms
D/dalvikvm(  291): GC_FOR_ALLOC freed 648K, 14% free 5382K/6188K, paused 264ms, total 266ms
I/dalvikvm-heap(  291): Grow heap (frag case) to 6.392MB for 1128976-byte allocation
D/dalvikvm(  291): GC_FOR_ALLOC freed 3K, 12% free 6481K/7292K, paused 118ms, total 118ms
W/ActivityManager(  291): Activity idle timeout for ActivityRecord{40fe09c8 u0 com.android.launcher/com.android.launcher2.Launcher}
D/dalvikvm(  404): GC_CONCURRENT freed 198K, 9% free 2575K/2828K, paused 2ms+2ms, total 599ms
I/ActivityManager(  291): Start proc com.android.contacts for broadcast com.android.contacts/.calllog.CallLogReceiver: pid=511 uid=10001 gids={50001, 3003, 1015, 1028}
E/BluetoothAdapter(  291): Bluetooth binder is null
E/BluetoothAdapter(  291): Bluetooth binder is null
V/WiredAccessoryManager(  291): init()
E/Trace   (  490): error opening trace file: No such file or directory (2)
E/SoundPool(  291): error loading /system/media/audio/ui/Effect_Tick.ogg
W/AudioService(  291): Soundpool could not load file: /system/media/audio/ui/Effect_Tick.ogg
E/SoundPool(  291): error loading /system/media/audio/ui/Effect_Tick.ogg
W/AudioService(  291): Soundpool could not load file: /system/media/audio/ui/Effect_Tick.ogg
E/SoundPool(  291): error loading /system/media/audio/ui/Effect_Tick.ogg
W/AudioService(  291): Soundpool could not load file: /system/media/audio/ui/Effect_Tick.ogg
E/SoundPool(  291): error loading /system/media/audio/ui/Effect_Tick.ogg
W/AudioService(  291): Soundpool could not load file: /system/media/audio/ui/Effect_Tick.ogg
E/SoundPool(  291): error loading /system/media/audio/ui/Effect_Tick.ogg
W/AudioService(  291): Soundpool could not load file: /system/media/audio/ui/Effect_Tick.ogg
E/SoundPool(  291): error loading /system/media/audio/ui/KeypressStandard.ogg
W/AudioService(  291): Soundpool could not load file: /system/media/audio/ui/KeypressStandard.ogg
E/SoundPool(  291): error loading /system/media/audio/ui/KeypressSpacebar.ogg
W/AudioService(  291): Soundpool could not load file: /system/media/audio/ui/KeypressSpacebar.ogg
E/SoundPool(  291): error loading /system/media/audio/ui/KeypressDelete.ogg
W/AudioService(  291): Soundpool could not load file: /system/media/audio/ui/KeypressDelete.ogg
E/SoundPool(  291): error loading /system/media/audio/ui/KeypressReturn.ogg
W/AudioService(  291): Soundpool could not load file: /system/media/audio/ui/KeypressReturn.ogg
W/AudioService(  291): loadSoundEffects(), Error -1 while loading samples
D/TelephonyManager(  404): getLteOnCdmaMode=0 curVal=-1 product_type='' lteOnCdmaProductType=''
I/Choreographer(  291): Skipped 1375 frames!  The application may be doing too much work on its main thread.
D/CallManager(  404): registerPhone(GSM Handler (com.android.internal.telephony.PhoneProxy) {40d02f28})
D/dalvikvm(  291): GC_CONCURRENT freed 45K, 11% free 6499K/7292K, paused 40ms+124ms, total 1821ms
E/KeyguardHostView(  291): Error when trying to bind default AppWidget: java.lang.IllegalArgumentException: not a appwidget provider: ComponentInfo{/}
E/BluetoothAdapter(  404): Bluetooth binder is null
E/Trace   (  511): error opening trace file: No such file or directory (2)
I/Choreographer(  291): Skipped 192 frames!  The application may be doing too much work on its main thread.
V/TAG     (  291): bug 7643792: fitSystemWindows([0,0][0,0])
I/DownloadManager(  477): in removeSpuriousFiles
E/BluetoothAdapter(  404): Bluetooth binder is null
W/ActivityManager(  291): Timeout executing service: ServiceRecord{40eef148 u0 com.android.systemui/.SystemUIService}
I/Process (  291): Sending signal. PID: 361 SIG: 3
I/dalvikvm(  361): threadid=3: reacting to signal 3
D/DebugService(  404): DebugService DebugService:
D/TelephonyDebugService(  404): TelephonyDebugService()
I/Process (  291): Sending signal. PID: 291 SIG: 3
I/dalvikvm(  291): threadid=3: reacting to signal 3
D/dalvikvm(  490): GC_CONCURRENT freed 213K, 10% free 2583K/2856K, paused 4ms+2ms, total 92ms
D/dalvikvm(  404): GC_CONCURRENT freed 319K, 13% free 2643K/3020K, paused 4ms+3ms, total 45ms
I/dalvikvm(  361): Wrote stack traces to '/data/anr/traces.txt'
I/Process (  291): Sending signal. PID: 404 SIG: 3
I/dalvikvm(  404): threadid=3: reacting to signal 3
D/dalvikvm(  291): GREF has increased to 401
I/dalvikvm(  291): Wrote stack traces to '/data/anr/traces.txt'
D/PhoneStatusBar(  361): disable: < expand icons alerts ticker system_info back home recent clock search >
E/UserHistoryDictionary(  393): when loading: file not foundjava.io.FileNotFoundException: /data/data/com.android.inputmethod.latin/files/UserHistoryDictionary.en_US.dict: open failed: ENOENT (No such file or directory)
E/BluetoothAdapter(  361): Bluetooth binder is null
D/dalvikvm(  393): GC_CONCURRENT freed 243K, 11% free 2535K/2836K, paused 4ms+325ms, total 1785ms
E/StrictMode(  393): A resource was acquired at attached stack trace but never released. See java.io.Closeable for information on avoiding resource leaks.
E/StrictMode(  393): java.lang.Throwable: Explicit termination method 'close' not called
E/StrictMode(  393): 	at dalvik.system.CloseGuard.open(CloseGuard.java:184)
E/StrictMode(  393): 	at android.os.ParcelFileDescriptor.<init>(ParcelFileDescriptor.java:412)
E/StrictMode(  393): 	at android.content.res.AssetManager.openNonAssetFdNative(Native Method)
E/StrictMode(  393): 	at android.content.res.AssetManager.openNonAssetFd(AssetManager.java:428)
E/StrictMode(  393): 	at android.content.res.Resources.openRawResourceFd(Resources.java:979)
E/StrictMode(  393): 	at com.android.inputmethod.latin.BinaryDictionaryGetter.loadFallbackResource(BinaryDictionaryGetter.java:183)
E/StrictMode(  393): 	at com.android.inputmethod.latin.BinaryDictionaryGetter.getDictionaryFiles(BinaryDictionaryGetter.java:456)
E/StrictMode(  393): 	at com.android.inputmethod.latin.DictionaryFactory.createMainDictionaryFromManager(DictionaryFactory.java:57)
E/StrictMode(  393): 	at com.android.inputmethod.latin.DictionaryFactory.createMainDictionaryFromManager(DictionaryFactory.java:87)
E/StrictMode(  393): 	at com.android.inputmethod.latin.Suggest$1.run(Suggest.java:108)
D/SystemUIService(  361): loading: class com.android.systemui.power.PowerUI
D/SystemUIService(  361): running: com.android.systemui.power.PowerUI@40e3fba8
D/SystemUIService(  361): loading: class com.android.systemui.media.RingtonePlayer
D/SystemUIService(  361): running: com.android.systemui.media.RingtonePlayer@40e40828
I/dalvikvm(  404): Wrote stack traces to '/data/anr/traces.txt'
D/dalvikvm(  404): GC_CONCURRENT freed 2K, 12% free 2668K/3020K, paused 29ms+194ms, total 258ms
D/dalvikvm(  419): GC_CONCURRENT freed 175K, 5% free 4631K/4868K, paused 15ms+656ms, total 803ms
E/SurfaceFlinger(   37): ro.sf.lcd_density must be defined as a build property
I/Choreographer(  361): Skipped 6227 frames!  The application may be doing too much work on its main thread.
V/TAG     (  291): bug 7643792: fitSystemWindows([0,38][0,0])
W/Settings(  404): Setting auto_time_zone has moved from android.provider.Settings.System to android.provider.Settings.Global, returning read-only value.
I/Choreographer(  291): Skipped 161 frames!  The application may be doing too much work on its main thread.
I/Choreographer(  291): Skipped 172 frames!  The application may be doing too much work on its main thread.
D/gralloc_goldfish(  419): Emulator without GPU emulation detected.
D/dalvikvm(  291): GC_CONCURRENT freed 1877K, 26% free 5656K/7596K, paused 70ms+191ms, total 1047ms
D/dalvikvm(  291): WAIT_FOR_CONCURRENT_GC blocked 95ms
D/dalvikvm(  291): WAIT_FOR_CONCURRENT_GC blocked 98ms
D/dalvikvm(  291): WAIT_FOR_CONCURRENT_GC blocked 97ms
D/dalvikvm(  291): WAIT_FOR_CONCURRENT_GC blocked 141ms
D/dalvikvm(  291): WAIT_FOR_CONCURRENT_GC blocked 145ms
D/dalvikvm(  291): WAIT_FOR_CONCURRENT_GC blocked 375ms
E/SurfaceFlinger(   37): ro.sf.lcd_density must be defined as a build property
D/dalvikvm(  419): GC_FOR_ALLOC freed 70K, 6% free 4675K/4932K, paused 863ms, total 882ms
I/dalvikvm-heap(  419): Grow heap (frag case) to 6.082MB for 1536016-byte allocation
D/dalvikvm(  419): GC_CONCURRENT freed 4K, 5% free 6171K/6436K, paused 4ms+4ms, total 284ms
D/dalvikvm(  419): WAIT_FOR_CONCURRENT_GC blocked 233ms
I//system/bin/fsck_msdos(   32): Attempting to allocate 2044 KB for FAT
D/dalvikvm(  361): GC_CONCURRENT freed 242K, 8% free 3848K/4148K, paused 4ms+3ms, total 44ms
I//system/bin/fsck_msdos(   32): ** Phase 2 - Check Cluster Chains
W/WindowManager(  291): Window freeze timeout expired.
W/WindowManager(  291): Force clearing orientation change: Window{40e8cbb8 u0 StatusBar}
D/PhoneStatusBar(  361): disable: < expand icons alerts ticker system_info BACK* HOME* RECENT* CLOCK* SEARCH* >
D/dalvikvm(  291): GC_EXPLICIT freed 67K, 26% free 5643K/7596K, paused 198ms+1037ms, total 2793ms
D/dalvikvm(  419): GC_FOR_ALLOC freed <1K, 5% free 6171K/6436K, paused 410ms, total 410ms
D/CAT     (  404): CatService: Running CAT service. STK app installed:false
D/CAT     (  404): CatService: NEW sInstance
I/dalvikvm-heap(  419): Grow heap (frag case) to 7.542MB for 1536016-byte allocation
E/SurfaceFlinger(   37): ro.sf.lcd_density must be defined as a build property
D/dalvikvm(  419): GC_CONCURRENT freed 0K, 4% free 7671K/7940K, paused 45ms+37ms, total 466ms
D/dalvikvm(  419): WAIT_FOR_CONCURRENT_GC blocked 416ms
D/dalvikvm(  361): GC_FOR_ALLOC freed 27K, 7% free 3878K/4148K, paused 130ms, total 133ms
I/dalvikvm-heap(  361): Grow heap (frag case) to 9.953MB for 6410576-byte allocation
I/ActivityManager(  291): Displayed com.android.launcher/com.android.launcher2.Launcher: +30s562ms
I/Choreographer(  419): Skipped 1063 frames!  The application may be doing too much work on its main thread.
D/dalvikvm(  361): GC_CONCURRENT freed <1K, 3% free 10138K/10412K, paused 3ms+48ms, total 627ms
I/Process (  291): Sending signal. PID: 419 SIG: 3
I/dalvikvm(  419): threadid=3: reacting to signal 3
E/ActivityManager(  291): ANR in com.android.systemui
E/ActivityManager(  291): Reason: Executing service com.android.systemui/.SystemUIService
E/ActivityManager(  291): Load: 7.73 / 2.04 / 0.69
E/ActivityManager(  291): CPU usage from 0ms to 13832ms later:
E/ActivityManager(  291):   20% 291/system_server: 13% user + 6.6% kernel / faults: 2073 minor 5 major
E/ActivityManager(  291):   15% 37/surfaceflinger: 11% user + 3.4% kernel / faults: 12 minor
E/ActivityManager(  291):   8.3% 419/com.android.launcher: 5.5% user + 2.7% kernel / faults: 2893 minor 5 major
E/ActivityManager(  291):   6.3% 404/com.android.phone: 3.4% user + 2.8% kernel / faults: 758 minor 8 major
E/ActivityManager(  291):   6.2% 361/com.android.systemui: 4% user + 2.1% kernel / faults: 2972 minor 5 major
E/ActivityManager(  291):   5.8% 490/android.process.acore: 3.3% user + 2.5% kernel / faults: 1526 minor 1 major
E/ActivityManager(  291):   3.7% 82/bootanimation: 2.7% user + 1% kernel
E/ActivityManager(  291):   1.5% 367/fsck_msdos: 0.5% user + 0.9% kernel / faults: 4073 minor
E/ActivityManager(  291):   0.8% 393/com.android.inputmethod.latin: 0.5% user + 0.3% kernel / faults: 662 minor 1 major
E/ActivityManager(  291):   0.6% 511/com.android.contacts: 0.2% user + 0.4% kernel / faults: 349 minor 7 major
E/ActivityManager(  291):   0.2% 477/android.process.media: 0.1% user + 0.1% kernel / faults: 40 minor
E/ActivityManager(  291):   0% 29/mmcqd: 0% user + 0% kernel
E/ActivityManager(  291):   0% 47/adbd: 0% user + 0% kernel / faults: 24 minor
E/ActivityManager(  291): 100% TOTAL: 65% user + 34% kernel + 0.1% irq + 0.1% softirq
E/ActivityManager(  291): CPU usage from 11138ms to 12801ms later:
E/ActivityManager(  291):   26% 291/system_server: 17% user + 9% kernel / faults: 76 minor
E/ActivityManager(  291):     11% 306/UI: 10% user + 1% kernel
E/ActivityManager(  291):     11% 308/ActivityManager: 2% user + 9% kernel
E/ActivityManager(  291):     6% 297/Compiler: 3% user + 3% kernel
E/ActivityManager(  291):     4% 307/WindowManager: 4% user + 0% kernel
E/ActivityManager(  291):     1% 291/system_server: 1% user + 0% kernel
E/ActivityManager(  291):     1% 302/Binder_1: 0% user + 1% kernel
E/ActivityManager(  291):     1% 321/PowerManagerSer: 0% user + 1% kernel
E/ActivityManager(  291):   16% 37/surfaceflinger: 11% user + 5.5% kernel / faults: 1 minor
E/ActivityManager(  291):     14% 65/SurfaceFlinger: 12% user + 1.5% kernel
E/ActivityManager(  291):     1.5% 77/EventThread: 0.7% user + 0.7% kernel
E/ActivityManager(  291):     0.7% 37/surfaceflinger: 0.7% user + 0% kernel
E/ActivityManager(  291):     0.7% 71/VSyncThread: 0% user + 0.7% kernel
E/ActivityManager(  291):     0.7% 326/Binder_2: 0.7% user + 0% kernel
E/ActivityManager(  291):     0.7% 565/Binder_6: 0.7% user + 0% kernel
E/ActivityManager(  291):   13% 419/com.android.launcher: 11% user + 2.2% kernel / faults: 74 minor
E/ActivityManager(  291):     14% 419/ndroid.launcher: 13% user + 0.7% kernel
E/ActivityManager(  291):     0.7% 424/GC: 0% user + 0.7% kernel
E/ActivityManager(  291):   15% 361/com.android.systemui: 9.8% user + 5.3% kernel / faults: 1647 minor 2 major
E/ActivityManager(  291):     16% 361/ndroid.systemui: 9.8% user + 7.1% kernel
E/ActivityManager(  291):     5.3% 365/GC: 5.3% user + 0% kernel
E/ActivityManager(  291):   3% 82/bootanimation: 2% user + 1% kernel
E/ActivityManager(  291):     4.1% 99/BootAnimation: 3% user + 1% kernel
E/ActivityManager(  291): 100% TOTAL: 65% user + 34% kernel
W/WindowManager(  291): Window freeze timeout expired.
W/WindowManager(  291): Force clearing orientation change: Window{40e8d5a8 u0 com.android.systemui.ImageWallpaper}
I/dalvikvm(  419): Wrote stack traces to '/data/anr/traces.txt'
D/dalvikvm(  419): GC_CONCURRENT freed 1501K, 23% free 6265K/8036K, paused 23ms+25ms, total 126ms
D/dalvikvm(  361): GC_FOR_ALLOC freed 1K, 3% free 10146K/10412K, paused 215ms, total 263ms
I/dalvikvm-heap(  361): Grow heap (frag case) to 12.658MB for 2828816-byte allocation
D/dalvikvm(  361): GC_CONCURRENT freed <1K, 3% free 12909K/13176K, paused 4ms+6ms, total 214ms
D/dalvikvm(  361): WAIT_FOR_CONCURRENT_GC blocked 211ms
D/gralloc_goldfish(  361): Emulator without GPU emulation detected.
D/dalvikvm(  419): GC_FOR_ALLOC freed 1500K, 41% free 4765K/8036K, paused 490ms, total 490ms
I/dalvikvm-heap(  419): Grow heap (frag case) to 6.100MB for 1463056-byte allocation
I/ActivityManager(  291): Start proc com.android.deskclock for broadcast com.android.deskclock/.AlarmInitReceiver: pid=581 uid=10006 gids={50006, 1028}
D/dalvikvm(   38): GC_EXPLICIT freed 34K, 4% free 2381K/2472K, paused 2ms+4ms, total 237ms
D/dalvikvm(   38): GC_EXPLICIT freed <1K, 4% free 2381K/2472K, paused 2ms+2ms, total 153ms
D/dalvikvm(   38): GC_EXPLICIT freed <1K, 4% free 2381K/2472K, paused 3ms+5ms, total 76ms
D/dalvikvm(  419): GC_CONCURRENT freed 0K, 23% free 6194K/8036K, paused 15ms+88ms, total 781ms
D/dalvikvm(  419): WAIT_FOR_CONCURRENT_GC blocked 766ms
I//system/bin/fsck_msdos(   32): ** Phase 3 - Checking Directories
