D/androidripper(  895): Updated value of parameter RANDOM_SEED to -4244019791393197310 (default = 5466516511651561651)
V/androidripper(  895): Updating value RETRY_FAILED_TRACES
V/androidripper(  895): Updating value theClass
D/dalvikvm(  895): GC_CONCURRENT freed 290K, 13% free 2533K/2884K, paused 5ms+10ms, total 48ms
I/System.out(  895): EMMA: collecting runtime coverage data ...
D/androidripper(  895): Updating node scheduler
D/androidripper(  895): Loading node scheduler
V/androidripper(  895): Updating value ACTIONBARHOME_EVENTS
V/androidripper(  895): Updating value ALL_EVENTS_ON_PREFERENCES
V/androidripper(  895): Updating value BACK_BUTTON_EVENT
V/androidripper(  895): Updating value DICTIONARY_FIXED_VALUE
V/androidripper(  895): Updating value DICTIONARY_IGNORE_CONTENT_TYPES
V/androidripper(  895): Updating value EMULATOR_PORT
V/androidripper(  895): Updating value EVENTS
D/androidripper(  895): Updated values of array parameter EVENTS
V/androidripper(  895): Updating value EVENT_WHEN_NO_ID
V/androidripper(  895): Updating value EXCLUDE_WIDGETS_INPUTS_IN_GPS_EVENTS
V/androidripper(  895): Updating value EXCLUDE_WIDGETS_INPUTS_IN_SENSORS_EVENTS
V/androidripper(  895): Updating value FIX_GPS_POSITION
V/androidripper(  895): Updating value INPUTS
D/androidripper(  895): Updated values of array parameter INPUTS
V/androidripper(  895): Updating value KEY_EVENTS
V/androidripper(  895): Updating value MAX_EVENTS_PER_WIDGET
V/androidripper(  895): Updating value MAX_TASKS_IN_SCHEDULER
V/androidripper(  895): Updating value MAX_TASKS_PER_EVENT
V/androidripper(  895): Updating value MENU_EVENTS
V/androidripper(  895): Updating value ORIENTATION_EVENTS
V/androidripper(  895): Updating value PLANNER
V/androidripper(  895): Updating value REFLECT_ACTIVITY_LISTENERS
V/androidripper(  895): Updating value REFLECT_WIDGETS
V/androidripper(  895): Updating value SCHEDULER_ALGORITHM
V/androidripper(  895): Updating value SCROLL_DOWN_EVENT
V/androidripper(  895): Updating value SENSOR_TYPES
V/androidripper(  895): Updating value SIMULATE_INCOMING_CALL
V/androidripper(  895): Updating value SIMULATE_INCOMING_SMS
V/androidripper(  895): Updating value TAB_EVENTS_START_ONLY
V/androidripper(  895): Updating value TEST_LOCATION_PROVIDER
V/androidripper(  895): Updating value TEXT_VALUES_FROM_DICTIONARY
V/androidripper(  895): Updating value TEXT_VALUES_ID_HASH
V/androidripper(  895): Updating value USE_GPS
V/androidripper(  895): Updating value USE_SENSORS
D/androidripper(  895): Updating node planner
D/androidripper(  895): Loading node planner
V/androidripper(  895): Updating value ACTIONBARHOME_EVENTS
V/androidripper(  895): Updating value ALL_EVENTS_ON_PREFERENCES
V/androidripper(  895): Updating value BACK_BUTTON_EVENT
V/androidripper(  895): Updating value DICTIONARY_FIXED_VALUE
V/androidripper(  895): Updating value DICTIONARY_IGNORE_CONTENT_TYPES
V/androidripper(  895): Updating value EMULATOR_PORT
V/androidripper(  895): Updating value EVENTS
D/androidripper(  895): Updated values of array parameter EVENTS
V/androidripper(  895): Updating value EVENT_WHEN_NO_ID
V/androidripper(  895): Updating value EXCLUDE_WIDGETS_INPUTS_IN_GPS_EVENTS
V/androidripper(  895): Updating value EXCLUDE_WIDGETS_INPUTS_IN_SENSORS_EVENTS
V/androidripper(  895): Updating value FIX_GPS_POSITION
V/androidripper(  895): Updating value INPUTS
D/androidripper(  895): Updated values of array parameter INPUTS
V/androidripper(  895): Updating value KEY_EVENTS
V/androidripper(  895): Updating value MAX_EVENTS_PER_WIDGET
V/androidripper(  895): Updating value MAX_TASKS_IN_SCHEDULER
V/androidripper(  895): Updating value MAX_TASKS_PER_EVENT
V/androidripper(  895): Updating value MENU_EVENTS
V/androidripper(  895): Updating value ORIENTATION_EVENTS
V/androidripper(  895): Updating value PLANNER
V/androidripper(  895): Updating value REFLECT_ACTIVITY_LISTENERS
V/androidripper(  895): Updating value REFLECT_WIDGETS
V/androidripper(  895): Updating value SCHEDULER_ALGORITHM
V/androidripper(  895): Updating value SCROLL_DOWN_EVENT
V/androidripper(  895): Updating value SENSOR_TYPES
V/androidripper(  895): Updating value SIMULATE_INCOMING_CALL
V/androidripper(  895): Updating value SIMULATE_INCOMING_SMS
V/androidripper(  895): Updating value TAB_EVENTS_START_ONLY
V/androidripper(  895): Updating value TEST_LOCATION_PROVIDER
V/androidripper(  895): Updating value TEXT_VALUES_FROM_DICTIONARY
V/androidripper(  895): Updating value TEXT_VALUES_ID_HASH
D/androidripper(  895): Updated value of parameter TEXT_VALUES_ID_HASH to true (default = false)
V/androidripper(  895): Updating value USE_GPS
V/androidripper(  895): Updating value USE_SENSORS
D/androidripper(  895): Updating node interactions
D/androidripper(  895): Loading node interactions
V/androidripper(  895): Updating value ACTIONBARHOME_EVENTS
V/androidripper(  895): Updating value ALL_EVENTS_ON_PREFERENCES
V/androidripper(  895): Updating value BACK_BUTTON_EVENT
V/androidripper(  895): Updating value DICTIONARY_FIXED_VALUE
V/androidripper(  895): Updating value DICTIONARY_IGNORE_CONTENT_TYPES
V/androidripper(  895): Updating value EMULATOR_PORT
V/androidripper(  895): Updating value EVENTS
D/androidripper(  895): Updated values of array parameter EVENTS
V/androidripper(  895): Updating value EVENT_WHEN_NO_ID
V/androidripper(  895): Updating value EXCLUDE_WIDGETS_INPUTS_IN_GPS_EVENTS
V/androidripper(  895): Updating value EXCLUDE_WIDGETS_INPUTS_IN_SENSORS_EVENTS
V/androidripper(  895): Updating value FIX_GPS_POSITION
V/androidripper(  895): Updating value INPUTS
D/androidripper(  895): Updated values of array parameter INPUTS
V/androidripper(  895): Updating value KEY_EVENTS
V/androidripper(  895): Updating value MAX_EVENTS_PER_WIDGET
V/androidripper(  895): Updating value MAX_TASKS_IN_SCHEDULER
V/androidripper(  895): Updating value MAX_TASKS_PER_EVENT
V/androidripper(  895): Updating value MENU_EVENTS
V/androidripper(  895): Updating value ORIENTATION_EVENTS
V/androidripper(  895): Updating value PLANNER
V/androidripper(  895): Updating value REFLECT_ACTIVITY_LISTENERS
V/androidripper(  895): Updating value REFLECT_WIDGETS
V/androidripper(  895): Updating value SCHEDULER_ALGORITHM
V/androidripper(  895): Updating value SCROLL_DOWN_EVENT
V/androidripper(  895): Updating value SENSOR_TYPES
V/androidripper(  895): Updating value SIMULATE_INCOMING_CALL
V/androidripper(  895): Updating value SIMULATE_INCOMING_SMS
V/androidripper(  895): Updating value TAB_EVENTS_START_ONLY
V/androidripper(  895): Updating value TEST_LOCATION_PROVIDER
V/androidripper(  895): Updating value TEXT_VALUES_FROM_DICTIONARY
V/androidripper(  895): Updating value TEXT_VALUES_ID_HASH
V/androidripper(  895): Updating value USE_GPS
V/androidripper(  895): Updating value USE_SENSORS
D/androidripper(  895): Updating node comparator
D/androidripper(  895): Loading node comparator
V/androidripper(  895): Updating value COMPARATOR
V/androidripper(  895): Updating value COMPARATOR_TYPE
D/androidripper(  895): Updated value of parameter COMPARATOR_TYPE to CustomWidgetsSimpleComparator (default = NullComparator)
V/androidripper(  895): Updating value COMPARE_ACTIVITY_NAME
V/androidripper(  895): Updating value COMPARE_LIST_COUNT
V/androidripper(  895): Updating value COMPARE_MENU_COUNT
V/androidripper(  895): Updating value COMPARE_STATE_TITLE
D/androidripper(  895): Updated value of parameter COMPARE_STATE_TITLE to true (default = false)
V/androidripper(  895): Updating value COMPARE_VALUES
V/androidripper(  895): Updating value WIDGET_TYPES
D/androidripper(  895): Updated values of array parameter WIDGET_TYPES
D/androidripper(  895): Comparation by name is enabled
D/androidripper(  895): Comparation by title is disabled
D/androidripper(  895): Updating node strategy
D/androidripper(  895): Loading node strategy
V/androidripper(  895): Updating value AFTER_EVENT_DONT_EXPLORE
V/androidripper(  895): Updating value AFTER_WIDGET_DONT_EXPLORE
V/androidripper(  895): Updating value CHECK_FOR_TRANSITION
V/androidripper(  895): Updating value EXPLORE_ONLY_NEW_STATES
V/androidripper(  895): Updating value MAX_NUM_TRACES
V/androidripper(  895): Updating value MAX_TIME_CRAWLING
V/androidripper(  895): Updating value PAUSE_AFTER_TIME
V/androidripper(  895): Updating value PAUSE_AFTER_TRACES
V/androidripper(  895): Updating value TRACE_MAX_DEPTH
V/androidripper(  895): Updating value TRACE_MIN_DEPTH
D/dalvikvm(  895): GC_CONCURRENT freed 333K, 14% free 2594K/2992K, paused 4ms+7ms, total 26ms
W/dalvikvm(  895): method Landroid/test/InstrumentationTestRunner$StringResultPrinter;.print incorrectly overrides package-private method with same name in Ljunit/textui/ResultPrinter;
I/TestRunner(  895): started: testAndCrawl(it.unina.androidripper.guitree.GuiTreeEngine)
I/ActivityManager(  293): START u0 {act=android.intent.action.MAIN flg=0x10000000 cmp=de.freewarepoint.whohasmystuff/.ListLentObjects} from pid 895
D/PermissionCache(   37): checking android.permission.READ_FRAME_BUFFER for uid=1000 => granted (8458 us)
W/WindowManager(  293): Failure taking screenshot for (246x410) to layer 21005
E/SurfaceFlinger(   37): ro.sf.lcd_density must be defined as a build property
I/Choreographer(  293): Skipped 40 frames!  The application may be doing too much work on its main thread.
D/dalvikvm(  895): GC_FOR_ALLOC freed 24K, 11% free 2741K/3048K, paused 108ms, total 109ms
I/dalvikvm-heap(  895): Grow heap (frag case) to 3.342MB for 635812-byte allocation
D/dalvikvm(  895): GC_FOR_ALLOC freed <1K, 9% free 3362K/3672K, paused 265ms, total 265ms
D/dalvikvm(  895): GC_CONCURRENT freed 0K, 9% free 3363K/3672K, paused 56ms+31ms, total 101ms
E/SurfaceFlinger(   37): ro.sf.lcd_density must be defined as a build property
D/gralloc_goldfish(  895): Emulator without GPU emulation detected.
E/ThrottleService(  293): problem during onPollAlarm: java.lang.IllegalStateException: problem parsing stats: java.io.FileNotFoundException: /proc/net/xt_qtaguid/iface_stat_all: open failed: ENOENT (No such file or directory)
E/ThrottleService(  293): Error reading data file
I/ActivityManager(  293): Displayed de.freewarepoint.whohasmystuff/.ListLentObjects: +1s346ms
D/androidripper(  895): Generated Resuming Persistence
D/androidripper(  895): Updating node storage
D/androidripper(  895): Loading node storage
V/androidripper(  895): Updating value ACTIVITY_LIST_FILE_NAME
V/androidripper(  895): Updating value FILE_NAME
V/androidripper(  895): Updating value MAX_TRACES_IN_RAM
V/androidripper(  895): Updating value ONLY_FINALTRANSITION
V/androidripper(  895): Updating value PARAMETERS_FILE_NAME
V/androidripper(  895): Updating value TASK_LIST_FILE_NAME
E/dalvikvm(  895): Could not find class 'android.support.v4.app.FragmentActivity', referenced from method com.jayway.android.robotium.solo.Waiter.getSupportFragment
W/dalvikvm(  895): VFY: unable to resolve check-cast 56 (Landroid/support/v4/app/FragmentActivity;) in Lcom/jayway/android/robotium/solo/Waiter;
D/dalvikvm(  895): VFY: replacing opcode 0x1f at 0x0009
I/dalvikvm(  895): Could not find method android.support.v4.app.FragmentActivity.getSupportFragmentManager, referenced from method com.jayway.android.robotium.solo.Waiter.getSupportFragment
W/dalvikvm(  895): VFY: unable to resolve virtual method 141: Landroid/support/v4/app/FragmentActivity;.getSupportFragmentManager ()Landroid/support/v4/app/FragmentManager;
D/dalvikvm(  895): VFY: replacing opcode 0x6e at 0x0010
I/dalvikvm(  895): Could not find method android.support.v4.app.FragmentActivity.getSupportFragmentManager, referenced from method com.jayway.android.robotium.solo.Waiter.getSupportFragment
W/dalvikvm(  895): VFY: unable to resolve virtual method 141: Landroid/support/v4/app/FragmentActivity;.getSupportFragmentManager ()Landroid/support/v4/app/FragmentManager;
D/dalvikvm(  895): VFY: replacing opcode 0x6e at 0x0019
W/dalvikvm(  895): VFY: unable to find class referenced in signature (Landroid/support/v4/app/Fragment;)
W/dalvikvm(  895): VFY: unable to find class referenced in signature (Landroid/support/v4/app/Fragment;)
D/androidripper(  895): Updating node automation
D/androidripper(  895): Loading node automation
V/androidripper(  895): Updating value FORCE_RESTART
V/androidripper(  895): Updating value IN_AND_OUT_FOCUS
V/androidripper(  895): Updating value PRECRAWLING
V/androidripper(  895): Updating value SCREENSHOT_FOR_EVENTS
V/androidripper(  895): Updating value SCREENSHOT_FOR_STATES
V/androidripper(  895): Updating value SCREENSHOT_ONLY_NEW_STATES
V/androidripper(  895): Updating value SLEEP_AFTER_EVENT
V/androidripper(  895): Updating value SLEEP_AFTER_RESTART
V/androidripper(  895): Updating value SLEEP_AFTER_TASK
V/androidripper(  895): Updating value SLEEP_ON_THROBBER
I/androidripper(  895): Waiting for 1 sec.
D/androidripper(  895): Ready to operate after restarting...
I/androidripper(  895): Current activity is ListLentObjects
W/androidripper(  895): --->ListLentObjects
I/androidripper(  895): Retrieving widgets
D/androidripper(  895): Found widget: id=-1 (android.widget.LinearLayout{40ce05f8 V.E..... ......ID 0,0-480,800})
D/androidripper(  895): Found widget: id=16909145 (com.android.internal.widget.ActionBarContainer{40d242f0 V.ED.... ......I. 0,38-480,110 #1020359 android:id/action_bar_container})
D/androidripper(  895): Found widget: id=16909146 (com.android.internal.widget.ActionBarView{40d234c8 V.E..... ......I. 0,0-480,72 #102035a android:id/action_bar})
D/androidripper(  895): Found widget: id=-1 (android.widget.LinearLayout{40ce3348 V.....C. ......I. 13,0-314,72})
D/androidripper(  895): Found widget: id=-1 (com.android.internal.widget.ActionBarView$HomeView{40ce08c0 V.E..... ......I. 0,0-60,72})
D/androidripper(  895): Found widget: id=16908870 (android.widget.ImageView{40ceaed0 G.ED.... ......I. 0,0-0,0 #1020246 android:id/up})
D/androidripper(  895): Found widget: id=16908332 (android.widget.ImageView{40d11880 V.ED.... ......I. 6,12-54,60 #102002c android:id/home})
D/androidripper(  895): Found widget: id=-1 (android.widget.LinearLayout{40cea528 V.E..... ......I. 60,0-301,72})
D/androidripper(  895): Found widget: id=16908870 (android.widget.ImageView{40d21ca8 G.ED.... ......I. 0,0-0,0 #1020246 android:id/up})
D/androidripper(  895): Found widget: id=-1 (android.widget.LinearLayout{40d2b428 V.E..... ......I. 0,17-229,54})
D/androidripper(  895): Found widget: id=16908877 (android.widget.TextView{40d2aa58 V.ED.... ......I. 0,0-229,37 #102024d android:id/action_bar_title}): Who Has My Stuff?
D/androidripper(  895): Found widget: id=16908878 (android.widget.TextView{40d44d78 G.ED.... ......I. 0,0-0,0 #102024e android:id/action_bar_subtitle}): 
D/androidripper(  895): Found widget: id=-1 (com.android.internal.view.menu.ActionMenuView{40d42718 V.ED.... ......ID 480,0-480,72})
D/androidripper(  895): Found widget: id=16909147 (com.android.internal.widget.ActionBarContextView{40d23f00 G.E..... ......ID 0,0-0,0 #102035b android:id/action_context_bar})
D/androidripper(  895): Found widget: id=16908290 (android.widget.FrameLayout{40d21a38 V.E..... ......ID 0,110-480,800 #1020002 android:id/content})
D/androidripper(  895): Found widget: id=-1 (android.widget.LinearLayout{40ce94b8 V.E..... ......ID 0,0-480,690})
D/androidripper(  895): Found widget: id=16908298 (android.widget.ListView{40cc31e8 VFED.VCL .F....ID 0,0-480,690 #102000a android:id/list})
D/androidripper(  895): Found widget: id=-1 (android.widget.LinearLayout{40ced7d0 V.E..... ..S...I. 0,0-480,96})
D/androidripper(  895): Found widget: id=-1 (android.widget.LinearLayout{40d40fe0 V.E..... ..S...I. 9,9-317,87})
D/androidripper(  895): Found widget: id=2131165201 (android.widget.TextView{40ce74a8 V.ED.... ..S...I. 0,0-308,39 #7f070011 app:id/toptext}): Example entry
D/androidripper(  895): Found widget: id=2131165202 (android.widget.TextView{40d41e58 V.ED.... ..S...I. 0,39-308,78 #7f070012 app:id/bottomtext}): "Who Has My Stuff?" Test User
D/androidripper(  895): Found widget: id=-1 (android.widget.LinearLayout{40d25c48 V.E..... ..S...I. 317,9-471,87})
D/androidripper(  895): Found widget: id=2131165203 (android.widget.TextView{40d422b8 V.ED.... ..S...I. 0,0-154,78 #7f070013 app:id/date}): Today
D/androidripper(  895): Found widget: id=-1 (android.widget.LinearLayout{40d25460 V.E..... ......I. 0,97-480,193})
D/androidripper(  895): Found widget: id=-1 (android.widget.LinearLayout{40d41348 V.E..... ......I. 9,9-317,87})
D/androidripper(  895): Found widget: id=2131165201 (android.widget.TextView{40d44948 V.ED.... ......I. 0,0-308,39 #7f070011 app:id/toptext}): Press menu button to add entries
D/androidripper(  895): Found widget: id=2131165202 (android.widget.TextView{40d47280 V.ED.... ......I. 0,39-308,78 #7f070012 app:id/bottomtext}): "Who Has My Stuff?" Test User
D/androidripper(  895): Found widget: id=-1 (android.widget.LinearLayout{40d18060 V.E..... ......I. 317,9-471,87})
D/androidripper(  895): Found widget: id=2131165203 (android.widget.TextView{40cccb08 V.ED.... ......I. 0,0-154,78 #7f070013 app:id/date}): Today
D/androidripper(  895): Found widget: id=16909148 (com.android.internal.widget.ActionBarContainer{40ce9bc0 G.ED.... ......I. 0,0-0,0 #102035c android:id/split_action_bar})
D/androidripper(  895): Found widget: id=-1 (com.android.internal.policy.impl.PhoneWindow$DecorView{40cec858 V.E..... R.....I. 0,0-480,800})
V/androidripper(  895): TextualID : null
V/androidripper(  895): ContentType detected : default
E/androidripper(  895): java.lang.NoSuchFieldException: mOnFocusChangeListener
V/androidripper(  895): android.widget.ListView > mOnFocusChangeListener NOT FOUND
V/androidripper(  895): TextualID : toptext
V/androidripper(  895): ContentType detected : default
V/androidripper(  895): TextualID : bottomtext
V/androidripper(  895): ContentType detected : default
V/androidripper(  895): TextualID : date
V/androidripper(  895): ContentType detected : default
V/androidripper(  895): TextualID : toptext
V/androidripper(  895): ContentType detected : default
V/androidripper(  895): TextualID : bottomtext
V/androidripper(  895): ContentType detected : default
V/androidripper(  895): TextualID : date
V/androidripper(  895): ContentType detected : default
I/androidripper(  895): Attempting to resume previous session
I/androidripper(  895): Reading task file
D/androidripper(  895): Importing trace #1 from disk
D/androidripper(  895): Importing trace #2 from disk
D/dalvikvm(  895): GC_CONCURRENT freed 285K, 9% free 3589K/3936K, paused 6ms+3ms, total 99ms
D/dalvikvm(  895): WAIT_FOR_CONCURRENT_GC blocked 24ms
D/androidripper(  895): Importing trace #3 from disk
D/androidripper(  895): Importing trace #4 from disk
D/androidripper(  895): Importing trace #5 from disk
D/androidripper(  895): Importing trace #6 from disk
D/androidripper(  895): Importing trace #7 from disk
D/androidripper(  895): Importing trace #8 from disk
D/androidripper(  895): Importing trace #9 from disk
D/androidripper(  895): Importing trace #10 from disk
D/androidripper(  895): Importing trace #11 from disk
D/androidripper(  895): Importing trace #12 from disk
D/androidripper(  895): Importing trace #13 from disk
D/androidripper(  895): Importing trace #14 from disk
D/androidripper(  895): Importing trace #15 from disk
D/androidripper(  895): Importing trace #16 from disk
D/androidripper(  895): Importing trace #17 from disk
I/androidripper(  895): Reading state file
D/dalvikvm(  895): GC_CONCURRENT freed 350K, 11% free 3744K/4164K, paused 4ms+3ms, total 97ms
D/dalvikvm(  895): WAIT_FOR_CONCURRENT_GC blocked 25ms
D/androidripper(  895): Imported activity state a1 from disk
D/androidripper(  895): Imported activity state a2 from disk
D/androidripper(  895): Performing backup of the old activity list on disk
D/androidripper(  895): Saving new found state 'a1' on disk
V/androidripper(  895): Opening state file in overwrite mode.
D/dalvikvm(  895): GC_CONCURRENT freed 335K, 10% free 3907K/4312K, paused 5ms+21ms, total 123ms
D/dalvikvm(  895): WAIT_FOR_CONCURRENT_GC blocked 32ms
D/androidripper(  895): Performing backup of the old activity list on disk
D/androidripper(  895): Saving new found state 'a2' on disk
V/androidripper(  895): Opening state file in append mode.
D/androidripper(  895): Backup session footer restored to 
D/androidripper(  895): </SESSION>
D/androidripper(  895): Restored trace count to 18
D/androidripper(  895): Restored abstractor counters to: event = 18 - input = 18 - activity = 2
I/androidripper(  895): Saving the session on disk.
D/dalvikvm(  895): GC_EXPLICIT freed 328K, 11% free 3838K/4312K, paused 3ms+3ms, total 52ms
I/androidripper(  895): Dispatching new task. 17 more tasks remaining.
D/androidripper(  895): Performing backup of the old task list on disk
D/androidripper(  895): Saving task list on disk
V/androidripper(  895): Backing up trace #1 to disk.
V/androidripper(  895): Backing up trace #2 to disk.
V/androidripper(  895): Backing up trace #3 to disk.
V/androidripper(  895): Backing up trace #4 to disk.
V/androidripper(  895): Backing up trace #5 to disk.
V/androidripper(  895): Backing up trace #6 to disk.
V/androidripper(  895): Backing up trace #7 to disk.
V/androidripper(  895): Backing up trace #8 to disk.
V/androidripper(  895): Backing up trace #9 to disk.
V/androidripper(  895): Backing up trace #10 to disk.
V/androidripper(  895): Backing up trace #11 to disk.
D/dalvikvm(  895): GC_CONCURRENT freed 453K, 12% free 3895K/4416K, paused 4ms+3ms, total 88ms
D/dalvikvm(  895): WAIT_FOR_CONCURRENT_GC blocked 31ms
V/androidripper(  895): Backing up trace #12 to disk.
V/androidripper(  895): Backing up trace #13 to disk.
V/androidripper(  895): Backing up trace #14 to disk.
V/androidripper(  895): Backing up trace #15 to disk.
V/androidripper(  895): Backing up trace #16 to disk.
V/androidripper(  895): Backing up trace #17 to disk.
D/androidripper(  895): Deleting backup of the old task list from disk
D/androidripper(  895): Deleting backup of the old activity list from disk
I/androidripper(  895): Restarting
D/AndroidRuntime(  914): 
D/AndroidRuntime(  914): >>>>>> AndroidRuntime START com.android.internal.os.RuntimeInit <<<<<<
D/AndroidRuntime(  914): CheckJNI is ON
D/dalvikvm(  914): Trying to load lib libjavacore.so 0x0
D/dalvikvm(  914): Added shared lib libjavacore.so 0x0
D/dalvikvm(  914): Trying to load lib libnativehelper.so 0x0
D/dalvikvm(  914): Added shared lib libnativehelper.so 0x0
I/androidripper(  895): Waiting for 1 sec.
D/AndroidRuntime(  914): Calling main entry com.android.commands.am.Am
D/dalvikvm(  914): Note: class Landroid/app/ActivityManagerNative; has 157 unimplemented (abstract) methods
D/EmmaInstrumentation:(  895): Intermidate Dump Called with file name :/mnt/sdcard/coverage.ec
D/EmmaInstrumentation:(  895): generateCoverageReport()
I/System.out(  895): EMMA: runtime coverage data merged into [/mnt/sdcard/coverage.ec] {in 40 ms}
D/AndroidRuntime(  914): Shutting down VM
D/dalvikvm(  914): GC_CONCURRENT freed 91K, 17% free 492K/588K, paused 0ms+1ms, total 8ms
D/dalvikvm(  895): GC_CONCURRENT freed 482K, 14% free 3837K/4452K, paused 4ms+3ms, total 104ms
D/androidripper(  895): Ready to operate after restarting...
I/androidripper(  895): Retrieving widgets
D/androidripper(  895): Found widget: id=-1 (android.widget.LinearLayout{40ce05f8 V.E..... ......I. 0,0-480,800})
D/androidripper(  895): Found widget: id=16909145 (com.android.internal.widget.ActionBarContainer{40d242f0 V.ED.... ......I. 0,38-480,110 #1020359 android:id/action_bar_container})
D/androidripper(  895): Found widget: id=16909146 (com.android.internal.widget.ActionBarView{40d234c8 V.E..... ......I. 0,0-480,72 #102035a android:id/action_bar})
D/androidripper(  895): Found widget: id=-1 (android.widget.LinearLayout{40ce3348 V.....C. ......I. 13,0-314,72})
D/androidripper(  895): Found widget: id=-1 (com.android.internal.widget.ActionBarView$HomeView{40ce08c0 V.E..... ......I. 0,0-60,72})
D/androidripper(  895): Found widget: id=16908870 (android.widget.ImageView{40ceaed0 G.ED.... ......I. 0,0-0,0 #1020246 android:id/up})
D/androidripper(  895): Found widget: id=16908332 (android.widget.ImageView{40d11880 V.ED.... ......I. 6,12-54,60 #102002c android:id/home})
D/androidripper(  895): Found widget: id=-1 (android.widget.LinearLayout{40cea528 V.E..... ......I. 60,0-301,72})
D/androidripper(  895): Found widget: id=16908870 (android.widget.ImageView{40d21ca8 G.ED.... ......I. 0,0-0,0 #1020246 android:id/up})
D/androidripper(  895): Found widget: id=-1 (android.widget.LinearLayout{40d2b428 V.E..... ......I. 0,17-229,54})
D/androidripper(  895): Found widget: id=16908877 (android.widget.TextView{40d2aa58 V.ED.... ......I. 0,0-229,37 #102024d android:id/action_bar_title}): Who Has My Stuff?
D/androidripper(  895): Found widget: id=16908878 (android.widget.TextView{40d44d78 G.ED.... ......I. 0,0-0,0 #102024e android:id/action_bar_subtitle}): 
D/androidripper(  895): Found widget: id=-1 (com.android.internal.view.menu.ActionMenuView{40d42718 V.ED.... ......ID 480,0-480,72})
D/androidripper(  895): Found widget: id=16909147 (com.android.internal.widget.ActionBarContextView{40d23f00 G.E..... ......ID 0,0-0,0 #102035b android:id/action_context_bar})
D/androidripper(  895): Found widget: id=16908290 (android.widget.FrameLayout{40d21a38 V.E..... ......I. 0,110-480,800 #1020002 android:id/content})
D/androidripper(  895): Found widget: id=-1 (android.widget.LinearLayout{40ce94b8 V.E..... ......I. 0,0-480,690})
D/androidripper(  895): Found widget: id=16908298 (android.widget.ListView{40cc31e8 VFED.VCL .F....I. 0,0-480,690 #102000a android:id/list})
D/androidripper(  895): Found widget: id=-1 (android.widget.LinearLayout{40ced7d0 V.E..... ..S...I. 0,0-480,96})
D/androidripper(  895): Found widget: id=-1 (android.widget.LinearLayout{40d40fe0 V.E..... ..S...I. 9,9-317,87})
D/androidripper(  895): Found widget: id=2131165201 (android.widget.TextView{40ce74a8 V.ED.... ..S...I. 0,0-308,39 #7f070011 app:id/toptext}): Example entry
D/androidripper(  895): Found widget: id=2131165202 (android.widget.TextView{40d41e58 V.ED.... ..S...I. 0,39-308,78 #7f070012 app:id/bottomtext}): "Who Has My Stuff?" Test User
D/androidripper(  895): Found widget: id=-1 (android.widget.LinearLayout{40d25c48 V.E..... ..S...I. 317,9-471,87})
D/androidripper(  895): Found widget: id=2131165203 (android.widget.TextView{40d422b8 V.ED.... ..S...I. 0,0-154,78 #7f070013 app:id/date}): Today
D/androidripper(  895): Found widget: id=-1 (android.widget.LinearLayout{40d25460 V.E..... ......I. 0,97-480,193})
D/androidripper(  895): Found widget: id=-1 (android.widget.LinearLayout{40d41348 V.E..... ......I. 9,9-317,87})
D/androidripper(  895): Found widget: id=2131165201 (android.widget.TextView{40d44948 V.ED.... ......I. 0,0-308,39 #7f070011 app:id/toptext}): Press menu button to add entries
D/androidripper(  895): Found widget: id=2131165202 (android.widget.TextView{40d47280 V.ED.... ......I. 0,39-308,78 #7f070012 app:id/bottomtext}): "Who Has My Stuff?" Test User
D/androidripper(  895): Found widget: id=-1 (android.widget.LinearLayout{40d18060 V.E..... ......I. 317,9-471,87})
D/androidripper(  895): Found widget: id=2131165203 (android.widget.TextView{40cccb08 V.ED.... ......I. 0,0-154,78 #7f070013 app:id/date}): Today
D/androidripper(  895): Found widget: id=16909148 (com.android.internal.widget.ActionBarContainer{40ce9bc0 G.ED.... ......I. 0,0-0,0 #102035c android:id/split_action_bar})
D/androidripper(  895): Found widget: id=-1 (com.android.internal.policy.impl.PhoneWindow$DecorView{40cec858 V.E..... R.....I. 0,0-480,800})
I/androidripper(  895): Playing Trace 1
I/androidripper(  895): Retrieved from return list id=16908298
D/androidripper(  895): Testing for type (android.widget.ListView) against the original (android.widget.ListView)
D/androidripper(  895): Testing for name () against the original ()
I/androidripper(  895): Firing event: type= selectListItem index=16 widget=android.widget.ListView
I/androidripper(  895): Swapping to listview item 2
D/androidripper(  895): Event description: Press menu button to add entries
I/ActivityManager(  293): START u0 {act=android.intent.action.EDIT cmp=de.freewarepoint.whohasmystuff/.AddObject (has extras)} from pid 895
W/WindowManager(  293): Failure taking screenshot for (246x410) to layer 21010
I/androidripper(  895): Waiting for 1 sec.
D/dalvikvm(  895): GC_FOR_ALLOC freed 232K, 13% free 3889K/4452K, paused 73ms, total 92ms
I/dalvikvm-heap(  895): Grow heap (frag case) to 4.008MB for 157456-byte allocation
D/dalvikvm(  895): GC_FOR_ALLOC freed 1K, 13% free 4042K/4608K, paused 67ms, total 67ms
E/ActivityThread(  408): Failed to find provider info for com.android.inputmethod.latin.dictionarypack
E/BinaryDictionaryGetter(  408): Could not find a dictionary pack
D/dalvikvm(  895): GC_CONCURRENT freed 66K, 3% free 4417K/4552K, paused 3ms+77ms, total 195ms
E/SurfaceFlinger(   37): ro.sf.lcd_density must be defined as a build property
I/Choreographer(  895): Skipped 181 frames!  The application may be doing too much work on its main thread.
I/ActivityManager(  293): Displayed de.freewarepoint.whohasmystuff/.AddObject: +2s509ms
I/Choreographer(  895): Skipped 51 frames!  The application may be doing too much work on its main thread.
I/ARMAssembler(   37): generated scanline__00000077:03010104_00008001_00000000 [ 89 ipp] (110 ins) at [0x40afc460:0x40afc618] in 996000 ns
I/androidripper(  895): Current activity is AddObject
I/androidripper(  895): Retrieving widgets
D/androidripper(  895): Found widget: id=-1 (android.widget.LinearLayout{40e19718 V.E..... ......I. 0,0-480,800})
D/androidripper(  895): Found widget: id=16909145 (com.android.internal.widget.ActionBarContainer{40e1a2d8 V.ED.... ......I. 0,38-480,110 #1020359 android:id/action_bar_container})
D/androidripper(  895): Found widget: id=16909146 (com.android.internal.widget.ActionBarView{40e1a8a0 V.E..... ......I. 0,0-480,72 #102035a android:id/action_bar})
D/androidripper(  895): Found widget: id=-1 (android.widget.LinearLayout{40e24ef0 V.....C. ......I. 13,0-252,72})
D/androidripper(  895): Found widget: id=-1 (com.android.internal.widget.ActionBarView$HomeView{40e265d0 V.E..... ......I. 0,0-60,72})
D/androidripper(  895): Found widget: id=16908870 (android.widget.ImageView{40e26a10 G.ED.... ......I. 0,0-0,0 #1020246 android:id/up})
D/androidripper(  895): Found widget: id=16908332 (android.widget.ImageView{40e26d80 V.ED.... ......I. 6,12-54,60 #102002c android:id/home})
D/androidripper(  895): Found widget: id=-1 (android.widget.LinearLayout{40e20b60 V.E..... ......I. 60,0-239,72})
D/androidripper(  895): Found widget: id=16908870 (android.widget.ImageView{40e20f28 G.ED.... ......I. 0,0-0,0 #1020246 android:id/up})
D/androidripper(  895): Found widget: id=-1 (android.widget.LinearLayout{40e212a0 V.E..... ......I. 0,17-167,54})
D/androidripper(  895): Found widget: id=16908877 (android.widget.TextView{40e21670 V.ED.... ......I. 0,0-167,37 #102024d android:id/action_bar_title}): Edit Lent Item
D/androidripper(  895): Found widget: id=16908878 (android.widget.TextView{40e22390 G.ED.... ......I. 0,0-0,0 #102024e android:id/action_bar_subtitle}): 
D/androidripper(  895): Found widget: id=-1 (com.android.internal.view.menu.ActionMenuView{40ccd7b8 V.ED.... ......ID 480,0-480,72})
D/androidripper(  895): Found widget: id=16909147 (com.android.internal.widget.ActionBarContextView{40e229d8 G.E..... ......ID 0,0-0,0 #102035b android:id/action_context_bar})
D/androidripper(  895): Found widget: id=16908290 (android.widget.FrameLayout{40e22f30 V.E..... ......I. 0,110-480,800 #1020002 android:id/content})
D/androidripper(  895): Found widget: id=-1 (android.widget.RelativeLayout{40e1c9b8 V.E..... ......I. 0,0-480,690})
D/androidripper(  895): Found widget: id=2131165184 (android.widget.LinearLayout{40e1cf38 V.E..... ......I. 0,606-480,690 #7f070000 app:id/buttonBar})
D/androidripper(  895): Found widget: id=2131165186 (android.widget.Button{40ce8558 GFED..C. ......I. 0,0-0,0 #7f070002 app:id/cancel_button}): Cancel
D/androidripper(  895): Found widget: id=2131165185 (android.widget.Button{40e39030 VFED..C. ......I. 6,8-218,80 #7f070001 app:id/add_button}): Save changes
D/androidripper(  895): Found widget: id=2131165187 (android.widget.Button{40e51a88 VFED..C. ......I. 218,8-474,80 #7f070003 app:id/returned_button}): Mark as Returned
D/androidripper(  895): Found widget: id=2131165188 (android.widget.Button{40e40cf0 GFED..C. ......I. 0,0-0,0 #7f070004 app:id/delete_button}): Delete
D/androidripper(  895): Found widget: id=-1 (android.widget.ScrollView{40e854d8 VFED.V.. ......I. 0,0-480,606})
D/androidripper(  895): Found widget: id=-1 (android.widget.LinearLayout{40e1b9a0 V.E..... ......I. 0,0-480,379})
D/androidripper(  895): Found widget: id=-1 (android.view.View{40e40758 V.ED.... ......I. 0,0-480,1})
D/androidripper(  895): Found widget: id=-1 (android.widget.TextView{40e11230 V.ED.... ......I. 0,1-107,30}): Description
D/androidripper(  895): Found widget: id=2131165189 (android.widget.EditText{40e91640 VFED..CL .F....I. 0,30-480,89 #7f070005 app:id/add_description}): Press menu button to add entries
D/androidripper(  895): Found widget: id=-1 (android.view.View{40e47610 V.ED.... ......I. 0,89-480,90})
D/androidripper(  895): Found widget: id=-1 (android.widget.TextView{40e88878 V.ED.... ......I. 0,90-46,119}): Type
D/androidripper(  895): Found widget: id=2131165190 (android.widget.Spinner{40e91348 VFED..C. ......I. 0,119-480,174 #7f070006 app:id/type_spinner})
D/androidripper(  895): Found widget: id=16908308 (android.widget.TextView{40e9fff8 V.ED.... ......I. 6,10-456,43 #1020014 android:id/text1}): Other
D/androidripper(  895): Found widget: id=-1 (android.view.View{40e805f0 V.ED.... ......I. 0,174-480,175})
D/androidripper(  895): Found widget: id=-1 (android.widget.TextView{40e46510 V.ED.... ......I. 0,175-44,204}): Date
D/androidripper(  895): Found widget: id=2131165191 (android.widget.Button{40e96640 VFED..C. ......I. 0,204-480,276 #7f070007 app:id/pickDate}): January 5, 2017
D/androidripper(  895): Found widget: id=-1 (android.view.View{40e87490 V.ED.... ......I. 0,276-480,277})
D/androidripper(  895): Found widget: id=-1 (android.widget.TextView{40e38610 V.ED.... ......I. 0,277-66,306}): Person
D/androidripper(  895): Found widget: id=-1 (android.widget.LinearLayout{40e2dce8 V.E..... ......I. 0,306-480,378})
D/androidripper(  895): Found widget: id=2131165192 (android.widget.EditText{40e4f9a0 VFED..CL ......I. 0,0-384,59 #7f070008 app:id/personName}): "Who Has My Stuff?" Test User
D/androidripper(  895): Found widget: id=2131165193 (android.widget.ImageButton{40e91178 VFED..C. ......I. 384,0-480,72 #7f070009 app:id/choosePerson})
D/androidripper(  895): Found widget: id=2131165194 (android.view.View{40e558a8 V.ED.... ......I. 0,378-480,379 #7f07000a app:id/select_calendar_separator})
D/androidripper(  895): Found widget: id=2131165195 (android.widget.CheckBox{40e11540 GFED..C. ......ID 0,0-0,0 #7f07000b app:id/add_calendar_checkbox}): Add Entry to Calendar
D/androidripper(  895): Found widget: id=2131165196 (android.widget.TextView{40ccbef8 G.ED.... ......I. 0,0-0,0 #7f07000c app:id/select_calendar_text}): Calendar
D/androidripper(  895): Found widget: id=2131165197 (android.widget.Spinner{40e7c9c8 G.ED..C. ......I. 0,0-0,0 #7f07000d app:id/calendar_select})
D/androidripper(  895): Found widget: id=2131165198 (android.view.View{40e2b520 G.ED.... ......I. 0,0-0,0 #7f07000e app:id/return_date_separator})
D/androidripper(  895): Found widget: id=2131165199 (android.widget.TextView{40e37fe0 G.ED.... ......I. 0,0-0,0 #7f07000f app:id/return_date_text}): Expected return date
D/androidripper(  895): Found widget: id=2131165200 (android.widget.Button{40e67350 GFED..C. ......I. 0,0-0,0 #7f070010 app:id/returnDate}): January 19, 2017
D/androidripper(  895): Found widget: id=16909148 (com.android.internal.widget.ActionBarContainer{40e23320 G.ED.... ......I. 0,0-0,0 #102035c android:id/split_action_bar})
D/androidripper(  895): Found widget: id=-1 (com.android.internal.policy.impl.PhoneWindow$DecorView{40e18ff0 V.E..... R.....ID 0,0-480,800})
V/androidripper(  895): TextualID : null
V/androidripper(  895): ContentType detected : default
V/androidripper(  895): TextualID : add_button
V/androidripper(  895): ContentType detected : default
V/androidripper(  895): TextualID : returned_button
V/androidripper(  895): ContentType detected : default
V/androidripper(  895): TextualID : null
V/androidripper(  895): ContentType detected : default
E/androidripper(  895): java.lang.NoSuchFieldException: mOnFocusChangeListener
V/androidripper(  895): android.widget.EditText > mOnFocusChangeListener NOT FOUND
V/androidripper(  895): TextualID : add_description
V/androidripper(  895): ContentType detected : default
V/androidripper(  895): TextualID : null
V/androidripper(  895): ContentType detected : default
V/androidripper(  895): TextualID : null
V/androidripper(  895): ContentType detected : default
V/androidripper(  895): TextualID : null
V/androidripper(  895): ContentType detected : default
V/androidripper(  895): TextualID : pickDate
V/androidripper(  895): ContentType detected : default
V/androidripper(  895): TextualID : null
V/androidripper(  895): ContentType detected : default
E/androidripper(  895): java.lang.NoSuchFieldException: mOnFocusChangeListener
V/androidripper(  895): android.widget.EditText > mOnFocusChangeListener NOT FOUND
V/androidripper(  895): TextualID : personName
V/androidripper(  895): ContentType detected : default
I/androidripper(  895): Performing comparation for activity AddObject
D/androidripper(  895): Comparing against activity ListLentObjects
D/androidripper(  895): Comparing against activity AddObject
D/androidripper(  895): Looking for additional widgets
D/androidripper(  895): Comparator found widget -1 (type = linearLayout)
D/androidripper(  895): Comparator found widget 16909145 (type = )
D/androidripper(  895): Comparator found widget 16909146 (type = )
D/androidripper(  895): Comparator found widget -1 (type = linearLayout)
D/androidripper(  895): Comparator found widget -1 (type = )
D/androidripper(  895): Comparator found widget 16908332 (type = image)
V/androidripper(  895): Comparing image #16908332
D/androidripper(  895): Comparator found widget -1 (type = linearLayout)
D/androidripper(  895): Comparator found widget -1 (type = linearLayout)
D/androidripper(  895): Comparator found widget 16908877 (type = text)
V/androidripper(  895): Comparing text #16908877
D/androidripper(  895): Comparator found widget -1 (type = menu)
D/androidripper(  895): Comparator found widget 16908290 (type = )
D/androidripper(  895): Comparator found widget -1 (type = )
D/androidripper(  895): Comparator found widget 2131165184 (type = linearLayout)
D/androidripper(  895): Comparator found widget 2131165185 (type = button)
V/androidripper(  895): Comparing button #2131165185
D/androidripper(  895): Comparator found widget 2131165187 (type = button)
V/androidripper(  895): Comparing button #2131165187
D/androidripper(  895): Comparator found widget -1 (type = )
D/androidripper(  895): Comparator found widget -1 (type = linearLayout)
D/androidripper(  895): Comparator found widget -1 (type = )
D/androidripper(  895): Comparator found widget -1 (type = text)
D/androidripper(  895): Comparator found widget 2131165189 (type = editText)
V/androidripper(  895): Comparing editText #2131165189
D/androidripper(  895): Comparator found widget -1 (type = )
D/androidripper(  895): Comparator found widget -1 (type = text)
D/androidripper(  895): Comparator found widget 2131165190 (type = spinner)
D/androidripper(  895): Comparator found widget 16908308 (type = text)
V/androidripper(  895): Comparing text #16908308
D/androidripper(  895): Comparator found widget -1 (type = )
D/androidripper(  895): Comparator found widget -1 (type = text)
D/androidripper(  895): Comparator found widget 2131165191 (type = button)
V/androidripper(  895): Comparing button #2131165191
D/androidripper(  895): Comparator found widget -1 (type = )
D/androidripper(  895): Comparator found widget -1 (type = text)
D/androidripper(  895): Comparator found widget -1 (type = linearLayout)
D/androidripper(  895): Comparator found widget 2131165192 (type = editText)
V/androidripper(  895): Comparing editText #2131165192
D/androidripper(  895): Comparator found widget 2131165193 (type = button)
V/androidripper(  895): Comparing button #2131165193
D/androidripper(  895): Comparator found widget 2131165194 (type = )
D/androidripper(  895): Comparator found widget -1 (type = )
D/androidripper(  895): Looking for missing widgets
D/androidripper(  895): Comparator found widget -1 (type = linearLayout)
D/androidripper(  895): Comparator found widget 16909145 (type = )
D/androidripper(  895): Comparator found widget 16909146 (type = )
D/androidripper(  895): Comparator found widget -1 (type = linearLayout)
D/androidripper(  895): Comparator found widget -1 (type = )
D/androidripper(  895): Comparator found widget 16908332 (type = image)
D/androidripper(  895): Comparator found widget -1 (type = linearLayout)
D/androidripper(  895): Comparator found widget -1 (type = linearLayout)
D/androidripper(  895): Comparator found widget 16908877 (type = text)
D/androidripper(  895): Comparator found widget -1 (type = menu)
D/androidripper(  895): Comparator found widget 16908290 (type = )
D/androidripper(  895): Comparator found widget -1 (type = )
D/androidripper(  895): Comparator found widget 2131165184 (type = linearLayout)
D/androidripper(  895): Comparator found widget 2131165185 (type = button)
D/androidripper(  895): Comparator found widget 2131165187 (type = button)
D/androidripper(  895): Comparator found widget -1 (type = )
D/androidripper(  895): Comparator found widget -1 (type = linearLayout)
D/androidripper(  895): Comparator found widget -1 (type = )
D/androidripper(  895): Comparator found widget -1 (type = text)
D/androidripper(  895): Comparator found widget 2131165189 (type = editText)
D/androidripper(  895): Comparator found widget -1 (type = )
D/androidripper(  895): Comparator found widget -1 (type = text)
D/androidripper(  895): Comparator found widget 2131165190 (type = spinner)
D/androidripper(  895): Comparator found widget 16908308 (type = text)
D/androidripper(  895): Comparator found widget -1 (type = )
D/androidripper(  895): Comparator found widget -1 (type = text)
D/androidripper(  895): Comparator found widget 2131165191 (type = button)
D/androidripper(  895): Comparator found widget -1 (type = )
D/androidripper(  895): Comparator found widget -1 (type = text)
D/androidripper(  895): Comparator found widget -1 (type = linearLayout)
D/androidripper(  895): Comparator found widget 2131165192 (type = editText)
D/androidripper(  895): Comparator found widget 2131165193 (type = button)
D/androidripper(  895): Comparator found widget 2131165194 (type = )
D/androidripper(  895): Comparator found widget -1 (type = )
D/androidripper(  895): This activity state is equivalent to a2
D/dalvikvm(  895): GC_FOR_ALLOC freed 298K, 8% free 4457K/4820K, paused 59ms, total 63ms
I/dalvikvm-heap(  895): Grow heap (frag case) to 5.877MB for 1536016-byte allocation
D/dalvikvm(  895): GC_FOR_ALLOC freed 1K, 6% free 5955K/6324K, paused 31ms, total 31ms
D/dalvikvm(  895): GC_CONCURRENT freed 3K, 6% free 5957K/6324K, paused 9ms+8ms, total 70ms
D/dalvikvm(  895): GC_FOR_ALLOC freed 2K, 6% free 5954K/6324K, paused 29ms, total 29ms
I/dalvikvm-heap(  895): Grow heap (frag case) to 7.339MB for 1536016-byte allocation
D/dalvikvm(  895): GC_FOR_ALLOC freed 0K, 5% free 7454K/7828K, paused 36ms, total 36ms
D/dalvikvm(  895): GC_CONCURRENT freed <1K, 5% free 7455K/7828K, paused 13ms+14ms, total 66ms
D/dalvikvm(  895): WAIT_FOR_CONCURRENT_GC blocked 21ms
I/dalvikvm-heap(  895): Grow heap (frag case) to 8.805MB for 1536016-byte allocation
D/dalvikvm(  895): GC_FOR_ALLOC freed <1K, 5% free 8955K/9332K, paused 30ms, total 30ms
I/androidripper(  895): Saved image on disk: a3.jpg
I/androidripper(  895): Waiting for 1 sec.
I/androidripper(  895): Session count is 1. Will dump to disk at 1
I/androidripper(  895): Saving the session on disk.
D/dalvikvm(  895): GC_EXPLICIT freed 4616K, 8% free 4456K/4820K, paused 4ms+5ms, total 56ms
I/androidripper(  895): Check for pause: 0 steps left of 1
I/androidripper(  895): Saving the session on disk. This is the last batch. The session will be terminated.
D/androidripper(  895): Performing backup of the old task list on disk
D/androidripper(  895): Saving task list on disk
V/androidripper(  895): Backing up trace #2 to disk.
V/androidripper(  895): Backing up trace #3 to disk.
V/androidripper(  895): Backing up trace #4 to disk.
V/androidripper(  895): Backing up trace #5 to disk.
V/androidripper(  895): Backing up trace #6 to disk.
V/androidripper(  895): Backing up trace #7 to disk.
V/androidripper(  895): Backing up trace #8 to disk.
V/androidripper(  895): Backing up trace #9 to disk.
V/androidripper(  895): Backing up trace #10 to disk.
V/androidripper(  895): Backing up trace #11 to disk.
V/androidripper(  895): Backing up trace #12 to disk.
V/androidripper(  895): Backing up trace #13 to disk.
V/androidripper(  895): Backing up trace #14 to disk.
D/dalvikvm(  895): GC_CONCURRENT freed 646K, 14% free 4499K/5212K, paused 4ms+3ms, total 94ms
V/androidripper(  895): Backing up trace #15 to disk.
V/androidripper(  895): Backing up trace #16 to disk.
V/androidripper(  895): Backing up trace #17 to disk.
D/androidripper(  895): Deleting backup of the old task list from disk
W/WindowManager(  293): Failure taking screenshot for (246x410) to layer 21015
D/dalvikvm(  895): GC_EXPLICIT freed 233K, 15% free 4455K/5212K, paused 8ms+14ms, total 111ms
D/dalvikvm(  895): GC_EXPLICIT freed 2K, 15% free 4455K/5212K, paused 10ms+7ms, total 91ms
I/TestRunner(  895): finished: testAndCrawl(it.unina.androidripper.guitree.GuiTreeEngine)
I/TestRunner(  895): passed: testAndCrawl(it.unina.androidripper.guitree.GuiTreeEngine)
D/AndroidRuntime(  885): Shutting down VM
D/dalvikvm(  885): GC_CONCURRENT freed 94K, 18% free 462K/560K, paused 1ms+0ms, total 8ms
I/ActivityManager(  293): Force stopping package de.freewarepoint.whohasmystuff appid=10047 user=0
I/ActivityManager(  293): Killing proc 895:de.freewarepoint.whohasmystuff/u0a10047: force stop de.freewarepoint.whohasmystuff
I/Choreographer(  433): Skipped 97 frames!  The application may be doing too much work on its main thread.
I/WindowState(  293): WIN DEATH: Window{40fef230 u0 de.freewarepoint.whohasmystuff/de.freewarepoint.whohasmystuff.ListLentObjects}
I/WindowState(  293): WIN DEATH: Window{4103d070 u0 de.freewarepoint.whohasmystuff/de.freewarepoint.whohasmystuff.AddObject EXITING}
E/SurfaceFlinger(   37): ro.sf.lcd_density must be defined as a build property
W/InputMethodManagerService(  293): Got RemoteException sending setActive(false) notification to pid 895 uid 10047
D/AndroidRuntime(  937): 
D/AndroidRuntime(  937): >>>>>> AndroidRuntime START com.android.internal.os.RuntimeInit <<<<<<
D/AndroidRuntime(  937): CheckJNI is ON
D/dalvikvm(  937): Trying to load lib libjavacore.so 0x0
D/dalvikvm(  937): Added shared lib libjavacore.so 0x0
D/dalvikvm(  937): Trying to load lib libnativehelper.so 0x0
D/dalvikvm(  937): Added shared lib libnativehelper.so 0x0
D/AndroidRuntime(  937): Calling main entry com.android.commands.am.Am
D/dalvikvm(  937): Note: class Landroid/app/ActivityManagerNative; has 157 unimplemented (abstract) methods
D/dalvikvm(  948): Not late-enabling CheckJNI (already on)
I/ActivityManager(  293): Start proc de.freewarepoint.whohasmystuff for broadcast de.freewarepoint.whohasmystuff/.EmmaInstrument.SMSInstrumentedReceiver: pid=948 uid=10047 gids={50047, 1015, 1028}
D/dalvikvm(   38): GC_EXPLICIT freed 38K, 5% free 2382K/2484K, paused 2ms+3ms, total 58ms
D/dalvikvm(   38): GC_EXPLICIT freed <1K, 5% free 2382K/2484K, paused 3ms+12ms, total 65ms
D/dalvikvm(  293): GC_CONCURRENT freed 557K, 23% free 5860K/7532K, paused 6ms+15ms, total 218ms
D/dalvikvm(   38): GC_EXPLICIT freed <1K, 5% free 2382K/2484K, paused 3ms+3ms, total 57ms
E/Trace   (  948): error opening trace file: No such file or directory (2)
I/System.out(  948): EMMA: collecting runtime coverage data ...
D/EmmaInstrumentation:(  948): Intermidate Dump Called with file name :/mnt/sdcard/coverage.ec
D/EmmaInstrumentation:(  948): generateCoverageReport()
D/dalvikvm(  948): GC_CONCURRENT freed 294K, 13% free 2537K/2900K, paused 4ms+17ms, total 55ms
I/System.out(  948): EMMA: runtime coverage data merged into [/mnt/sdcard/coverage.ec] {in 13 ms}
D/AndroidRuntime(  937): Shutting down VM
D/dalvikvm(  937): GC_CONCURRENT freed 91K, 17% free 492K/588K, paused 1ms+1ms, total 8ms
D/dalvikvm(   38): GC_EXPLICIT freed 74K, 26% free 2358K/3156K, paused 2ms+3ms, total 42ms
W/Resources(   38): Preloaded drawable resource #0x1080276 (android:drawable/fastscroll_label_right_holo_dark) that varies with configuration!!
D/dalvikvm(   38): GC_EXPLICIT freed 50K, 26% free 2357K/3156K, paused 4ms+3ms, total 43ms
W/Resources(   38): Preloaded drawable resource #0x1080280 (android:drawable/fastscroll_track_pressed_holo_light) that varies with configuration!!
W/Resources(   38): Preloaded drawable resource #0x108027c (android:drawable/fastscroll_track_default_holo_light) that varies with configuration!!
W/Resources(   38): Preloaded drawable resource #0x108027c (android:drawable/fastscroll_track_default_holo_light) that varies with configuration!!
W/Resources(   38): Preloaded drawable resource #0x1080280 (android:drawable/fastscroll_track_pressed_holo_light) that varies with configuration!!
W/Resources(   38): Preloaded drawable resource #0x108027c (android:drawable/fastscroll_track_default_holo_light) that varies with configuration!!
