W/WallpaperService(  293): 	at android.os.Looper.loop(Looper.java:137)
W/WallpaperService(  293): 	at com.android.server.ServerThread.run(SystemServer.java:1000)
I/ActivityManager(  293): Start proc com.android.contacts for broadcast com.android.contacts/.calllog.CallLogReceiver: pid=584 uid=10001 gids={50001, 3003, 1015, 1028}
E/JavaBinder(  293): !!! FAILED BINDER TRANSACTION !!!
D/dalvikvm(  293): GC_CONCURRENT freed 940K, 20% free 6527K/8100K, paused 6ms+10ms, total 314ms
D/dalvikvm(  293): WAIT_FOR_CONCURRENT_GC blocked 102ms
D/dalvikvm(  293): WAIT_FOR_CONCURRENT_GC blocked 141ms
D/dalvikvm(  293): WAIT_FOR_CONCURRENT_GC blocked 134ms
D/dalvikvm(  293): WAIT_FOR_CONCURRENT_GC blocked 215ms
D/dalvikvm(  293): WAIT_FOR_CONCURRENT_GC blocked 191ms
W/WallpaperService(  293): Failed attaching wallpaper; clearing
W/WallpaperService(  293): android.os.TransactionTooLargeException
W/WallpaperService(  293): 	at android.os.BinderProxy.transact(Native Method)
W/WallpaperService(  293): 	at android.service.wallpaper.IWallpaperService$Stub$Proxy.attach(IWallpaperService.java:95)
W/WallpaperService(  293): 	at com.android.server.WallpaperManagerService.attachServiceLocked(WallpaperManagerService.java:960)
W/WallpaperService(  293): 	at com.android.server.WallpaperManagerService$WallpaperConnection.onServiceConnected(WallpaperManagerService.java:233)
W/WallpaperService(  293): 	at android.app.LoadedApk$ServiceDispatcher.doConnected(LoadedApk.java:1101)
W/WallpaperService(  293): 	at android.app.LoadedApk$ServiceDispatcher$RunConnection.run(LoadedApk.java:1118)
W/WallpaperService(  293): 	at android.os.Handler.handleCallback(Handler.java:725)
W/WallpaperService(  293): 	at android.os.Handler.dispatchMessage(Handler.java:92)
W/WallpaperService(  293): 	at android.os.Looper.loop(Looper.java:137)
W/WallpaperService(  293): 	at com.android.server.ServerThread.run(SystemServer.java:1000)
I/ActivityManager(  293): Start proc android.process.media for content provider com.android.providers.media/.MediaProvider: pid=596 uid=10000 gids={50000, 1015, 1023, 1024, 1028, 1006, 2001, 3003, 3007}
D/dalvikvm(   38): GC_EXPLICIT freed 34K, 4% free 2382K/2476K, paused 3ms+4ms, total 115ms
D/dalvikvm(   38): GC_EXPLICIT freed <1K, 4% free 2382K/2476K, paused 2ms+3ms, total 36ms
D/dalvikvm(   38): GC_EXPLICIT freed <1K, 4% free 2382K/2476K, paused 3ms+3ms, total 45ms
I/Choreographer(  293): Skipped 1544 frames!  The application may be doing too much work on its main thread.
I/AudioService(  293):   Remote Control   registerMediaButtonIntent() for PendingIntent{40ed39b0: PendingIntentRecord{4106c330 com.android.music broadcastIntent}}
E/JavaBinder(  293): !!! FAILED BINDER TRANSACTION !!!
W/WallpaperService(  293): Failed attaching wallpaper; clearing
W/WallpaperService(  293): android.os.TransactionTooLargeException
W/WallpaperService(  293): 	at android.os.BinderProxy.transact(Native Method)
W/WallpaperService(  293): 	at android.service.wallpaper.IWallpaperService$Stub$Proxy.attach(IWallpaperService.java:95)
W/WallpaperService(  293): 	at com.android.server.WallpaperManagerService.attachServiceLocked(WallpaperManagerService.java:960)
W/WallpaperService(  293): 	at com.android.server.WallpaperManagerService$WallpaperConnection.onServiceConnected(WallpaperManagerService.java:233)
W/WallpaperService(  293): 	at android.app.LoadedApk$ServiceDispatcher.doConnected(LoadedApk.java:1101)
W/WallpaperService(  293): 	at android.app.LoadedApk$ServiceDispatcher$RunConnection.run(LoadedApk.java:1118)
W/WallpaperService(  293): 	at android.os.Handler.handleCallback(Handler.java:725)
W/WallpaperService(  293): 	at android.os.Handler.dispatchMessage(Handler.java:92)
W/WallpaperService(  293): 	at android.os.Looper.loop(Looper.java:137)
W/WallpaperService(  293): 	at com.android.server.ServerThread.run(SystemServer.java:1000)
E/Trace   (  596): error opening trace file: No such file or directory (2)
E/JavaBinder(  293): !!! FAILED BINDER TRANSACTION !!!
W/WallpaperService(  293): Failed attaching wallpaper; clearing
W/WallpaperService(  293): android.os.TransactionTooLargeException
W/WallpaperService(  293): 	at android.os.BinderProxy.transact(Native Method)
W/WallpaperService(  293): 	at android.service.wallpaper.IWallpaperService$Stub$Proxy.attach(IWallpaperService.java:95)
W/WallpaperService(  293): 	at com.android.server.WallpaperManagerService.attachServiceLocked(WallpaperManagerService.java:960)
W/WallpaperService(  293): 	at com.android.server.WallpaperManagerService$WallpaperConnection.onServiceConnected(WallpaperManagerService.java:233)
W/WallpaperService(  293): 	at android.app.LoadedApk$ServiceDispatcher.doConnected(LoadedApk.java:1101)
W/WallpaperService(  293): 	at android.app.LoadedApk$ServiceDispatcher$RunConnection.run(LoadedApk.java:1118)
W/WallpaperService(  293): 	at android.os.Handler.handleCallback(Handler.java:725)
W/WallpaperService(  293): 	at android.os.Handler.dispatchMessage(Handler.java:92)
W/WallpaperService(  293): 	at android.os.Looper.loop(Looper.java:137)
W/WallpaperService(  293): 	at com.android.server.ServerThread.run(SystemServer.java:1000)
E/JavaBinder(  293): !!! FAILED BINDER TRANSACTION !!!
W/WallpaperService(  293): Failed attaching wallpaper; clearing
W/WallpaperService(  293): android.os.TransactionTooLargeException
W/WallpaperService(  293): 	at android.os.BinderProxy.transact(Native Method)
W/WallpaperService(  293): 	at android.service.wallpaper.IWallpaperService$Stub$Proxy.attach(IWallpaperService.java:95)
W/WallpaperService(  293): 	at com.android.server.WallpaperManagerService.attachServiceLocked(WallpaperManagerService.java:960)
W/WallpaperService(  293): 	at com.android.server.WallpaperManagerService$WallpaperConnection.onServiceConnected(WallpaperManagerService.java:233)
W/WallpaperService(  293): 	at android.app.LoadedApk$ServiceDispatcher.doConnected(LoadedApk.java:1101)
W/WallpaperService(  293): 	at android.app.LoadedApk$ServiceDispatcher$RunConnection.run(LoadedApk.java:1118)
W/WallpaperService(  293): 	at android.os.Handler.handleCallback(Handler.java:725)
W/WallpaperService(  293): 	at android.os.Handler.dispatchMessage(Handler.java:92)
W/WallpaperService(  293): 	at android.os.Looper.loop(Looper.java:137)
W/WallpaperService(  293): 	at com.android.server.ServerThread.run(SystemServer.java:1000)
I/Choreographer(  293): Skipped 159 frames!  The application may be doing too much work on its main thread.
E/JavaBinder(  293): !!! FAILED BINDER TRANSACTION !!!
W/WallpaperService(  293): Failed attaching wallpaper; clearing
W/WallpaperService(  293): android.os.TransactionTooLargeException
W/WallpaperService(  293): 	at android.os.BinderProxy.transact(Native Method)
W/WallpaperService(  293): 	at android.service.wallpaper.IWallpaperService$Stub$Proxy.attach(IWallpaperService.java:95)
W/WallpaperService(  293): 	at com.android.server.WallpaperManagerService.attachServiceLocked(WallpaperManagerService.java:960)
W/WallpaperService(  293): 	at com.android.server.WallpaperManagerService$WallpaperConnection.onServiceConnected(WallpaperManagerService.java:233)
W/WallpaperService(  293): 	at android.app.LoadedApk$ServiceDispatcher.doConnected(LoadedApk.java:1101)
W/WallpaperService(  293): 	at android.app.LoadedApk$ServiceDispatcher$RunConnection.run(LoadedApk.java:1118)
W/WallpaperService(  293): 	at android.os.Handler.handleCallback(Handler.java:725)
W/WallpaperService(  293): 	at android.os.Handler.dispatchMessage(Handler.java:92)
W/WallpaperService(  293): 	at android.os.Looper.loop(Looper.java:137)
W/WallpaperService(  293): 	at com.android.server.ServerThread.run(SystemServer.java:1000)
E/JavaBinder(  293): !!! FAILED BINDER TRANSACTION !!!
W/WallpaperService(  293): Failed attaching wallpaper; clearing
W/WallpaperService(  293): android.os.TransactionTooLargeException
W/WallpaperService(  293): 	at android.os.BinderProxy.transact(Native Method)
W/WallpaperService(  293): 	at android.service.wallpaper.IWallpaperService$Stub$Proxy.attach(IWallpaperService.java:95)
W/WallpaperService(  293): 	at com.android.server.WallpaperManagerService.attachServiceLocked(WallpaperManagerService.java:960)
W/WallpaperService(  293): 	at com.android.server.WallpaperManagerService$WallpaperConnection.onServiceConnected(WallpaperManagerService.java:233)
W/WallpaperService(  293): 	at android.app.LoadedApk$ServiceDispatcher.doConnected(LoadedApk.java:1101)
W/WallpaperService(  293): 	at android.app.LoadedApk$ServiceDispatcher$RunConnection.run(LoadedApk.java:1118)
W/WallpaperService(  293): 	at android.os.Handler.handleCallback(Handler.java:725)
W/WallpaperService(  293): 	at android.os.Handler.dispatchMessage(Handler.java:92)
W/WallpaperService(  293): 	at android.os.Looper.loop(Looper.java:137)
W/WallpaperService(  293): 	at com.android.server.ServerThread.run(SystemServer.java:1000)
E/JavaBinder(  293): !!! FAILED BINDER TRANSACTION !!!
W/WallpaperService(  293): Failed attaching wallpaper; clearing
W/WallpaperService(  293): android.os.TransactionTooLargeException
W/WallpaperService(  293): 	at android.os.BinderProxy.transact(Native Method)
W/WallpaperService(  293): 	at android.service.wallpaper.IWallpaperService$Stub$Proxy.attach(IWallpaperService.java:95)
W/WallpaperService(  293): 	at com.android.server.WallpaperManagerService.attachServiceLocked(WallpaperManagerService.java:960)
W/WallpaperService(  293): 	at com.android.server.WallpaperManagerService$WallpaperConnection.onServiceConnected(WallpaperManagerService.java:233)
W/WallpaperService(  293): 	at android.app.LoadedApk$ServiceDispatcher.doConnected(LoadedApk.java:1101)
W/WallpaperService(  293): 	at android.app.LoadedApk$ServiceDispatcher$RunConnection.run(LoadedApk.java:1118)
W/WallpaperService(  293): 	at android.os.Handler.handleCallback(Handler.java:725)
W/WallpaperService(  293): 	at android.os.Handler.dispatchMessage(Handler.java:92)
W/WallpaperService(  293): 	at android.os.Looper.loop(Looper.java:137)
W/WallpaperService(  293): 	at com.android.server.ServerThread.run(SystemServer.java:1000)
E/JavaBinder(  293): !!! FAILED BINDER TRANSACTION !!!
W/BroadcastQueue(  293): Failure sending broadcast Intent { act=android.net.conn.CONNECTIVITY_CHANGE flg=0x8000010 (has extras) }
W/BroadcastQueue(  293): android.os.TransactionTooLargeException
W/BroadcastQueue(  293): 	at android.os.BinderProxy.transact(Native Method)
W/BroadcastQueue(  293): 	at android.app.ApplicationThreadProxy.scheduleRegisteredReceiver(ApplicationThreadNative.java:1009)
W/BroadcastQueue(  293): 	at com.android.server.am.BroadcastQueue.performReceiveLocked(BroadcastQueue.java:373)
W/BroadcastQueue(  293): 	at com.android.server.am.BroadcastQueue.deliverToRegisteredReceiverLocked(BroadcastQueue.java:439)
W/BroadcastQueue(  293): 	at com.android.server.am.BroadcastQueue.processNextBroadcast(BroadcastQueue.java:487)
W/BroadcastQueue(  293): 	at com.android.server.am.BroadcastQueue$1.handleMessage(BroadcastQueue.java:140)
W/BroadcastQueue(  293): 	at android.os.Handler.dispatchMessage(Handler.java:99)
W/BroadcastQueue(  293): 	at android.os.Looper.loop(Looper.java:137)
W/BroadcastQueue(  293): 	at com.android.server.am.ActivityManagerService$AThread.run(ActivityManagerService.java:1480)
E/Trace   (  584): error opening trace file: No such file or directory (2)
D/dalvikvm(  293): GC_FOR_ALLOC freed 837K, 21% free 6474K/8100K, paused 121ms, total 134ms
I/dalvikvm-heap(  293): Grow heap (frag case) to 7.463MB for 1128976-byte allocation
D/dalvikvm(  293): GC_FOR_ALLOC freed 881K, 28% free 6696K/9204K, paused 175ms, total 175ms
E/JavaBinder(  293): !!! FAILED BINDER TRANSACTION !!!
W/WallpaperService(  293): Failed attaching wallpaper; clearing
W/WallpaperService(  293): android.os.TransactionTooLargeException
W/WallpaperService(  293): 	at android.os.BinderProxy.transact(Native Method)
W/WallpaperService(  293): 	at android.service.wallpaper.IWallpaperService$Stub$Proxy.attach(IWallpaperService.java:95)
W/WallpaperService(  293): 	at com.android.server.WallpaperManagerService.attachServiceLocked(WallpaperManagerService.java:960)
W/WallpaperService(  293): 	at com.android.server.WallpaperManagerService$WallpaperConnection.onServiceConnected(WallpaperManagerService.java:233)
W/WallpaperService(  293): 	at android.app.LoadedApk$ServiceDispatcher.doConnected(LoadedApk.java:1101)
W/WallpaperService(  293): 	at android.app.LoadedApk$ServiceDispatcher$RunConnection.run(LoadedApk.java:1118)
W/WallpaperService(  293): 	at android.os.Handler.handleCallback(Handler.java:725)
W/WallpaperService(  293): 	at android.os.Handler.dispatchMessage(Handler.java:92)
W/WallpaperService(  293): 	at android.os.Looper.loop(Looper.java:137)
W/WallpaperService(  293): 	at com.android.server.ServerThread.run(SystemServer.java:1000)
D/Tethering(  293): MasterInitialState.processMessage what=3
E/JavaBinder(  293): !!! FAILED BINDER TRANSACTION !!!
W/WallpaperService(  293): Failed attaching wallpaper; clearing
W/WallpaperService(  293): android.os.TransactionTooLargeException
W/WallpaperService(  293): 	at android.os.BinderProxy.transact(Native Method)
W/WallpaperService(  293): 	at android.service.wallpaper.IWallpaperService$Stub$Proxy.attach(IWallpaperService.java:95)
W/WallpaperService(  293): 	at com.android.server.WallpaperManagerService.attachServiceLocked(WallpaperManagerService.java:960)
W/WallpaperService(  293): 	at com.android.server.WallpaperManagerService$WallpaperConnection.onServiceConnected(WallpaperManagerService.java:233)
W/WallpaperService(  293): 	at android.app.LoadedApk$ServiceDispatcher.doConnected(LoadedApk.java:1101)
W/WallpaperService(  293): 	at android.app.LoadedApk$ServiceDispatcher$RunConnection.run(LoadedApk.java:1118)
W/WallpaperService(  293): 	at android.os.Handler.handleCallback(Handler.java:725)
W/WallpaperService(  293): 	at android.os.Handler.dispatchMessage(Handler.java:92)
W/WallpaperService(  293): 	at android.os.Looper.loop(Looper.java:137)
W/WallpaperService(  293): 	at com.android.server.ServerThread.run(SystemServer.java:1000)
E/JavaBinder(  293): !!! FAILED BINDER TRANSACTION !!!
W/WallpaperService(  293): Failed attaching wallpaper; clearing
W/WallpaperService(  293): android.os.TransactionTooLargeException
W/WallpaperService(  293): 	at android.os.BinderProxy.transact(Native Method)
W/WallpaperService(  293): 	at android.service.wallpaper.IWallpaperService$Stub$Proxy.attach(IWallpaperService.java:95)
W/WallpaperService(  293): 	at com.android.server.WallpaperManagerService.attachServiceLocked(WallpaperManagerService.java:960)
W/WallpaperService(  293): 	at com.android.server.WallpaperManagerService$WallpaperConnection.onServiceConnected(WallpaperManagerService.java:233)
W/WallpaperService(  293): 	at android.app.LoadedApk$ServiceDispatcher.doConnected(LoadedApk.java:1101)
W/WallpaperService(  293): 	at android.app.LoadedApk$ServiceDispatcher$RunConnection.run(LoadedApk.java:1118)
W/WallpaperService(  293): 	at android.os.Handler.handleCallback(Handler.java:725)
W/WallpaperService(  293): 	at android.os.Handler.dispatchMessage(Handler.java:92)
W/WallpaperService(  293): 	at android.os.Looper.loop(Looper.java:137)
W/WallpaperService(  293): 	at com.android.server.ServerThread.run(SystemServer.java:1000)
E/JavaBinder(  293): !!! FAILED BINDER TRANSACTION !!!
W/WallpaperService(  293): Failed attaching wallpaper; clearing
W/WallpaperService(  293): android.os.TransactionTooLargeException
W/WallpaperService(  293): 	at android.os.BinderProxy.transact(Native Method)
W/WallpaperService(  293): 	at android.service.wallpaper.IWallpaperService$Stub$Proxy.attach(IWallpaperService.java:95)
W/WallpaperService(  293): 	at com.android.server.WallpaperManagerService.attachServiceLocked(WallpaperManagerService.java:960)
W/WallpaperService(  293): 	at com.android.server.WallpaperManagerService$WallpaperConnection.onServiceConnected(WallpaperManagerService.java:233)
W/WallpaperService(  293): 	at android.app.LoadedApk$ServiceDispatcher.doConnected(LoadedApk.java:1101)
W/WallpaperService(  293): 	at android.app.LoadedApk$ServiceDispatcher$RunConnection.run(LoadedApk.java:1118)
W/WallpaperService(  293): 	at android.os.Handler.handleCallback(Handler.java:725)
W/WallpaperService(  293): 	at android.os.Handler.dispatchMessage(Handler.java:92)
W/WallpaperService(  293): 	at android.os.Looper.loop(Looper.java:137)
W/WallpaperService(  293): 	at com.android.server.ServerThread.run(SystemServer.java:1000)
I/Choreographer(  293): Skipped 560 frames!  The application may be doing too much work on its main thread.
E/JavaBinder(  293): !!! FAILED BINDER TRANSACTION !!!
W/WallpaperService(  293): Failed attaching wallpaper; clearing
W/WallpaperService(  293): android.os.TransactionTooLargeException
W/WallpaperService(  293): 	at android.os.BinderProxy.transact(Native Method)
W/WallpaperService(  293): 	at android.service.wallpaper.IWallpaperService$Stub$Proxy.attach(IWallpaperService.java:95)
W/WallpaperService(  293): 	at com.android.server.WallpaperManagerService.attachServiceLocked(WallpaperManagerService.java:960)
W/WallpaperService(  293): 	at com.android.server.WallpaperManagerService$WallpaperConnection.onServiceConnected(WallpaperManagerService.java:233)
W/WallpaperService(  293): 	at android.app.LoadedApk$ServiceDispatcher.doConnected(LoadedApk.java:1101)
W/WallpaperService(  293): 	at android.app.LoadedApk$ServiceDispatcher$RunConnection.run(LoadedApk.java:1118)
W/WallpaperService(  293): 	at android.os.Handler.handleCallback(Handler.java:725)
W/WallpaperService(  293): 	at android.os.Handler.dispatchMessage(Handler.java:92)
W/WallpaperService(  293): 	at android.os.Looper.loop(Looper.java:137)
W/WallpaperService(  293): 	at com.android.server.ServerThread.run(SystemServer.java:1000)
E/JavaBinder(  293): !!! FAILED BINDER TRANSACTION !!!
I/Choreographer(  293): Skipped 88 frames!  The application may be doing too much work on its main thread.
W/WallpaperService(  293): Failed attaching wallpaper; clearing
W/WallpaperService(  293): android.os.TransactionTooLargeException
W/WallpaperService(  293): 	at android.os.BinderProxy.transact(Native Method)
W/WallpaperService(  293): 	at android.service.wallpaper.IWallpaperService$Stub$Proxy.attach(IWallpaperService.java:95)
W/WallpaperService(  293): 	at com.android.server.WallpaperManagerService.attachServiceLocked(WallpaperManagerService.java:960)
W/WallpaperService(  293): 	at com.android.server.WallpaperManagerService$WallpaperConnection.onServiceConnected(WallpaperManagerService.java:233)
W/WallpaperService(  293): 	at android.app.LoadedApk$ServiceDispatcher.doConnected(LoadedApk.java:1101)
W/WallpaperService(  293): 	at android.app.LoadedApk$ServiceDispatcher$RunConnection.run(LoadedApk.java:1118)
W/WallpaperService(  293): 	at android.os.Handler.handleCallback(Handler.java:725)
W/WallpaperService(  293): 	at android.os.Handler.dispatchMessage(Handler.java:92)
W/WallpaperService(  293): 	at android.os.Looper.loop(Looper.java:137)
W/WallpaperService(  293): 	at com.android.server.ServerThread.run(SystemServer.java:1000)
I//system/bin/fsck_msdos(   32): ** Phase 4 - Checking for Lost Files
E/JavaBinder(  293): !!! FAILED BINDER TRANSACTION !!!
W/WallpaperService(  293): Failed attaching wallpaper; clearing
W/WallpaperService(  293): android.os.TransactionTooLargeException
W/WallpaperService(  293): 	at android.os.BinderProxy.transact(Native Method)
W/WallpaperService(  293): 	at android.service.wallpaper.IWallpaperService$Stub$Proxy.attach(IWallpaperService.java:95)
W/WallpaperService(  293): 	at com.android.server.WallpaperManagerService.attachServiceLocked(WallpaperManagerService.java:960)
W/WallpaperService(  293): 	at com.android.server.WallpaperManagerService$WallpaperConnection.onServiceConnected(WallpaperManagerService.java:233)
W/WallpaperService(  293): 	at android.app.LoadedApk$ServiceDispatcher.doConnected(LoadedApk.java:1101)
W/WallpaperService(  293): 	at android.app.LoadedApk$ServiceDispatcher$RunConnection.run(LoadedApk.java:1118)
W/WallpaperService(  293): 	at android.os.Handler.handleCallback(Handler.java:725)
W/WallpaperService(  293): 	at android.os.Handler.dispatchMessage(Handler.java:92)
W/WallpaperService(  293): 	at android.os.Looper.loop(Looper.java:137)
W/WallpaperService(  293): 	at com.android.server.ServerThread.run(SystemServer.java:1000)
D/dalvikvm(  293): GC_CONCURRENT freed 591K, 27% free 6772K/9204K, paused 38ms+84ms, total 1730ms
E/JavaBinder(  293): !!! FAILED BINDER TRANSACTION !!!
W/WallpaperService(  293): Failed attaching wallpaper; clearing
W/WallpaperService(  293): android.os.TransactionTooLargeException
W/WallpaperService(  293): 	at android.os.BinderProxy.transact(Native Method)
W/WallpaperService(  293): 	at android.service.wallpaper.IWallpaperService$Stub$Proxy.attach(IWallpaperService.java:95)
W/WallpaperService(  293): 	at com.android.server.WallpaperManagerService.attachServiceLocked(WallpaperManagerService.java:960)
W/WallpaperService(  293): 	at com.android.server.WallpaperManagerService$WallpaperConnection.onServiceConnected(WallpaperManagerService.java:233)
W/WallpaperService(  293): 	at android.app.LoadedApk$ServiceDispatcher.doConnected(LoadedApk.java:1101)
W/WallpaperService(  293): 	at android.app.LoadedApk$ServiceDispatcher$RunConnection.run(LoadedApk.java:1118)
W/WallpaperService(  293): 	at android.os.Handler.handleCallback(Handler.java:725)
W/WallpaperService(  293): 	at android.os.Handler.dispatchMessage(Handler.java:92)
W/WallpaperService(  293): 	at android.os.Looper.loop(Looper.java:137)
W/WallpaperService(  293): 	at com.android.server.ServerThread.run(SystemServer.java:1000)
I//system/bin/fsck_msdos(   32): Next free cluster in FSInfo block (15) not free
I//system/bin/fsck_msdos(   32): FIXED
I//system/bin/fsck_msdos(   32): 13 files, 1044446 free (522223 clusters)
I/DownloadManager(  596): in removeSpuriousFiles
I/Vold    (   32): Filesystem check completed OK
I/Vold    (   32): Device /dev/block/vold/179:0, target /mnt/sdcard mounted @ /mnt/secure/staging
D/Vold    (   32): Volume sdcard state changing 3 (Checking) -> 4 (Mounted)
D/MountService(  293): volume state changed for /mnt/sdcard (checking -> mounted)
I/PackageManager(  293): Updating external media status from unmounted to mounted
E/JavaBinder(  293): !!! FAILED BINDER TRANSACTION !!!
E/MountService(  293): Listener dead
D/MountService(  293): sendStorageIntent Intent { act=android.intent.action.MEDIA_MOUNTED dat=file:///mnt/sdcard (has extras) } to UserHandle{-1}
E/VoldConnector(  293): NDC Command {3 volume mount /mnt/sdcard} took too long (55349ms)
E/JavaBinder(  293): !!! FAILED BINDER TRANSACTION !!!
W/WallpaperService(  293): Failed attaching wallpaper; clearing
W/WallpaperService(  293): android.os.TransactionTooLargeException
W/WallpaperService(  293): 	at android.os.BinderProxy.transact(Native Method)
W/WallpaperService(  293): 	at android.service.wallpaper.IWallpaperService$Stub$Proxy.attach(IWallpaperService.java:95)
W/WallpaperService(  293): 	at com.android.server.WallpaperManagerService.attachServiceLocked(WallpaperManagerService.java:960)
W/WallpaperService(  293): 	at com.android.server.WallpaperManagerService$WallpaperConnection.onServiceConnected(WallpaperManagerService.java:233)
W/WallpaperService(  293): 	at android.app.LoadedApk$ServiceDispatcher.doConnected(LoadedApk.java:1101)
W/WallpaperService(  293): 	at android.app.LoadedApk$ServiceDispatcher$RunConnection.run(LoadedApk.java:1118)
W/WallpaperService(  293): 	at android.os.Handler.handleCallback(Handler.java:725)
W/WallpaperService(  293): 	at android.os.Handler.dispatchMessage(Handler.java:92)
W/WallpaperService(  293): 	at android.os.Looper.loop(Looper.java:137)
W/WallpaperService(  293): 	at com.android.server.ServerThread.run(SystemServer.java:1000)
I/RecoverySystem(  293): No recovery log file
E/VoldConnector(  293): NDC Command {4 asec list} took too long (646ms)
E/JavaBinder(  293): !!! FAILED BINDER TRANSACTION !!!
W/WallpaperService(  293): Failed attaching wallpaper; clearing
W/WallpaperService(  293): android.os.TransactionTooLargeException
W/WallpaperService(  293): 	at android.os.BinderProxy.transact(Native Method)
W/WallpaperService(  293): 	at android.service.wallpaper.IWallpaperService$Stub$Proxy.attach(IWallpaperService.java:95)
W/WallpaperService(  293): 	at com.android.server.WallpaperManagerService.attachServiceLocked(WallpaperManagerService.java:960)
W/WallpaperService(  293): 	at com.android.server.WallpaperManagerService$WallpaperConnection.onServiceConnected(WallpaperManagerService.java:233)
W/WallpaperService(  293): 	at android.app.LoadedApk$ServiceDispatcher.doConnected(LoadedApk.java:1101)
W/WallpaperService(  293): 	at android.app.LoadedApk$ServiceDispatcher$RunConnection.run(LoadedApk.java:1118)
W/WallpaperService(  293): 	at android.os.Handler.handleCallback(Handler.java:725)
W/WallpaperService(  293): 	at android.os.Handler.dispatchMessage(Handler.java:92)
W/WallpaperService(  293): 	at android.os.Looper.loop(Looper.java:137)
W/WallpaperService(  293): 	at com.android.server.ServerThread.run(SystemServer.java:1000)
E/JavaBinder(  293): !!! FAILED BINDER TRANSACTION !!!
I/ActivityManager(  293): Start proc com.android.deskclock for broadcast com.android.deskclock/.AlarmInitReceiver: pid=627 uid=10006 gids={50006, 1028}
W/WallpaperService(  293): Failed attaching wallpaper; clearing
W/WallpaperService(  293): android.os.TransactionTooLargeException
W/WallpaperService(  293): 	at android.os.BinderProxy.transact(Native Method)
W/WallpaperService(  293): 	at android.service.wallpaper.IWallpaperService$Stub$Proxy.attach(IWallpaperService.java:95)
W/WallpaperService(  293): 	at com.android.server.WallpaperManagerService.attachServiceLocked(WallpaperManagerService.java:960)
W/WallpaperService(  293): 	at com.android.server.WallpaperManagerService$WallpaperConnection.onServiceConnected(WallpaperManagerService.java:233)
W/WallpaperService(  293): 	at android.app.LoadedApk$ServiceDispatcher.doConnected(LoadedApk.java:1101)
W/WallpaperService(  293): 	at android.app.LoadedApk$ServiceDispatcher$RunConnection.run(LoadedApk.java:1118)
W/WallpaperService(  293): 	at android.os.Handler.handleCallback(Handler.java:725)
W/WallpaperService(  293): 	at android.os.Handler.dispatchMessage(Handler.java:92)
W/WallpaperService(  293): 	at android.os.Looper.loop(Looper.java:137)
W/WallpaperService(  293): 	at com.android.server.ServerThread.run(SystemServer.java:1000)
I/PackageManager(  293): No secure containers on sdcard
E/JavaBinder(  293): !!! FAILED BINDER TRANSACTION !!!
W/WallpaperService(  293): Failed attaching wallpaper; clearing
W/WallpaperService(  293): android.os.TransactionTooLargeException
W/WallpaperService(  293): 	at android.os.BinderProxy.transact(Native Method)
W/WallpaperService(  293): 	at android.service.wallpaper.IWallpaperService$Stub$Proxy.attach(IWallpaperService.java:95)
W/WallpaperService(  293): 	at com.android.server.WallpaperManagerService.attachServiceLocked(WallpaperManagerService.java:960)
W/WallpaperService(  293): 	at com.android.server.WallpaperManagerService$WallpaperConnection.onServiceConnected(WallpaperManagerService.java:233)
W/WallpaperService(  293): 	at android.app.LoadedApk$ServiceDispatcher.doConnected(LoadedApk.java:1101)
W/WallpaperService(  293): 	at android.app.LoadedApk$ServiceDispatcher$RunConnection.run(LoadedApk.java:1118)
W/WallpaperService(  293): 	at android.os.Handler.handleCallback(Handler.java:725)
W/WallpaperService(  293): 	at android.os.Handler.dispatchMessage(Handler.java:92)
W/WallpaperService(  293): 	at android.os.Looper.loop(Looper.java:137)
W/WallpaperService(  293): 	at com.android.server.ServerThread.run(SystemServer.java:1000)
W/PackageManager(  293): Unknown permission com.google.android.googleapps.permission.GOOGLE_AUTH.mail in package com.android.contacts
W/PackageManager(  293): Unknown permission android.permission.ADD_SYSTEM_SERVICE in package com.android.phone
I/WindowState(  293): WIN DEATH: Window{4102e3e8 u0 StatusBar}
V/TAG     (  293): bug 7643792: fitSystemWindows([0,0][0,0])
I/Choreographer(  293): Skipped 117 frames!  The application may be doing too much work on its main thread.
D/dalvikvm(  433): GC_FOR_ALLOC freed 3259K, 30% free 4758K/6788K, paused 98ms, total 113ms
I/dalvikvm-heap(  433): Grow heap (frag case) to 6.166MB for 1536016-byte allocation
D/dalvikvm(  433): GC_CONCURRENT freed 13K, 25% free 6245K/8292K, paused 15ms+3ms, total 54ms
D/dalvikvm(  433): WAIT_FOR_CONCURRENT_GC blocked 39ms
D/dalvikvm(  433): GC_FOR_ALLOC freed <1K, 25% free 6245K/8292K, paused 25ms, total 25ms
I/dalvikvm-heap(  433): Grow heap (frag case) to 7.619MB for 1536016-byte allocation
D/dalvikvm(  433): GC_CONCURRENT freed <1K, 21% free 7745K/9796K, paused 5ms+4ms, total 58ms
D/dalvikvm(  433): WAIT_FOR_CONCURRENT_GC blocked 54ms
W/PackageManager(  293): Unknown permission com.android.smspush.WAPPUSH_MANAGER_BIND in package com.android.phone
W/PackageManager(  293): Unknown permission com.google.android.googleapps.permission.GOOGLE_AUTH in package com.android.providers.calendar
W/PackageManager(  293): Unknown permission com.google.android.googleapps.permission.GOOGLE_AUTH.cl in package com.android.providers.calendar
W/PackageManager(  293): Unknown permission com.google.android.googleapps.permission.GOOGLE_AUTH.mail in package com.android.calendar
W/PackageManager(  293): Not granting permission android.permission.SEND_DOWNLOAD_COMPLETED_INTENTS to package com.android.browser (protectionLevel=2 flags=0x89be45)
W/PackageManager(  293): Not granting permission android.permission.BIND_APPWIDGET to package com.android.widgetpreview (protectionLevel=18 flags=0x8be44)
W/PackageManager(  293): Unknown permission com.google.android.googleapps.permission.GOOGLE_AUTH in package com.android.settings
W/PackageManager(  293): Unknown permission com.google.android.gallery3d.permission.GALLERY_PROVIDER in package com.android.exchange
W/PackageManager(  293): Unknown permission com.google.android.googleapps.permission.ACCESS_GOOGLE_PASSWORD in package com.android.development
W/PackageManager(  293): Unknown permission com.google.android.googleapps.permission.GOOGLE_AUTH in package com.android.development
W/PackageManager(  293): Unknown permission com.google.android.googleapps.permission.GOOGLE_AUTH.ALL_SERVICES in package com.android.development
W/PackageManager(  293): Unknown permission com.google.android.googleapps.permission.GOOGLE_AUTH.YouTubeUser in package com.android.development
W/PackageManager(  293): Unknown permission com.google.android.gallery3d.permission.GALLERY_PROVIDER in package com.android.email
W/PackageManager(  293): Not granting permission android.permission.DEVICE_POWER to package com.android.deskclock (protectionLevel=2 flags=0x88be45)
I/ActivityManager(  293): Process com.android.systemui (pid 376) has died.
W/ActivityManager(  293): Scheduling restart of crashed service com.android.systemui/.SystemUIService in 0ms
W/ActivityManager(  293): Scheduling restart of crashed service com.android.systemui/.ImageWallpaper in 0ms
I/ActivityManager(  293): Start proc com.android.systemui for restart com.android.systemui: pid=649 uid=10034 gids={50034, 1028, 1015, 3002, 3001}
I/Choreographer(  293): Skipped 474 frames!  The application may be doing too much work on its main thread.
E/Trace   (  627): error opening trace file: No such file or directory (2)
E/Trace   (  649): error opening trace file: No such file or directory (2)
D/SystemUIService(  649): loading: class com.android.systemui.statusbar.phone.PhoneStatusBar
V/AlarmClock(  627): No next alarm
D/SystemUIService(  649): running: com.android.systemui.statusbar.phone.PhoneStatusBar@40cd76f8
V/AlarmClock(  627): AlarmInitReceiver - Reset timers and clear stopwatch data
I/StatusBarManagerService(  293): registerStatusBar bar=com.android.internal.statusbar.IStatusBar$Stub$Proxy@41164768
V/AlarmClock(  627): No next alarm
V/AlarmClock(  627): AlarmInitReceiver finished
D/dalvikvm(  293): GC_CONCURRENT freed 2184K, 35% free 5633K/8640K, paused 133ms+53ms, total 821ms
I/AccountTypeManager(  584): Loaded meta-data for 1 account types, 0 accounts in 533ms(wall) 75ms(cpu)
D/dalvikvm(  649): GC_FOR_ALLOC freed 97K, 6% free 2669K/2832K, paused 26ms, total 31ms
I/dalvikvm-heap(  649): Grow heap (frag case) to 3.271MB for 635812-byte allocation
D/dalvikvm(  649): GC_FOR_ALLOC freed 5K, 5% free 3285K/3456K, paused 71ms, total 71ms
D/dalvikvm(  649): GC_CONCURRENT freed 6K, 5% free 3309K/3456K, paused 18ms+37ms, total 74ms
E/BluetoothAdapter(  649): Bluetooth binder is null
E/BluetoothAdapter(  649): Bluetooth binder is null
E/BluetoothAdapter(  649): Bluetooth binder is null
D/dalvikvm(  649): GC_CONCURRENT freed 67K, 4% free 3688K/3820K, paused 10ms+29ms, total 209ms
E/BluetoothAdapter(  649): Bluetooth binder is null
D/PhoneStatusBar(  649): disable: < expand icons alerts ticker system_info BACK* HOME* RECENT* CLOCK* SEARCH* >
E/BluetoothAdapter(  649): Bluetooth binder is null
D/SystemUIService(  649): loading: class com.android.systemui.power.PowerUI
D/SystemUIService(  649): running: com.android.systemui.power.PowerUI@40e4bc88
D/SystemUIService(  649): loading: class com.android.systemui.media.RingtonePlayer
D/SystemUIService(  649): running: com.android.systemui.media.RingtonePlayer@40e4ca68
I/ActivityManager(  293): Start proc com.android.email for broadcast com.android.email/.service.EmailBroadcastReceiver: pid=679 uid=10019 gids={50019, 3003, 1015, 1028}
E/SurfaceFlinger(   37): ro.sf.lcd_density must be defined as a build property
V/TAG     (  293): bug 7643792: fitSystemWindows([0,38][0,0])
D/dalvikvm(  649): GC_FOR_ALLOC freed 229K, 8% free 3729K/4020K, paused 418ms, total 526ms
I/Choreographer(  293): Skipped 145 frames!  The application may be doing too much work on its main thread.
I/dalvikvm-heap(  649): Grow heap (frag case) to 9.813MB for 6410576-byte allocation
D/dalvikvm(  649): GC_FOR_ALLOC freed 3K, 3% free 9985K/10284K, paused 127ms, total 127ms
E/Trace   (  679): error opening trace file: No such file or directory (2)
D/dalvikvm(  649): GC_CONCURRENT freed 3K, 3% free 9982K/10284K, paused 4ms+96ms, total 245ms
W/WindowManager(  293): Window freeze timeout expired.
W/WindowManager(  293): Force clearing orientation change: Window{41060bb0 u0 com.android.systemui.ImageWallpaper}
I/ActivityManager(  293): Start proc com.android.exchange for service com.android.exchange/.ExchangeService: pid=696 uid=10032 gids={50032, 3003, 1015, 1028}
I/ActivityManager(  293): Start proc com.android.providers.calendar for broadcast com.android.providers.calendar/.CalendarReceiver: pid=711 uid=10023 gids={50023, 3003, 1015, 1028}
D/AndroidRuntime(  709): 
D/AndroidRuntime(  709): >>>>>> AndroidRuntime START com.android.internal.os.RuntimeInit <<<<<<
D/AndroidRuntime(  709): CheckJNI is ON
D/dalvikvm(  709): Trying to load lib libjavacore.so 0x0
D/dalvikvm(  709): Added shared lib libjavacore.so 0x0
D/dalvikvm(  709): Trying to load lib libnativehelper.so 0x0
D/dalvikvm(  709): Added shared lib libnativehelper.so 0x0
E/Trace   (  696): error opening trace file: No such file or directory (2)
D/AndroidRuntime(  709): Calling main entry com.android.commands.am.Am
D/dalvikvm(  709): Note: class Landroid/app/ActivityManagerNative; has 157 unimplemented (abstract) methods
D/dalvikvm(  649): GC_FOR_ALLOC freed <1K, 3% free 9982K/10284K, paused 391ms, total 391ms
I/dalvikvm-heap(  649): Grow heap (frag case) to 12.504MB for 2828816-byte allocation
E/Trace   (  711): error opening trace file: No such file or directory (2)
D/dalvikvm(  649): GC_CONCURRENT freed 0K, 3% free 12744K/13048K, paused 4ms+4ms, total 298ms
D/dalvikvm(  649): WAIT_FOR_CONCURRENT_GC blocked 256ms
D/gralloc_goldfish(  649): Emulator without GPU emulation detected.
I/SurfaceFlinger(   37): Boot is finished (112333 ms)
I/ActivityManager(  293): Config changes=1400 {1.0 310mcc260mnc en_US ldltr sw320dp w320dp h508dp 240dpi nrml long port finger -keyb/v/h tball/v s.6}
I/PowerManagerService(  293): Boot animation finished.
I/Choreographer(  293): Skipped 54 frames!  The application may be doing too much work on its main thread.
I/Choreographer(  649): Skipped 1991 frames!  The application may be doing too much work on its main thread.
I/ActivityManager(  293): Start proc com.android.mms for broadcast com.android.mms/.transaction.MmsSystemEventReceiver: pid=744 uid=10029 gids={50029, 3003, 1015, 1028}
E/SurfaceFlinger(   37): ro.sf.lcd_density must be defined as a build property
E/Trace   (  744): error opening trace file: No such file or directory (2)
D/dalvikvm(  433): GC_FOR_ALLOC freed 3019K, 30% free 4762K/6788K, paused 79ms, total 96ms
I/dalvikvm-heap(  433): Grow heap (frag case) to 6.101MB for 1463056-byte allocation
D/dalvikvm(  433): GC_CONCURRENT freed 1K, 25% free 6189K/8220K, paused 6ms+41ms, total 183ms
D/dalvikvm(  433): WAIT_FOR_CONCURRENT_GC blocked 164ms
I/Choreographer(  649): Skipped 310 frames!  The application may be doing too much work on its main thread.
D/dalvikvm(  433): GC_FOR_ALLOC freed <1K, 25% free 6189K/8220K, paused 78ms, total 102ms
I/dalvikvm-heap(  433): Grow heap (frag case) to 7.495MB for 1463056-byte allocation
D/CountryDetector(  293): The first listener is added
D/dalvikvm(  433): GC_CONCURRENT freed <1K, 22% free 7618K/9652K, paused 5ms+116ms, total 234ms
D/dalvikvm(  433): WAIT_FOR_CONCURRENT_GC blocked 220ms
V/MmsConfig(  744): mnc/mcc: 310260
V/MmsConfig(  744): tag: bool value: enabledMMS - true
V/MmsConfig(  744): tag: int value: maxMessageSize - 307200
V/MmsConfig(  744): tag: int value: maxImageHeight - 480
V/MmsConfig(  744): tag: int value: maxImageWidth - 640
V/MmsConfig(  744): tag: int value: defaultSMSMessagesPerThread - 500
V/MmsConfig(  744): tag: int value: defaultMMSMessagesPerThread - 50
V/MmsConfig(  744): tag: int value: minMessageCountPerThread - 10
V/MmsConfig(  744): tag: int value: maxMessageCountPerThread - 5000
V/MmsConfig(  744): tag: string value: uaProfUrl - http://www.google.com/oha/rdf/ua-profile-kila.xml
V/MmsConfig(  744): tag: int value: recipientLimit - -1
V/MmsConfig(  744): tag: bool value: enableMultipartSMS - true
V/MmsConfig(  744): tag: int value: smsToMmsTextThreshold - -1
V/MmsConfig(  744): tag: bool value: enableSlideDuration - true
V/MmsConfig(  744): tag: int value: maxMessageTextSize - -1
D/dalvikvm(  293): GREF has increased to 501
I/ActivityManager(  293): Start proc com.android.settings for broadcast com.android.settings/.widget.SettingsAppWidgetProvider: pid=773 uid=1000 gids={41000, 1015, 1028, 3002, 3001, 3003}
E/Trace   (  773): error opening trace file: No such file or directory (2)
E/BluetoothAdapter(  773): Bluetooth binder is null
E/BluetoothAdapter(  773): Bluetooth binder is null
E/BluetoothAdapter(  773): Bluetooth binder is null
D/ExchangeService(  696): !!! EAS ExchangeService, onStartCommand, startingUp = false, running = false
D/Eas Debug(  696): Logging: 
D/ExchangeService(  696): !!! EAS ExchangeService, onCreate
D/ExchangeService(  696): !!! EAS ExchangeService, onStartCommand, startingUp = true, running = false
D/MediaScannerReceiver(  596): action: android.intent.action.MEDIA_MOUNTED path: /mnt/sdcard
D/dalvikvm(  795): Not late-enabling CheckJNI (already on)
I/ActivityManager(  293): Start proc de.freewarepoint.whohasmystuff for broadcast de.freewarepoint.whohasmystuff/.EmmaInstrument.SMSInstrumentedReceiver: pid=795 uid=10047 gids={50047, 1015, 1028}
E/Trace   (  795): error opening trace file: No such file or directory (2)
I/System.out(  795): EMMA: collecting runtime coverage data ...
D/EmmaInstrumentation:(  795): Intermidate Dump Called with file name :/mnt/sdcard/coverage.ec
D/EmmaInstrumentation:(  795): generateCoverageReport()
I/System.out(  795): EMMA: runtime coverage data merged into [/mnt/sdcard/coverage.ec] {in 33 ms}
D/AndroidRuntime(  709): Shutting down VM
D/dalvikvm(  709): GC_CONCURRENT freed 91K, 17% free 492K/588K, paused 1ms+1ms, total 8ms
D/dalvikvm(  795): GC_CONCURRENT freed 321K, 14% free 2502K/2888K, paused 15ms+2ms, total 81ms
W/SystemClock(  293): Unable to set rtc to 1483613572: Invalid argument
I/ActivityManager(  293): Start proc com.android.calendar for broadcast com.android.calendar/.widget.CalendarAppWidgetService$CalendarFactory: pid=808 uid=10004 gids={50004, 3003, 1028}
E/Trace   (  808): error opening trace file: No such file or directory (2)
I/dalvikvm(  293): Jit: resizing JitTable from 4096 to 8192
V/AlarmClock(  627): No next alarm
V/AlarmClock(  627): AlarmInitReceiver finished
D/MmsSmsDatabaseHelper(  422): [MmsSmsDb] tableName: threads hasAutoIncrement: CREATE TABLE threads (_id INTEGER PRIMARY KEY AUTOINCREMENT,date INTEGER DEFAULT 0,message_count INTEGER DEFAULT 0,recipient_ids TEXT,snippet TEXT,snippet_cs INTEGER DEFAULT 0,read INTEGER DEFAULT 1,type INTEGER DEFAULT 0,error INTEGER DEFAULT 0,has_attachment INTEGER DEFAULT 0) result: true
D/dalvikvm(  433): GC_FOR_ALLOC freed 1510K, 25% free 7276K/9652K, paused 27ms, total 32ms
D/dalvikvm(  433): GREF has increased to 201
I/Choreographer(  433): Skipped 54 frames!  The application may be doing too much work on its main thread.
D/MmsSmsDatabaseHelper(  422): [MmsSmsDb] tableName: canonical_addresses hasAutoIncrement: CREATE TABLE canonical_addresses (_id INTEGER PRIMARY KEY AUTOINCREMENT,address TEXT) result: true
D/EmailProvider(  679): fromDatabase accounts: 0
D/EmailProvider(  679): ending toDatabase transaction; copyCount = 0
D/EmailProvider(  679): ending fromDatabase transaction; copyCount = 0
D/MmsSmsDatabaseHelper(  422): [MmsSmsDb] tableName: part hasAutoIncrement: CREATE TABLE part (_id INTEGER PRIMARY KEY AUTOINCREMENT,mid INTEGER,seq INTEGER DEFAULT 0,ct TEXT,name TEXT,chset INTEGER,cd TEXT,fn TEXT,cid TEXT,cl TEXT,ctt_s INTEGER,ctt_t TEXT,_data TEXT,text TEXT) result: true
D/MmsSmsDatabaseHelper(  422): [MmsSmsDb] tableName: pdu hasAutoIncrement: CREATE TABLE pdu (_id INTEGER PRIMARY KEY AUTOINCREMENT,thread_id INTEGER,date INTEGER,date_sent INTEGER DEFAULT 0,msg_box INTEGER,read INTEGER DEFAULT 0,m_id TEXT,sub TEXT,sub_cs INTEGER,ct_t TEXT,ct_l TEXT,exp INTEGER,m_cls TEXT,m_type INTEGER,v INTEGER,m_size INTEGER,pri INTEGER,rr INTEGER,rpt_a INTEGER,resp_st INTEGER,st INTEGER,tr_id TEXT,retr_st INTEGER,retr_txt TEXT,retr_txt_cs INTEGER,read_status INTEGER,ct_cls INTEGER,resp_txt TEXT,d_tm INTEGER,d_rpt INTEGER,locked INTEGER DEFAULT 0,seen INTEGER DEFAULT 0,text_only INTEGER DEFAULT 0) result: true
D/MmsSmsDatabaseHelper(  422): [getWritableDatabase] hasAutoIncrementThreads: true hasAutoIncrementAddresses: true hasAutoIncrementPart: true hasAutoIncrementPdu: true
W/ActivityManager(  293): Unable to start service Intent { cmp=com.android.email/.service.AttachmentDownloadService } U=0: not found
D/ExchangeService(  696): !!! EAS ExchangeService, onStartCommand, startingUp = true, running = false
D/Mms:app (  744): cancelNotification
D/dalvikvm(  679): GC_CONCURRENT freed 189K, 9% free 2580K/2832K, paused 8ms+3ms, total 136ms
W/ActivityManager(  293): Unable to start service Intent { cmp=com.android.email/.service.AttachmentDownloadService } U=0: not found
W/ActivityManager(  293): Unable to start service Intent { cmp=com.android.email/.service.AttachmentDownloadService } U=0: not found
D/ExchangeService(  696): Received deviceId from Email app: androidc259148960
D/ExchangeService(  696): Reconciling accounts...
D/dalvikvm(  422): GC_CONCURRENT freed 368K, 13% free 2911K/3340K, paused 71ms+51ms, total 152ms
D/ExchangeService(  696): !!! EAS ExchangeService, onStartCommand, startingUp = true, running = false
D/Mms:app (  744): cancelNotification
D/Eas Debug(  696): Logging: 
I/CalendarProvider2(  711): Sending notification intent: Intent { act=android.intent.action.PROVIDER_CHANGED dat=content://com.android.calendar }
W/ContentResolver(  711): Failed to get type for: content://com.android.calendar (Unknown URL content://com.android.calendar)
D/AlertReceiver(  808): onReceive: a=android.intent.action.PROVIDER_CHANGED Intent { act=android.intent.action.PROVIDER_CHANGED dat=content://com.android.calendar flg=0x10 cmp=com.android.calendar/.alerts.AlertReceiver }
D/AlertService(  808): 0 Action = android.intent.action.PROVIDER_CHANGED
D/AlertService(  808): Beginning updateAlertNotification
D/dalvikvm(  293): GC_EXPLICIT freed 422K, 24% free 5736K/7532K, paused 4ms+6ms, total 85ms
D/AlertService(  808): No fired or scheduled alerts
D/dalvikvm(  596): GREF has increased to 201
W/MediaProvider(  596): no database for scanned volume external
D/dalvikvm(  596): GC_CONCURRENT freed 200K, 10% free 2558K/2820K, paused 9ms+2ms, total 70ms
D/dalvikvm(  433): GC_CONCURRENT freed 652K, 9% free 8227K/8988K, paused 20ms+12ms, total 79ms
W/MediaScanner(  596): Error opening directory '/mnt/sdcard/.android_secure/', skipping: Permission denied.
V/MediaScanner(  596): pruneDeadThumbnailFiles... android.database.sqlite.SQLiteCursor@40d17a38
V/MediaScanner(  596): /pruneDeadThumbnailFiles... android.database.sqlite.SQLiteCursor@40d17a38
W/MediaScanner(  596): Error opening directory '/mnt/sdcard/.android_secure/', skipping: Permission denied.
V/MediaScanner(  596): pruneDeadThumbnailFiles... android.database.sqlite.SQLiteCursor@40ccba20
V/MediaScanner(  596): /pruneDeadThumbnailFiles... android.database.sqlite.SQLiteCursor@40ccba20
D/SystemClock(  293): Setting time of day to sec=1483613572
D/dalvikvm(  293): GC_EXPLICIT freed 134K, 25% free 5709K/7532K, paused 4ms+29ms, total 231ms
D/GpsLocationProvider(  293): NTP server returned: 1483613572162 (Thu Jan 05 10:52:52 GMT 2017) reference: 121170 certainty: 189 system time offset: -10120
D/AndroidRuntime(  872): 
D/AndroidRuntime(  872): >>>>>> AndroidRuntime START com.android.internal.os.RuntimeInit <<<<<<
D/AndroidRuntime(  872): CheckJNI is ON
D/dalvikvm(  872): Trying to load lib libjavacore.so 0x0
D/dalvikvm(  872): Added shared lib libjavacore.so 0x0
D/dalvikvm(  872): Trying to load lib libnativehelper.so 0x0
D/dalvikvm(  872): Added shared lib libnativehelper.so 0x0
D/AndroidRuntime(  872): Calling main entry com.android.commands.input.Input
I/Input   (  872): injectKeyEvent: KeyEvent { action=ACTION_DOWN, keyCode=KEYCODE_MENU, scanCode=0, metaState=0, flags=0x0, repeatCount=0, eventTime=132084, downTime=132084, deviceId=-1, source=0x101 }
I/Input   (  872): injectKeyEvent: KeyEvent { action=ACTION_UP, keyCode=KEYCODE_MENU, scanCode=0, metaState=0, flags=0x0, repeatCount=0, eventTime=132084, downTime=132084, deviceId=-1, source=0x101 }
D/InputEventConsistencyVerifier(  293): KeyEvent: ACTION_UP but key was not down.
D/InputEventConsistencyVerifier(  293):   in com.android.internal.policy.impl.keyguard.KeyguardHostView{40fe29c8 V.E..... ......I. 0,38-480,800 #10202b0 android:id/keyguard_host_view}
D/InputEventConsistencyVerifier(  293):   0: sent at 132084000000, KeyEvent { action=ACTION_UP, keyCode=KEYCODE_MENU, scanCode=0, metaState=0, flags=0x0, repeatCount=0, eventTime=132084, downTime=132084, deviceId=-1, source=0x101 }
D/AndroidRuntime(  872): Shutting down VM
D/dalvikvm(  872): GC_CONCURRENT freed 93K, 18% free 454K/552K, paused 1ms+1ms, total 8ms
W/SoundPool(  293):   sample 0 not READY
D/PhoneStatusBar(  649): disable: < expand icons alerts ticker system_info BACK HOME recent* CLOCK search* >
I/ARMAssembler(   37): generated scanline__00000077:03515104_00009001_00000000 [131 ipp] (153 ins) at [0x40afc1f0:0x40afc454] in 5824001 ns
D/PhoneStatusBar(  649): disable: < expand icons alerts ticker system_info back* home* recent clock* search >
V/TAG     (  293): bug 7643792: fitSystemWindows([0,38][0,0])
D/AndroidRuntime(  885): 
D/AndroidRuntime(  885): >>>>>> AndroidRuntime START com.android.internal.os.RuntimeInit <<<<<<
D/AndroidRuntime(  885): CheckJNI is ON
D/dalvikvm(  885): Trying to load lib libjavacore.so 0x0
D/dalvikvm(  885): Added shared lib libjavacore.so 0x0
D/dalvikvm(  885): Trying to load lib libnativehelper.so 0x0
D/dalvikvm(  885): Added shared lib libnativehelper.so 0x0
D/AndroidRuntime(  885): Calling main entry com.android.commands.am.Am
D/dalvikvm(  885): Note: class Landroid/app/ActivityManagerNative; has 157 unimplemented (abstract) methods
I/ActivityManager(  293): Force stopping package de.freewarepoint.whohasmystuff appid=10047 user=0
I/ActivityManager(  293): Killing proc 795:de.freewarepoint.whohasmystuff/u0a10047: force stop de.freewarepoint.whohasmystuff
D/dalvikvm(  895): Not late-enabling CheckJNI (already on)
I/ActivityManager(  293): Start proc de.freewarepoint.whohasmystuff for added application de.freewarepoint.whohasmystuff: pid=895 uid=10047 gids={50047, 1015, 1028}
E/Trace   (  895): error opening trace file: No such file or directory (2)
D/androidripper(  895): Updating node 
D/androidripper(  895): Loading node 
I/androidripper(  895): Preferences file found.
V/androidripper(  895): Updating value ACTIVITY_DESCRIPTION_IN_SESSION
V/androidripper(  895): Updating value ADDITIONAL_CRITERIAS
V/androidripper(  895): Updating value ADDITIONAL_EVENTS
V/androidripper(  895): Updating value ADDITIONAL_INPUTS
V/androidripper(  895): Updating value CLASS_NAME
D/androidripper(  895): Updated value of parameter CLASS_NAME to de.freewarepoint.whohasmystuff.ListLentObjects (default = app.package.class)
V/androidripper(  895): Updating value ENABLE_MODEL
V/androidripper(  895): Updating value ENABLE_RESUME
V/androidripper(  895): Updating value INTENT_ACTION
V/androidripper(  895): Updating value INTENT_ACTIVITY
V/androidripper(  895): Updating value INTENT_CATEGORY
V/androidripper(  895): Updating value INTENT_DATA
V/androidripper(  895): Updating value INTENT_FLAGS
V/androidripper(  895): Updating value INTENT_TYPE
V/androidripper(  895): Updating value PACKAGE_NAME
D/androidripper(  895): Updated value of parameter PACKAGE_NAME to de.freewarepoint.whohasmystuff (default = app.package)
V/androidripper(  895): Updating value RANDOM_SEED
