W/ActivityManager(  287): Timeout executing service: ServiceRecord{40e9c998 u0 com.android.systemui/.SystemUIService}
I/Process (  287): Sending signal. PID: 567 SIG: 3
I/dalvikvm(  567): threadid=3: reacting to signal 3
D/dalvikvm(  400): GC_CONCURRENT freed 457K, 15% free 2900K/3408K, paused 21ms+3ms, total 287ms
I/Process (  287): Sending signal. PID: 287 SIG: 3
I/dalvikvm(  287): threadid=3: reacting to signal 3
I/dalvikvm(  567): Wrote stack traces to '/data/anr/traces.txt'
I/Process (  287): Sending signal. PID: 400 SIG: 3
I/dalvikvm(  400): threadid=3: reacting to signal 3
I/dalvikvm(  287): Wrote stack traces to '/data/anr/traces.txt'
V/AlarmClock(  652): AlarmInitReceiver - Reset timers and clear stopwatch data
V/AlarmClock(  652): No next alarm
D/dalvikvm(  287): GC_CONCURRENT freed 1576K, 26% free 6181K/8244K, paused 32ms+7ms, total 467ms
D/dalvikvm(  287): WAIT_FOR_CONCURRENT_GC blocked 55ms
D/dalvikvm(  287): WAIT_FOR_CONCURRENT_GC blocked 59ms
V/AlarmClock(  652): AlarmInitReceiver finished
D/dalvikvm(  287): WAIT_FOR_CONCURRENT_GC blocked 361ms
D/dalvikvm(  287): WAIT_FOR_CONCURRENT_GC blocked 90ms
D/Launcher.Model(  413): Reload apps on config change. curr_mcc:310 prevmcc:0
I/Choreographer(  413): Skipped 2837 frames!  The application may be doing too much work on its main thread.
I/ActivityManager(  287): Start proc com.android.email for broadcast com.android.email/.service.EmailBroadcastReceiver: pid=682 uid=10019 gids={50019, 3003, 1015, 1028}
E/SurfaceFlinger(   37): ro.sf.lcd_density must be defined as a build property
I/dalvikvm(  400): Wrote stack traces to '/data/anr/traces.txt'
D/dalvikvm(  400): GC_CONCURRENT freed 123K, 16% free 2883K/3408K, paused 24ms+3ms, total 172ms
D/dalvikvm(  287): GC_CONCURRENT freed 487K, 20% free 6648K/8244K, paused 100ms+8ms, total 738ms
D/dalvikvm(  287): WAIT_FOR_CONCURRENT_GC blocked 134ms
D/dalvikvm(  287): WAIT_FOR_CONCURRENT_GC blocked 335ms
D/dalvikvm(  287): WAIT_FOR_CONCURRENT_GC blocked 329ms
D/dalvikvm(  287): WAIT_FOR_CONCURRENT_GC blocked 230ms
D/dalvikvm(  287): WAIT_FOR_CONCURRENT_GC blocked 362ms
D/dalvikvm(  287): WAIT_FOR_CONCURRENT_GC blocked 247ms
D/dalvikvm(  287): WAIT_FOR_CONCURRENT_GC blocked 389ms
E/Trace   (  682): error opening trace file: No such file or directory (2)
I/Choreographer(  287): Skipped 2650 frames!  The application may be doing too much work on its main thread.
W/WindowManager(  287): Window freeze timeout expired.
W/WindowManager(  287): Force clearing orientation change: Window{40e8a640 u0 Keyguard}
D/dalvikvm(  413): GC_FOR_ALLOC freed 3163K, 46% free 5100K/9420K, paused 114ms, total 283ms
I/dalvikvm-heap(  413): Grow heap (frag case) to 6.498MB for 1536016-byte allocation
I/Choreographer(  287): Skipped 31 frames!  The application may be doing too much work on its main thread.
V/TAG     (  287): bug 7643792: fitSystemWindows([0,38][0,0])
D/dalvikvm(  413): GC_CONCURRENT freed 462K, 35% free 6137K/9420K, paused 15ms+3ms, total 372ms
D/dalvikvm(  413): WAIT_FOR_CONCURRENT_GC blocked 340ms
D/dalvikvm(  413): GC_FOR_ALLOC freed 1K, 35% free 6137K/9420K, paused 100ms, total 100ms
I/Choreographer(  287): Skipped 93 frames!  The application may be doing too much work on its main thread.
I/dalvikvm-heap(  413): Grow heap (frag case) to 7.509MB for 1536016-byte allocation
D/dalvikvm(  413): GC_CONCURRENT freed 0K, 31% free 7637K/10924K, paused 5ms+41ms, total 135ms
D/dalvikvm(  413): WAIT_FOR_CONCURRENT_GC blocked 123ms
D/dalvikvm(  287): GC_EXPLICIT freed 589K, 20% free 6640K/8244K, paused 46ms+65ms, total 366ms
D/dalvikvm(  287): WAIT_FOR_CONCURRENT_GC blocked 29ms
I/dalvikvm-heap(  287): Grow heap (frag case) to 7.622MB for 1128976-byte allocation
D/dalvikvm(  287): GC_FOR_ALLOC freed 8K, 18% free 7734K/9348K, paused 358ms, total 359ms
W/WindowManager(  287): ***** BOOT TIMEOUT: forcing display enabled
I/SurfaceFlinger(   37): Boot is finished (102943 ms)
I/ActivityManager(  287): Config changes=1400 {1.0 310mcc260mnc en_US ldltr sw320dp w320dp h508dp 240dpi nrml long port finger -keyb/v/h tball/v s.6}
I/Choreographer(  287): Skipped 44 frames!  The application may be doing too much work on its main thread.
I/PowerManagerService(  287): Boot animation finished.
I/Choreographer(  287): Skipped 321 frames!  The application may be doing too much work on its main thread.
D/dalvikvm(  287): GC_CONCURRENT freed 912K, 27% free 6863K/9348K, paused 37ms+200ms, total 718ms
I/ActivityManager(  287): Start proc com.android.exchange for service com.android.exchange/.ExchangeService: pid=705 uid=10032 gids={50032, 3003, 1015, 1028}
D/ConnectivityService(  287): ConnectivityChange for mobile: CONNECTED/CONNECTED
I/ActivityManager(  287): Start proc com.android.providers.calendar for broadcast com.android.providers.calendar/.CalendarReceiver: pid=714 uid=10023 gids={50023, 3003, 1015, 1028}
I/Choreographer(  287): Skipped 101 frames!  The application may be doing too much work on its main thread.
E/Trace   (  705): error opening trace file: No such file or directory (2)
E/Trace   (  714): error opening trace file: No such file or directory (2)
E/ActivityManager(  287): ANR in com.android.systemui
E/ActivityManager(  287): Reason: Executing service com.android.systemui/.SystemUIService
E/ActivityManager(  287): Load: 10.0 / 2.91 / 1.0
E/ActivityManager(  287): CPU usage from 0ms to 8665ms later:
E/ActivityManager(  287):   30% 287/system_server: 24% user + 6.9% kernel / faults: 1736 minor
E/ActivityManager(  287):   13% 37/surfaceflinger: 10% user + 3.1% kernel / faults: 1125 minor
E/ActivityManager(  287):   9.2% 413/com.android.launcher: 5.9% user + 3.2% kernel / faults: 4218 minor
E/ActivityManager(  287):   4.8% 400/com.android.phone: 3.5% user + 1.2% kernel / faults: 204 minor
E/ActivityManager(  287):   1% 567/com.android.systemui: 0.5% user + 0.4% kernel / faults: 117 minor
E/ActivityManager(  287):   0.5% 470/android.process.acore: 0.3% user + 0.2% kernel / faults: 15 minor
E/ActivityManager(  287):   0.5% 623/com.android.contacts: 0.3% user + 0.2% kernel / faults: 70 minor 1 major
E/ActivityManager(  287):   0.5% 652/com.android.deskclock: 0.4% user + 0.1% kernel / faults: 65 minor 1 major
E/ActivityManager(  287):   0.2% 38/zygote: 0.1% user + 0% kernel / faults: 254 minor
E/ActivityManager(  287):   0% 31/servicemanager: 0% user + 0% kernel
E/ActivityManager(  287):   0% 550/zygote: 0% user + 0% kernel / faults: 50 minor
E/ActivityManager(  287):   0% 4/events/0: 0% user + 0% kernel
E/ActivityManager(  287):   0% 34/netd: 0% user + 0% kernel / faults: 8 minor
E/ActivityManager(  287):   0.1% 388/com.android.inputmethod.latin: 0.1% user + 0% kernel / faults: 5 minor
E/ActivityManager(  287):  +0% 682/com.android.email: 0% user + 0% kernel
E/ActivityManager(  287):  +0% 705/com.android.exchange: 0% user + 0% kernel
E/ActivityManager(  287):  +0% 714/<pre-initialized>: 0% user + 0% kernel
E/ActivityManager(  287): 100% TOTAL: 69% user + 30% kernel
E/ActivityManager(  287): CPU usage from 6795ms to 8308ms later with 128% awake:
E/ActivityManager(  287):   47% 287/system_server: 35% user + 11% kernel / faults: 764 minor
E/ActivityManager(  287):     14% 302/UI: 13% user + 0.8% kernel
E/ActivityManager(  287):     7% 304/ActivityManager: 5.2% user + 1.7% kernel
E/ActivityManager(  287):     5.2% 290/GC: 4.3% user + 0.8% kernel
E/ActivityManager(  287):     5.2% 293/Compiler: 3.5% user + 1.7% kernel
E/ActivityManager(  287):     5.2% 519/Binder_A: 3.5% user + 1.7% kernel
E/ActivityManager(  287):     4.3% 340/ConnectivitySer: 0.8% user + 3.5% kernel
E/ActivityManager(  287):     3.5% 303/WindowManager: 1.7% user + 1.7% kernel
E/ActivityManager(  287):     1.7% 287/system_server: 1.7% user + 0% kernel
E/ActivityManager(  287):     0.8% 295/FinalizerDaemon: 0.8% user + 0% kernel
E/ActivityManager(  287):     0.8% 298/Binder_1: 0% user + 0.8% kernel
E/ActivityManager(  287):     0.8% 301/er.ServerThread: 0.8% user + 0% kernel
E/ActivityManager(  287):     0.8% 332/NetdConnector: 0.8% user + 0% kernel
E/ActivityManager(  287):     0.8% 440/Binder_3: 0.8% user + 0% kernel
E/ActivityManager(  287):   13% 37/surfaceflinger: 8.4% user + 5% kernel / faults: 750 minor
E/ActivityManager(  287):     10% 65/SurfaceFlinger: 7.6% user + 2.5% kernel
E/ActivityManager(  287):     4.2% 80/Binder_1: 0.8% user + 3.3% kernel
E/ActivityManager(  287):     0.8% 74/VSyncThread: 0% user + 0.8% kernel
E/ActivityManager(  287):     0.8% 79/EventThread: 0.8% user + 0% kernel
E/ActivityManager(  287):     0.8% 461/Binder_2: 0.8% user + 0% kernel
E/ActivityManager(  287):     0.8% 640/Binder_3: 0% user + 0.8% kernel
E/ActivityManager(  287):   7.6% 682/com.android.email: 3.2% user + 4.3% kernel / faults: 134 minor 1 major
E/ActivityManager(  287):     7.6% 682/m.android.email: 3.2% user + 4.3% kernel
E/ActivityManager(  287):     1% 689/Compiler: 0% user + 1% kernel
E/ActivityManager(  287):    +0% 711/AsyncTask #3: 0% user + 0% kernel
E/ActivityManager(  287):    +0% 713/ocessorService]: 0% user + 0% kernel
E/ActivityManager(  287):   0.1% 4/events/0: 0% user + 0.1% kernel
E/ActivityManager(  287):   0.1% 34/netd: 0.1% user + 0% kernel / faults: 8 minor
E/ActivityManager(  287):   0.8% 38/zygote: 0.8% user + 0% kernel / faults: 127 minor
E/ActivityManager(  287):     1.7% 38/zygote: 1.7% user + 0% kernel
E/ActivityManager(  287):    +0% 715/ReferenceQueueD: 0% user + 0% kernel
E/ActivityManager(  287):    +0% 717/FinalizerDaemon: 0% user + 0% kernel
E/ActivityManager(  287):    +0% 718/FinalizerWatchd: 0% user + 0% kernel
E/ActivityManager(  287):   1.1% 400/com.android.phone: 0% user + 1.1% kernel / faults: 13 minor
E/ActivityManager(  287):     1.1% 400/m.android.phone: 0% user + 1.1% kernel
E/ActivityManager(  287):     1.1% 436/Binder_2: 1.1% user + 0% kernel
E/ActivityManager(  287):   0.3% 567/com.android.systemui: 0.3% user + 0% kernel
E/ActivityManager(  287):  +0% 705/<pre-initialized>: 0% user + 0% kernel
E/ActivityManager(  287):  +0% 714/<pre-initialized>: 0% user + 0% kernel
E/ActivityManager(  287): 100% TOTAL: 66% user + 33% kernel
W/ActivityManager(  287): Killing ProcessRecord{40edc1a0 567:com.android.systemui/u0a10034}: background ANR
D/dalvikvm(  287): GC_CONCURRENT freed 1879K, 36% free 6011K/9348K, paused 26ms+5ms, total 221ms
I/ActivityManager(  287): Start proc com.android.mms for broadcast com.android.mms/.transaction.MmsSystemEventReceiver: pid=737 uid=10029 gids={50029, 3003, 1015, 1028}
E/Trace   (  737): error opening trace file: No such file or directory (2)
D/CountryDetector(  287): The first listener is added
V/MmsConfig(  737): mnc/mcc: 310260
V/MmsConfig(  737): tag: bool value: enabledMMS - true
V/MmsConfig(  737): tag: int value: maxMessageSize - 307200
V/MmsConfig(  737): tag: int value: maxImageHeight - 480
V/MmsConfig(  737): tag: int value: maxImageWidth - 640
V/MmsConfig(  737): tag: int value: defaultSMSMessagesPerThread - 500
V/MmsConfig(  737): tag: int value: defaultMMSMessagesPerThread - 50
V/MmsConfig(  737): tag: int value: minMessageCountPerThread - 10
V/MmsConfig(  737): tag: int value: maxMessageCountPerThread - 5000
V/MmsConfig(  737): tag: string value: uaProfUrl - http://www.google.com/oha/rdf/ua-profile-kila.xml
V/MmsConfig(  737): tag: int value: recipientLimit - -1
V/MmsConfig(  737): tag: bool value: enableMultipartSMS - true
V/MmsConfig(  737): tag: int value: smsToMmsTextThreshold - -1
V/MmsConfig(  737): tag: bool value: enableSlideDuration - true
V/MmsConfig(  737): tag: int value: maxMessageTextSize - -1
D/Mms:app (  737): cancelNotification
D/ExchangeService(  705): !!! EAS ExchangeService, onCreate
D/ExchangeService(  705): !!! EAS ExchangeService, onStartCommand, startingUp = false, running = false
D/Eas Debug(  705): Logging: 
D/ExchangeService(  705): !!! EAS ExchangeService, onStartCommand, startingUp = true, running = false
D/MmsSmsDatabaseHelper(  400): [MmsSmsDb] tableName: threads hasAutoIncrement: CREATE TABLE threads (_id INTEGER PRIMARY KEY AUTOINCREMENT,date INTEGER DEFAULT 0,message_count INTEGER DEFAULT 0,recipient_ids TEXT,snippet TEXT,snippet_cs INTEGER DEFAULT 0,read INTEGER DEFAULT 1,type INTEGER DEFAULT 0,error INTEGER DEFAULT 0,has_attachment INTEGER DEFAULT 0) result: true
D/MmsSmsDatabaseHelper(  400): [MmsSmsDb] tableName: canonical_addresses hasAutoIncrement: CREATE TABLE canonical_addresses (_id INTEGER PRIMARY KEY AUTOINCREMENT,address TEXT) result: true
D/EmailProvider(  682): fromDatabase accounts: 0
D/EmailProvider(  682): ending toDatabase transaction; copyCount = 0
D/EmailProvider(  682): ending fromDatabase transaction; copyCount = 0
D/MmsSmsDatabaseHelper(  400): [MmsSmsDb] tableName: part hasAutoIncrement: CREATE TABLE part (_id INTEGER PRIMARY KEY AUTOINCREMENT,mid INTEGER,seq INTEGER DEFAULT 0,ct TEXT,name TEXT,chset INTEGER,cd TEXT,fn TEXT,cid TEXT,cl TEXT,ctt_s INTEGER,ctt_t TEXT,_data TEXT,text TEXT) result: true
D/MmsSmsDatabaseHelper(  400): [MmsSmsDb] tableName: pdu hasAutoIncrement: CREATE TABLE pdu (_id INTEGER PRIMARY KEY AUTOINCREMENT,thread_id INTEGER,date INTEGER,date_sent INTEGER DEFAULT 0,msg_box INTEGER,read INTEGER DEFAULT 0,m_id TEXT,sub TEXT,sub_cs INTEGER,ct_t TEXT,ct_l TEXT,exp INTEGER,m_cls TEXT,m_type INTEGER,v INTEGER,m_size INTEGER,pri INTEGER,rr INTEGER,rpt_a INTEGER,resp_st INTEGER,st INTEGER,tr_id TEXT,retr_st INTEGER,retr_txt TEXT,retr_txt_cs INTEGER,read_status INTEGER,ct_cls INTEGER,resp_txt TEXT,d_tm INTEGER,d_rpt INTEGER,locked INTEGER DEFAULT 0,seen INTEGER DEFAULT 0,text_only INTEGER DEFAULT 0) result: true
D/MmsSmsDatabaseHelper(  400): [getWritableDatabase] hasAutoIncrementThreads: true hasAutoIncrementAddresses: true hasAutoIncrementPart: true hasAutoIncrementPdu: true
D/dalvikvm(  413): GC_FOR_ALLOC freed 1853K, 14% free 7354K/8484K, paused 24ms, total 36ms
W/ActivityManager(  287): Unable to start service Intent { cmp=com.android.email/.service.AttachmentDownloadService } U=0: not found
I/Choreographer(  413): Skipped 36 frames!  The application may be doing too much work on its main thread.
D/ExchangeService(  705): !!! EAS ExchangeService, onStartCommand, startingUp = true, running = false
D/dalvikvm(  682): GC_CONCURRENT freed 190K, 9% free 2576K/2828K, paused 3ms+2ms, total 63ms
D/dalvikvm(  287): GREF has increased to 501
I/WindowState(  287): WIN DEATH: Window{40f4d850 u0 StatusBar}
I/ActivityManager(  287): Process com.android.systemui (pid 567) has died.
W/ActivityManager(  287): Scheduling restart of crashed service com.android.systemui/.SystemUIService in 0ms
W/ActivityManager(  287): Scheduling restart of crashed service com.android.systemui/.ImageWallpaper in 0ms
I/CalendarProvider2(  714): Sending notification intent: Intent { act=android.intent.action.PROVIDER_CHANGED dat=content://com.android.calendar }
I/ActivityManager(  287): Start proc com.android.systemui for restart com.android.systemui: pid=769 uid=10034 gids={50034, 1028, 1015, 3002, 3001}
D/Tethering(  287): MasterInitialState.processMessage what=3
I/ActivityManager(  287): Start proc com.android.settings for broadcast com.android.settings/.widget.SettingsAppWidgetProvider: pid=775 uid=1000 gids={41000, 1015, 1028, 3002, 3001, 3003}
V/TAG     (  287): bug 7643792: fitSystemWindows([0,0][0,0])
I/Choreographer(  287): Skipped 65 frames!  The application may be doing too much work on its main thread.
E/Trace   (  769): error opening trace file: No such file or directory (2)
E/Trace   (  775): error opening trace file: No such file or directory (2)
D/SystemUIService(  769): loading: class com.android.systemui.statusbar.phone.PhoneStatusBar
D/SystemUIService(  769): running: com.android.systemui.statusbar.phone.PhoneStatusBar@40cd91f8
I/StatusBarManagerService(  287): registerStatusBar bar=com.android.internal.statusbar.IStatusBar$Stub$Proxy@40ede5f0
W/ContentResolver(  714): Failed to get type for: content://com.android.calendar (Unknown URL content://com.android.calendar)
E/BluetoothAdapter(  775): Bluetooth binder is null
E/BluetoothAdapter(  775): Bluetooth binder is null
I/dalvikvm(  287): Jit: resizing JitTable from 4096 to 8192
E/BluetoothAdapter(  775): Bluetooth binder is null
D/dalvikvm(  769): GC_CONCURRENT freed 114K, 7% free 2662K/2836K, paused 4ms+3ms, total 82ms
D/dalvikvm(  769): WAIT_FOR_CONCURRENT_GC blocked 69ms
I/dalvikvm-heap(  769): Grow heap (frag case) to 3.261MB for 635812-byte allocation
D/dalvikvm(  769): GC_FOR_ALLOC freed 5K, 6% free 3278K/3460K, paused 41ms, total 41ms
E/BluetoothAdapter(  769): Bluetooth binder is null
E/BluetoothAdapter(  769): Bluetooth binder is null
E/BluetoothAdapter(  769): Bluetooth binder is null
D/dalvikvm(  769): GC_CONCURRENT freed 68K, 4% free 3647K/3776K, paused 16ms+3ms, total 45ms
E/BluetoothAdapter(  769): Bluetooth binder is null
I/ActivityManager(  287): Start proc com.android.calendar for broadcast com.android.calendar/.alerts.AlertReceiver: pid=798 uid=10004 gids={50004, 3003, 1028}
E/Trace   (  798): error opening trace file: No such file or directory (2)
D/PhoneStatusBar(  769): disable: < expand icons alerts ticker system_info BACK* HOME* RECENT* CLOCK* SEARCH* >
E/BluetoothAdapter(  769): Bluetooth binder is null
D/SystemUIService(  769): loading: class com.android.systemui.power.PowerUI
D/SystemUIService(  769): running: com.android.systemui.power.PowerUI@40e4a518
D/SystemUIService(  769): loading: class com.android.systemui.media.RingtonePlayer
D/SystemUIService(  769): running: com.android.systemui.media.RingtonePlayer@40e4b2f8
I/Choreographer(  769): Skipped 228 frames!  The application may be doing too much work on its main thread.
D/AlertReceiver(  798): onReceive: a=android.intent.action.PROVIDER_CHANGED Intent { act=android.intent.action.PROVIDER_CHANGED dat=content://com.android.calendar flg=0x10 cmp=com.android.calendar/.alerts.AlertReceiver }
E/SurfaceFlinger(   37): ro.sf.lcd_density must be defined as a build property
V/TAG     (  287): bug 7643792: fitSystemWindows([0,38][0,0])
I/Choreographer(  287): Skipped 35 frames!  The application may be doing too much work on its main thread.
D/dalvikvm(  769): GC_CONCURRENT freed 254K, 8% free 3779K/4092K, paused 4ms+3ms, total 109ms
D/dalvikvm(  550): GC_CONCURRENT freed 220K, 10% free 2549K/2824K, paused 7ms+2247ms, total 3798ms
D/dalvikvm(  413): GC_FOR_ALLOC freed 1607K, 28% free 6517K/8992K, paused 27ms, total 31ms
I/dalvikvm-heap(  413): Grow heap (frag case) to 7.811MB for 1463056-byte allocation
D/AlertService(  798): 0 Action = android.intent.action.PROVIDER_CHANGED
D/AlertService(  798): Beginning updateAlertNotification
D/dalvikvm(  413): GC_CONCURRENT freed 4K, 12% free 7941K/8992K, paused 5ms+3ms, total 37ms
D/dalvikvm(  413): WAIT_FOR_CONCURRENT_GC blocked 32ms
D/dalvikvm(  413): GC_FOR_ALLOC freed <1K, 12% free 7941K/8992K, paused 24ms, total 25ms
I/dalvikvm-heap(  413): Grow heap (frag case) to 9.202MB for 1463056-byte allocation
D/dalvikvm(  413): GC_FOR_ALLOC freed <1K, 11% free 9369K/10424K, paused 28ms, total 29ms
E/SurfaceFlinger(   37): ro.sf.lcd_density must be defined as a build property
D/dalvikvm(  769): GC_FOR_ALLOC freed 53K, 8% free 3787K/4092K, paused 32ms, total 37ms
I/dalvikvm-heap(  769): Grow heap (frag case) to 9.867MB for 6410576-byte allocation
D/dalvikvm(  769): GC_FOR_ALLOC freed <1K, 3% free 10047K/10356K, paused 33ms, total 33ms
D/dalvikvm(  769): GC_CONCURRENT freed <1K, 3% free 10046K/10356K, paused 4ms+3ms, total 50ms
D/dalvikvm(  769): GC_FOR_ALLOC freed <1K, 3% free 10046K/10356K, paused 30ms, total 30ms
I/dalvikvm-heap(  769): Grow heap (frag case) to 12.563MB for 2828816-byte allocation
D/dalvikvm(  769): GC_CONCURRENT freed 0K, 3% free 12809K/13120K, paused 71ms+8ms, total 175ms
D/dalvikvm(  769): WAIT_FOR_CONCURRENT_GC blocked 105ms
D/gralloc_goldfish(  769): Emulator without GPU emulation detected.
I/Choreographer(  769): Skipped 707 frames!  The application may be doing too much work on its main thread.
D/ExchangeService(  705): Received deviceId from Email app: androidc259148960
D/ExchangeService(  705): Reconciling accounts...
D/ExchangeService(  705): !!! EAS ExchangeService, onStartCommand, startingUp = true, running = false
D/Eas Debug(  705): Logging: 
I/AccountTypeManager(  623): Loaded meta-data for 1 account types, 0 accounts in 82ms(wall) 27ms(cpu)
D/dalvikvm(  287): GREF has increased to 601
D/dalvikvm(  400): GREF has increased to 201
D/dalvikvm(  287): GC_EXPLICIT freed 799K, 34% free 5731K/8568K, paused 4ms+7ms, total 91ms
W/ActivityManager(  287): Unable to start service Intent { cmp=com.android.email/.service.AttachmentDownloadService } U=0: not found
D/AlertService(  798): No fired or scheduled alerts
W/ActivityManager(  287): Unable to start service Intent { cmp=com.android.email/.service.AttachmentDownloadService } U=0: not found
D/Mms:app (  737): cancelNotification
W/MediaScanner(  550): Error opening directory '/mnt/sdcard/.android_secure/', skipping: Permission denied.
V/MediaScanner(  550): pruneDeadThumbnailFiles... android.database.sqlite.SQLiteCursor@40d1a5a0
V/MediaScanner(  550): /pruneDeadThumbnailFiles... android.database.sqlite.SQLiteCursor@40d1a5a0
D/dalvikvm(  550): GREF has increased to 201
W/MediaScanner(  550): Error opening directory '/mnt/sdcard/.android_secure/', skipping: Permission denied.
V/MediaScanner(  550): pruneDeadThumbnailFiles... android.database.sqlite.SQLiteCursor@40cedf48
V/MediaScanner(  550): /pruneDeadThumbnailFiles... android.database.sqlite.SQLiteCursor@40cedf48
D/AndroidRuntime(  864): 
D/AndroidRuntime(  864): >>>>>> AndroidRuntime START com.android.internal.os.RuntimeInit <<<<<<
D/AndroidRuntime(  864): CheckJNI is ON
D/dalvikvm(  864): Trying to load lib libjavacore.so 0x0
D/dalvikvm(  864): Added shared lib libjavacore.so 0x0
D/dalvikvm(  864): Trying to load lib libnativehelper.so 0x0
D/dalvikvm(  864): Added shared lib libnativehelper.so 0x0
D/AndroidRuntime(  864): Calling main entry com.android.commands.input.Input
I/Input   (  864): injectKeyEvent: KeyEvent { action=ACTION_DOWN, keyCode=KEYCODE_MENU, scanCode=0, metaState=0, flags=0x0, repeatCount=0, eventTime=129084, downTime=129084, deviceId=-1, source=0x101 }
I/Input   (  864): injectKeyEvent: KeyEvent { action=ACTION_UP, keyCode=KEYCODE_MENU, scanCode=0, metaState=0, flags=0x0, repeatCount=0, eventTime=129084, downTime=129084, deviceId=-1, source=0x101 }
W/SoundPool(  287):   sample 0 not READY
D/PhoneStatusBar(  769): disable: < expand icons alerts ticker system_info BACK HOME recent* CLOCK search* >
D/InputEventConsistencyVerifier(  287): KeyEvent: ACTION_UP but key was not down.
D/InputEventConsistencyVerifier(  287):   in com.android.internal.policy.impl.keyguard.KeyguardViewManager$ViewManagerHost{40e97c20 G.E..... ......I. 0,0-480,800}
D/InputEventConsistencyVerifier(  287):   0: sent at 129084000000, KeyEvent { action=ACTION_UP, keyCode=KEYCODE_MENU, scanCode=0, metaState=0, flags=0x0, repeatCount=0, eventTime=129084, downTime=129084, deviceId=-1, source=0x101 }
D/AndroidRuntime(  864): Shutting down VM
D/dalvikvm(  864): GC_CONCURRENT freed 93K, 18% free 454K/552K, paused 0ms+1ms, total 8ms
D/PhoneStatusBar(  769): disable: < expand icons alerts ticker system_info back* home* recent clock* search >
I/ARMAssembler(   37): generated scanline__00000077:03515104_00009001_00000000 [131 ipp] (153 ins) at [0x40c851f0:0x40c85454] in 7611002 ns
V/TAG     (  287): bug 7643792: fitSystemWindows([0,38][0,0])
I/Choreographer(  287): Skipped 34 frames!  The application may be doing too much work on its main thread.
D/AndroidRuntime(  878): 
D/AndroidRuntime(  878): >>>>>> AndroidRuntime START com.android.internal.os.RuntimeInit <<<<<<
D/AndroidRuntime(  878): CheckJNI is ON
D/dalvikvm(  878): Trying to load lib libjavacore.so 0x0
D/dalvikvm(  878): Added shared lib libjavacore.so 0x0
D/dalvikvm(  878): Trying to load lib libnativehelper.so 0x0
D/dalvikvm(  878): Added shared lib libnativehelper.so 0x0
D/AndroidRuntime(  878): Calling main entry com.android.commands.am.Am
D/dalvikvm(  878): Note: class Landroid/app/ActivityManagerNative; has 157 unimplemented (abstract) methods
D/EmmaInstrumentation:(  502): Intermidate Dump Called with file name :/mnt/sdcard/coverage.ec
D/EmmaInstrumentation:(  502): generateCoverageReport()
I/System.out(  502): EMMA: runtime coverage data merged into [/mnt/sdcard/coverage.ec] {in 11 ms}
D/AndroidRuntime(  878): Shutting down VM
D/dalvikvm(  878): GC_CONCURRENT freed 91K, 17% free 492K/588K, paused 0ms+1ms, total 9ms
D/AndroidRuntime(  892): 
D/AndroidRuntime(  892): >>>>>> AndroidRuntime START com.android.internal.os.RuntimeInit <<<<<<
D/AndroidRuntime(  892): CheckJNI is ON
D/dalvikvm(  892): Trying to load lib libjavacore.so 0x0
D/dalvikvm(  892): Added shared lib libjavacore.so 0x0
D/dalvikvm(  892): Trying to load lib libnativehelper.so 0x0
D/dalvikvm(  892): Added shared lib libnativehelper.so 0x0
D/AndroidRuntime(  892): Calling main entry com.android.commands.am.Am
D/dalvikvm(  892): Note: class Landroid/app/ActivityManagerNative; has 157 unimplemented (abstract) methods
I/ActivityManager(  287): Force stopping package de.freewarepoint.whohasmystuff appid=10047 user=0
I/ActivityManager(  287): Killing proc 502:de.freewarepoint.whohasmystuff/u0a10047: force stop de.freewarepoint.whohasmystuff
D/dalvikvm(  902): Not late-enabling CheckJNI (already on)
I/ActivityManager(  287): Start proc de.freewarepoint.whohasmystuff for added application de.freewarepoint.whohasmystuff: pid=902 uid=10047 gids={50047, 1015, 1028}
D/dalvikvm(   38): GC_EXPLICIT freed 38K, 4% free 2381K/2480K, paused 3ms+3ms, total 61ms
D/dalvikvm(   38): GC_EXPLICIT freed <1K, 4% free 2381K/2480K, paused 3ms+16ms, total 60ms
E/Trace   (  902): error opening trace file: No such file or directory (2)
D/dalvikvm(   38): GC_EXPLICIT freed <1K, 4% free 2381K/2480K, paused 2ms+5ms, total 74ms
D/androidripper(  902): Updating node 
D/androidripper(  902): Loading node 
I/androidripper(  902): Preferences file found.
V/androidripper(  902): Updating value ACTIVITY_DESCRIPTION_IN_SESSION
V/androidripper(  902): Updating value ADDITIONAL_CRITERIAS
V/androidripper(  902): Updating value ADDITIONAL_EVENTS
V/androidripper(  902): Updating value ADDITIONAL_INPUTS
V/androidripper(  902): Updating value CLASS_NAME
D/androidripper(  902): Updated value of parameter CLASS_NAME to de.freewarepoint.whohasmystuff.ListLentObjects (default = app.package.class)
V/androidripper(  902): Updating value ENABLE_MODEL
V/androidripper(  902): Updating value ENABLE_RESUME
V/androidripper(  902): Updating value INTENT_ACTION
V/androidripper(  902): Updating value INTENT_ACTIVITY
V/androidripper(  902): Updating value INTENT_CATEGORY
V/androidripper(  902): Updating value INTENT_DATA
V/androidripper(  902): Updating value INTENT_FLAGS
V/androidripper(  902): Updating value INTENT_TYPE
V/androidripper(  902): Updating value PACKAGE_NAME
D/androidripper(  902): Updated value of parameter PACKAGE_NAME to de.freewarepoint.whohasmystuff (default = app.package)
V/androidripper(  902): Updating value RANDOM_SEED
D/androidripper(  902): Updated value of parameter RANDOM_SEED to -4244019791393197310 (default = 5466516511651561651)
V/androidripper(  902): Updating value RETRY_FAILED_TRACES
V/androidripper(  902): Updating value theClass
D/dalvikvm(  902): GC_CONCURRENT freed 292K, 13% free 2540K/2892K, paused 5ms+14ms, total 54ms
I/System.out(  902): EMMA: collecting runtime coverage data ...
D/androidripper(  902): Updating node scheduler
D/androidripper(  902): Loading node scheduler
V/androidripper(  902): Updating value ACTIONBARHOME_EVENTS
V/androidripper(  902): Updating value ALL_EVENTS_ON_PREFERENCES
V/androidripper(  902): Updating value BACK_BUTTON_EVENT
V/androidripper(  902): Updating value DICTIONARY_FIXED_VALUE
V/androidripper(  902): Updating value DICTIONARY_IGNORE_CONTENT_TYPES
V/androidripper(  902): Updating value EMULATOR_PORT
V/androidripper(  902): Updating value EVENTS
D/androidripper(  902): Updated values of array parameter EVENTS
V/androidripper(  902): Updating value EVENT_WHEN_NO_ID
V/androidripper(  902): Updating value EXCLUDE_WIDGETS_INPUTS_IN_GPS_EVENTS
V/androidripper(  902): Updating value EXCLUDE_WIDGETS_INPUTS_IN_SENSORS_EVENTS
V/androidripper(  902): Updating value FIX_GPS_POSITION
V/androidripper(  902): Updating value INPUTS
D/androidripper(  902): Updated values of array parameter INPUTS
V/androidripper(  902): Updating value KEY_EVENTS
V/androidripper(  902): Updating value MAX_EVENTS_PER_WIDGET
V/androidripper(  902): Updating value MAX_TASKS_IN_SCHEDULER
V/androidripper(  902): Updating value MAX_TASKS_PER_EVENT
V/androidripper(  902): Updating value MENU_EVENTS
V/androidripper(  902): Updating value ORIENTATION_EVENTS
V/androidripper(  902): Updating value PLANNER
V/androidripper(  902): Updating value REFLECT_ACTIVITY_LISTENERS
V/androidripper(  902): Updating value REFLECT_WIDGETS
V/androidripper(  902): Updating value SCHEDULER_ALGORITHM
V/androidripper(  902): Updating value SCROLL_DOWN_EVENT
V/androidripper(  902): Updating value SENSOR_TYPES
V/androidripper(  902): Updating value SIMULATE_INCOMING_CALL
V/androidripper(  902): Updating value SIMULATE_INCOMING_SMS
V/androidripper(  902): Updating value TAB_EVENTS_START_ONLY
V/androidripper(  902): Updating value TEST_LOCATION_PROVIDER
V/androidripper(  902): Updating value TEXT_VALUES_FROM_DICTIONARY
V/androidripper(  902): Updating value TEXT_VALUES_ID_HASH
V/androidripper(  902): Updating value USE_GPS
V/androidripper(  902): Updating value USE_SENSORS
D/androidripper(  902): Updating node planner
D/androidripper(  902): Loading node planner
V/androidripper(  902): Updating value ACTIONBARHOME_EVENTS
V/androidripper(  902): Updating value ALL_EVENTS_ON_PREFERENCES
V/androidripper(  902): Updating value BACK_BUTTON_EVENT
V/androidripper(  902): Updating value DICTIONARY_FIXED_VALUE
V/androidripper(  902): Updating value DICTIONARY_IGNORE_CONTENT_TYPES
V/androidripper(  902): Updating value EMULATOR_PORT
V/androidripper(  902): Updating value EVENTS
D/androidripper(  902): Updated values of array parameter EVENTS
V/androidripper(  902): Updating value EVENT_WHEN_NO_ID
V/androidripper(  902): Updating value EXCLUDE_WIDGETS_INPUTS_IN_GPS_EVENTS
V/androidripper(  902): Updating value EXCLUDE_WIDGETS_INPUTS_IN_SENSORS_EVENTS
V/androidripper(  902): Updating value FIX_GPS_POSITION
V/androidripper(  902): Updating value INPUTS
D/androidripper(  902): Updated values of array parameter INPUTS
V/androidripper(  902): Updating value KEY_EVENTS
V/androidripper(  902): Updating value MAX_EVENTS_PER_WIDGET
V/androidripper(  902): Updating value MAX_TASKS_IN_SCHEDULER
V/androidripper(  902): Updating value MAX_TASKS_PER_EVENT
V/androidripper(  902): Updating value MENU_EVENTS
V/androidripper(  902): Updating value ORIENTATION_EVENTS
V/androidripper(  902): Updating value PLANNER
V/androidripper(  902): Updating value REFLECT_ACTIVITY_LISTENERS
V/androidripper(  902): Updating value REFLECT_WIDGETS
V/androidripper(  902): Updating value SCHEDULER_ALGORITHM
V/androidripper(  902): Updating value SCROLL_DOWN_EVENT
V/androidripper(  902): Updating value SENSOR_TYPES
V/androidripper(  902): Updating value SIMULATE_INCOMING_CALL
V/androidripper(  902): Updating value SIMULATE_INCOMING_SMS
V/androidripper(  902): Updating value TAB_EVENTS_START_ONLY
V/androidripper(  902): Updating value TEST_LOCATION_PROVIDER
V/androidripper(  902): Updating value TEXT_VALUES_FROM_DICTIONARY
V/androidripper(  902): Updating value TEXT_VALUES_ID_HASH
D/androidripper(  902): Updated value of parameter TEXT_VALUES_ID_HASH to true (default = false)
V/androidripper(  902): Updating value USE_GPS
V/androidripper(  902): Updating value USE_SENSORS
D/androidripper(  902): Updating node interactions
D/androidripper(  902): Loading node interactions
V/androidripper(  902): Updating value ACTIONBARHOME_EVENTS
V/androidripper(  902): Updating value ALL_EVENTS_ON_PREFERENCES
V/androidripper(  902): Updating value BACK_BUTTON_EVENT
V/androidripper(  902): Updating value DICTIONARY_FIXED_VALUE
V/androidripper(  902): Updating value DICTIONARY_IGNORE_CONTENT_TYPES
V/androidripper(  902): Updating value EMULATOR_PORT
V/androidripper(  902): Updating value EVENTS
D/androidripper(  902): Updated values of array parameter EVENTS
V/androidripper(  902): Updating value EVENT_WHEN_NO_ID
V/androidripper(  902): Updating value EXCLUDE_WIDGETS_INPUTS_IN_GPS_EVENTS
V/androidripper(  902): Updating value EXCLUDE_WIDGETS_INPUTS_IN_SENSORS_EVENTS
V/androidripper(  902): Updating value FIX_GPS_POSITION
V/androidripper(  902): Updating value INPUTS
D/androidripper(  902): Updated values of array parameter INPUTS
V/androidripper(  902): Updating value KEY_EVENTS
V/androidripper(  902): Updating value MAX_EVENTS_PER_WIDGET
V/androidripper(  902): Updating value MAX_TASKS_IN_SCHEDULER
V/androidripper(  902): Updating value MAX_TASKS_PER_EVENT
V/androidripper(  902): Updating value MENU_EVENTS
V/androidripper(  902): Updating value ORIENTATION_EVENTS
V/androidripper(  902): Updating value PLANNER
V/androidripper(  902): Updating value REFLECT_ACTIVITY_LISTENERS
V/androidripper(  902): Updating value REFLECT_WIDGETS
V/androidripper(  902): Updating value SCHEDULER_ALGORITHM
V/androidripper(  902): Updating value SCROLL_DOWN_EVENT
V/androidripper(  902): Updating value SENSOR_TYPES
V/androidripper(  902): Updating value SIMULATE_INCOMING_CALL
V/androidripper(  902): Updating value SIMULATE_INCOMING_SMS
V/androidripper(  902): Updating value TAB_EVENTS_START_ONLY
V/androidripper(  902): Updating value TEST_LOCATION_PROVIDER
V/androidripper(  902): Updating value TEXT_VALUES_FROM_DICTIONARY
V/androidripper(  902): Updating value TEXT_VALUES_ID_HASH
V/androidripper(  902): Updating value USE_GPS
V/androidripper(  902): Updating value USE_SENSORS
D/androidripper(  902): Updating node comparator
D/androidripper(  902): Loading node comparator
V/androidripper(  902): Updating value COMPARATOR
V/androidripper(  902): Updating value COMPARATOR_TYPE
D/androidripper(  902): Updated value of parameter COMPARATOR_TYPE to CustomWidgetsSimpleComparator (default = NullComparator)
V/androidripper(  902): Updating value COMPARE_ACTIVITY_NAME
V/androidripper(  902): Updating value COMPARE_LIST_COUNT
V/androidripper(  902): Updating value COMPARE_MENU_COUNT
V/androidripper(  902): Updating value COMPARE_STATE_TITLE
D/androidripper(  902): Updated value of parameter COMPARE_STATE_TITLE to true (default = false)
V/androidripper(  902): Updating value COMPARE_VALUES
V/androidripper(  902): Updating value WIDGET_TYPES
D/androidripper(  902): Updated values of array parameter WIDGET_TYPES
D/androidripper(  902): Comparation by name is enabled
D/androidripper(  902): Comparation by title is disabled
D/androidripper(  902): Updating node strategy
D/androidripper(  902): Loading node strategy
V/androidripper(  902): Updating value AFTER_EVENT_DONT_EXPLORE
V/androidripper(  902): Updating value AFTER_WIDGET_DONT_EXPLORE
V/androidripper(  902): Updating value CHECK_FOR_TRANSITION
V/androidripper(  902): Updating value EXPLORE_ONLY_NEW_STATES
V/androidripper(  902): Updating value MAX_NUM_TRACES
V/androidripper(  902): Updating value MAX_TIME_CRAWLING
V/androidripper(  902): Updating value PAUSE_AFTER_TIME
V/androidripper(  902): Updating value PAUSE_AFTER_TRACES
V/androidripper(  902): Updating value TRACE_MAX_DEPTH
V/androidripper(  902): Updating value TRACE_MIN_DEPTH
W/dalvikvm(  902): method Landroid/test/InstrumentationTestRunner$StringResultPrinter;.print incorrectly overrides package-private method with same name in Ljunit/textui/ResultPrinter;
I/TestRunner(  902): started: testAndCrawl(it.unina.androidripper.guitree.GuiTreeEngine)
I/ActivityManager(  287): START u0 {act=android.intent.action.MAIN flg=0x10000000 cmp=de.freewarepoint.whohasmystuff/.ListLentObjects} from pid 902
D/PermissionCache(   37): checking android.permission.READ_FRAME_BUFFER for uid=1000 => granted (7242 us)
W/WindowManager(  287): Failure taking screenshot for (246x410) to layer 21005
D/dalvikvm(  902): GC_CONCURRENT freed 343K, 14% free 2602K/3004K, paused 5ms+2ms, total 136ms
E/SurfaceFlinger(   37): ro.sf.lcd_density must be defined as a build property
I/Choreographer(  287): Skipped 44 frames!  The application may be doing too much work on its main thread.
D/dalvikvm(  902): GC_FOR_ALLOC freed 15K, 11% free 2741K/3060K, paused 65ms, total 140ms
I/dalvikvm-heap(  902): Grow heap (frag case) to 3.338MB for 635812-byte allocation
D/dalvikvm(  902): GC_FOR_ALLOC freed <1K, 9% free 3362K/3684K, paused 194ms, total 194ms
D/dalvikvm(  902): GC_CONCURRENT freed 1K, 9% free 3371K/3684K, paused 17ms+4ms, total 159ms
E/SurfaceFlinger(   37): ro.sf.lcd_density must be defined as a build property
D/gralloc_goldfish(  902): Emulator without GPU emulation detected.
I/ActivityManager(  287): Displayed de.freewarepoint.whohasmystuff/.ListLentObjects: +1s471ms
D/androidripper(  902): Generated Resuming Persistence
D/androidripper(  902): Updating node storage
D/androidripper(  902): Loading node storage
V/androidripper(  902): Updating value ACTIVITY_LIST_FILE_NAME
V/androidripper(  902): Updating value FILE_NAME
V/androidripper(  902): Updating value MAX_TRACES_IN_RAM
V/androidripper(  902): Updating value ONLY_FINALTRANSITION
V/androidripper(  902): Updating value PARAMETERS_FILE_NAME
V/androidripper(  902): Updating value TASK_LIST_FILE_NAME
E/dalvikvm(  902): Could not find class 'android.support.v4.app.FragmentActivity', referenced from method com.jayway.android.robotium.solo.Waiter.getSupportFragment
W/dalvikvm(  902): VFY: unable to resolve check-cast 56 (Landroid/support/v4/app/FragmentActivity;) in Lcom/jayway/android/robotium/solo/Waiter;
D/dalvikvm(  902): VFY: replacing opcode 0x1f at 0x0009
I/dalvikvm(  902): Could not find method android.support.v4.app.FragmentActivity.getSupportFragmentManager, referenced from method com.jayway.android.robotium.solo.Waiter.getSupportFragment
W/dalvikvm(  902): VFY: unable to resolve virtual method 141: Landroid/support/v4/app/FragmentActivity;.getSupportFragmentManager ()Landroid/support/v4/app/FragmentManager;
D/dalvikvm(  902): VFY: replacing opcode 0x6e at 0x0010
I/dalvikvm(  902): Could not find method android.support.v4.app.FragmentActivity.getSupportFragmentManager, referenced from method com.jayway.android.robotium.solo.Waiter.getSupportFragment
W/dalvikvm(  902): VFY: unable to resolve virtual method 141: Landroid/support/v4/app/FragmentActivity;.getSupportFragmentManager ()Landroid/support/v4/app/FragmentManager;
D/dalvikvm(  902): VFY: replacing opcode 0x6e at 0x0019
W/dalvikvm(  902): VFY: unable to find class referenced in signature (Landroid/support/v4/app/Fragment;)
W/dalvikvm(  902): VFY: unable to find class referenced in signature (Landroid/support/v4/app/Fragment;)
D/androidripper(  902): Updating node automation
D/androidripper(  902): Loading node automation
V/androidripper(  902): Updating value FORCE_RESTART
V/androidripper(  902): Updating value IN_AND_OUT_FOCUS
V/androidripper(  902): Updating value PRECRAWLING
V/androidripper(  902): Updating value SCREENSHOT_FOR_EVENTS
V/androidripper(  902): Updating value SCREENSHOT_FOR_STATES
V/androidripper(  902): Updating value SCREENSHOT_ONLY_NEW_STATES
V/androidripper(  902): Updating value SLEEP_AFTER_EVENT
V/androidripper(  902): Updating value SLEEP_AFTER_RESTART
V/androidripper(  902): Updating value SLEEP_AFTER_TASK
V/androidripper(  902): Updating value SLEEP_ON_THROBBER
I/androidripper(  902): Waiting for 1 sec.
D/androidripper(  902): Ready to operate after restarting...
I/androidripper(  902): Current activity is ListLentObjects
W/androidripper(  902): --->ListLentObjects
I/androidripper(  902): Retrieving widgets
D/androidripper(  902): Found widget: id=-1 (android.widget.LinearLayout{40d10af0 V.E..... ......ID 0,0-480,800})
D/androidripper(  902): Found widget: id=16909145 (com.android.internal.widget.ActionBarContainer{40ccc098 V.ED.... ......I. 0,38-480,110 #1020359 android:id/action_bar_container})
D/androidripper(  902): Found widget: id=16909146 (com.android.internal.widget.ActionBarView{40ccb688 V.E..... ......I. 0,0-480,72 #102035a android:id/action_bar})
D/androidripper(  902): Found widget: id=-1 (android.widget.LinearLayout{40d24e40 V.....C. ......I. 13,0-314,72})
D/androidripper(  902): Found widget: id=-1 (com.android.internal.widget.ActionBarView$HomeView{40d44c58 V.E..... ......I. 0,0-60,72})
D/androidripper(  902): Found widget: id=16908870 (android.widget.ImageView{40ccc788 G.ED.... ......I. 0,0-0,0 #1020246 android:id/up})
D/androidripper(  902): Found widget: id=16908332 (android.widget.ImageView{40cd7190 V.ED.... ......I. 6,12-54,60 #102002c android:id/home})
D/androidripper(  902): Found widget: id=-1 (android.widget.LinearLayout{40d4bf88 V.E..... ......I. 60,0-301,72})
D/androidripper(  902): Found widget: id=16908870 (android.widget.ImageView{40cdd8d8 G.ED.... ......I. 0,0-0,0 #1020246 android:id/up})
D/androidripper(  902): Found widget: id=-1 (android.widget.LinearLayout{40d4b648 V.E..... ......I. 0,17-229,54})
D/androidripper(  902): Found widget: id=16908877 (android.widget.TextView{40d2a7d0 V.ED.... ......I. 0,0-229,37 #102024d android:id/action_bar_title}): Who Has My Stuff?
D/androidripper(  902): Found widget: id=16908878 (android.widget.TextView{40d44240 G.ED.... ......I. 0,0-0,0 #102024e android:id/action_bar_subtitle}): 
D/androidripper(  902): Found widget: id=-1 (com.android.internal.view.menu.ActionMenuView{40d259c0 V.ED.... ......ID 480,0-480,72})
D/androidripper(  902): Found widget: id=16909147 (com.android.internal.widget.ActionBarContextView{40cec5d0 G.E..... ......ID 0,0-0,0 #102035b android:id/action_context_bar})
D/androidripper(  902): Found widget: id=16908290 (android.widget.FrameLayout{40d21788 V.E..... ......ID 0,110-480,800 #1020002 android:id/content})
D/androidripper(  902): Found widget: id=-1 (android.widget.LinearLayout{40cec2e0 V.E..... ......ID 0,0-480,690})
D/androidripper(  902): Found widget: id=16908298 (android.widget.ListView{40d00b68 VFED.VCL .F....I. 0,0-480,690 #102000a android:id/list})
D/androidripper(  902): Found widget: id=-1 (android.widget.LinearLayout{40cecbf0 V.E..... ..S...I. 0,0-480,96})
D/androidripper(  902): Found widget: id=-1 (android.widget.LinearLayout{40d0d2b8 V.E..... ..S...I. 9,9-317,87})
D/androidripper(  902): Found widget: id=2131165201 (android.widget.TextView{40ce7220 V.ED.... ..S...I. 0,0-308,39 #7f070011 app:id/toptext}): Example entry
D/androidripper(  902): Found widget: id=2131165202 (android.widget.TextView{40d41320 V.ED.... ..S...I. 0,39-308,78 #7f070012 app:id/bottomtext}): "Who Has My Stuff?" Test User
D/androidripper(  902): Found widget: id=-1 (android.widget.LinearLayout{40d3fb50 V.E..... ..S...I. 317,9-471,87})
D/androidripper(  902): Found widget: id=2131165203 (android.widget.TextView{40d41780 V.ED.... ..S...I. 0,0-154,78 #7f070013 app:id/date}): Today
D/androidripper(  902): Found widget: id=-1 (android.widget.LinearLayout{40d279e0 V.E..... ......I. 0,97-480,193})
D/androidripper(  902): Found widget: id=-1 (android.widget.LinearLayout{40ce2318 V.E..... ......I. 9,9-317,87})
D/androidripper(  902): Found widget: id=2131165201 (android.widget.TextView{40d43e10 V.ED.... ......I. 0,0-308,39 #7f070011 app:id/toptext}): Press menu button to add entries
D/androidripper(  902): Found widget: id=2131165202 (android.widget.TextView{40d46748 V.ED.... ......I. 0,39-308,78 #7f070012 app:id/bottomtext}): "Who Has My Stuff?" Test User
D/androidripper(  902): Found widget: id=-1 (android.widget.LinearLayout{40cf0fe0 V.E..... ......I. 317,9-471,87})
D/androidripper(  902): Found widget: id=2131165203 (android.widget.TextView{40d23610 V.ED.... ......I. 0,0-154,78 #7f070013 app:id/date}): Today
D/androidripper(  902): Found widget: id=16909148 (com.android.internal.widget.ActionBarContainer{40ceb660 G.ED.... ......I. 0,0-0,0 #102035c android:id/split_action_bar})
D/androidripper(  902): Found widget: id=-1 (com.android.internal.policy.impl.PhoneWindow$DecorView{40ce6a20 V.E..... R.....I. 0,0-480,800})
V/androidripper(  902): TextualID : null
V/androidripper(  902): ContentType detected : default
E/androidripper(  902): java.lang.NoSuchFieldException: mOnFocusChangeListener
V/androidripper(  902): android.widget.ListView > mOnFocusChangeListener NOT FOUND
V/androidripper(  902): TextualID : toptext
V/androidripper(  902): ContentType detected : default
V/androidripper(  902): TextualID : bottomtext
V/androidripper(  902): ContentType detected : default
V/androidripper(  902): TextualID : date
V/androidripper(  902): ContentType detected : default
V/androidripper(  902): TextualID : toptext
V/androidripper(  902): ContentType detected : default
V/androidripper(  902): TextualID : bottomtext
V/androidripper(  902): ContentType detected : default
V/androidripper(  902): TextualID : date
V/androidripper(  902): ContentType detected : default
I/androidripper(  902): Attempting to resume previous session
I/androidripper(  902): Reading task file
D/androidripper(  902): Importing trace #3 from disk
D/androidripper(  902): Importing trace #4 from disk
D/dalvikvm(  902): GC_CONCURRENT freed 295K, 10% free 3584K/3940K, paused 5ms+4ms, total 98ms
D/dalvikvm(  902): WAIT_FOR_CONCURRENT_GC blocked 23ms
D/androidripper(  902): Importing trace #5 from disk
D/androidripper(  902): Importing trace #6 from disk
D/androidripper(  902): Importing trace #7 from disk
D/androidripper(  902): Importing trace #8 from disk
D/androidripper(  902): Importing trace #9 from disk
D/androidripper(  902): Importing trace #10 from disk
D/androidripper(  902): Importing trace #11 from disk
D/androidripper(  902): Importing trace #12 from disk
D/androidripper(  902): Importing trace #13 from disk
D/androidripper(  902): Importing trace #14 from disk
D/androidripper(  902): Importing trace #15 from disk
D/androidripper(  902): Importing trace #16 from disk
D/androidripper(  902): Importing trace #17 from disk
D/androidripper(  902): Importing trace #18 from disk
D/dalvikvm(  902): GC_CONCURRENT freed 303K, 10% free 3762K/4140K, paused 5ms+27ms, total 84ms
D/androidripper(  902): Importing trace #19 from disk
D/androidripper(  902): Importing trace #20 from disk
D/androidripper(  902): Importing trace #21 from disk
D/androidripper(  902): Importing trace #22 from disk
D/androidripper(  902): Importing trace #23 from disk
D/androidripper(  902): Importing trace #24 from disk
D/androidripper(  902): Importing trace #25 from disk
D/androidripper(  902): Importing trace #26 from disk
I/androidripper(  902): Reading state file
D/androidripper(  902): Imported activity state a1 from disk
D/dalvikvm(  902): GC_CONCURRENT freed 345K, 10% free 3838K/4244K, paused 5ms+32ms, total 101ms
D/androidripper(  902): Imported activity state a2 from disk
D/androidripper(  902): Imported activity state a4 from disk
D/androidripper(  902): Performing backup of the old activity list on disk
D/androidripper(  902): Saving new found state 'a1' on disk
V/androidripper(  902): Opening state file in overwrite mode.
D/androidripper(  902): Performing backup of the old activity list on disk
D/androidripper(  902): Saving new found state 'a2' on disk
V/androidripper(  902): Opening state file in append mode.
D/dalvikvm(  902): GC_CONCURRENT freed 330K, 9% free 4006K/4400K, paused 4ms+3ms, total 109ms
D/dalvikvm(  902): WAIT_FOR_CONCURRENT_GC blocked 32ms
D/androidripper(  902): Performing backup of the old activity list on disk
D/androidripper(  902): Saving new found state 'a4' on disk
V/androidripper(  902): Opening state file in append mode.
D/androidripper(  902): Backup session footer restored to 
D/androidripper(  902): </SESSION>
D/androidripper(  902): Restored trace count to 27
D/androidripper(  902): Restored abstractor counters to: event = 27 - input = 18 - activity = 4
I/androidripper(  902): Saving the session on disk.
D/dalvikvm(  902): GC_EXPLICIT freed 347K, 11% free 3917K/4400K, paused 3ms+5ms, total 51ms
I/androidripper(  902): Dispatching new task. 24 more tasks remaining.
D/androidripper(  902): Performing backup of the old task list on disk
D/androidripper(  902): Saving task list on disk
V/androidripper(  902): Backing up trace #3 to disk.
V/androidripper(  902): Backing up trace #4 to disk.
V/androidripper(  902): Backing up trace #5 to disk.
V/androidripper(  902): Backing up trace #6 to disk.
V/androidripper(  902): Backing up trace #7 to disk.
V/androidripper(  902): Backing up trace #8 to disk.
V/androidripper(  902): Backing up trace #9 to disk.
V/androidripper(  902): Backing up trace #10 to disk.
V/androidripper(  902): Backing up trace #11 to disk.
V/androidripper(  902): Backing up trace #12 to disk.
D/dalvikvm(  902): GC_CONCURRENT freed 454K, 12% free 3967K/4484K, paused 7ms+3ms, total 100ms
D/dalvikvm(  902): WAIT_FOR_CONCURRENT_GC blocked 38ms
V/androidripper(  902): Backing up trace #13 to disk.
V/androidripper(  902): Backing up trace #14 to disk.
V/androidripper(  902): Backing up trace #15 to disk.
V/androidripper(  902): Backing up trace #16 to disk.
V/androidripper(  902): Backing up trace #17 to disk.
V/androidripper(  902): Backing up trace #18 to disk.
V/androidripper(  902): Backing up trace #19 to disk.
V/androidripper(  902): Backing up trace #20 to disk.
V/androidripper(  902): Backing up trace #21 to disk.
V/androidripper(  902): Backing up trace #22 to disk.
D/dalvikvm(  902): GC_CONCURRENT freed 537K, 14% free 3962K/4560K, paused 5ms+3ms, total 106ms
D/dalvikvm(  902): WAIT_FOR_CONCURRENT_GC blocked 32ms
V/androidripper(  902): Backing up trace #23 to disk.
V/androidripper(  902): Backing up trace #24 to disk.
V/androidripper(  902): Backing up trace #25 to disk.
V/androidripper(  902): Backing up trace #26 to disk.
D/androidripper(  902): Deleting backup of the old task list from disk
