D/dalvikvm(  861): GC_EXTERNAL_ALLOC freed 231K, 43% free 3766K/6535K, external 1527K/1559K, paused 114ms
I/ActivityManager(  861): Start proc com.android.inputmethod.latin for service com.android.inputmethod.latin/.LatinIME: pid=936 uid=10008 gids={}
D/NetworkManagmentService(  861): Registering observer
E/ThrottleService(  861): Could not open GPS configuration file /etc/gps.conf
I/ActivityManager(  861): Start proc com.android.phone for added application com.android.phone: pid=951 uid=1001 gids={3002, 3001, 3003, 1015}
I/ActivityManager(  861): Starting: Intent { act=android.intent.action.MAIN cat=[android.intent.category.HOME] flg=0x10000000 cmp=com.android.launcher/com.android.launcher2.Launcher } from pid 0
D/dalvikvm(  861): GREF has increased to 201
I/ActivityManager(  861): Start proc com.android.launcher for activity com.android.launcher/com.android.launcher2.Launcher: pid=958 uid=10011 gids={}
D/dalvikvm(  936): GC_CONCURRENT freed 349K, 51% free 2752K/5575K, external 1527K/1559K, paused 3ms+3ms
I/SystemServer(  861): Enabled StrictMode for system server main thread.
I/ActivityManager(  861): Start proc android.process.acore for content provider com.android.providers.userdictionary/.UserDictionaryProvider: pid=971 uid=10009 gids={3003, 1015}
D/dalvikvm(  958): GC_CONCURRENT freed 380K, 52% free 2750K/5639K, external 1527K/1559K, paused 2ms+57ms
I/ActivityThread(  958): Pub com.android.launcher2.settings: com.android.launcher2.LauncherProvider
D/dalvikvm(  951): GC_CONCURRENT freed 384K, 51% free 2785K/5639K, external 1527K/1559K, paused 2ms+8ms
I/ActivityThread(  951): Pub mms: com.android.providers.telephony.MmsProvider
I/ActivityThread(  951): Pub sms: com.android.providers.telephony.SmsProvider
D/dalvikvm(  936): GC_EXTERNAL_ALLOC freed 94K, 50% free 2825K/5575K, external 1527K/1559K, paused 257ms
I/ActivityThread(  951): Pub telephony: com.android.providers.telephony.TelephonyProvider
I/ActivityThread(  951): Pub icc: com.android.phone.IccProvider
D/dalvikvm(  958): GC_EXTERNAL_ALLOC freed 25K, 52% free 2749K/5639K, external 1547K/1559K, paused 307ms
I/ActivityThread(  951): Pub mms-sms: com.android.providers.telephony.MmsSmsProvider
I/ActivityThread(  971): Pub com.android.social: com.android.providers.contacts.SocialProvider
D/CallManager(  951): registerPhone(GSM Handler{b6cea2c0})
D/dalvikvm(  928): GC_CONCURRENT freed 351K, 52% free 2756K/5639K, external 1543K/1559K, paused 2ms+433ms
I/ActivityThread(  971): Pub applications: com.android.providers.applications.ApplicationsProvider
D/dalvikvm(  971): GC_CONCURRENT freed 380K, 52% free 2752K/5639K, external 1527K/1559K, paused 2ms+5ms
W/ActivityManager(  861): Unable to start service Intent { act=com.android.ussd.IExtendedNetworkService }: not found
D/dalvikvm(  936): GC_EXTERNAL_ALLOC freed 8K, 50% free 2838K/5575K, external 2187K/2217K, paused 182ms
D/dalvikvm(  958): GC_EXTERNAL_ALLOC freed 26K, 51% free 2791K/5639K, external 1839K/2081K, paused 245ms
D/dalvikvm(  861): GC_EXTERNAL_ALLOC freed 102K, 42% free 3848K/6535K, external 2064K/2078K, paused 608ms
W/GpsLocationProvider(  861): Could not open GPS configuration file /etc/gps.conf
I/TelephonyRegistry(  861): notifyServiceState: 3 home null null null  Unknown CSS not supported -1 -1RoamInd: -1DefRoamInd: -1EmergOnly: false
D/AlarmManagerService(  861): Kernel timezone updated to 0 minutes west of GMT
I/ActivityThread(  971): Pub contacts;com.android.contacts: com.android.providers.contacts.ContactsProvider2
D/SystemClock(  951): Setting time of day to sec=1483516159
I/TelephonyRegistry(  861): notifyDataConnection: state=0 isDataConnectivityPossible=false reason=radioTurnedOff interfaceName=null networkType=0
I/TelephonyRegistry(  861): notifyDataConnection: state=0 isDataConnectivityPossible=false reason=gprsDetached interfaceName=null networkType=0
I/ActivityManager(  861): Start proc com.android.deskclock for broadcast com.android.deskclock/.AlarmInitReceiver: pid=1012 uid=10021 gids={}
D/dalvikvm(  958): GC_EXTERNAL_ALLOC freed 27K, 51% free 2814K/5639K, external 2540K/2544K, paused 555ms
D/dalvikvm(  928): GC_EXTERNAL_ALLOC freed 16K, 52% free 2739K/5639K, external 1543K/1559K, paused 2007ms
W/ActivityManager(  861): Unable to start service Intent { act=@0 }: not found
W/ActivityManager(  861): Unable to start service Intent { act=@0 }: not found
D/qemud   (  839): fdhandler_accept_event: accepting on fd 9
D/qemud   (  839): created client 0xa01bf28 listening on fd 12
D/qemud   (  839): client_fd_receive: attempting registration for service 'gps'
D/qemud   (  839): client_fd_receive:    -> received channel id 4
D/qemud   (  839): client_registration: registration succeeded for client 4
D/dalvikvm(  958): GC_EXTERNAL_ALLOC freed 9K, 50% free 2826K/5639K, external 3197K/3203K, paused 439ms
I/ActivityThread( 1012): Pub com.android.deskclock: com.android.deskclock.AlarmProvider
I/ActivityThread(  971): Pub call_log: com.android.providers.contacts.CallLogProvider
I/ActivityThread(  971): Pub user_dictionary: com.android.providers.userdictionary.UserDictionaryProvider
I/TelephonyRegistry(  861): notifyServiceState: 0 home Android Android 310260  UMTS CSS not supported -1 -1RoamInd: -1DefRoamInd: -1EmergOnly: false
D/dalvikvm( 1012): GC_CONCURRENT freed 326K, 52% free 2719K/5575K, external 1527K/1559K, paused 3ms+42ms
I/TelephonyRegistry(  861): notifyDataConnection: state=0 isDataConnectivityPossible=false reason=null interfaceName=null networkType=3
D/gralloc_goldfish(  958): Emulator without GPU emulation detected.
I/ActivityManager(  861): Displayed com.android.launcher/com.android.launcher2.Launcher: +6s320ms
I/ActivityManager(  861): Start proc com.android.settings for broadcast com.android.settings/.widget.SettingsAppWidgetProvider: pid=1029 uid=1000 gids={3002, 3001, 3003}
E/ThrottleService(  861): Error reading data file
I//system/bin/tc(  796): Cannot find device "rmnet0"
I/logwrapper(  796): /system/bin/tc terminated by exit(1)
I//system/bin/tc(  796): Cannot find device "rmnet0"
I/logwrapper(  796): /system/bin/tc terminated by exit(1)
I//system/bin/tc(  796): Cannot find device "ifb0"
I/logwrapper(  796): /system/bin/tc terminated by exit(1)
D/MccTable(  951): updateMccMncConfiguration: mcc=310, mnc=260
D/MccTable(  951): locale set to en_us
D/MccTable(  951): WIFI_NUM_ALLOWED_CHANNELS set to 11
I/WifiService(  861): WifiService trying to setNumAllowed to 11 with persist set to true
I/ActivityManager(  861): Config changed: { scale=1.0 imsi=310/260 loc=en_US touch=3 keys=2/1/2 nav=3/1 orien=1 layout=34 uiMode=17 seq=4}
D/dalvikvm(  951): GC_CONCURRENT freed 211K, 47% free 3057K/5767K, external 1527K/1559K, paused 3ms+73ms
I/TelephonyRegistry(  861): notifyMessageWaitingChanged: false
I/TelephonyRegistry(  861): notifyCallForwardingChanged: false
D/dalvikvm(  861): GC_CONCURRENT freed 394K, 42% free 4043K/6919K, external 2395K/2638K, paused 6ms+29ms
D/TelephonyProvider(  951): Setting numeric '310260' to be the current operator
D/dalvikvm(  958): GC_EXTERNAL_ALLOC freed 100K, 49% free 2925K/5639K, external 3962K/4023K, paused 135ms
I/TelephonyRegistry(  861): notifyDataConnection: state=1 isDataConnectivityPossible=true reason=simLoaded interfaceName=null networkType=3
I/TelephonyRegistry(  861): notifyDataConnection: state=2 isDataConnectivityPossible=true reason=simLoaded interfaceName=/dev/omap_csmi_tty1 networkType=3
D/dalvikvm(  958): GC_EXTERNAL_ALLOC freed 39K, 48% free 2935K/5639K, external 5124K/5140K, paused 194ms
D/dalvikvm(  861): GC_EXTERNAL_ALLOC freed 384K, 44% free 3932K/6983K, external 2566K/2638K, paused 760ms
D/MobileDataStateTracker(  861): CONNECTED event did not supply a default gateway.
D/Tethering(  861): MasterInitialState.processMessage what=3
I/SurfaceFlinger(  861): Boot is finished (15113 ms)
I/StatusBarManagerService(  861): registerStatusBar bar=com.android.internal.statusbar.IStatusBar$Stub$Proxy@b6deefe8
D/dalvikvm(  958): GC_EXPLICIT freed 63K, 49% free 2911K/5639K, external 5718K/6430K, paused 88ms
D/PowerManagerService(  861): bootCompleted
D/dalvikvm( 1029): GC_CONCURRENT freed 389K, 51% free 2781K/5639K, external 1527K/1559K, paused 2ms+464ms
D/VoldCmdListener(  795): volume mount /mnt/sdcard
I/Vold    (  795): /dev/block/vold/179:0 being considered for volume sdcard
D/Vold    (  795): Volume sdcard state changing 1 (Idle-Unmounted) -> 3 (Checking)
W/logwrapper( 1066): Unable to background process (No such file or directory)
I//system/bin/fsck_msdos(  795): ** /dev/block/vold/179:0
I//system/bin/fsck_msdos(  795): ** Phase 1 - Read and Compare FATs
I//system/bin/fsck_msdos(  795): Attempting to allocate 2044 KB for FAT
I/SearchManagerService(  861): Building list of searchable activities
I//system/bin/fsck_msdos(  795): Attempting to allocate 2044 KB for FAT
I/ActivityManager(  861): Start proc com.android.quicksearchbox for broadcast com.android.quicksearchbox/.SearchWidgetProvider: pid=1067 uid=10020 gids={3003}
I//system/bin/fsck_msdos(  795): ** Phase 2 - Check Cluster Chains
I//system/bin/fsck_msdos(  795): ** Phase 3 - Checking Directories
I//system/bin/fsck_msdos(  795): ** Phase 4 - Checking for Lost Files
I//system/bin/fsck_msdos(  795): Next free cluster in FSInfo block (6) not free
I//system/bin/fsck_msdos(  795): FIXED
I//system/bin/fsck_msdos(  795): 4 files, 1044464 free (522232 clusters)
I/Vold    (  795): Filesystem check completed OK
I/Vold    (  795): Device /dev/block/vold/179:0, target /mnt/sdcard mounted @ /mnt/secure/staging
D/Vold    (  795): Volume sdcard state changing 3 (Checking) -> 4 (Mounted)
I/PackageManager(  861): Updating external media status from unmounted to mounted
D/VoldCmdListener(  795): share status ums
D/StorageNotification(  928): Startup with UMS connection false (media state mounted)
D/dalvikvm( 1067): GC_CONCURRENT freed 319K, 52% free 2724K/5575K, external 1527K/1559K, paused 2ms+26ms
I/ActivityThread( 1067): Pub com.android.quicksearchbox.google: com.android.quicksearchbox.google.GoogleSuggestionProvider
I/ActivityThread( 1067): Pub com.android.quicksearchbox.shortcuts: com.android.quicksearchbox.ShortcutsProvider
I/ActivityManager(  861): Start proc com.android.protips for broadcast com.android.protips/.ProtipWidget: pid=1092 uid=10002 gids={}
D/dalvikvm(  801): GC_EXPLICIT freed 9K, 51% free 2664K/5379K, external 1527K/1559K, paused 100ms
D/dalvikvm(  801): GC_EXPLICIT freed <1K, 51% free 2664K/5379K, external 1527K/1559K, paused 78ms
I/StorageNotification(  928): UMS connection changed to false (media state mounted)
D/VoldCmdListener(  795): asec list
D/dalvikvm(  801): GC_EXPLICIT freed <1K, 51% free 2664K/5379K, external 1527K/1559K, paused 95ms
I/PackageManager(  861): No secure containers on sdcard
W/PackageManager(  861): Unknown permission com.google.android.gm.permission.WRITE_GMAIL in package com.android.settings
W/PackageManager(  861): Unknown permission com.google.android.gm.permission.READ_GMAIL in package com.android.settings
W/PackageManager(  861): Unknown permission com.google.android.googleapps.permission.GOOGLE_AUTH in package com.android.settings
W/PackageManager(  861): Unknown permission com.google.android.googleapps.permission.GOOGLE_AUTH in package com.android.providers.contacts
W/PackageManager(  861): Unknown permission com.google.android.googleapps.permission.GOOGLE_AUTH.cp in package com.android.providers.contacts
W/PackageManager(  861): Unknown permission com.google.android.googleapps.permission.GOOGLE_AUTH.mail in package com.android.contacts
D/dalvikvm(  958): GC_EXTERNAL_ALLOC freed 185K, 48% free 3006K/5703K, external 4280K/4296K, paused 64ms
D/dalvikvm(  861): GC_EXTERNAL_ALLOC freed 329K, 43% free 4016K/6983K, external 3188K/3209K, paused 82ms
W/PackageManager(  861): Unknown permission android.permission.ADD_SYSTEM_SERVICE in package com.android.phone
W/PackageManager(  861): Unknown permission com.google.android.googleapps.permission.GOOGLE_AUTH in package com.android.providers.calendar
W/PackageManager(  861): Unknown permission com.google.android.googleapps.permission.GOOGLE_AUTH.cl in package com.android.providers.calendar
W/PackageManager(  861): Unknown permission com.google.android.googleapps.permission.ACCESS_GOOGLE_PASSWORD in package com.android.development
W/PackageManager(  861): Unknown permission com.google.android.googleapps.permission.GOOGLE_AUTH in package com.android.development
W/PackageManager(  861): Unknown permission com.google.android.googleapps.permission.GOOGLE_AUTH.ALL_SERVICES in package com.android.development
W/PackageManager(  861): Unknown permission com.google.android.googleapps.permission.GOOGLE_AUTH.YouTubeUser in package com.android.development
W/PackageManager(  861): Unknown permission com.google.android.googleapps.permission.GOOGLE_AUTH.mail in package com.android.calendar
W/PackageManager(  861): Not granting permission android.permission.SEND_DOWNLOAD_COMPLETED_INTENTS to package com.android.browser (protectionLevel=2 flags=0x9be45)
W/PackageManager(  861): Unknown permission android.permission.READ_OWNER_DATA in package com.android.email
D/dalvikvm(  861): GC_EXPLICIT freed 34K, 43% free 4003K/6983K, external 2656K/3317K, paused 47ms
W/PackageManager(  861): Not granting permission android.permission.DEVICE_POWER to package com.android.deskclock (protectionLevel=2 flags=0x8be45)
D/dalvikvm(  861): GC_EXTERNAL_ALLOC freed 29K, 42% free 4091K/6983K, external 3261K/3317K, paused 52ms
D/dalvikvm(  861): GC_EXTERNAL_ALLOC freed 107K, 42% free 4079K/6983K, external 3300K/3951K, paused 78ms
D/dalvikvm(  861): GC_EXTERNAL_ALLOC freed 11K, 42% free 4068K/6983K, external 3964K/4951K, paused 47ms
I/ActivityManager(  861): Start proc com.android.music for broadcast com.android.music/.MediaAppWidgetProvider: pid=1100 uid=10001 gids={3003, 1015}
I/ActivityManager(  861): Start proc android.process.media for broadcast com.android.providers.downloads/.DownloadReceiver: pid=1108 uid=10000 gids={1015, 2001, 3003}
D/dalvikvm(  861): GREF has increased to 301
I/ActivityThread( 1108): Pub media: com.android.providers.media.MediaProvider
V/MediaProvider( 1108): Attached volume: internal
D/dalvikvm(  958): GC_EXPLICIT freed 186K, 47% free 3028K/5703K, external 4721K/5182K, paused 160ms
V/MediaProvider( 1108): /mnt/sdcard volume ID: 252524548
V/MediaProvider( 1108): Attached volume: external
I/ActivityThread( 1108): Pub downloads: com.android.providers.downloads.DownloadProvider
I/ActivityThread( 1108): Pub drm: com.android.providers.drm.DrmProvider
D/OtaStartupReceiver(  951): Not a CDMA phone, no need to process OTA
I/RecoverySystem(  861): No recovery log file
D/gralloc_goldfish(  928): Emulator without GPU emulation detected.
I/ActivityManager(  861): Start proc com.android.email for broadcast com.android.email/.service.EmailBroadcastReceiver: pid=1126 uid=10003 gids={3003, 1015}
I/ActivityThread( 1126): Pub com.android.email.provider: com.android.email.provider.EmailProvider
I/ActivityThread( 1126): Pub com.android.email.attachmentprovider: com.android.email.provider.AttachmentProvider
I/ActivityThread( 1126): Pub com.android.exchange.provider: com.android.exchange.provider.ExchangeProvider
D/EAS SyncManager( 1126): !!! EAS SyncManager, onCreate
I/ActivityManager(  861): Start proc com.android.voicedialer for broadcast com.android.voicedialer/.VoiceDialerReceiver: pid=1143 uid=10006 gids={3002}
D/EAS SyncManager( 1126): !!! EAS SyncManager, onStartCommand
D/VoiceDialerReceiver( 1143): onReceive Intent { act=android.intent.action.BOOT_COMPLETED cmp=com.android.voicedialer/.VoiceDialerReceiver }
V/RecognizerEngine( 1143): deleteCachedGrammarFiles /data/data/com.android.voicedialer/files/openentries.txt
I/ActivityManager(  861): Start proc com.android.mms for broadcast com.android.mms/.transaction.MmsSystemEventReceiver: pid=1160 uid=10007 gids={3003, 1015}
D/EAS SyncManager( 1126): !!! EAS SyncManager, stopping self
D/Eas Debug( 1126): Logging: 
D/Email   ( 1126): BOOT_COMPLETED
D/EAS SyncManager( 1126): !!! EAS SyncManager, onDestroy
D/EAS SyncManager( 1126): !!! EAS SyncManager, onCreate
D/EAS SyncManager( 1126): !!! EAS SyncManager, onStartCommand
D/EAS SyncManager( 1126): !!! EAS SyncManager, stopping self
D/EAS SyncManager( 1126): !!! EAS SyncManager, onStartCommand
I/ActivityThread( 1160): Pub com.android.mms.SuggestionsProvider: com.android.mms.SuggestionsProvider
D/EAS SyncManager( 1126): !!! EAS SyncManager, stopping self
D/EAS SyncManager( 1126): !!! EAS SyncManager, onDestroy
I/ActivityManager(  861): Start proc com.android.bluetooth for broadcast com.android.bluetooth/.opp.BluetoothOppReceiver: pid=1191 uid=10012 gids={3003, 3002, 3001, 1015}
D/dalvikvm(  951): GREF has increased to 201
I/ActivityThread( 1191): Pub com.android.bluetooth.opp: com.android.bluetooth.opp.BluetoothOppProvider
I/ActivityManager(  861): Start proc com.android.providers.calendar for broadcast com.android.providers.calendar/.CalendarReceiver: pid=1208 uid=10023 gids={3003}
W/BtOpp Service( 1191): Local BT device is not enabled
W/BtOpp Service( 1191): Local BT device is not enabled
I/ActivityThread( 1208): Pub com.android.calendar: com.android.providers.calendar.CalendarProvider2
D/Calendar( 1208): missed alarms found: 0
D/MediaScannerService( 1108): start scanning volume internal
D/MediaScanner( 1108):  prescan time: 120ms
D/MediaScanner( 1108):     scan time: 64ms
D/MediaScanner( 1108): postscan time: 0ms
D/MediaScanner( 1108):    total time: 184ms
D/MediaScannerService( 1108): done scanning volume internal
I/ActivityManager(  861): Start proc com.cooliris.media for broadcast com.cooliris.media/com.cooliris.cache.BootReceiver: pid=1225 uid=10019 gids={1015, 3003}
I/ActivityThread( 1225): Pub com.cooliris.picasa.contentprovider: com.cooliris.picasa.PicasaContentProvider
I/BootReceiver( 1225): Got intent with action android.intent.action.MEDIA_MOUNTED
D/MediaScannerService( 1108): start scanning volume external
D/dalvikvm(  861): GREF has increased to 401
V/MediaScanner( 1108): pruneDeadThumbnailFiles... android.database.sqlite.SQLiteCursor@b6d8b0e0
V/MediaScanner( 1108): /pruneDeadThumbnailFiles... android.database.sqlite.SQLiteCursor@b6d8b0e0
D/MediaScanner( 1108):  prescan time: 28ms
D/MediaScanner( 1108):     scan time: 1ms
D/MediaScanner( 1108): postscan time: 17ms
D/MediaScanner( 1108):    total time: 46ms
D/MediaScannerService( 1108): done scanning volume external
I/BootReceiver( 1225): Got intent with action android.intent.action.MEDIA_SCANNER_FINISHED
I/BootReceiver( 1225): Got intent with action android.intent.action.MEDIA_SCANNER_FINISHED
D/AndroidRuntime( 1241): 
D/AndroidRuntime( 1241): >>>>>> AndroidRuntime START com.android.internal.os.RuntimeInit <<<<<<
D/AndroidRuntime( 1241): CheckJNI is ON
D/AndroidRuntime( 1241): Calling main entry com.android.commands.input.Input
I/SendKeyEvent( 1241): 82
D/SntpClient(  861): request time failed: java.net.SocketTimeoutException: Try again
D/AndroidRuntime( 1241): Shutting down VM
D/dalvikvm( 1241): GC_CONCURRENT freed 99K, 73% free 285K/1024K, external 0K/0K, paused 1ms+1ms
D/jdwp    ( 1241): adbd disconnected
D/dalvikvm(  861): GC_CONCURRENT freed 818K, 46% free 4070K/7431K, external 4264K/5464K, paused 1ms+5ms
D/AndroidRuntime( 1263): 
D/AndroidRuntime( 1263): >>>>>> AndroidRuntime START com.android.internal.os.RuntimeInit <<<<<<
D/AndroidRuntime( 1263): CheckJNI is ON
D/AndroidRuntime( 1263): Calling main entry com.android.commands.am.Am
I/ActivityManager(  861): Force stopping package net.mandaria.tippytipper uid=10031
I/ActivityManager(  861): Start proc net.mandaria.tippytipper for added application net.mandaria.tippytipper: pid=1270 uid=10031 gids={1015, 3003}
D/androidripper( 1270): Updating node 
D/androidripper( 1270): Loading node 
I/androidripper( 1270): Preferences file found.
V/androidripper( 1270): Updating value ACTIVITY_DESCRIPTION_IN_SESSION
V/androidripper( 1270): Updating value ADDITIONAL_CRITERIAS
V/androidripper( 1270): Updating value ADDITIONAL_EVENTS
V/androidripper( 1270): Updating value ADDITIONAL_INPUTS
V/androidripper( 1270): Updating value CLASS_NAME
D/androidripper( 1270): Updated value of parameter CLASS_NAME to net.mandaria.tippytipper.activities.TippyTipper (default = app.package.class)
V/androidripper( 1270): Updating value ENABLE_MODEL
V/androidripper( 1270): Updating value ENABLE_RESUME
V/androidripper( 1270): Updating value INTENT_ACTION
V/androidripper( 1270): Updating value INTENT_ACTIVITY
V/androidripper( 1270): Updating value INTENT_CATEGORY
V/androidripper( 1270): Updating value INTENT_DATA
V/androidripper( 1270): Updating value INTENT_FLAGS
V/androidripper( 1270): Updating value INTENT_TYPE
V/androidripper( 1270): Updating value PACKAGE_NAME
D/androidripper( 1270): Updated value of parameter PACKAGE_NAME to net.mandaria.tippytipper (default = app.package)
V/androidripper( 1270): Updating value RANDOM_SEED
D/androidripper( 1270): Updated value of parameter RANDOM_SEED to -4244019791393197310 (default = 5466516511651561651)
V/androidripper( 1270): Updating value RETRY_FAILED_TRACES
V/androidripper( 1270): Updating value theClass
I/System.out( 1270): EMMA: collecting runtime coverage data ...
D/androidripper( 1270): Updating node scheduler
D/androidripper( 1270): Loading node scheduler
V/androidripper( 1270): Updating value ACTIONBARHOME_EVENTS
V/androidripper( 1270): Updating value ALL_EVENTS_ON_PREFERENCES
V/androidripper( 1270): Updating value BACK_BUTTON_EVENT
V/androidripper( 1270): Updating value DICTIONARY_FIXED_VALUE
V/androidripper( 1270): Updating value DICTIONARY_IGNORE_CONTENT_TYPES
V/androidripper( 1270): Updating value EMULATOR_PORT
V/androidripper( 1270): Updating value EVENTS
D/androidripper( 1270): Updated values of array parameter EVENTS
V/androidripper( 1270): Updating value EVENT_WHEN_NO_ID
V/androidripper( 1270): Updating value EXCLUDE_WIDGETS_INPUTS_IN_GPS_EVENTS
V/androidripper( 1270): Updating value EXCLUDE_WIDGETS_INPUTS_IN_SENSORS_EVENTS
V/androidripper( 1270): Updating value FIX_GPS_POSITION
V/androidripper( 1270): Updating value INPUTS
D/androidripper( 1270): Updated values of array parameter INPUTS
V/androidripper( 1270): Updating value KEY_EVENTS
V/androidripper( 1270): Updating value MAX_EVENTS_PER_WIDGET
V/androidripper( 1270): Updating value MAX_TASKS_IN_SCHEDULER
V/androidripper( 1270): Updating value MAX_TASKS_PER_EVENT
V/androidripper( 1270): Updating value MENU_EVENTS
V/androidripper( 1270): Updating value ORIENTATION_EVENTS
V/androidripper( 1270): Updating value PLANNER
V/androidripper( 1270): Updating value REFLECT_ACTIVITY_LISTENERS
V/androidripper( 1270): Updating value REFLECT_WIDGETS
V/androidripper( 1270): Updating value SCHEDULER_ALGORITHM
V/androidripper( 1270): Updating value SCROLL_DOWN_EVENT
V/androidripper( 1270): Updating value SENSOR_TYPES
V/androidripper( 1270): Updating value SIMULATE_INCOMING_CALL
V/androidripper( 1270): Updating value SIMULATE_INCOMING_SMS
V/androidripper( 1270): Updating value TAB_EVENTS_START_ONLY
V/androidripper( 1270): Updating value TEST_LOCATION_PROVIDER
V/androidripper( 1270): Updating value TEXT_VALUES_FROM_DICTIONARY
V/androidripper( 1270): Updating value TEXT_VALUES_ID_HASH
V/androidripper( 1270): Updating value USE_GPS
V/androidripper( 1270): Updating value USE_SENSORS
D/androidripper( 1270): Updating node planner
D/androidripper( 1270): Loading node planner
V/androidripper( 1270): Updating value ACTIONBARHOME_EVENTS
V/androidripper( 1270): Updating value ALL_EVENTS_ON_PREFERENCES
V/androidripper( 1270): Updating value BACK_BUTTON_EVENT
V/androidripper( 1270): Updating value DICTIONARY_FIXED_VALUE
V/androidripper( 1270): Updating value DICTIONARY_IGNORE_CONTENT_TYPES
V/androidripper( 1270): Updating value EMULATOR_PORT
V/androidripper( 1270): Updating value EVENTS
D/androidripper( 1270): Updated values of array parameter EVENTS
V/androidripper( 1270): Updating value EVENT_WHEN_NO_ID
V/androidripper( 1270): Updating value EXCLUDE_WIDGETS_INPUTS_IN_GPS_EVENTS
V/androidripper( 1270): Updating value EXCLUDE_WIDGETS_INPUTS_IN_SENSORS_EVENTS
V/androidripper( 1270): Updating value FIX_GPS_POSITION
V/androidripper( 1270): Updating value INPUTS
D/androidripper( 1270): Updated values of array parameter INPUTS
V/androidripper( 1270): Updating value KEY_EVENTS
V/androidripper( 1270): Updating value MAX_EVENTS_PER_WIDGET
V/androidripper( 1270): Updating value MAX_TASKS_IN_SCHEDULER
V/androidripper( 1270): Updating value MAX_TASKS_PER_EVENT
V/androidripper( 1270): Updating value MENU_EVENTS
V/androidripper( 1270): Updating value ORIENTATION_EVENTS
V/androidripper( 1270): Updating value PLANNER
V/androidripper( 1270): Updating value REFLECT_ACTIVITY_LISTENERS
V/androidripper( 1270): Updating value REFLECT_WIDGETS
V/androidripper( 1270): Updating value SCHEDULER_ALGORITHM
V/androidripper( 1270): Updating value SCROLL_DOWN_EVENT
V/androidripper( 1270): Updating value SENSOR_TYPES
V/androidripper( 1270): Updating value SIMULATE_INCOMING_CALL
V/androidripper( 1270): Updating value SIMULATE_INCOMING_SMS
V/androidripper( 1270): Updating value TAB_EVENTS_START_ONLY
V/androidripper( 1270): Updating value TEST_LOCATION_PROVIDER
V/androidripper( 1270): Updating value TEXT_VALUES_FROM_DICTIONARY
V/androidripper( 1270): Updating value TEXT_VALUES_ID_HASH
D/androidripper( 1270): Updated value of parameter TEXT_VALUES_ID_HASH to true (default = false)
V/androidripper( 1270): Updating value USE_GPS
V/androidripper( 1270): Updating value USE_SENSORS
D/androidripper( 1270): Updating node interactions
D/androidripper( 1270): Loading node interactions
V/androidripper( 1270): Updating value ACTIONBARHOME_EVENTS
V/androidripper( 1270): Updating value ALL_EVENTS_ON_PREFERENCES
V/androidripper( 1270): Updating value BACK_BUTTON_EVENT
V/androidripper( 1270): Updating value DICTIONARY_FIXED_VALUE
V/androidripper( 1270): Updating value DICTIONARY_IGNORE_CONTENT_TYPES
V/androidripper( 1270): Updating value EMULATOR_PORT
V/androidripper( 1270): Updating value EVENTS
D/androidripper( 1270): Updated values of array parameter EVENTS
V/androidripper( 1270): Updating value EVENT_WHEN_NO_ID
V/androidripper( 1270): Updating value EXCLUDE_WIDGETS_INPUTS_IN_GPS_EVENTS
V/androidripper( 1270): Updating value EXCLUDE_WIDGETS_INPUTS_IN_SENSORS_EVENTS
V/androidripper( 1270): Updating value FIX_GPS_POSITION
V/androidripper( 1270): Updating value INPUTS
D/androidripper( 1270): Updated values of array parameter INPUTS
V/androidripper( 1270): Updating value KEY_EVENTS
V/androidripper( 1270): Updating value MAX_EVENTS_PER_WIDGET
V/androidripper( 1270): Updating value MAX_TASKS_IN_SCHEDULER
V/androidripper( 1270): Updating value MAX_TASKS_PER_EVENT
V/androidripper( 1270): Updating value MENU_EVENTS
V/androidripper( 1270): Updating value ORIENTATION_EVENTS
V/androidripper( 1270): Updating value PLANNER
V/androidripper( 1270): Updating value REFLECT_ACTIVITY_LISTENERS
V/androidripper( 1270): Updating value REFLECT_WIDGETS
V/androidripper( 1270): Updating value SCHEDULER_ALGORITHM
V/androidripper( 1270): Updating value SCROLL_DOWN_EVENT
V/androidripper( 1270): Updating value SENSOR_TYPES
V/androidripper( 1270): Updating value SIMULATE_INCOMING_CALL
V/androidripper( 1270): Updating value SIMULATE_INCOMING_SMS
V/androidripper( 1270): Updating value TAB_EVENTS_START_ONLY
V/androidripper( 1270): Updating value TEST_LOCATION_PROVIDER
V/androidripper( 1270): Updating value TEXT_VALUES_FROM_DICTIONARY
V/androidripper( 1270): Updating value TEXT_VALUES_ID_HASH
V/androidripper( 1270): Updating value USE_GPS
V/androidripper( 1270): Updating value USE_SENSORS
D/androidripper( 1270): Updating node comparator
D/androidripper( 1270): Loading node comparator
V/androidripper( 1270): Updating value COMPARATOR
V/androidripper( 1270): Updating value COMPARATOR_TYPE
D/androidripper( 1270): Updated value of parameter COMPARATOR_TYPE to CustomWidgetsSimpleComparator (default = NullComparator)
V/androidripper( 1270): Updating value COMPARE_ACTIVITY_NAME
V/androidripper( 1270): Updating value COMPARE_LIST_COUNT
V/androidripper( 1270): Updating value COMPARE_MENU_COUNT
V/androidripper( 1270): Updating value COMPARE_STATE_TITLE
D/androidripper( 1270): Updated value of parameter COMPARE_STATE_TITLE to true (default = false)
V/androidripper( 1270): Updating value COMPARE_VALUES
V/androidripper( 1270): Updating value WIDGET_TYPES
D/androidripper( 1270): Updated values of array parameter WIDGET_TYPES
D/androidripper( 1270): Comparation by name is enabled
D/androidripper( 1270): Comparation by title is disabled
D/androidripper( 1270): Updating node strategy
D/androidripper( 1270): Loading node strategy
V/androidripper( 1270): Updating value AFTER_EVENT_DONT_EXPLORE
V/androidripper( 1270): Updating value AFTER_WIDGET_DONT_EXPLORE
V/androidripper( 1270): Updating value CHECK_FOR_TRANSITION
V/androidripper( 1270): Updating value EXPLORE_ONLY_NEW_STATES
V/androidripper( 1270): Updating value MAX_NUM_TRACES
V/androidripper( 1270): Updating value MAX_TIME_CRAWLING
V/androidripper( 1270): Updating value PAUSE_AFTER_TIME
V/androidripper( 1270): Updating value PAUSE_AFTER_TRACES
V/androidripper( 1270): Updating value TRACE_MAX_DEPTH
V/androidripper( 1270): Updating value TRACE_MIN_DEPTH
I/TestRunner( 1270): started: testAndCrawl(it.unina.androidripper.guitree.GuiTreeEngine)
I/ActivityManager(  861): Starting: Intent { act=android.intent.action.MAIN flg=0x10000000 cmp=net.mandaria.tippytipper/.activities.TippyTipper } from pid 1270
D/FlurryAgent( 1270): Starting new session
D/gralloc_goldfish( 1270): Emulator without GPU emulation detected.
D/androidripper( 1270): Generated Resuming Persistence
D/androidripper( 1270): Updating node storage
D/androidripper( 1270): Loading node storage
V/androidripper( 1270): Updating value ACTIVITY_LIST_FILE_NAME
V/androidripper( 1270): Updating value FILE_NAME
V/androidripper( 1270): Updating value MAX_TRACES_IN_RAM
V/androidripper( 1270): Updating value ONLY_FINALTRANSITION
V/androidripper( 1270): Updating value PARAMETERS_FILE_NAME
V/androidripper( 1270): Updating value TASK_LIST_FILE_NAME
I/dalvikvm( 1270): Could not find method android.app.Activity.getFragmentManager, referenced from method com.jayway.android.robotium.solo.Waiter.getFragment
W/dalvikvm( 1270): VFY: unable to resolve virtual method 7: Landroid/app/Activity;.getFragmentManager ()Landroid/app/FragmentManager;
D/dalvikvm( 1270): VFY: replacing opcode 0x6e at 0x0008
I/dalvikvm( 1270): Could not find method android.app.Activity.getFragmentManager, referenced from method com.jayway.android.robotium.solo.Waiter.getFragment
W/dalvikvm( 1270): VFY: unable to resolve virtual method 7: Landroid/app/Activity;.getFragmentManager ()Landroid/app/FragmentManager;
D/dalvikvm( 1270): VFY: replacing opcode 0x6e at 0x0017
W/dalvikvm( 1270): VFY: unable to find class referenced in signature (Landroid/app/Fragment;)
D/dalvikvm( 1270): VFY: dead code 0x000b-000f in Lcom/jayway/android/robotium/solo/Waiter;.getFragment (Ljava/lang/String;I)Landroid/app/Fragment;
D/dalvikvm( 1270): VFY: dead code 0x001a-001f in Lcom/jayway/android/robotium/solo/Waiter;.getFragment (Ljava/lang/String;I)Landroid/app/Fragment;
E/dalvikvm( 1270): Could not find class 'android.support.v4.app.FragmentActivity', referenced from method com.jayway.android.robotium.solo.Waiter.getSupportFragment
W/dalvikvm( 1270): VFY: unable to resolve check-cast 56 (Landroid/support/v4/app/FragmentActivity;) in Lcom/jayway/android/robotium/solo/Waiter;
D/dalvikvm( 1270): VFY: replacing opcode 0x1f at 0x0009
I/dalvikvm( 1270): Could not find method android.support.v4.app.FragmentActivity.getSupportFragmentManager, referenced from method com.jayway.android.robotium.solo.Waiter.getSupportFragment
W/dalvikvm( 1270): VFY: unable to resolve virtual method 141: Landroid/support/v4/app/FragmentActivity;.getSupportFragmentManager ()Landroid/support/v4/app/FragmentManager;
D/dalvikvm( 1270): VFY: replacing opcode 0x6e at 0x0010
I/dalvikvm( 1270): Could not find method android.support.v4.app.FragmentActivity.getSupportFragmentManager, referenced from method com.jayway.android.robotium.solo.Waiter.getSupportFragment
W/dalvikvm( 1270): VFY: unable to resolve virtual method 141: Landroid/support/v4/app/FragmentActivity;.getSupportFragmentManager ()Landroid/support/v4/app/FragmentManager;
D/dalvikvm( 1270): VFY: replacing opcode 0x6e at 0x0019
W/dalvikvm( 1270): VFY: unable to find class referenced in signature (Landroid/support/v4/app/Fragment;)
D/dalvikvm( 1270): VFY: dead code 0x000b-000b in Lcom/jayway/android/robotium/solo/Waiter;.getSupportFragment (Ljava/lang/String;I)Landroid/support/v4/app/Fragment;
D/dalvikvm( 1270): VFY: dead code 0x0013-0017 in Lcom/jayway/android/robotium/solo/Waiter;.getSupportFragment (Ljava/lang/String;I)Landroid/support/v4/app/Fragment;
D/dalvikvm( 1270): VFY: dead code 0x001c-0021 in Lcom/jayway/android/robotium/solo/Waiter;.getSupportFragment (Ljava/lang/String;I)Landroid/support/v4/app/Fragment;
W/dalvikvm( 1270): VFY: unable to find class referenced in signature (Landroid/support/v4/app/Fragment;)
W/dalvikvm( 1270): VFY: unable to find class referenced in signature (Landroid/app/Fragment;)
W/dalvikvm( 1270): VFY: unable to find class referenced in signature (Landroid/support/v4/app/Fragment;)
E/dalvikvm( 1270): Could not find class '[Landroid.view.MotionEvent$PointerProperties;', referenced from method com.jayway.android.robotium.solo.Zoomer.generateZoomGesture
W/dalvikvm( 1270): VFY: unable to resolve new-array 526 ([Landroid/view/MotionEvent$PointerProperties;) in Lcom/jayway/android/robotium/solo/Zoomer;
D/dalvikvm( 1270): VFY: replacing opcode 0x23 at 0x0084
D/dalvikvm( 1270): VFY: dead code 0x0086-0152 in Lcom/jayway/android/robotium/solo/Zoomer;.generateZoomGesture (Landroid/graphics/PointF;Landroid/graphics/PointF;Landroid/graphics/PointF;Landroid/graphics/PointF;)V
E/dalvikvm( 1270): Could not find class '[Landroid.view.MotionEvent$PointerProperties;', referenced from method com.jayway.android.robotium.solo.Swiper.generateSwipeGesture
W/dalvikvm( 1270): VFY: unable to resolve new-array 526 ([Landroid/view/MotionEvent$PointerProperties;) in Lcom/jayway/android/robotium/solo/Swiper;
D/dalvikvm( 1270): VFY: replacing opcode 0x23 at 0x0084
D/dalvikvm( 1270): VFY: dead code 0x0086-0152 in Lcom/jayway/android/robotium/solo/Swiper;.generateSwipeGesture (Landroid/graphics/PointF;Landroid/graphics/PointF;Landroid/graphics/PointF;Landroid/graphics/PointF;)V
E/dalvikvm( 1270): Could not find class '[Landroid.view.MotionEvent$PointerProperties;', referenced from method com.jayway.android.robotium.solo.Tapper.generateTapGesture
W/dalvikvm( 1270): VFY: unable to resolve new-array 526 ([Landroid/view/MotionEvent$PointerProperties;) in Lcom/jayway/android/robotium/solo/Tapper;
D/dalvikvm( 1270): VFY: replacing opcode 0x23 at 0x007c
D/dalvikvm( 1270): VFY: dead code 0x007e-0142 in Lcom/jayway/android/robotium/solo/Tapper;.generateTapGesture (I[Landroid/graphics/PointF;)V
E/dalvikvm( 1270): Could not find class '[Landroid.view.MotionEvent$PointerProperties;', referenced from method com.jayway.android.robotium.solo.Rotator.generateRotateGesture
W/dalvikvm( 1270): VFY: unable to resolve new-array 526 ([Landroid/view/MotionEvent$PointerProperties;) in Lcom/jayway/android/robotium/solo/Rotator;
D/dalvikvm( 1270): VFY: replacing opcode 0x23 at 0x006e
D/dalvikvm( 1270): VFY: dead code 0x0070-0195 in Lcom/jayway/android/robotium/solo/Rotator;.generateRotateGesture (ILandroid/graphics/PointF;Landroid/graphics/PointF;)V
W/InputManagerService(  861): Starting input on non-focused client com.android.internal.view.IInputMethodClient$Stub$Proxy@b6dd0a30 (uid=10011 pid=958)
I/ActivityManager(  861): Displayed net.mandaria.tippytipper/.activities.TippyTipper: +710ms
D/androidripper( 1270): Updating node automation
D/androidripper( 1270): Loading node automation
V/androidripper( 1270): Updating value FORCE_RESTART
V/androidripper( 1270): Updating value IN_AND_OUT_FOCUS
V/androidripper( 1270): Updating value PRECRAWLING
V/androidripper( 1270): Updating value SCREENSHOT_FOR_EVENTS
V/androidripper( 1270): Updating value SCREENSHOT_FOR_STATES
V/androidripper( 1270): Updating value SCREENSHOT_ONLY_NEW_STATES
V/androidripper( 1270): Updating value SLEEP_AFTER_EVENT
V/androidripper( 1270): Updating value SLEEP_AFTER_RESTART
V/androidripper( 1270): Updating value SLEEP_AFTER_TASK
V/androidripper( 1270): Updating value SLEEP_ON_THROBBER
I/androidripper( 1270): Waiting for 1 sec.
D/androidripper( 1270): Ready to operate after restarting...
I/androidripper( 1270): Current activity is activities.TippyTipper
W/androidripper( 1270): --->activities.TippyTipper
I/androidripper( 1270): Retrieving widgets
D/androidripper( 1270): Found widget: id=-1 (android.widget.LinearLayout@b6df3f78)
D/androidripper( 1270): Found widget: id=-1 (android.widget.FrameLayout@b6df4940)
D/androidripper( 1270): Found widget: id=16908310 (android.widget.TextView@b6df4f00): Tippy Tipper
D/androidripper( 1270): Found widget: id=16908290 (android.widget.FrameLayout@b6df5c78)
D/androidripper( 1270): Found widget: id=-1 (android.widget.LinearLayout@b6df6180)
D/androidripper( 1270): Found widget: id=-1 (android.widget.TextView@b6df63d8): Enter bill amount:
D/androidripper( 1270): Found widget: id=2131361792 (android.widget.EditText@b6df6af0): $0.00
D/androidripper( 1270): Found widget: id=-1 (android.widget.LinearLayout@b6df77d0)
D/androidripper( 1270): Found widget: id=-1 (android.widget.LinearLayout@b6df79e8)
D/androidripper( 1270): Found widget: id=2131361793 (android.widget.Button@b6df7e70): 7
D/androidripper( 1270): Found widget: id=2131361794 (android.widget.Button@b6df8738): 8
D/androidripper( 1270): Found widget: id=2131361795 (android.widget.Button@b6df8fc0): 9
D/androidripper( 1270): Found widget: id=-1 (android.widget.LinearLayout@b6df9848)
D/androidripper( 1270): Found widget: id=2131361796 (android.widget.Button@b6df9a60): 4
D/androidripper( 1270): Found widget: id=2131361797 (android.widget.Button@b6dfa2e8): 5
D/androidripper( 1270): Found widget: id=2131361798 (android.widget.Button@b6dfab70): 6
D/androidripper( 1270): Found widget: id=-1 (android.widget.LinearLayout@b6dfb3f8)
D/androidripper( 1270): Found widget: id=2131361799 (android.widget.Button@b6dfb610): 1
D/androidripper( 1270): Found widget: id=2131361800 (android.widget.Button@b6dfbe98): 2
D/androidripper( 1270): Found widget: id=2131361801 (android.widget.Button@b6dfc720): 3
D/androidripper( 1270): Found widget: id=-1 (android.widget.LinearLayout@b6dfcfa8)
D/androidripper( 1270): Found widget: id=2131361802 (android.widget.Button@b6dfd1c0): DEL
D/androidripper( 1270): Found widget: id=2131361803 (android.widget.Button@b6dfda48): 0
D/androidripper( 1270): Found widget: id=2131361804 (android.widget.Button@b6dfe2d0): OK
D/androidripper( 1270): Found widget: id=-1 (com.android.internal.policy.impl.PhoneWindow$DecorView@b6df3798)
V/androidripper( 1270): TextualID : null
V/androidripper( 1270): ContentType detected : default
V/androidripper( 1270): TextualID : null
V/androidripper( 1270): ContentType detected : default
V/androidripper( 1270): android.widget.EditText > mOnFocusChangeListener FOUND | NOT ACTIVE
V/androidripper( 1270): TextualID : txt_amount
V/androidripper( 1270): ContentType detected : default
V/androidripper( 1270): TextualID : btn_seven
V/androidripper( 1270): ContentType detected : default
V/androidripper( 1270): TextualID : btn_eight
V/androidripper( 1270): ContentType detected : default
D/dalvikvm( 1270): GC_CONCURRENT freed 1006K, 53% free 3187K/6663K, external 1527K/1559K, paused 4ms+6ms
V/androidripper( 1270): TextualID : btn_nine
V/androidripper( 1270): ContentType detected : default
V/androidripper( 1270): TextualID : btn_four
V/androidripper( 1270): ContentType detected : default
V/androidripper( 1270): TextualID : btn_five
V/androidripper( 1270): ContentType detected : default
V/androidripper( 1270): TextualID : btn_six
V/androidripper( 1270): ContentType detected : default
V/androidripper( 1270): TextualID : btn_one
V/androidripper( 1270): ContentType detected : default
V/androidripper( 1270): TextualID : btn_two
V/androidripper( 1270): ContentType detected : default
V/androidripper( 1270): TextualID : btn_three
V/androidripper( 1270): ContentType detected : default
V/androidripper( 1270): TextualID : btn_delete
V/androidripper( 1270): ContentType detected : default
V/androidripper( 1270): TextualID : btn_zero
V/androidripper( 1270): ContentType detected : default
V/androidripper( 1270): TextualID : btn_ok
V/androidripper( 1270): ContentType detected : default
I/androidripper( 1270): Attempting to resume previous session
I/androidripper( 1270): Reading task file
D/androidripper( 1270): Importing trace #1 from disk
D/androidripper( 1270): Importing trace #2 from disk
D/androidripper( 1270): Importing trace #3 from disk
D/androidripper( 1270): Importing trace #4 from disk
D/androidripper( 1270): Importing trace #5 from disk
D/androidripper( 1270): Importing trace #6 from disk
D/androidripper( 1270): Importing trace #7 from disk
D/androidripper( 1270): Importing trace #8 from disk
D/androidripper( 1270): Importing trace #9 from disk
D/androidripper( 1270): Importing trace #10 from disk
D/androidripper( 1270): Importing trace #11 from disk
D/dalvikvm( 1270): GC_FOR_MALLOC freed 358K, 51% free 3277K/6663K, external 1527K/1559K, paused 38ms
D/androidripper( 1270): Importing trace #12 from disk
D/androidripper( 1270): Importing trace #13 from disk
I/androidripper( 1270): Reading state file
D/androidripper( 1270): Imported activity state a1 from disk
D/androidripper( 1270): Performing backup of the old activity list on disk
D/androidripper( 1270): Saving new found state 'a1' on disk
V/androidripper( 1270): Opening state file in overwrite mode.
D/dalvikvm( 1270): GetFieldID: unable to find field Ljava/util/Hashtable;.loadFactor:F
D/dalvikvm( 1270): GetFieldID: unable to find field Ljava/util/Hashtable;.loadFactor:F
D/dalvikvm( 1270): GetFieldID: unable to find field Ljava/util/Hashtable;.loadFactor:F
D/dalvikvm( 1270): GetFieldID: unable to find field Ljava/util/Hashtable;.loadFactor:F
D/androidripper( 1270): Backup session footer restored to 
D/androidripper( 1270): </SESSION>
D/androidripper( 1270): Restored trace count to 14
D/androidripper( 1270): Restored abstractor counters to: event = 14 - input = 12 - activity = 2
I/androidripper( 1270): Saving the session on disk.
D/dalvikvm( 1270): GC_CONCURRENT freed 433K, 49% free 3452K/6663K, external 1527K/1559K, paused 3ms+4ms
D/dalvikvm( 1270): GC_EXPLICIT freed 42K, 49% free 3409K/6663K, external 1527K/1559K, paused 57ms
I/androidripper( 1270): Dispatching new task. 13 more tasks remaining.
D/androidripper( 1270): Performing backup of the old task list on disk
D/androidripper( 1270): Saving task list on disk
V/androidripper( 1270): Backing up trace #1 to disk.
V/androidripper( 1270): Backing up trace #2 to disk.
V/androidripper( 1270): Backing up trace #3 to disk.
V/androidripper( 1270): Backing up trace #4 to disk.
V/androidripper( 1270): Backing up trace #5 to disk.
V/androidripper( 1270): Backing up trace #6 to disk.
V/androidripper( 1270): Backing up trace #7 to disk.
V/androidripper( 1270): Backing up trace #8 to disk.
V/androidripper( 1270): Backing up trace #9 to disk.
V/androidripper( 1270): Backing up trace #10 to disk.
V/androidripper( 1270): Backing up trace #11 to disk.
V/androidripper( 1270): Backing up trace #12 to disk.
V/androidripper( 1270): Backing up trace #13 to disk.
D/androidripper( 1270): Deleting backup of the old task list from disk
D/androidripper( 1270): Deleting backup of the old activity list from disk
I/androidripper( 1270): Restarting
I/androidripper( 1270): Waiting for 1 sec.
D/androidripper( 1270): Ready to operate after restarting...
I/androidripper( 1270): Retrieving widgets
D/androidripper( 1270): Found widget: id=-1 (android.widget.LinearLayout@b6df3f78)
D/androidripper( 1270): Found widget: id=-1 (android.widget.FrameLayout@b6df4940)
D/androidripper( 1270): Found widget: id=16908310 (android.widget.TextView@b6df4f00): Tippy Tipper
D/androidripper( 1270): Found widget: id=16908290 (android.widget.FrameLayout@b6df5c78)
D/androidripper( 1270): Found widget: id=-1 (android.widget.LinearLayout@b6df6180)
D/androidripper( 1270): Found widget: id=-1 (android.widget.TextView@b6df63d8): Enter bill amount:
D/androidripper( 1270): Found widget: id=2131361792 (android.widget.EditText@b6df6af0): $0.00
D/androidripper( 1270): Found widget: id=-1 (android.widget.LinearLayout@b6df77d0)
D/androidripper( 1270): Found widget: id=-1 (android.widget.LinearLayout@b6df79e8)
D/androidripper( 1270): Found widget: id=2131361793 (android.widget.Button@b6df7e70): 7
D/androidripper( 1270): Found widget: id=2131361794 (android.widget.Button@b6df8738): 8
D/androidripper( 1270): Found widget: id=2131361795 (android.widget.Button@b6df8fc0): 9
D/androidripper( 1270): Found widget: id=-1 (android.widget.LinearLayout@b6df9848)
D/androidripper( 1270): Found widget: id=2131361796 (android.widget.Button@b6df9a60): 4
D/androidripper( 1270): Found widget: id=2131361797 (android.widget.Button@b6dfa2e8): 5
D/androidripper( 1270): Found widget: id=2131361798 (android.widget.Button@b6dfab70): 6
D/androidripper( 1270): Found widget: id=-1 (android.widget.LinearLayout@b6dfb3f8)
D/androidripper( 1270): Found widget: id=2131361799 (android.widget.Button@b6dfb610): 1
D/androidripper( 1270): Found widget: id=2131361800 (android.widget.Button@b6dfbe98): 2
D/androidripper( 1270): Found widget: id=2131361801 (android.widget.Button@b6dfc720): 3
D/androidripper( 1270): Found widget: id=-1 (android.widget.LinearLayout@b6dfcfa8)
D/androidripper( 1270): Found widget: id=2131361802 (android.widget.Button@b6dfd1c0): DEL
D/androidripper( 1270): Found widget: id=2131361803 (android.widget.Button@b6dfda48): 0
D/androidripper( 1270): Found widget: id=2131361804 (android.widget.Button@b6dfe2d0): OK
D/androidripper( 1270): Found widget: id=-1 (com.android.internal.policy.impl.PhoneWindow$DecorView@b6df3798)
I/androidripper( 1270): Playing Trace 1
I/androidripper( 1270): Setting input: type= writeText id=2131361792 value=15
D/androidripper( 1270): Added to return list id=2131361792
I/androidripper( 1270): Retrieved from return list id=2131361792
D/androidripper( 1270): Testing for type (android.widget.EditText) against the original (android.widget.EditText)
D/androidripper( 1270): Testing for name () against the original ()
D/dalvikvm( 1270): GC_CONCURRENT freed 687K, 49% free 3432K/6663K, external 1527K/1559K, paused 3ms+4ms
I/androidripper( 1270): Retrieved from return list id=2131361794
D/androidripper( 1270): Testing for type (android.widget.Button) against the original (android.widget.Button)
D/androidripper( 1270): Testing for name (8) against the original (8)
I/androidripper( 1270): Firing event: type= click index=10 widget=android.widget.Button
W/KeyCharacterMap( 1270): No keyboard for id 0
W/KeyCharacterMap( 1270): Using default keymap: /system/usr/keychars/qwerty.kcm.bin
D/androidripper( 1270): Event description: 8
I/androidripper( 1270): Waiting for 1 sec.
I/androidripper( 1270): Current activity is activities.TippyTipper
I/androidripper( 1270): Retrieving widgets
D/androidripper( 1270): Found widget: id=-1 (android.widget.LinearLayout@b6df3f78)
D/androidripper( 1270): Found widget: id=-1 (android.widget.FrameLayout@b6df4940)
D/androidripper( 1270): Found widget: id=16908310 (android.widget.TextView@b6df4f00): Tippy Tipper
D/androidripper( 1270): Found widget: id=16908290 (android.widget.FrameLayout@b6df5c78)
D/androidripper( 1270): Found widget: id=-1 (android.widget.LinearLayout@b6df6180)
D/androidripper( 1270): Found widget: id=-1 (android.widget.TextView@b6df63d8): Enter bill amount:
D/androidripper( 1270): Found widget: id=2131361792 (android.widget.EditText@b6df6af0): $0.08
D/androidripper( 1270): Found widget: id=-1 (android.widget.LinearLayout@b6df77d0)
D/androidripper( 1270): Found widget: id=-1 (android.widget.LinearLayout@b6df79e8)
D/androidripper( 1270): Found widget: id=2131361793 (android.widget.Button@b6df7e70): 7
D/androidripper( 1270): Found widget: id=2131361794 (android.widget.Button@b6df8738): 8
D/androidripper( 1270): Found widget: id=2131361795 (android.widget.Button@b6df8fc0): 9
D/androidripper( 1270): Found widget: id=-1 (android.widget.LinearLayout@b6df9848)
D/androidripper( 1270): Found widget: id=2131361796 (android.widget.Button@b6df9a60): 4
D/androidripper( 1270): Found widget: id=2131361797 (android.widget.Button@b6dfa2e8): 5
D/androidripper( 1270): Found widget: id=2131361798 (android.widget.Button@b6dfab70): 6
D/androidripper( 1270): Found widget: id=-1 (android.widget.LinearLayout@b6dfb3f8)
D/androidripper( 1270): Found widget: id=2131361799 (android.widget.Button@b6dfb610): 1
D/androidripper( 1270): Found widget: id=2131361800 (android.widget.Button@b6dfbe98): 2
D/androidripper( 1270): Found widget: id=2131361801 (android.widget.Button@b6dfc720): 3
D/androidripper( 1270): Found widget: id=-1 (android.widget.LinearLayout@b6dfcfa8)
D/androidripper( 1270): Found widget: id=2131361802 (android.widget.Button@b6dfd1c0): DEL
D/androidripper( 1270): Found widget: id=2131361803 (android.widget.Button@b6dfda48): 0
D/androidripper( 1270): Found widget: id=2131361804 (android.widget.Button@b6dfe2d0): OK
D/androidripper( 1270): Found widget: id=-1 (com.android.internal.policy.impl.PhoneWindow$DecorView@b6df3798)
V/androidripper( 1270): TextualID : null
V/androidripper( 1270): ContentType detected : default
V/androidripper( 1270): TextualID : null
V/androidripper( 1270): ContentType detected : default
V/androidripper( 1270): android.widget.EditText > mOnFocusChangeListener FOUND | NOT ACTIVE
V/androidripper( 1270): TextualID : txt_amount
V/androidripper( 1270): ContentType detected : default
V/androidripper( 1270): TextualID : btn_seven
V/androidripper( 1270): ContentType detected : default
V/androidripper( 1270): TextualID : btn_eight
