V/androidripper( 1215): Updating value TASK_LIST_FILE_NAME
I/dalvikvm( 1215): Could not find method android.app.Activity.getFragmentManager, referenced from method com.jayway.android.robotium.solo.Waiter.getFragment
W/dalvikvm( 1215): VFY: unable to resolve virtual method 7: Landroid/app/Activity;.getFragmentManager ()Landroid/app/FragmentManager;
D/dalvikvm( 1215): VFY: replacing opcode 0x6e at 0x0008
I/dalvikvm( 1215): Could not find method android.app.Activity.getFragmentManager, referenced from method com.jayway.android.robotium.solo.Waiter.getFragment
W/dalvikvm( 1215): VFY: unable to resolve virtual method 7: Landroid/app/Activity;.getFragmentManager ()Landroid/app/FragmentManager;
D/dalvikvm( 1215): VFY: replacing opcode 0x6e at 0x0017
W/dalvikvm( 1215): VFY: unable to find class referenced in signature (Landroid/app/Fragment;)
D/dalvikvm( 1215): VFY: dead code 0x000b-000f in Lcom/jayway/android/robotium/solo/Waiter;.getFragment (Ljava/lang/String;I)Landroid/app/Fragment;
D/dalvikvm( 1215): VFY: dead code 0x001a-001f in Lcom/jayway/android/robotium/solo/Waiter;.getFragment (Ljava/lang/String;I)Landroid/app/Fragment;
E/dalvikvm( 1215): Could not find class 'android.support.v4.app.FragmentActivity', referenced from method com.jayway.android.robotium.solo.Waiter.getSupportFragment
W/dalvikvm( 1215): VFY: unable to resolve check-cast 56 (Landroid/support/v4/app/FragmentActivity;) in Lcom/jayway/android/robotium/solo/Waiter;
D/dalvikvm( 1215): VFY: replacing opcode 0x1f at 0x0009
I/dalvikvm( 1215): Could not find method android.support.v4.app.FragmentActivity.getSupportFragmentManager, referenced from method com.jayway.android.robotium.solo.Waiter.getSupportFragment
W/dalvikvm( 1215): VFY: unable to resolve virtual method 141: Landroid/support/v4/app/FragmentActivity;.getSupportFragmentManager ()Landroid/support/v4/app/FragmentManager;
D/dalvikvm( 1215): VFY: replacing opcode 0x6e at 0x0010
I/dalvikvm( 1215): Could not find method android.support.v4.app.FragmentActivity.getSupportFragmentManager, referenced from method com.jayway.android.robotium.solo.Waiter.getSupportFragment
W/dalvikvm( 1215): VFY: unable to resolve virtual method 141: Landroid/support/v4/app/FragmentActivity;.getSupportFragmentManager ()Landroid/support/v4/app/FragmentManager;
D/dalvikvm( 1215): VFY: replacing opcode 0x6e at 0x0019
W/dalvikvm( 1215): VFY: unable to find class referenced in signature (Landroid/support/v4/app/Fragment;)
D/dalvikvm( 1215): VFY: dead code 0x000b-000b in Lcom/jayway/android/robotium/solo/Waiter;.getSupportFragment (Ljava/lang/String;I)Landroid/support/v4/app/Fragment;
D/dalvikvm( 1215): VFY: dead code 0x0013-0017 in Lcom/jayway/android/robotium/solo/Waiter;.getSupportFragment (Ljava/lang/String;I)Landroid/support/v4/app/Fragment;
D/dalvikvm( 1215): VFY: dead code 0x001c-0021 in Lcom/jayway/android/robotium/solo/Waiter;.getSupportFragment (Ljava/lang/String;I)Landroid/support/v4/app/Fragment;
W/dalvikvm( 1215): VFY: unable to find class referenced in signature (Landroid/support/v4/app/Fragment;)
W/dalvikvm( 1215): VFY: unable to find class referenced in signature (Landroid/app/Fragment;)
W/dalvikvm( 1215): VFY: unable to find class referenced in signature (Landroid/support/v4/app/Fragment;)
D/dalvikvm( 1215): GC_CONCURRENT freed 868K, 51% free 3324K/6663K, external 1527K/1559K, paused 2ms+13ms
I/ActivityManager(  861): Displayed net.mandaria.tippytipper/.activities.TippyTipper: +821ms
E/dalvikvm( 1215): Could not find class '[Landroid.view.MotionEvent$PointerProperties;', referenced from method com.jayway.android.robotium.solo.Zoomer.generateZoomGesture
W/dalvikvm( 1215): VFY: unable to resolve new-array 526 ([Landroid/view/MotionEvent$PointerProperties;) in Lcom/jayway/android/robotium/solo/Zoomer;
D/dalvikvm( 1215): VFY: replacing opcode 0x23 at 0x0084
D/dalvikvm( 1215): VFY: dead code 0x0086-0152 in Lcom/jayway/android/robotium/solo/Zoomer;.generateZoomGesture (Landroid/graphics/PointF;Landroid/graphics/PointF;Landroid/graphics/PointF;Landroid/graphics/PointF;)V
E/dalvikvm( 1215): Could not find class '[Landroid.view.MotionEvent$PointerProperties;', referenced from method com.jayway.android.robotium.solo.Swiper.generateSwipeGesture
W/dalvikvm( 1215): VFY: unable to resolve new-array 526 ([Landroid/view/MotionEvent$PointerProperties;) in Lcom/jayway/android/robotium/solo/Swiper;
D/dalvikvm( 1215): VFY: replacing opcode 0x23 at 0x0084
D/dalvikvm( 1215): VFY: dead code 0x0086-0152 in Lcom/jayway/android/robotium/solo/Swiper;.generateSwipeGesture (Landroid/graphics/PointF;Landroid/graphics/PointF;Landroid/graphics/PointF;Landroid/graphics/PointF;)V
E/dalvikvm( 1215): Could not find class '[Landroid.view.MotionEvent$PointerProperties;', referenced from method com.jayway.android.robotium.solo.Tapper.generateTapGesture
W/dalvikvm( 1215): VFY: unable to resolve new-array 526 ([Landroid/view/MotionEvent$PointerProperties;) in Lcom/jayway/android/robotium/solo/Tapper;
D/dalvikvm( 1215): VFY: replacing opcode 0x23 at 0x007c
D/dalvikvm( 1215): VFY: dead code 0x007e-0142 in Lcom/jayway/android/robotium/solo/Tapper;.generateTapGesture (I[Landroid/graphics/PointF;)V
E/dalvikvm( 1215): Could not find class '[Landroid.view.MotionEvent$PointerProperties;', referenced from method com.jayway.android.robotium.solo.Rotator.generateRotateGesture
W/dalvikvm( 1215): VFY: unable to resolve new-array 526 ([Landroid/view/MotionEvent$PointerProperties;) in Lcom/jayway/android/robotium/solo/Rotator;
D/dalvikvm( 1215): VFY: replacing opcode 0x23 at 0x006e
D/dalvikvm( 1215): VFY: dead code 0x0070-0195 in Lcom/jayway/android/robotium/solo/Rotator;.generateRotateGesture (ILandroid/graphics/PointF;Landroid/graphics/PointF;)V
W/ActivityManager(  861): finishReceiver called but no pending broadcasts
D/androidripper( 1215): Updating node automation
D/androidripper( 1215): Loading node automation
V/androidripper( 1215): Updating value FORCE_RESTART
V/androidripper( 1215): Updating value IN_AND_OUT_FOCUS
V/androidripper( 1215): Updating value PRECRAWLING
V/androidripper( 1215): Updating value SCREENSHOT_FOR_EVENTS
V/androidripper( 1215): Updating value SCREENSHOT_FOR_STATES
V/androidripper( 1215): Updating value SCREENSHOT_ONLY_NEW_STATES
V/androidripper( 1215): Updating value SLEEP_AFTER_EVENT
V/androidripper( 1215): Updating value SLEEP_AFTER_RESTART
V/androidripper( 1215): Updating value SLEEP_AFTER_TASK
V/androidripper( 1215): Updating value SLEEP_ON_THROBBER
I/androidripper( 1215): Waiting for 1 sec.
D/androidripper( 1215): Ready to operate after restarting...
I/androidripper( 1215): Current activity is activities.TippyTipper
W/androidripper( 1215): --->activities.TippyTipper
I/androidripper( 1215): Retrieving widgets
D/androidripper( 1215): Found widget: id=-1 (android.widget.LinearLayout@b6d1d400)
D/androidripper( 1215): Found widget: id=-1 (android.widget.FrameLayout@b6d1ddc8)
D/androidripper( 1215): Found widget: id=16908310 (android.widget.TextView@b6d1e388): Tippy Tipper
D/androidripper( 1215): Found widget: id=16908290 (android.widget.FrameLayout@b6d1f100)
D/androidripper( 1215): Found widget: id=-1 (android.widget.LinearLayout@b6d1f608)
D/androidripper( 1215): Found widget: id=-1 (android.widget.TextView@b6d1f860): Enter bill amount:
D/androidripper( 1215): Found widget: id=2131361792 (android.widget.EditText@b6d1ff78): $0.00
D/androidripper( 1215): Found widget: id=-1 (android.widget.LinearLayout@b6d20c58)
D/androidripper( 1215): Found widget: id=-1 (android.widget.LinearLayout@b6d20e70)
D/androidripper( 1215): Found widget: id=2131361793 (android.widget.Button@b6d212f8): 7
D/androidripper( 1215): Found widget: id=2131361794 (android.widget.Button@b6d21bc0): 8
D/androidripper( 1215): Found widget: id=2131361795 (android.widget.Button@b6d22448): 9
D/androidripper( 1215): Found widget: id=-1 (android.widget.LinearLayout@b6d22cd0)
D/androidripper( 1215): Found widget: id=2131361796 (android.widget.Button@b6d22ee8): 4
D/androidripper( 1215): Found widget: id=2131361797 (android.widget.Button@b6d23770): 5
D/androidripper( 1215): Found widget: id=2131361798 (android.widget.Button@b6d23ff8): 6
D/androidripper( 1215): Found widget: id=-1 (android.widget.LinearLayout@b6d24880)
D/androidripper( 1215): Found widget: id=2131361799 (android.widget.Button@b6d24a98): 1
D/androidripper( 1215): Found widget: id=2131361800 (android.widget.Button@b6d25320): 2
D/androidripper( 1215): Found widget: id=2131361801 (android.widget.Button@b6d25ba8): 3
D/androidripper( 1215): Found widget: id=-1 (android.widget.LinearLayout@b6d26430)
D/androidripper( 1215): Found widget: id=2131361802 (android.widget.Button@b6d26648): DEL
D/androidripper( 1215): Found widget: id=2131361803 (android.widget.Button@b6d26ed0): 0
D/androidripper( 1215): Found widget: id=2131361804 (android.widget.Button@b6d27758): OK
D/androidripper( 1215): Found widget: id=-1 (com.android.internal.policy.impl.PhoneWindow$DecorView@b6d1cc20)
V/androidripper( 1215): TextualID : null
V/androidripper( 1215): ContentType detected : default
V/androidripper( 1215): TextualID : null
V/androidripper( 1215): ContentType detected : default
V/androidripper( 1215): android.widget.EditText > mOnFocusChangeListener FOUND | NOT ACTIVE
V/androidripper( 1215): TextualID : txt_amount
V/androidripper( 1215): ContentType detected : default
V/androidripper( 1215): TextualID : btn_seven
V/androidripper( 1215): ContentType detected : default
V/androidripper( 1215): TextualID : btn_eight
V/androidripper( 1215): ContentType detected : default
V/androidripper( 1215): TextualID : btn_nine
V/androidripper( 1215): ContentType detected : default
V/androidripper( 1215): TextualID : btn_four
V/androidripper( 1215): ContentType detected : default
V/androidripper( 1215): TextualID : btn_five
V/androidripper( 1215): ContentType detected : default
V/androidripper( 1215): TextualID : btn_six
V/androidripper( 1215): ContentType detected : default
V/androidripper( 1215): TextualID : btn_one
V/androidripper( 1215): ContentType detected : default
V/androidripper( 1215): TextualID : btn_two
V/androidripper( 1215): ContentType detected : default
V/androidripper( 1215): TextualID : btn_three
V/androidripper( 1215): ContentType detected : default
V/androidripper( 1215): TextualID : btn_delete
V/androidripper( 1215): ContentType detected : default
V/androidripper( 1215): TextualID : btn_zero
V/androidripper( 1215): ContentType detected : default
V/androidripper( 1215): TextualID : btn_ok
V/androidripper( 1215): ContentType detected : default
D/androidripper( 1215): No session to resume: GUI Tree not found. Will start from scratch.
I/androidripper( 1215): Starting a new session
D/androidripper( 1215): Saving new found state 'a1' on disk
V/androidripper( 1215): Opening state file in overwrite mode.
D/dalvikvm( 1215): GC_CONCURRENT freed 495K, 48% free 3521K/6663K, external 1527K/1559K, paused 4ms+4ms
D/dalvikvm( 1215): GC_EXTERNAL_ALLOC freed 213K, 51% free 3307K/6663K, external 1527K/1559K, paused 39ms
D/dalvikvm( 1215): GC_EXTERNAL_ALLOC freed 26K, 51% free 3281K/6663K, external 3027K/3780K, paused 37ms
I/androidripper( 1215): Saved image on disk: a1.jpg
I/androidripper( 1215): Planning for new Activity TippyTipper
D/androidripper( 1215): Handling event 'click' on widget id=2131361793 type=button name=7
D/androidripper( 1215): Handling input 'writeText' on widget id=2131361792 type=editText name=
V/androidripper( 1215): Using value: 15
D/androidripper( 1215): Handling event 'click' on widget id=2131361794 type=button name=8
D/androidripper( 1215): Handling input 'writeText' on widget id=2131361792 type=editText name=
V/androidripper( 1215): Using value: 15
D/androidripper( 1215): Handling event 'click' on widget id=2131361795 type=button name=9
D/androidripper( 1215): Handling input 'writeText' on widget id=2131361792 type=editText name=
V/androidripper( 1215): Using value: 15
D/androidripper( 1215): Handling event 'click' on widget id=2131361796 type=button name=4
D/androidripper( 1215): Handling input 'writeText' on widget id=2131361792 type=editText name=
V/androidripper( 1215): Using value: 15
D/androidripper( 1215): Handling event 'click' on widget id=2131361797 type=button name=5
D/androidripper( 1215): Handling input 'writeText' on widget id=2131361792 type=editText name=
V/androidripper( 1215): Using value: 15
D/androidripper( 1215): Handling event 'click' on widget id=2131361798 type=button name=6
D/androidripper( 1215): Handling input 'writeText' on widget id=2131361792 type=editText name=
V/androidripper( 1215): Using value: 15
D/androidripper( 1215): Handling event 'click' on widget id=2131361799 type=button name=1
D/androidripper( 1215): Handling input 'writeText' on widget id=2131361792 type=editText name=
V/androidripper( 1215): Using value: 15
D/androidripper( 1215): Handling event 'click' on widget id=2131361800 type=button name=2
D/androidripper( 1215): Handling input 'writeText' on widget id=2131361792 type=editText name=
V/androidripper( 1215): Using value: 15
D/androidripper( 1215): Handling event 'click' on widget id=2131361801 type=button name=3
D/androidripper( 1215): Handling input 'writeText' on widget id=2131361792 type=editText name=
V/androidripper( 1215): Using value: 15
D/androidripper( 1215): Handling event 'click' on widget id=2131361802 type=button name=DEL
D/androidripper( 1215): Handling input 'writeText' on widget id=2131361792 type=editText name=
V/androidripper( 1215): Using value: 15
D/androidripper( 1215): Handling event 'click' on widget id=2131361803 type=button name=0
D/androidripper( 1215): Handling input 'writeText' on widget id=2131361792 type=editText name=
V/androidripper( 1215): Using value: 15
D/androidripper( 1215): Handling event 'click' on widget id=2131361804 type=button name=OK
D/androidripper( 1215): Handling input 'writeText' on widget id=2131361792 type=editText name=
V/androidripper( 1215): Using value: 15
I/androidripper( 1215): Created trace to press the menu button
I/androidripper( 1215): Created trace to change orientation
I/androidripper( 1215): Dispatching new task. 14 more tasks remaining.
D/androidripper( 1215): Saving task list on disk
V/androidripper( 1215): Backing up trace #0 to disk.
V/androidripper( 1215): Backing up trace #1 to disk.
V/androidripper( 1215): Backing up trace #2 to disk.
V/androidripper( 1215): Backing up trace #3 to disk.
V/androidripper( 1215): Backing up trace #4 to disk.
V/androidripper( 1215): Backing up trace #5 to disk.
V/androidripper( 1215): Backing up trace #6 to disk.
V/androidripper( 1215): Backing up trace #7 to disk.
D/dalvikvm( 1215): GC_CONCURRENT freed 1013K, 51% free 3361K/6855K, external 4527K/5653K, paused 17ms+15ms
V/androidripper( 1215): Backing up trace #8 to disk.
V/androidripper( 1215): Backing up trace #9 to disk.
V/androidripper( 1215): Backing up trace #10 to disk.
V/androidripper( 1215): Backing up trace #11 to disk.
V/androidripper( 1215): Backing up trace #12 to disk.
V/androidripper( 1215): Backing up trace #13 to disk.
I/androidripper( 1215): Restarting
I/androidripper( 1215): Waiting for 1 sec.
D/androidripper( 1215): Ready to operate after restarting...
I/androidripper( 1215): Retrieving widgets
D/androidripper( 1215): Found widget: id=-1 (android.widget.LinearLayout@b6d1d400)
D/androidripper( 1215): Found widget: id=-1 (android.widget.FrameLayout@b6d1ddc8)
D/androidripper( 1215): Found widget: id=16908310 (android.widget.TextView@b6d1e388): Tippy Tipper
D/androidripper( 1215): Found widget: id=16908290 (android.widget.FrameLayout@b6d1f100)
D/androidripper( 1215): Found widget: id=-1 (android.widget.LinearLayout@b6d1f608)
D/androidripper( 1215): Found widget: id=-1 (android.widget.TextView@b6d1f860): Enter bill amount:
D/androidripper( 1215): Found widget: id=2131361792 (android.widget.EditText@b6d1ff78): $0.00
D/androidripper( 1215): Found widget: id=-1 (android.widget.LinearLayout@b6d20c58)
D/androidripper( 1215): Found widget: id=-1 (android.widget.LinearLayout@b6d20e70)
D/androidripper( 1215): Found widget: id=2131361793 (android.widget.Button@b6d212f8): 7
D/androidripper( 1215): Found widget: id=2131361794 (android.widget.Button@b6d21bc0): 8
D/androidripper( 1215): Found widget: id=2131361795 (android.widget.Button@b6d22448): 9
D/androidripper( 1215): Found widget: id=-1 (android.widget.LinearLayout@b6d22cd0)
D/androidripper( 1215): Found widget: id=2131361796 (android.widget.Button@b6d22ee8): 4
D/androidripper( 1215): Found widget: id=2131361797 (android.widget.Button@b6d23770): 5
D/androidripper( 1215): Found widget: id=2131361798 (android.widget.Button@b6d23ff8): 6
D/androidripper( 1215): Found widget: id=-1 (android.widget.LinearLayout@b6d24880)
D/androidripper( 1215): Found widget: id=2131361799 (android.widget.Button@b6d24a98): 1
D/androidripper( 1215): Found widget: id=2131361800 (android.widget.Button@b6d25320): 2
D/androidripper( 1215): Found widget: id=2131361801 (android.widget.Button@b6d25ba8): 3
D/androidripper( 1215): Found widget: id=-1 (android.widget.LinearLayout@b6d26430)
D/androidripper( 1215): Found widget: id=2131361802 (android.widget.Button@b6d26648): DEL
D/androidripper( 1215): Found widget: id=2131361803 (android.widget.Button@b6d26ed0): 0
D/androidripper( 1215): Found widget: id=2131361804 (android.widget.Button@b6d27758): OK
D/androidripper( 1215): Found widget: id=-1 (com.android.internal.policy.impl.PhoneWindow$DecorView@b6d1cc20)
I/androidripper( 1215): Playing Trace 0
I/androidripper( 1215): Setting input: type= writeText id=2131361792 value=15
D/androidripper( 1215): Added to return list id=2131361792
I/androidripper( 1215): Retrieved from return list id=2131361792
D/androidripper( 1215): Testing for type (android.widget.EditText) against the original (android.widget.EditText)
D/androidripper( 1215): Testing for name () against the original ()
I/androidripper( 1215): Retrieved from return list id=2131361793
D/androidripper( 1215): Testing for type (android.widget.Button) against the original (android.widget.Button)
D/androidripper( 1215): Testing for name (7) against the original (7)
I/androidripper( 1215): Firing event: type= click index=9 widget=android.widget.Button
W/KeyCharacterMap( 1215): No keyboard for id 0
W/KeyCharacterMap( 1215): Using default keymap: /system/usr/keychars/qwerty.kcm.bin
D/androidripper( 1215): Event description: 7
I/androidripper( 1215): Waiting for 1 sec.
I/androidripper( 1215): Current activity is activities.TippyTipper
I/androidripper( 1215): Retrieving widgets
D/androidripper( 1215): Found widget: id=-1 (android.widget.LinearLayout@b6d1d400)
D/androidripper( 1215): Found widget: id=-1 (android.widget.FrameLayout@b6d1ddc8)
D/androidripper( 1215): Found widget: id=16908310 (android.widget.TextView@b6d1e388): Tippy Tipper
D/androidripper( 1215): Found widget: id=16908290 (android.widget.FrameLayout@b6d1f100)
D/androidripper( 1215): Found widget: id=-1 (android.widget.LinearLayout@b6d1f608)
D/androidripper( 1215): Found widget: id=-1 (android.widget.TextView@b6d1f860): Enter bill amount:
D/androidripper( 1215): Found widget: id=2131361792 (android.widget.EditText@b6d1ff78): $0.07
D/androidripper( 1215): Found widget: id=-1 (android.widget.LinearLayout@b6d20c58)
D/androidripper( 1215): Found widget: id=-1 (android.widget.LinearLayout@b6d20e70)
D/androidripper( 1215): Found widget: id=2131361793 (android.widget.Button@b6d212f8): 7
D/androidripper( 1215): Found widget: id=2131361794 (android.widget.Button@b6d21bc0): 8
D/androidripper( 1215): Found widget: id=2131361795 (android.widget.Button@b6d22448): 9
D/androidripper( 1215): Found widget: id=-1 (android.widget.LinearLayout@b6d22cd0)
D/androidripper( 1215): Found widget: id=2131361796 (android.widget.Button@b6d22ee8): 4
D/androidripper( 1215): Found widget: id=2131361797 (android.widget.Button@b6d23770): 5
D/androidripper( 1215): Found widget: id=2131361798 (android.widget.Button@b6d23ff8): 6
D/androidripper( 1215): Found widget: id=-1 (android.widget.LinearLayout@b6d24880)
D/androidripper( 1215): Found widget: id=2131361799 (android.widget.Button@b6d24a98): 1
D/androidripper( 1215): Found widget: id=2131361800 (android.widget.Button@b6d25320): 2
D/androidripper( 1215): Found widget: id=2131361801 (android.widget.Button@b6d25ba8): 3
D/androidripper( 1215): Found widget: id=-1 (android.widget.LinearLayout@b6d26430)
D/androidripper( 1215): Found widget: id=2131361802 (android.widget.Button@b6d26648): DEL
D/androidripper( 1215): Found widget: id=2131361803 (android.widget.Button@b6d26ed0): 0
D/androidripper( 1215): Found widget: id=2131361804 (android.widget.Button@b6d27758): OK
D/androidripper( 1215): Found widget: id=-1 (com.android.internal.policy.impl.PhoneWindow$DecorView@b6d1cc20)
V/androidripper( 1215): TextualID : null
V/androidripper( 1215): ContentType detected : default
V/androidripper( 1215): TextualID : null
V/androidripper( 1215): ContentType detected : default
V/androidripper( 1215): android.widget.EditText > mOnFocusChangeListener FOUND | NOT ACTIVE
V/androidripper( 1215): TextualID : txt_amount
V/androidripper( 1215): ContentType detected : default
V/androidripper( 1215): TextualID : btn_seven
V/androidripper( 1215): ContentType detected : default
V/androidripper( 1215): TextualID : btn_eight
V/androidripper( 1215): ContentType detected : default
V/androidripper( 1215): TextualID : btn_nine
V/androidripper( 1215): ContentType detected : default
V/androidripper( 1215): TextualID : btn_four
V/androidripper( 1215): ContentType detected : default
V/androidripper( 1215): TextualID : btn_five
V/androidripper( 1215): ContentType detected : default
V/androidripper( 1215): TextualID : btn_six
V/androidripper( 1215): ContentType detected : default
V/androidripper( 1215): TextualID : btn_one
V/androidripper( 1215): ContentType detected : default
V/androidripper( 1215): TextualID : btn_two
V/androidripper( 1215): ContentType detected : default
V/androidripper( 1215): TextualID : btn_three
V/androidripper( 1215): ContentType detected : default
V/androidripper( 1215): TextualID : btn_delete
V/androidripper( 1215): ContentType detected : default
V/androidripper( 1215): TextualID : btn_zero
V/androidripper( 1215): ContentType detected : default
V/androidripper( 1215): TextualID : btn_ok
V/androidripper( 1215): ContentType detected : default
I/androidripper( 1215): Performing comparation for activity TippyTipper
D/androidripper( 1215): Comparing against activity TippyTipper
D/androidripper( 1215): Looking for additional widgets
D/androidripper( 1215): Comparator found widget -1 (type = linearLayout)
D/androidripper( 1215): Comparator found widget -1 (type = )
D/androidripper( 1215): Comparator found widget 16908310 (type = text)
V/androidripper( 1215): Comparing text #16908310
D/androidripper( 1215): Comparator found widget 16908290 (type = )
D/androidripper( 1215): Comparator found widget -1 (type = linearLayout)
D/androidripper( 1215): Comparator found widget -1 (type = text)
D/androidripper( 1215): Comparator found widget 2131361792 (type = editText)
V/androidripper( 1215): Comparing editText #2131361792
D/androidripper( 1215): Comparator found widget -1 (type = linearLayout)
D/androidripper( 1215): Comparator found widget -1 (type = linearLayout)
D/androidripper( 1215): Comparator found widget 2131361793 (type = button)
V/androidripper( 1215): Comparing button #2131361793
D/androidripper( 1215): Comparator found widget 2131361794 (type = button)
V/androidripper( 1215): Comparing button #2131361794
D/androidripper( 1215): Comparator found widget 2131361795 (type = button)
V/androidripper( 1215): Comparing button #2131361795
D/androidripper( 1215): Comparator found widget -1 (type = linearLayout)
D/androidripper( 1215): Comparator found widget 2131361796 (type = button)
V/androidripper( 1215): Comparing button #2131361796
D/androidripper( 1215): Comparator found widget 2131361797 (type = button)
V/androidripper( 1215): Comparing button #2131361797
D/androidripper( 1215): Comparator found widget 2131361798 (type = button)
V/androidripper( 1215): Comparing button #2131361798
D/androidripper( 1215): Comparator found widget -1 (type = linearLayout)
D/androidripper( 1215): Comparator found widget 2131361799 (type = button)
V/androidripper( 1215): Comparing button #2131361799
D/androidripper( 1215): Comparator found widget 2131361800 (type = button)
V/androidripper( 1215): Comparing button #2131361800
D/androidripper( 1215): Comparator found widget 2131361801 (type = button)
V/androidripper( 1215): Comparing button #2131361801
D/androidripper( 1215): Comparator found widget -1 (type = linearLayout)
D/androidripper( 1215): Comparator found widget 2131361802 (type = button)
V/androidripper( 1215): Comparing button #2131361802
D/androidripper( 1215): Comparator found widget 2131361803 (type = button)
V/androidripper( 1215): Comparing button #2131361803
D/androidripper( 1215): Comparator found widget 2131361804 (type = button)
V/androidripper( 1215): Comparing button #2131361804
D/androidripper( 1215): Comparator found widget -1 (type = )
D/androidripper( 1215): Looking for missing widgets
D/androidripper( 1215): Comparator found widget -1 (type = linearLayout)
D/androidripper( 1215): Comparator found widget -1 (type = )
D/androidripper( 1215): Comparator found widget 16908310 (type = text)
D/androidripper( 1215): Comparator found widget 16908290 (type = )
D/androidripper( 1215): Comparator found widget -1 (type = linearLayout)
D/androidripper( 1215): Comparator found widget -1 (type = text)
D/androidripper( 1215): Comparator found widget 2131361792 (type = editText)
D/androidripper( 1215): Comparator found widget -1 (type = linearLayout)
D/androidripper( 1215): Comparator found widget -1 (type = linearLayout)
D/androidripper( 1215): Comparator found widget 2131361793 (type = button)
D/androidripper( 1215): Comparator found widget 2131361794 (type = button)
D/androidripper( 1215): Comparator found widget 2131361795 (type = button)
D/androidripper( 1215): Comparator found widget -1 (type = linearLayout)
D/androidripper( 1215): Comparator found widget 2131361796 (type = button)
D/androidripper( 1215): Comparator found widget 2131361797 (type = button)
D/androidripper( 1215): Comparator found widget 2131361798 (type = button)
D/androidripper( 1215): Comparator found widget -1 (type = linearLayout)
D/androidripper( 1215): Comparator found widget 2131361799 (type = button)
D/androidripper( 1215): Comparator found widget 2131361800 (type = button)
D/androidripper( 1215): Comparator found widget 2131361801 (type = button)
D/androidripper( 1215): Comparator found widget -1 (type = linearLayout)
D/androidripper( 1215): Comparator found widget 2131361802 (type = button)
D/androidripper( 1215): Comparator found widget 2131361803 (type = button)
D/androidripper( 1215): Comparator found widget 2131361804 (type = button)
D/androidripper( 1215): Comparator found widget -1 (type = )
D/androidripper( 1215): This activity state is equivalent to a1
I/androidripper( 1215): Saved image on disk: a2.jpg
I/androidripper( 1215): Waiting for 1 sec.
I/androidripper( 1215): Session count is 1. Will dump to disk at 1
I/androidripper( 1215): Saving the session on disk. This is the first batch: the file will be created.
D/dalvikvm( 1215): GC_EXPLICIT freed 1010K, 51% free 3392K/6919K, external 4527K/4527K, paused 71ms
I/androidripper( 1215): Check for pause: 0 steps left of 1
I/androidripper( 1215): Saving the session on disk. This is the last batch. The session will be terminated.
D/androidripper( 1215): Performing backup of the old task list on disk
D/androidripper( 1215): Saving task list on disk
V/androidripper( 1215): Backing up trace #1 to disk.
V/androidripper( 1215): Backing up trace #2 to disk.
V/androidripper( 1215): Backing up trace #3 to disk.
V/androidripper( 1215): Backing up trace #4 to disk.
V/androidripper( 1215): Backing up trace #5 to disk.
V/androidripper( 1215): Backing up trace #6 to disk.
V/androidripper( 1215): Backing up trace #7 to disk.
V/androidripper( 1215): Backing up trace #8 to disk.
V/androidripper( 1215): Backing up trace #9 to disk.
V/androidripper( 1215): Backing up trace #10 to disk.
V/androidripper( 1215): Backing up trace #11 to disk.
V/androidripper( 1215): Backing up trace #12 to disk.
V/androidripper( 1215): Backing up trace #13 to disk.
D/androidripper( 1215): Deleting backup of the old task list from disk
W/ActivityManager(  861): Duplicate finish request for HistoryRecord{b6d464d8 net.mandaria.tippytipper/.activities.TippyTipper}
D/dalvikvm( 1215): GC_EXPLICIT freed 565K, 52% free 3374K/6919K, external 3027K/4527K, paused 107ms
D/dalvikvm( 1215): GC_EXPLICIT freed 9K, 52% free 3365K/6919K, external 3027K/4527K, paused 64ms
I/TestRunner( 1215): finished: testAndCrawl(it.unina.androidripper.guitree.GuiTreeEngine)
I/TestRunner( 1215): passed: testAndCrawl(it.unina.androidripper.guitree.GuiTreeEngine)
I/ActivityManager(  861): Force stopping package net.mandaria.tippytipper uid=10031
I/Process (  861): Sending signal. PID: 1215 SIG: 9
D/AndroidRuntime( 1207): Shutting down VM
D/dalvikvm( 1207): GC_CONCURRENT freed 102K, 72% free 293K/1024K, external 0K/0K, paused 1ms+1ms
D/jdwp    ( 1207): adbd disconnected
E/InputDispatcher(  861): channel 'b6da5b00 net.mandaria.tippytipper/net.mandaria.tippytipper.activities.TippyTipper (server)' ~ Consumer closed input channel or an error occurred.  events=0x8
E/InputDispatcher(  861): channel 'b6da5b00 net.mandaria.tippytipper/net.mandaria.tippytipper.activities.TippyTipper (server)' ~ Channel is unrecoverably broken and will be disposed!
I/WindowManager(  861): WINDOW DIED Window{b6da5b00 net.mandaria.tippytipper/net.mandaria.tippytipper.activities.TippyTipper paused=false}
I/WindowManager(  861): WIN DEATH: Window{b6da5b00 net.mandaria.tippytipper/net.mandaria.tippytipper.activities.TippyTipper paused=false}
D/AndroidRuntime( 1232): 
D/AndroidRuntime( 1232): >>>>>> AndroidRuntime START com.android.internal.os.RuntimeInit <<<<<<
D/AndroidRuntime( 1232): CheckJNI is ON
D/AndroidRuntime( 1232): Calling main entry com.android.commands.am.Am
I/ActivityManager(  861): Start proc net.mandaria.tippytipper for broadcast net.mandaria.tippytipper/.EmmaInstrument.SMSInstrumentedReceiver: pid=1240 uid=10031 gids={1015, 3003}
I/System.out( 1240): EMMA: collecting runtime coverage data ...
D/EmmaInstrumentation:( 1240): Intermidate Dump Called with file name :/mnt/sdcard/coverage.ec
D/EmmaInstrumentation:( 1240): generateCoverageReport()
I/System.out( 1240): EMMA: runtime coverage data merged into [/mnt/sdcard/coverage.ec] {in 11 ms}
D/AndroidRuntime( 1232): Shutting down VM
D/dalvikvm( 1232): GC_CONCURRENT freed 99K, 70% free 315K/1024K, external 0K/0K, paused 0ms+0ms
D/jdwp    ( 1232): adbd disconnected
I/Vold    (  795): Vold 2.1 (the revenge) firing up
D/Vold    (  795): USB mass storage support is not enabled in the kernel
D/Vold    (  795): usb_configuration switch is not enabled in the kernel
I/Netd    (  796): Netd 1.0 starting
I/DEBUG   (  798): debuggerd: Dec 31 2011 14:18:31
D/Vold    (  795): Volume sdcard state changing -1 (Initializing) -> 0 (No-Media)
D/Vold    (  795): Volume sdcard state changing 0 (No-Media) -> 1 (Idle-Unmounted)
D/qemud   (  839): entering main loop
D/qemud   (  839): fdhandler_accept_event: accepting on fd 9
D/qemud   (  839): created client 0xa016068 listening on fd 10
D/qemud   (  839): client_fd_receive: attempting registration for service 'boot-properties'
D/qemud   (  839): client_fd_receive:    -> received channel id 1
D/qemud   (  839): client_registration: registration succeeded for client 1
I/qemu-props(  851): connected to 'boot-properties' qemud service.
I/qemu-props(  851): receiving..
I/qemu-props(  851): received: dalvik.vm.heapsize=24m
I/qemu-props(  851): receiving..
I/qemu-props(  851): received: ro.config.low_ram=true
I/qemu-props(  851): receiving..
I/qemu-props(  851): received: qemu.sf.lcd_density=240
I/qemu-props(  851): receiving..
I/qemu-props(  851): received: qemu.hw.mainkeys=1
I/qemu-props(  851): receiving..
I/qemu-props(  851): received: qemu.sf.fake_camera=back
I/qemu-props(  851): receiving..
I/qemu-props(  851): exiting (5 properties set).
D/qemud   (  839): fdhandler_event: disconnect on fd 10
D/AndroidRuntime(  801): 
D/AndroidRuntime(  801): >>>>>> AndroidRuntime START com.android.internal.os.ZygoteInit <<<<<<
D/AndroidRuntime(  801): CheckJNI is ON
I/        (  808): ServiceManager: 0x8c49d50
D/AudioHardwareInterface(  808): setMode(NORMAL)
I/CameraService(  808): CameraService started (pid=808)
I/AudioFlinger(  808): AudioFlinger's thread 0x8c4b5a0 ready to run
D/qemud   (  839): fdhandler_accept_event: accepting on fd 9
D/qemud   (  839): created client 0xa016068 listening on fd 10
D/qemud   (  839): fdhandler_event: disconnect on fd 10
D/qemud   (  839): fdhandler_accept_event: accepting on fd 9
D/qemud   (  839): created client 0xa016068 listening on fd 10
D/qemud   (  839): client_fd_receive: attempting registration for service 'gsm'
D/qemud   (  839): client_fd_receive:    -> received channel id 2
I/SamplingProfilerIntegration(  801): Profiler is disabled.
D/qemud   (  839): client_registration: registration succeeded for client 2
I/Zygote  (  801): Preloading classes...
E/Zygote  (  801): setreuid() failed. errno: 30
D/dalvikvm(  801): GC_EXPLICIT freed 45K, 78% free 232K/1024K, external 0K/0K, paused 7ms
D/dalvikvm(  801): GC_EXPLICIT freed 1K, 73% free 284K/1024K, external 0K/0K, paused 3ms
D/dalvikvm(  801): GC_EXPLICIT freed 21K, 70% free 316K/1024K, external 0K/0K, paused 3ms
D/dalvikvm(  801): GC_EXPLICIT freed 16K, 66% free 355K/1024K, external 0K/0K, paused 3ms
D/dalvikvm(  801): GC_EXPLICIT freed 27K, 63% free 382K/1024K, external 0K/0K, paused 3ms
D/dalvikvm(  801): GC_EXPLICIT freed 17K, 58% free 436K/1024K, external 0K/0K, paused 3ms
W/MediaProfiles(  801): could not find media config xml file
D/dalvikvm(  801): GC_EXPLICIT freed 99K, 48% free 540K/1024K, external 0K/0K, paused 5ms
D/dalvikvm(  801): GC_EXPLICIT freed 265K, 25% free 870K/1155K, external 0K/0K, paused 10ms
D/dalvikvm(  801): GC_EXPLICIT freed 20K, 21% free 916K/1155K, external 0K/0K, paused 8ms
D/RenderScript_jni(  801): RenderScript JNI library not found!
D/dalvikvm(  801): GC_EXPLICIT freed 24K, 20% free 981K/1219K, external 0K/0K, paused 10ms
D/dalvikvm(  801): GC_EXPLICIT freed 46K, 7% free 1255K/1347K, external 0K/0K, paused 15ms
D/dalvikvm(  801): GC_EXPLICIT freed 24K, 5% free 1286K/1347K, external 0K/0K, paused 14ms
D/dalvikvm(  801): GC_EXPLICIT freed 29K, 3% free 1311K/1347K, external 0K/0K, paused 14ms
D/dalvikvm(  801): GC_EXPLICIT freed 14K, 5% free 1351K/1411K, external 0K/0K, paused 15ms
W/Zygote  (  801): Class not found for preloading: android.widget.TextView$SelectionModifierCursorController$1
D/dalvikvm(  801): GC_EXPLICIT freed 29K, 3% free 1377K/1411K, external 0K/0K, paused 14ms
D/dalvikvm(  801): GC_EXPLICIT freed 26K, 5% free 1413K/1475K, external 0K/0K, paused 15ms
D/dalvikvm(  801): GC_EXPLICIT freed 38K, 4% free 1430K/1475K, external 0K/0K, paused 16ms
D/dalvikvm(  801): GC_EXPLICIT freed 40K, 7% free 1446K/1539K, external 0K/0K, paused 16ms
D/dalvikvm(  801): GC_EXPLICIT freed 52K, 6% free 1458K/1539K, external 0K/0K, paused 16ms
D/dalvikvm(  801): GC_FOR_MALLOC freed 2915K, 57% free 2207K/5123K, external 0K/0K, paused 57ms
D/dalvikvm(  801): GC_EXPLICIT freed 2192K, 53% free 2432K/5123K, external 0K/0K, paused 42ms
D/dalvikvm(  801): GC_EXPLICIT freed 135K, 52% free 2504K/5123K, external 0K/0K, paused 30ms
D/dalvikvm(  801): GC_EXPLICIT freed 71K, 51% free 2528K/5123K, external 0K/0K, paused 31ms
D/dalvikvm(  801): GC_EXPLICIT freed 36K, 51% free 2545K/5123K, external 0K/0K, paused 30ms
D/dalvikvm(  801): GC_EXPLICIT freed 30K, 50% free 2569K/5123K, external 0K/0K, paused 32ms
D/dalvikvm(  801): GC_EXPLICIT freed 36K, 50% free 2590K/5123K, external 0K/0K, paused 31ms
I/Zygote  (  801): ...preloaded 1829 classes in 4940ms.
E/Zygote  (  801): setreuid() failed. errno: 30
D/dalvikvm(  801): GC_EXPLICIT freed 18K, 50% free 2588K/5123K, external 0K/0K, paused 30ms
I/Zygote  (  801): Preloading resources...
D/dalvikvm(  801): GC_EXTERNAL_ALLOC freed <1K, 50% free 2590K/5123K, external 0K/0K, paused 29ms
D/dalvikvm(  801): GC_EXTERNAL_ALLOC freed 10K, 49% free 2615K/5123K, external 519K/521K, paused 37ms
D/dalvikvm(  801): GC_EXPLICIT freed 8K, 49% free 2633K/5123K, external 920K/1048K, paused 31ms
D/dalvikvm(  801): GC_EXTERNAL_ALLOC freed 15K, 49% free 2638K/5123K, external 1046K/1048K, paused 33ms
I/Zygote  (  801): ...preloaded 51 resources in 646ms.
D/dalvikvm(  801): GC_EXPLICIT freed 13K, 49% free 2662K/5123K, external 1527K/1559K, paused 33ms
I/Zygote  (  801): ...preloaded 15 resources in 48ms.
D/dalvikvm(  801): GC_EXPLICIT freed 17K, 49% free 2657K/5123K, external 1527K/1559K, paused 34ms
D/dalvikvm(  801): GC_EXPLICIT freed 4K, 49% free 2652K/5123K, external 1527K/1559K, paused 33ms
D/dalvikvm(  801): GC_EXPLICIT freed <1K, 49% free 2652K/5123K, external 1527K/1559K, paused 33ms
I/dalvikvm(  801): System server process 861 has been created
I/Zygote  (  801): Accepting command socket connections
E/BatteryService(  861): usbOnlinePath not found
E/BatteryService(  861): batteryVoltagePath not found
E/BatteryService(  861): batteryTemperaturePath not found
I/sysproc (  861): Entered system_init()
I/sysproc (  861): ServiceManager: 0x8b70ec8
I/SurfaceFlinger(  861): SurfaceFlinger is starting
I/SurfaceFlinger(  861): SurfaceFlinger's main thread ready to run. Initializing graphics H/W...
D/gralloc_goldfish(  861): Emulator without GPU emulation detected.
I/gralloc (  861): using (fd=24)
I/gralloc (  861): id           = 
I/gralloc (  861): xres         = 480 px
I/gralloc (  861): yres         = 800 px
I/gralloc (  861): xres_virtual = 480 px
I/gralloc (  861): yres_virtual = 1600 px
I/gralloc (  861): bpp          = 16
I/gralloc (  861): r            = 11:5
I/gralloc (  861): g            =  5:6
I/gralloc (  861): b            =  0:5
I/gralloc (  861): width        = 74 mm (164.756760 dpi)
I/gralloc (  861): height       = 123 mm (165.203247 dpi)
I/gralloc (  861): refresh rate = 260.42 Hz
D/libEGL  (  861): Emulator without GPU support detected. Fallback to software renderer.
D/libEGL  (  861): loaded /system/lib/egl/libGLES_android.so
I/SurfaceFlinger(  861): EGL informations:
I/SurfaceFlinger(  861): # of configs : 8
I/SurfaceFlinger(  861): vendor    : Android
I/SurfaceFlinger(  861): version   : 1.4 Android META-EGL
I/SurfaceFlinger(  861): extensions: EGL_KHR_image EGL_KHR_image_base EGL_KHR_image_pixmap EGL_ANDROID_image_native_buffer EGL_ANDROID_swap_rectangle 
I/SurfaceFlinger(  861): Client API: OpenGL ES
I/SurfaceFlinger(  861): EGLSurface: 5-6-5-0, config=0x0
I/SurfaceFlinger(  861): OpenGL informations:
I/SurfaceFlinger(  861): vendor    : Android
I/SurfaceFlinger(  861): renderer  : Android PixelFlinger 1.4
I/SurfaceFlinger(  861): version   : OpenGL ES-CM 1.0
I/SurfaceFlinger(  861): extensions: GL_OES_byte_coordinates GL_OES_fixed_point GL_OES_single_precision GL_OES_read_format GL_OES_compressed_paletted_texture GL_OES_draw_texture GL_OES_matrix_get GL_OES_query_matrix GL_OES_EGL_image GL_OES_compressed_ETC1_RGB8_texture GL_ARB_texture_compression GL_ARB_texture_non_power_of_two GL_ANDROID_user_clip_plane GL_ANDROID_vertex_buffer_object GL_ANDROID_generate_mipmap 
I/SurfaceFlinger(  861): GL_MAX_TEXTURE_SIZE = 4096
I/SurfaceFlinger(  861): GL_MAX_VIEWPORT_DIMS = 4096
I/SurfaceFlinger(  861): flags = 000c0000
D/SensorService(  861): nuSensorService starting...
E/SensorService(  861): couldn't open device for module sensors (Invalid argument)
I/sysproc (  861): System server: starting Android runtime.
I/sysproc (  861): System server: starting Android services.
I/SystemServer(  861): Entered the Android system server!
I/sysproc (  861): System server: entering thread pool.
I/SystemServer(  861): Entropy Service
D/libEGL  (  871): Emulator without GPU support detected. Fallback to software renderer.
D/libEGL  (  871): loaded /system/lib/egl/libGLES_android.so
D/gralloc_goldfish(  871): Emulator without GPU emulation detected.
W/zipro   (  871): Unable to open zip '/data/local/bootanimation.zip': No such file or directory
W/zipro   (  871): Unable to open zip '/system/media/bootanimation.zip': No such file or directory
I/SystemServer(  861): Power Manager
I/SystemServer(  861): Activity Manager
I/ActivityManager(  861): Memory class: 24
W/UsageStats(  861): Usage stats version changed; dropping
I/SystemServer(  861): Telephony Registry
I/SystemServer(  861): Package Manager
I/Installer(  861): connecting...
I/installd(  814): new connection
D/dalvikvm(  861): GC_CONCURRENT freed 196K, 49% free 2924K/5639K, external 1527K/1559K, paused 4ms+5ms
W/PackageManager(  861): Running ENG build: no pre-dexopt!
W/PackageParser(  861): No actions in intent filter at /system/app/Bluetooth.apk Binary XML file line #124
D/dalvikvm(  861): GC_CONCURRENT freed 221K, 47% free 3202K/5959K, external 1527K/1559K, paused 7ms+28ms
D/dalvikvm(  861): GC_CONCURRENT freed 222K, 45% free 3431K/6151K, external 1527K/1559K, paused 6ms+15ms
D/PackageManager(  861): No files in app dir /vendor/app
I/PackageManager(  861): Unpacking native libraries for /data/app/it.unina.androidripper-1.apk
I/PackageManager(  861): Unpacking native libraries for /data/app/net.mandaria.tippytipper-1.apk
I/PackageManager(  861): Time to scan packages: 1.915 seconds
W/PackageManager(  861): Unknown permission com.google.android.gm.permission.WRITE_GMAIL in package com.android.settings
W/PackageManager(  861): Unknown permission com.google.android.gm.permission.READ_GMAIL in package com.android.settings
W/PackageManager(  861): Unknown permission com.google.android.googleapps.permission.GOOGLE_AUTH in package com.android.settings
W/PackageManager(  861): Unknown permission com.google.android.googleapps.permission.GOOGLE_AUTH in package com.android.providers.contacts
W/PackageManager(  861): Unknown permission com.google.android.googleapps.permission.GOOGLE_AUTH.cp in package com.android.providers.contacts
W/PackageManager(  861): Unknown permission com.google.android.googleapps.permission.GOOGLE_AUTH.mail in package com.android.contacts
W/PackageManager(  861): Unknown permission android.permission.ADD_SYSTEM_SERVICE in package com.android.phone
W/PackageManager(  861): Unknown permission com.google.android.googleapps.permission.GOOGLE_AUTH in package com.android.providers.calendar
W/PackageManager(  861): Unknown permission com.google.android.googleapps.permission.GOOGLE_AUTH.cl in package com.android.providers.calendar
W/PackageManager(  861): Unknown permission com.google.android.googleapps.permission.ACCESS_GOOGLE_PASSWORD in package com.android.development
W/PackageManager(  861): Unknown permission com.google.android.googleapps.permission.GOOGLE_AUTH in package com.android.development
W/PackageManager(  861): Unknown permission com.google.android.googleapps.permission.GOOGLE_AUTH.ALL_SERVICES in package com.android.development
W/PackageManager(  861): Unknown permission com.google.android.googleapps.permission.GOOGLE_AUTH.YouTubeUser in package com.android.development
W/PackageManager(  861): Unknown permission com.google.android.googleapps.permission.GOOGLE_AUTH.mail in package com.android.calendar
W/PackageManager(  861): Not granting permission android.permission.SEND_DOWNLOAD_COMPLETED_INTENTS to package com.android.browser (protectionLevel=2 flags=0x9be45)
W/PackageManager(  861): Unknown permission android.permission.READ_OWNER_DATA in package com.android.email
W/PackageManager(  861): Not granting permission android.permission.DEVICE_POWER to package com.android.deskclock (protectionLevel=2 flags=0x8be45)
D/dalvikvm(  861): GC_EXPLICIT freed 329K, 45% free 3456K/6279K, external 1527K/1559K, paused 41ms
I/SystemServer(  861): Account Manager
I/SystemServer(  861): Content Manager
I/SystemServer(  861): System Content Providers
I/ActivityThread(  861): Pub settings: com.android.providers.settings.SettingsProvider
D/SettingsProvider(  861): cache for settings table 'secure' rows=26; fullycached=true
I/SystemServer(  861): Battery Service
D/SettingsProvider(  861): cache for settings table 'system' rows=49; fullycached=true
I/SystemServer(  861): Lights Service
I/SystemServer(  861): Vibrator Service
D/qemud   (  839): fdhandler_accept_event: accepting on fd 9
D/qemud   (  839): created client 0xa01bed8 listening on fd 11
D/qemud   (  839): client_fd_receive: attempting registration for service 'hw-control'
D/qemud   (  839): client_fd_receive:    -> received channel id 3
D/qemud   (  839): client_registration: registration succeeded for client 3
I/SystemServer(  861): Alarm Manager
I/SystemServer(  861): Init Watchdog
I/SystemServer(  861): Window Manager
I/InputManager(  861): Initializing input manager
I/InputManager(  861): Starting input manager
I/EventHub(  861): New keyboard: device->id=0x10000 devname='qwerty2' propName='hw.keyboards.65536.devname' keylayout='/system/usr/keylayout/qwerty.kl'
I/EventHub(  861): New device: path=/dev/input/event0 name=qwerty2 id=0x10000 (of 0x1) index=1 fd=82 classes=0x2d
E/EventHub(  861): could not get driver version for /dev/input/mouse0, Not a typewriter
E/EventHub(  861): could not get driver version for /dev/input/mice, Not a typewriter
I/EventHub(  861): New keyboard: device->id=0x10001 devname='AT Translated Set 2 keyboard' propName='hw.keyboards.65537.devname' keylayout='/system/usr/keylayout/qwerty.kl'
I/EventHub(  861): New device: path=/dev/input/event1 name=AT Translated Set 2 keyboard id=0x10001 (of 0x2) index=2 fd=85 classes=0x3
I/InputManager-Callbacks(  861): No input device calibration properties found for device AT Translated Set 2 keyboard.
I/InputReader(  861): Device added: id=0x10001, name=AT Translated Set 2 keyboard, sources=00000101
I/InputManager-Callbacks(  861): No input device calibration properties found for device qwerty2.
I/InputReader(  861): Device added: id=0x0, name=qwerty2, sources=00011307
I/SystemServer(  861): Registering null Bluetooth Service (emulator)
E/System  (  861): Failure starting core service
E/System  (  861): java.lang.SecurityException
E/System  (  861): 	at android.os.BinderProxy.transact(Native Method)
E/System  (  861): 	at android.os.ServiceManagerProxy.addService(ServiceManagerNative.java:146)
E/System  (  861): 	at android.os.ServiceManager.addService(ServiceManager.java:72)
E/System  (  861): 	at com.android.server.ServerThread.run(SystemServer.java:207)
I/SystemServer(  861): Device Policy
I/SystemServer(  861): Status Bar
I/SystemServer(  861): Clipboard Service
I/SystemServer(  861): Input Method Service
W/ResourceType(  861): Failure getting entry for 0x7f060000 (t=5 e=0) in package 0 (error -75)
I/InputManagerService(  861): Enabled input methods: com.android.inputmethod.latin/.LatinIME:com.android.inputmethod.pinyin/.PinyinIME:jp.co.omronsoft.openwnn/.OpenWnnJAJP
I/SystemServer(  861): NetStat Service
I/SystemServer(  861): NetworkManagement Service
I/SystemServer(  861): Connectivity Service
I/WifiService(  861): WifiService starting up with Wi-Fi disabled
D/NetworkManagmentService(  861): Registering observer
I/SystemServer(  861): Throttle Service
I/SystemServer(  861): Accessibility Manager
I/SystemServer(  861): Mount Service
I/SystemServer(  861): Notification Manager
I/SystemServer(  861): Device Storage Monitor
I/SystemServer(  861): Location Manager
I/SystemServer(  861): Search Service
I/SystemServer(  861): DropBox Service
I/SystemServer(  861): Wallpaper Service
D/VoldCmdListener(  795): volume list
I/PackageManager(  861): Updating external media status from unmounted to unmounted
D/VoldCmdListener(  795): share status ums
I/SystemServer(  861): Audio Service
D/AudioHardwareInterface(  808): setMode(NORMAL)
W/AudioPolicyManagerBase(  808): setPhoneState() setting same state 0
I/SystemServer(  861): Headset Observer
W/HeadsetObserver(  861): This kernel does not have wired headset support
I/SystemServer(  861): Dock Observer
W/DockObserver(  861): This kernel does not have dock station support
I/SystemServer(  861): USB Service
W/UsbDeviceSettingsManager(  861): settings file not found
I/UsbService(  861): This kernel does not have USB configuration switch support
I/SystemServer(  861): UI Mode Manager Service
I/SystemServer(  861): Backup Service
D/dalvikvm(  861): GC_CONCURRENT freed 246K, 43% free 3741K/6471K, external 1527K/1559K, paused 6ms+7ms
V/BackupManagerService(  861): No ancestral data
I/BackupManagerService(  861): Found stale backup journal, scheduling
I/BackupManagerService(  861):   android
I/BackupManagerService(  861):   com.android.browser
I/BackupManagerService(  861):   com.android.inputmethod.latin
I/BackupManagerService(  861):   com.android.providers.settings
I/BackupManagerService(  861):   com.android.providers.userdictionary
I/BackupManagerService(  861): Backup enabled => false
I/SystemServer(  861): AppWidget Service
I/SystemServer(  861): Recognition Service
I/SystemServer(  861): DiskStats Service
I/WindowManager(  861): SAFE MODE not enabled
D/PowerManagerService(  861): system ready!
I/ActivityManager(  861): System now ready
I/SystemServer(  861): Making services ready
I/StatusBarManagerService(  861): Starting service: ComponentInfo{com.android.systemui/com.android.systemui.statusbar.StatusBarService}
I/Zygote  (  861): Process: zygote socket opened
I/ActivityManager(  861): Start proc com.android.systemui for service com.android.systemui/.statusbar.StatusBarService: pid=928 uid=1000 gids={3002, 3001, 3003}
I/ActivityManager(  861): Config changed: { scale=1.0 imsi=0/0 loc=en_US touch=0 keys=0/0/0 nav=0/0 orien=0 layout=0 uiMode=17 seq=2}
I/ActivityManager(  861): Config changed: { scale=1.0 imsi=0/0 loc=en_US touch=3 keys=2/1/2 nav=3/1 orien=1 layout=34 uiMode=17 seq=3}
W/RecognitionManagerService(  861): no available voice recognition services found
