W/PackageManager(  287): Unknown permission com.google.android.googleapps.permission.GOOGLE_AUTH.ALL_SERVICES in package com.android.development
W/PackageManager(  287): Unknown permission com.google.android.googleapps.permission.GOOGLE_AUTH.YouTubeUser in package com.android.development
W/PackageManager(  287): Unknown permission com.google.android.gallery3d.permission.GALLERY_PROVIDER in package com.android.email
W/PackageManager(  287): Not granting permission android.permission.DEVICE_POWER to package com.android.deskclock (protectionLevel=2 flags=0x88be45)
E/CommandListener(   34): Failed to open /proc/sys/net/ipv6/conf/wlan0/disable_ipv6: No such file or directory
E/WifiStateMachine(  287): Failed to disable IPv6: java.lang.IllegalStateException: command '1 interface ipv6 wlan0 disable' failed with '400 1 Failed to change IPv6 state (No such file or directory)'
D/dalvikvm(  287): GC_CONCURRENT freed 328K, 9% free 4017K/4408K, paused 5ms+44ms, total 267ms
D/dalvikvm(  287): WAIT_FOR_CONCURRENT_GC blocked 62ms
I/SystemServer(  287): Connectivity Service
D/ConnectivityService(  287): ConnectivityService starting up
E/MobileDataStateTracker(  287): default: Ignoring feature request because could not acquire PhoneService
E/MobileDataStateTracker(  287): default: Could not enable APN type "default"
I/WifiService(  287): WifiService starting up with Wi-Fi disabled
I/SystemServer(  287): Network Service Discovery Service
D/NsdService(  287): Network service discovery enabled true
I/SystemServer(  287): Throttle Service
I/SystemServer(  287): UpdateLock Service
I/SystemServer(  287): Notification Manager
I/SystemServer(  287): Device Storage Monitor
I/SystemServer(  287): Location Manager
I/SystemServer(  287): Country Detector
I/SystemServer(  287): Search Service
I/SystemServer(  287): DropBox Service
I/SystemServer(  287): Wallpaper Service
I/SystemServer(  287): Audio Service
D/dalvikvm(  287): GC_CONCURRENT freed 250K, 8% free 4179K/4496K, paused 5ms+52ms, total 176ms
I/SystemServer(  287): Dock Observer
W/DockObserver(  287): This kernel does not have dock station support
I/SystemServer(  287): Wired Accessory Manager
W/WiredAccessoryManager(  287): This kernel does not have wired headset support
W/WiredAccessoryManager(  287): This kernel does not have usb audio support
W/WiredAccessoryManager(  287): This kernel does not have HDMI audio support
I/SystemServer(  287): USB Service
I/SystemServer(  287): Serial Service
I/SystemServer(  287): Twilight Service
I/SystemServer(  287): UI Mode Manager Service
I/SystemServer(  287): Backup Service
V/BackupManagerService(  287): No ancestral data
I/BackupManagerService(  287): Found stale backup journal, scheduling
I/BackupManagerService(  287):   android
I/BackupManagerService(  287):   com.android.browser
I/BackupManagerService(  287):   com.android.calendar
I/BackupManagerService(  287):   com.android.inputmethod.latin
I/BackupManagerService(  287):   com.android.providers.settings
I/BackupManagerService(  287):   com.android.providers.userdictionary
I/BackupManagerService(  287):   com.android.sharedstoragebackup
I/BackupManagerService(  287): Backup enabled => true
I/SystemServer(  287): AppWidget Service
I/SystemServer(  287): Recognition Service
I/SystemServer(  287): DiskStats Service
I/SystemServer(  287): SamplingProfiler Service
I/SystemServer(  287): NetworkTimeUpdateService
I/SystemServer(  287): CommonTimeManagementService
I/SystemServer(  287): CertBlacklister
I/SystemServer(  287): Dreams Service
I/WindowManager(  287): SAFE MODE not enabled
D/dalvikvm(  287): JIT started for system_server
I/ActivityManager(  287): System now ready
I/SystemServer(  287): Making services ready
I/Zygote  (  287): Process: zygote socket opened
I/ActivityManager(  287): Start proc com.android.systemui for service com.android.systemui/.SystemUIService: pid=354 uid=10034 gids={50034, 1028, 1015, 3002, 3001}
I/Vold    (   32): /dev/block/vold/179:0 being considered for volume sdcard
D/Vold    (   32): Volume sdcard state changing 1 (Idle-Unmounted) -> 3 (Checking)
I//system/bin/fsck_msdos(   32): ** /dev/block/vold/179:0
D/MountService(  287): volume state changed for /mnt/sdcard (unmounted -> checking)
D/MountService(  287): sendStorageIntent Intent { act=android.intent.action.MEDIA_CHECKING dat=file:///mnt/sdcard (has extras) } to UserHandle{-1}
D/NetworkManagementService(  287): not enabling bandwidth control
I/keystore(   42): uid: 1000 action: e -> 7 state: 3 -> 3 retry: 4
W/NetworkStats(  287): bandwidth controls disabled, unable to track stats
W/NetworkPolicy(  287): bandwidth controls disabled, unable to enforce policy
I/keystore(   42): uid: 1000 action: e -> 7 state: 3 -> 3 retry: 4
D/dalvikvm(  287): GC_CONCURRENT freed 325K, 9% free 4340K/4728K, paused 5ms+173ms, total 422ms
I/ActivityManager(  287): Config changes=200 {1.0 ?mcc?mnc en_US ldltr sw320dp w320dp h508dp 240dpi nrml long port finger -keyb/v/h tball/v s.3}
W/RecognitionManagerService(  287): no available voice recognition services found for user 0
E/Trace   (  354): error opening trace file: No such file or directory (2)
I//system/bin/fsck_msdos(   32): ** Phase 1 - Read and Compare FATs
I//system/bin/fsck_msdos(   32): Attempting to allocate 2044 KB for FAT
D/SystemUIService(  354): loading: class com.android.systemui.statusbar.phone.PhoneStatusBar
D/SystemUIService(  354): running: com.android.systemui.statusbar.phone.PhoneStatusBar@40cd23a0
D/dalvikvm(  287): GC_FOR_ALLOC freed 51K, 6% free 4628K/4872K, paused 140ms, total 147ms
I/StatusBarManagerService(  287): registerStatusBar bar=com.android.internal.statusbar.IStatusBar$Stub$Proxy@40e6b220
W/InputMethodManagerService(  287): Ignoring setImeWindowStatus of uid 1000 token: null
W/InputMethodManagerService(  287): Found no subtypes in a system IME: com.android.inputmethod.pinyin
D/dalvikvm(  287): GC_CONCURRENT freed 312K, 8% free 4881K/5256K, paused 6ms+5ms, total 464ms
D/dalvikvm(  287): WAIT_FOR_CONCURRENT_GC blocked 287ms
D/dalvikvm(  287): WAIT_FOR_CONCURRENT_GC blocked 364ms
I/ActivityManager(  287): Start proc com.android.inputmethod.latin for service com.android.inputmethod.latin/.LatinIME: pid=384 uid=10010 gids={50010, 1028}
I/CommonTimeManagementService(  287): No common time service detected on this platform.  Common time services will be unavailable.
I/ActivityManager(  287): Start proc com.android.phone for added application com.android.phone: pid=399 uid=1001 gids={41001, 3002, 3001, 3003, 1015, 1028}
I/InputReader(  287): Reconfiguring input devices.  changes=0x00000020
I/ActivityManager(  287): START u0 {act=android.intent.action.MAIN cat=[android.intent.category.HOME] flg=0x10000000 cmp=com.android.launcher/com.android.launcher2.Launcher} from pid 0
W/SocketClient(   34): write error (Broken pipe)
I/ActivityManager(  287): Start proc com.android.launcher for activity com.android.launcher/com.android.launcher2.Launcher: pid=413 uid=10020 gids={50020, 1028}
I/SystemServer(  287): Enabled StrictMode for system server main thread.
I/InputReader(  287): Reconfiguring input devices.  changes=0x00000010
W/SocketClient(   34): write error (Broken pipe)
D/dalvikvm(  287): GC_CONCURRENT freed 145K, 4% free 5364K/5572K, paused 178ms+78ms, total 553ms
D/dalvikvm(  287): WAIT_FOR_CONCURRENT_GC blocked 102ms
D/dalvikvm(  287): WAIT_FOR_CONCURRENT_GC blocked 250ms
E/ThrottleService(  287): problem during onPollAlarm: java.lang.IllegalStateException: problem parsing stats: java.io.FileNotFoundException: /proc/net/xt_qtaguid/iface_stat_all: open failed: ENOENT (No such file or directory)
D/dalvikvm(  287): WAIT_FOR_CONCURRENT_GC blocked 243ms
D/dalvikvm(  287): WAIT_FOR_CONCURRENT_GC blocked 235ms
E/Trace   (  384): error opening trace file: No such file or directory (2)
D/dalvikvm(  287): WAIT_FOR_CONCURRENT_GC blocked 298ms
D/dalvikvm(  287): WAIT_FOR_CONCURRENT_GC blocked 275ms
D/dalvikvm(  287): WAIT_FOR_CONCURRENT_GC blocked 265ms
D/dalvikvm(  287): WAIT_FOR_CONCURRENT_GC blocked 507ms
I/LocationBlacklist(  287): whitelist: []
I/LocationBlacklist(  287): blacklist: []
E/Trace   (  399): error opening trace file: No such file or directory (2)
D/dalvikvm(  354): GC_FOR_ALLOC freed 88K, 6% free 2664K/2808K, paused 93ms, total 201ms
I/dalvikvm-heap(  354): Grow heap (frag case) to 3.259MB for 635812-byte allocation
D/dalvikvm(  354): GC_CONCURRENT freed 5K, 5% free 3280K/3432K, paused 4ms+2ms, total 90ms
D/dalvikvm(  354): WAIT_FOR_CONCURRENT_GC blocked 3ms
E/SurfaceFlinger(   37): ro.sf.lcd_density must be defined as a build property
D/gralloc_goldfish(  287): Emulator without GPU emulation detected.
E/Trace   (  413): error opening trace file: No such file or directory (2)
I/LatinIME(  384): Hardware accelerated drawing: false
E/BluetoothAdapter(  354): Bluetooth binder is null
E/BluetoothAdapter(  354): Bluetooth binder is null
D/dalvikvm(  287): GC_CONCURRENT freed 628K, 12% free 5449K/6144K, paused 131ms+94ms, total 831ms
I/Choreographer(  287): Skipped 1824 frames!  The application may be doing too much work on its main thread.
E/BluetoothAdapter(  354): Bluetooth binder is null
W/TelephonyProvider(  399): onCreate: confFile=/system/etc/apns-conf.xml oldCheckSum=-1
D/TelephonyManager(  399): getLteOnCdmaMode=0 curVal=-1 product_type='' lteOnCdmaProductType=''
D/dalvikvm(  287): GREF has increased to 301
D/dalvikvm(  287): GC_CONCURRENT freed 767K, 13% free 5470K/6284K, paused 123ms+5ms, total 530ms
D/dalvikvm(  287): WAIT_FOR_CONCURRENT_GC blocked 100ms
D/dalvikvm(  287): WAIT_FOR_CONCURRENT_GC blocked 125ms
D/dalvikvm(  287): WAIT_FOR_CONCURRENT_GC blocked 233ms
D/TelephonyManager(  399): getLteOnCdmaMode=0 curVal=-1 product_type='' lteOnCdmaProductType=''
I/ActivityManager(  287): Start proc com.android.music for broadcast com.android.music/.MediaButtonIntentReceiver: pid=444 uid=10025 gids={50025, 3003, 1015, 1028}
D/TelephonyManager(  399): getLteOnCdmaMode=0 curVal=-1 product_type='' lteOnCdmaProductType=''
D/dalvikvm(  354): GC_CONCURRENT freed 67K, 4% free 3647K/3772K, paused 5ms+3ms, total 524ms
V/TAG     (  287): bug 7643792: fitSystemWindows([0,0][0,0])
W/InputAttributes(  384): No editor info for this field. Bug?
I/dalvikvm(  444): Turning on JNI app bug workarounds for target SDK version 9...
E/ActivityThread(  384): Failed to find provider info for com.android.inputmethod.latin.dictionarypack
E/BinaryDictionaryGetter(  384): Could not find a dictionary pack
V/TAG     (  287): bug 7643792: fitSystemWindows([0,0][0,0])
E/BluetoothAdapter(  354): Bluetooth binder is null
I/ActivityManager(  287): Start proc android.process.acore for content provider com.android.providers.userdictionary/.UserDictionaryProvider: pid=466 uid=10001 gids={50001, 3003, 1015, 1028}
W/InputMethodManagerService(  287): Found no subtypes in a system IME: com.android.inputmethod.pinyin
W/Settings(  399): Setting airplane_mode_on has moved from android.provider.Settings.System to android.provider.Settings.Global, returning read-only value.
W/Settings(  399): Setting auto_time has moved from android.provider.Settings.System to android.provider.Settings.Global, returning read-only global URI.
W/Settings(  399): Setting auto_time_zone has moved from android.provider.Settings.System to android.provider.Settings.Global, returning read-only global URI.
W/ActivityManager(  287): Unable to start service Intent { act=com.android.internal.telephony.IWapPushManager } U=0: not found
E/Trace   (  444): error opening trace file: No such file or directory (2)
I/Choreographer(  287): Skipped 457 frames!  The application may be doing too much work on its main thread.
W/WindowManager(  287): Window freeze timeout expired.
W/WindowManager(  287): Force clearing orientation change: Window{40ef46a8 u0 Keyguard}
E/SurfaceFlinger(   37): ro.sf.lcd_density must be defined as a build property
E/Trace   (  466): error opening trace file: No such file or directory (2)
D/dalvikvm(  287): GC_FOR_ALLOC freed 474K, 15% free 5402K/6284K, paused 201ms, total 205ms
I/dalvikvm-heap(  287): Grow heap (frag case) to 6.411MB for 1128976-byte allocation
D/dalvikvm(  287): GC_FOR_ALLOC freed 4K, 13% free 6500K/7388K, paused 85ms, total 85ms
D/        (  399): [ApnContext:default] set reason as dataEnabled,current state IDLE
D/        (  399): [ApnContext:default] setRetryCount: 0
D/        (  399): [ApnContext:mms] set reason as dataEnabled,current state IDLE
D/        (  399): [ApnContext:mms] setRetryCount: 0
D/        (  399): [ApnContext:supl] set reason as dataEnabled,current state IDLE
D/        (  399): [ApnContext:supl] setRetryCount: 0
D/        (  399): [ApnContext:hipri] set reason as dataEnabled,current state IDLE
D/        (  399): [ApnContext:hipri] setRetryCount: 0
D/        (  399): [ApnContext:fota] set reason as dataEnabled,current state IDLE
D/        (  399): [ApnContext:fota] setRetryCount: 0
D/        (  399): [ApnContext:ims] set reason as dataEnabled,current state IDLE
D/        (  399): [ApnContext:ims] setRetryCount: 0
D/        (  399): [ApnContext:cbs] set reason as dataEnabled,current state IDLE
D/        (  399): [ApnContext:cbs] setRetryCount: 0
I/Choreographer(  287): Skipped 424 frames!  The application may be doing too much work on its main thread.
D/TelephonyManager(  399): getLteOnCdmaMode=0 curVal=-1 product_type='' lteOnCdmaProductType=''
D/CallManager(  399): registerPhone(GSM Handler (com.android.internal.telephony.PhoneProxy) {40d02c58})
D/PhoneStatusBar(  354): disable: < expand icons alerts ticker system_info back home recent clock search >
I/AudioService(  287):   Remote Control   registerMediaButtonIntent() for PendingIntent{40d8b800: PendingIntentRecord{4104b010 com.android.music broadcastIntent}}
I/ActivityManager(  287): Start proc android.process.media for content provider com.android.providers.media/.MediaProvider: pid=487 uid=10000 gids={50000, 1015, 1023, 1024, 1028, 1006, 2001, 3003, 3007}
D/dalvikvm(  287): GC_CONCURRENT freed 26K, 12% free 6520K/7388K, paused 25ms+8ms, total 1953ms
I/Choreographer(  287): Skipped 75 frames!  The application may be doing too much work on its main thread.
D/dalvikvm(  399): GC_CONCURRENT freed 209K, 10% free 2594K/2860K, paused 3ms+3ms, total 1352ms
D/dalvikvm(  413): GC_CONCURRENT freed 177K, 9% free 2622K/2856K, paused 47ms+55ms, total 684ms
E/BluetoothAdapter(  399): Bluetooth binder is null
E/BluetoothAdapter(  354): Bluetooth binder is null
D/SystemUIService(  354): loading: class com.android.systemui.power.PowerUI
D/SystemUIService(  354): running: com.android.systemui.power.PowerUI@40e3f4b8
D/SystemUIService(  354): loading: class com.android.systemui.media.RingtonePlayer
D/SystemUIService(  354): running: com.android.systemui.media.RingtonePlayer@40e40138
W/ActivityManager(  287): Activity idle timeout for ActivityRecord{40e867a0 u0 com.android.launcher/com.android.launcher2.Launcher}
E/BluetoothAdapter(  399): Bluetooth binder is null
I/ActivityManager(  287): Start proc com.android.contacts for broadcast com.android.contacts/.calllog.CallLogReceiver: pid=509 uid=10001 gids={50001, 3003, 1015, 1028}
E/BluetoothAdapter(  287): Bluetooth binder is null
I/Choreographer(  287): Skipped 43 frames!  The application may be doing too much work on its main thread.
E/BluetoothAdapter(  287): Bluetooth binder is null
V/WiredAccessoryManager(  287): init()
E/SoundPool(  287): error loading /system/media/audio/ui/Effect_Tick.ogg
W/AudioService(  287): Soundpool could not load file: /system/media/audio/ui/Effect_Tick.ogg
E/SoundPool(  287): error loading /system/media/audio/ui/Effect_Tick.ogg
W/AudioService(  287): Soundpool could not load file: /system/media/audio/ui/Effect_Tick.ogg
I/Choreographer(  287): Skipped 79 frames!  The application may be doing too much work on its main thread.
E/SoundPool(  287): error loading /system/media/audio/ui/Effect_Tick.ogg
W/AudioService(  287): Soundpool could not load file: /system/media/audio/ui/Effect_Tick.ogg
E/SoundPool(  287): error loading /system/media/audio/ui/Effect_Tick.ogg
W/AudioService(  287): Soundpool could not load file: /system/media/audio/ui/Effect_Tick.ogg
E/SoundPool(  287): error loading /system/media/audio/ui/Effect_Tick.ogg
W/AudioService(  287): Soundpool could not load file: /system/media/audio/ui/Effect_Tick.ogg
E/SoundPool(  287): error loading /system/media/audio/ui/KeypressStandard.ogg
W/AudioService(  287): Soundpool could not load file: /system/media/audio/ui/KeypressStandard.ogg
E/SoundPool(  287): error loading /system/media/audio/ui/KeypressSpacebar.ogg
W/AudioService(  287): Soundpool could not load file: /system/media/audio/ui/KeypressSpacebar.ogg
E/SoundPool(  287): error loading /system/media/audio/ui/KeypressDelete.ogg
W/AudioService(  287): Soundpool could not load file: /system/media/audio/ui/KeypressDelete.ogg
E/SoundPool(  287): error loading /system/media/audio/ui/KeypressReturn.ogg
W/AudioService(  287): Soundpool could not load file: /system/media/audio/ui/KeypressReturn.ogg
W/AudioService(  287): loadSoundEffects(), Error -1 while loading samples
I/Choreographer(  354): Skipped 2823 frames!  The application may be doing too much work on its main thread.
E/Trace   (  487): error opening trace file: No such file or directory (2)
E/Trace   (  509): error opening trace file: No such file or directory (2)
E/SurfaceFlinger(   37): ro.sf.lcd_density must be defined as a build property
V/TAG     (  287): bug 7643792: fitSystemWindows([0,38][0,0])
D/PhoneStatusBar(  354): disable: < expand icons alerts ticker system_info BACK* HOME* RECENT* CLOCK* SEARCH* >
W/WindowManager(  287): Window freeze timeout expired.
W/WindowManager(  287): Force clearing orientation change: Window{40edb790 u0 StatusBar}
W/WindowManager(  287): Force clearing orientation change: Window{40ef46a8 u0 Keyguard}
I/Choreographer(  287): Skipped 505 frames!  The application may be doing too much work on its main thread.
I/DownloadManager(  487): in removeSpuriousFiles
D/dalvikvm(  413): GC_FOR_ALLOC freed 56K, 4% free 2856K/2968K, paused 390ms, total 397ms
I/dalvikvm-heap(  413): Grow heap (frag case) to 4.213MB for 1440016-byte allocation
I/Choreographer(  287): Skipped 101 frames!  The application may be doing too much work on its main thread.
D/dalvikvm(  413): GC_CONCURRENT freed 12K, 3% free 4250K/4376K, paused 46ms+273ms, total 567ms
E/SurfaceFlinger(   37): ro.sf.lcd_density must be defined as a build property
D/dalvikvm(  354): GC_CONCURRENT freed 258K, 8% free 3780K/4096K, paused 4ms+1159ms, total 1378ms
D/dalvikvm(  287): GREF has increased to 401
D/dalvikvm(  354): GC_FOR_ALLOC freed 10K, 8% free 3770K/4096K, paused 371ms, total 395ms
D/DebugService(  399): DebugService DebugService:
D/TelephonyDebugService(  399): TelephonyDebugService()
W/ActivityManager(  287): Timeout executing service: ServiceRecord{40f83f78 u0 com.android.inputmethod.latin/.LatinIME}
I/Process (  287): Sending signal. PID: 384 SIG: 3
I/dalvikvm(  384): threadid=3: reacting to signal 3
I/dalvikvm-heap(  354): Grow heap (frag case) to 9.846MB for 6410576-byte allocation
I/Process (  287): Sending signal. PID: 287 SIG: 3
I/dalvikvm(  287): threadid=3: reacting to signal 3
D/dalvikvm(  399): GC_CONCURRENT freed 321K, 13% free 2659K/3036K, paused 4ms+405ms, total 513ms
D/dalvikvm(  354): GC_CONCURRENT freed <1K, 4% free 10030K/10360K, paused 8ms+33ms, total 353ms
I/dalvikvm(  384): Wrote stack traces to '/data/anr/traces.txt'
D/dalvikvm(  466): GC_CONCURRENT freed 184K, 9% free 2614K/2856K, paused 42ms+2ms, total 339ms
I/Process (  287): Sending signal. PID: 354 SIG: 3
I/dalvikvm(  354): threadid=3: reacting to signal 3
W/WindowManager(  287): Window freeze timeout expired.
W/WindowManager(  287): Force clearing orientation change: Window{40f55150 u0 com.android.systemui.ImageWallpaper}
I/dalvikvm(  287): Wrote stack traces to '/data/anr/traces.txt'
I/Process (  287): Sending signal. PID: 399 SIG: 3
I/dalvikvm(  399): threadid=3: reacting to signal 3
E/UserHistoryDictionary(  384): when loading: file not foundjava.io.FileNotFoundException: /data/data/com.android.inputmethod.latin/files/UserHistoryDictionary.en_US.dict: open failed: ENOENT (No such file or directory)
D/dalvikvm(  384): GC_CONCURRENT freed 242K, 11% free 2536K/2836K, paused 4ms+335ms, total 601ms
E/StrictMode(  384): A resource was acquired at attached stack trace but never released. See java.io.Closeable for information on avoiding resource leaks.
E/StrictMode(  384): java.lang.Throwable: Explicit termination method 'close' not called
E/StrictMode(  384): 	at dalvik.system.CloseGuard.open(CloseGuard.java:184)
E/StrictMode(  384): 	at android.os.ParcelFileDescriptor.<init>(ParcelFileDescriptor.java:412)
E/StrictMode(  384): 	at android.content.res.AssetManager.openNonAssetFdNative(Native Method)
E/StrictMode(  384): 	at android.content.res.AssetManager.openNonAssetFd(AssetManager.java:428)
E/StrictMode(  384): 	at android.content.res.Resources.openRawResourceFd(Resources.java:979)
E/StrictMode(  384): 	at com.android.inputmethod.latin.BinaryDictionaryGetter.loadFallbackResource(BinaryDictionaryGetter.java:183)
E/StrictMode(  384): 	at com.android.inputmethod.latin.BinaryDictionaryGetter.getDictionaryFiles(BinaryDictionaryGetter.java:456)
E/StrictMode(  384): 	at com.android.inputmethod.latin.DictionaryFactory.createMainDictionaryFromManager(DictionaryFactory.java:57)
E/StrictMode(  384): 	at com.android.inputmethod.latin.DictionaryFactory.createMainDictionaryFromManager(DictionaryFactory.java:87)
E/StrictMode(  384): 	at com.android.inputmethod.latin.Suggest$1.run(Suggest.java:108)
I/Choreographer(  287): Skipped 70 frames!  The application may be doing too much work on its main thread.
D/dalvikvm(  354): GC_FOR_ALLOC freed <1K, 3% free 10138K/10360K, paused 330ms, total 1683ms
I/dalvikvm(  354): Wrote stack traces to '/data/anr/traces.txt'
I/dalvikvm(  399): Wrote stack traces to '/data/anr/traces.txt'
I/RecoverySystem(  287): No recovery log file
D/dalvikvm(  399): GC_CONCURRENT freed 47K, 12% free 2685K/3036K, paused 27ms+262ms, total 390ms
W/Settings(  399): Setting auto_time_zone has moved from android.provider.Settings.System to android.provider.Settings.Global, returning read-only value.
I/dalvikvm-heap(  354): Grow heap (frag case) to 12.649MB for 2828816-byte allocation
I/ActivityManager(  287): Start proc com.android.deskclock for broadcast com.android.deskclock/.AlarmInitReceiver: pid=561 uid=10006 gids={50006, 1028}
D/dalvikvm(   38): GC_EXPLICIT freed 34K, 4% free 2381K/2472K, paused 3ms+3ms, total 74ms
D/dalvikvm(   38): GC_EXPLICIT freed <1K, 4% free 2381K/2472K, paused 2ms+3ms, total 65ms
D/dalvikvm(   38): GC_EXPLICIT freed <1K, 4% free 2382K/2472K, paused 78ms+5ms, total 240ms
D/dalvikvm(  354): GC_CONCURRENT freed <1K, 2% free 12900K/13124K, paused 5ms+364ms, total 534ms
D/dalvikvm(  354): WAIT_FOR_CONCURRENT_GC blocked 504ms
D/dalvikvm(  354): WAIT_FOR_CONCURRENT_GC blocked 573ms
D/gralloc_goldfish(  354): Emulator without GPU emulation detected.
E/Trace   (  561): error opening trace file: No such file or directory (2)
I/Choreographer(  354): Skipped 4089 frames!  The application may be doing too much work on its main thread.
D/dalvikvm(  287): GC_CONCURRENT freed 1902K, 26% free 5659K/7624K, paused 168ms+63ms, total 1319ms
D/dalvikvm(  287): WAIT_FOR_CONCURRENT_GC blocked 85ms
D/dalvikvm(  287): WAIT_FOR_CONCURRENT_GC blocked 91ms
D/dalvikvm(  287): WAIT_FOR_CONCURRENT_GC blocked 176ms
D/CAT     (  399): CatService: Running CAT service. STK app installed:false
D/CAT     (  399): CatService: NEW sInstance
I/SurfaceFlinger(   37): Boot is finished (69356 ms)
I/ActivityManager(  287): Config changes=1400 {1.0 ?mcc?mnc en_US ldltr sw320dp w320dp h508dp 240dpi nrml long port finger -keyb/v/h tball/v s.4}
I/PowerManagerService(  287): Boot animation finished.
I/Choreographer(  287): Skipped 61 frames!  The application may be doing too much work on its main thread.
I/Choreographer(  287): Skipped 59 frames!  The application may be doing too much work on its main thread.
D/dalvikvm(  287): GC_EXPLICIT freed 77K, 26% free 5669K/7624K, paused 261ms+102ms, total 1065ms
I/Choreographer(  354): Skipped 208 frames!  The application may be doing too much work on its main thread.
D/CAT     (  399): CatService: SIM ready. Reporting STK service running now...
V/AlarmClock(  561): No next alarm
D/MccTable(  399): updateMccMncConfiguration: mcc=310, mnc=260
D/TelephonyManager(  399): getLteOnCdmaMode=0 curVal=-1 product_type='' lteOnCdmaProductType=''
D/MccTable(  399): locale set to en_us
D/MccTable(  399): WIFI_COUNTRY_CODE set to us
V/AlarmClock(  561): AlarmInitReceiver - Reset timers and clear stopwatch data
I/WifiService(  287): WifiService trying to set country code to us with persist set to true
I/ActivityManager(  287): Config changes=1403 {1.0 310mcc260mnc en_US ldltr sw320dp w320dp h508dp 240dpi nrml long port finger -keyb/v/h tball/v s.5}
W/SurfaceFlinger(   37): createScreenshotSurface failed (Function not implemented)
D/dalvikvm(  413): GC_CONCURRENT freed 178K, 5% free 4605K/4840K, paused 4ms+133ms, total 318ms
V/AlarmClock(  561): No next alarm
V/AlarmClock(  561): AlarmInitReceiver finished
I/Process (  287): Sending signal. PID: 413 SIG: 3
I/dalvikvm(  413): threadid=3: reacting to signal 3
I/Process (  287): Sending signal. PID: 466 SIG: 3
I/dalvikvm(  466): threadid=3: reacting to signal 3
W/Settings(  399): Setting auto_time_zone has moved from android.provider.Settings.System to android.provider.Settings.Global, returning read-only value.
D/dalvikvm(  399): GC_CONCURRENT freed 302K, 12% free 2783K/3144K, paused 5ms+36ms, total 126ms
I/dalvikvm(  413): Wrote stack traces to '/data/anr/traces.txt'
D/MccTable(  399): updateMccMncConfiguration: mcc=310, mnc=260
D/TelephonyManager(  399): getLteOnCdmaMode=0 curVal=-1 product_type='' lteOnCdmaProductType=''
D/MccTable(  399): locale set to en_us
D/MccTable(  399): WIFI_COUNTRY_CODE set to us
I/WifiService(  287): WifiService trying to set country code to us with persist set to true
I/ActivityManager(  287): Config changes=1400 {1.0 310mcc260mnc en_US ldltr sw320dp w320dp h508dp 240dpi nrml long port finger -keyb/v/h tball/v s.6}
E/ActivityManager(  287): ANR in com.android.inputmethod.latin
E/ActivityManager(  287): Reason: Executing service com.android.inputmethod.latin/.LatinIME
E/ActivityManager(  287): Load: 6.49 / 1.66 / 0.56
E/ActivityManager(  287): CPU usage from 3946ms to -12224ms ago:
E/ActivityManager(  287):   22% 287/system_server: 14% user + 8% kernel / faults: 1993 minor 6 major
E/ActivityManager(  287):   14% 37/surfaceflinger: 12% user + 2.5% kernel / faults: 2147 minor
E/ActivityManager(  287):   7.1% 399/com.android.phone: 4.7% user + 2.3% kernel / faults: 1120 minor 6 major
E/ActivityManager(  287):   7.1% 413/com.android.launcher: 4.7% user + 2.4% kernel / faults: 4748 minor 4 major
E/ActivityManager(  287):   7% 354/com.android.systemui: 5.1% user + 1.9% kernel / faults: 4375 minor 4 major
E/ActivityManager(  287):   3.4% 466/android.process.acore: 2.3% user + 1% kernel / faults: 1350 minor
E/ActivityManager(  287):   1.6% 487/android.process.media: 1% user + 0.5% kernel / faults: 687 minor 4 major
E/ActivityManager(  287):   0.8% 384/com.android.inputmethod.latin: 0.6% user + 0.2% kernel / faults: 759 minor 1 major
E/ActivityManager(  287):   0.9% 38/zygote: 0.9% user + 0% kernel / faults: 194 minor
E/ActivityManager(  287):   0.7% 509/com.android.contacts: 0.3% user + 0.3% kernel / faults: 439 minor 6 major
E/ActivityManager(  287):   0.3% 444/com.android.music: 0.3% user + 0% kernel / faults: 180 minor
E/ActivityManager(  287):   0.1% 36/rild: 0% user + 0.1% kernel / faults: 6 minor
E/ActivityManager(  287):   0.3% 361/fsck_msdos: 0.1% user + 0.1% kernel / faults: 554 minor
E/ActivityManager(  287):   0.1% 31/servicemanager: 0% user + 0.1% kernel / faults: 6 minor
E/ActivityManager(  287):   0% 1//init: 0% user + 0% kernel / faults: 29 minor
E/ActivityManager(  287):   0% 40/mediaserver: 0% user + 0% kernel
E/ActivityManager(  287):   0% 47/adbd: 0% user + 0% kernel / faults: 37 minor
E/ActivityManager(  287):  +0% 561/com.android.deskclock: 0% user + 0% kernel
E/ActivityManager(  287): 100% TOTAL: 68% user + 31% kernel
E/ActivityManager(  287): CPU usage from 9981ms to 11085ms later:
E/ActivityManager(  287):   32% 287/system_server: 20% user + 11% kernel / faults: 210 minor
E/ActivityManager(  287):     7.3% 304/ActivityManager: 4.5% user + 2.7% kernel
E/ActivityManager(  287):     4.5% 294/Compiler: 0.9% user + 3.6% kernel
E/ActivityManager(  287):     2.7% 317/PowerManagerSer: 0% user + 2.7% kernel
E/ActivityManager(  287):     2.7% 438/Binder_5: 2.7% user + 0% kernel
E/ActivityManager(  287):     2.7% 483/Binder_6: 2.7% user + 0% kernel
E/ActivityManager(  287):     2.7% 541/Binder_8: 1.8% user + 0.9% kernel
E/ActivityManager(  287):     1.8% 287/system_server: 1.8% user + 0% kernel
E/ActivityManager(  287):     1.8% 298/Binder_1: 0% user + 1.8% kernel
E/ActivityManager(  287):     1.8% 435/Binder_3: 0% user + 1.8% kernel
E/ActivityManager(  287):     1.8% 437/Binder_4: 1.8% user + 0% kernel
E/ActivityManager(  287):     1.8% 528/Binder_7: 1.8% user + 0% kernel
E/ActivityManager(  287):     1.8% 548/Binder_9: 1.8% user + 0% kernel
E/ActivityManager(  287):     0.9% 299/Binder_2: 0.9% user + 0% kernel
E/ActivityManager(  287):     0.9% 302/UI: 0.9% user + 0% kernel
E/ActivityManager(  287):     0.9% 552/Binder_A: 0.9% user + 0% kernel
E/ActivityManager(  287):   17% 399/com.android.phone: 12% user + 4.2% kernel / faults: 153 minor
E/ActivityManager(  287):     6.8% 399/m.android.phone: 5.1% user + 1.7% kernel
E/ActivityManager(  287):     4.2% 463/RILReceiver: 2.5% user + 1.7% kernel
E/ActivityManager(  287):     3.4% 406/Compiler: 3.4% user + 0% kernel
E/ActivityManager(  287):     3.4% 456/RILSender: 3.4% user + 0% kernel
E/ActivityManager(  287):     0.8% 421/Binder_1: 0% user + 0.8% kernel
E/ActivityManager(  287):     0.8% 423/Binder_2: 0% user + 0.8% kernel
E/ActivityManager(  287):    +0% 592/WifiManager: 0% user + 0% kernel
E/ActivityManager(  287):   9.6% 413/com.android.launcher: 4% user + 5.6% kernel / faults: 462 minor 2 major
E/ActivityManager(  287):     4% 455/launcher-loader: 0.8% user + 3.2% kernel
E/ActivityManager(  287):     2.4% 415/GC: 1.6% user + 0.8% kernel
E/ActivityManager(  287):     0.8% 425/FinalizerDaemon: 0.8% user + 0% kernel
E/ActivityManager(  287):     0.8% 433/Binder_1: 0% user + 0.8% kernel
E/ActivityManager(  287):   8.8% 561/com.android.deskclock: 8% user + 0.8% kernel / faults: 400 minor 1 major
E/ActivityManager(  287):     4.8% 585/AsyncHandler: 4% user + 0.8% kernel
E/ActivityManager(  287):     0.8% 571/Compiler: 0.8% user + 0% kernel
E/ActivityManager(  287):     0.8% 575/Binder_1: 0% user + 0.8% kernel
E/ActivityManager(  287):   5% 354/com.android.systemui: 3.6% user + 1.4% kernel / faults: 62 minor
E/ActivityManager(  287):     5.7% 365/Compiler: 4.3% user + 1.4% kernel
E/ActivityManager(  287):     2.1% 354/ndroid.systemui: 1.4% user + 0.7% kernel
E/ActivityManager(  287):   5.6% 37/surfaceflinger: 3.7% user + 1.8% kernel / faults: 18 minor
E/ActivityManager(  287):     3.7% 64/SurfaceFlinger: 1.8% user + 1.8% kernel
E/ActivityManager(  287):     0.9% 76/EventThread: 0% user + 0.9% kernel
E/ActivityManager(  287):     0.9% 80/Binder_1: 0.9% user + 0% kernel
E/ActivityManager(  287):   3.7% 36/rild: 1.8% user + 1.8% kernel
E/ActivityManager(  287):     2.8% 94/rild: 0.9% user + 1.8% kernel
E/ActivityManager(  287):     0.9% 98/rild: 0.9% user + 0% kernel
E/ActivityManager(  287):   0.9% 1//init: 0% user + 0.9% kernel / faults: 1 minor
E/ActivityManager(  287):   0.7% 384/com.android.inputmethod.latin: 0.7% user + 0% kernel / faults: 5 minor
E/ActivityManager(  287):     0.7% 384/putmethod.latin: 0.7% user + 0% kernel
E/ActivityManager(  287):     0.7% 391/Compiler: 0% user + 0.7% kernel
E/ActivityManager(  287):   0.8% 466/android.process.acore: 0.8% user + 0% kernel / faults: 5 minor
E/ActivityManager(  287):     0.8% 475/Compiler: 0.8% user + 0% kernel
E/ActivityManager(  287):    +0% 593/Binder_5: 0% user + 0% kerne
D/dalvikvm(  413): GC_CONCURRENT freed 33K, 6% free 4571K/4840K, paused 4ms+3ms, total 162ms
W/ActivityManager(  287): Killing ProcessRecord{40ec59c8 384:com.android.inputmethod.latin/u0a10010}: background ANR
D/dalvikvm(  287): GC_CONCURRENT freed 422K, 21% free 6073K/7624K, paused 41ms+9ms, total 192ms
D/dalvikvm(  287): WAIT_FOR_CONCURRENT_GC blocked 16ms
D/dalvikvm(  287): WAIT_FOR_CONCURRENT_GC blocked 162ms
D/dalvikvm(  287): WAIT_FOR_CONCURRENT_GC blocked 87ms
D/dalvikvm(  287): WAIT_FOR_CONCURRENT_GC blocked 101ms
D/dalvikvm(  287): GC_FOR_ALLOC freed 150K, 14% free 6575K/7624K, paused 79ms, total 80ms
I/dalvikvm-heap(  287): Grow heap (frag case) to 6.856MB for 393236-byte allocation
W/dalvikvm(  466): threadid=3: spin on suspend #1 threadid=11 (pcf=0)
D/dalvikvm(  466): Temporarily moving tid 526 to fg (was 0)
D/dalvikvm(  466): Temporarily raised priority on tid 526 (10 -> 0)
W/dalvikvm(  466): threadid=3: spin on suspend resolved in 1021 msec
D/dalvikvm(  466): Restored policy of 526 to 0
D/dalvikvm(  466): Restored priority on 526 to 10
D/dalvikvm(  287): GC_FOR_ALLOC freed 258K, 17% free 6701K/8012K, paused 89ms, total 90ms
D/dalvikvm(  287): GC_FOR_ALLOC freed 778K, 23% free 6179K/8012K, paused 59ms, total 60ms
D/dalvikvm(  399): GC_CONCURRENT freed 346K, 13% free 2909K/3316K, paused 4ms+14ms, total 76ms
D/dalvikvm(  287): GC_CONCURRENT freed 322K, 16% free 6793K/8012K, paused 15ms+25ms, total 268ms
D/dalvikvm(  287): WAIT_FOR_CONCURRENT_GC blocked 126ms
D/dalvikvm(  399): GC_CONCURRENT freed 439K, 15% free 2904K/3400K, paused 3ms+27ms, total 132ms
D/dalvikvm(  287): GC_CONCURRENT freed 1194K, 17% free 6654K/8012K, paused 18ms+6ms, total 87ms
I//system/bin/fsck_msdos(   32): Attempting to allocate 2044 KB for FAT
D/ConnectivityService(  287): ConnectivityChange for mobile: CONNECTED/CONNECTED
I/Choreographer(  287): Skipped 794 frames!  The application may be doing too much work on its main thread.
D/dalvikvm(  287): GC_CONCURRENT freed 880K, 15% free 6846K/8012K, paused 7ms+8ms, total 128ms
D/dalvikvm(  287): WAIT_FOR_CONCURRENT_GC blocked 54ms
I/Choreographer(  287): Skipped 142 frames!  The application may be doing too much work on its main thread.
D/dalvikvm(  287): GC_FOR_ALLOC freed 1617K, 26% free 5998K/8012K, paused 76ms, total 79ms
I/dalvikvm-heap(  287): Grow heap (frag case) to 6.995MB for 1128976-byte allocation
I/dalvikvm(  466): Wrote stack traces to '/data/anr/traces.txt'
D/dalvikvm(  287): GC_FOR_ALLOC freed 7K, 23% free 7094K/9116K, paused 82ms, total 82ms
W/WindowManager(  287): App freeze timeout expired.
W/WindowManager(  287): Force clearing freeze: AppWindowToken{40ea9968 token=Token{40edd908 ActivityRecord{40e867a0 u0 com.android.launcher/com.android.launcher2.Launcher}}}
I/Choreographer(  287): Skipped 226 frames!  The application may be doing too much work on its main thread.
D/dalvikvm(  287): GC_CONCURRENT freed 28K, 23% free 7082K/9116K, paused 40ms+181ms, total 728ms
I/ActivityManager(  287): Start proc com.android.email for broadcast com.android.email/.service.EmailBroadcastReceiver: pid=607 uid=10019 gids={50019, 3003, 1015, 1028}
I/Choreographer(  287): Skipped 61 frames!  The application may be doing too much work on its main thread.
E/Trace   (  607): error opening trace file: No such file or directory (2)
I/Choreographer(  287): Skipped 50 frames!  The application may be doing too much work on its main thread.
I/Choreographer(  287): Skipped 57 frames!  The application may be doing too much work on its main thread.
I/ActivityManager(  287): Process com.android.inputmethod.latin (pid 384) has died.
W/ActivityManager(  287): Scheduling restart of crashed service com.android.inputmethod.latin/.LatinIME in 5000ms
I/ActivityManager(  287): Start proc com.android.exchange for service com.android.exchange/.ExchangeService: pid=627 uid=10032 gids={50032, 3003, 1015, 1028}
D/Tethering(  287): MasterInitialState.processMessage what=3
I/ActivityManager(  287): Start proc com.android.providers.calendar for broadcast com.android.providers.calendar/.CalendarReceiver: pid=637 uid=10023 gids={50023, 3003, 1015, 1028}
E/Trace   (  627): error opening trace file: No such file or directory (2)
E/Trace   (  637): error opening trace file: No such file or directory (2)
D/dalvikvm(  287): GC_EXPLICIT freed 1144K, 35% free 5991K/9116K, paused 4ms+8ms, total 164ms
I/ActivityManager(  287): Start proc com.android.mms for broadcast com.android.mms/.transaction.MmsSystemEventReceiver: pid=659 uid=10029 gids={50029, 3003, 1015, 1028}
E/Trace   (  659): error opening trace file: No such file or directory (2)
D/CountryDetector(  287): The first listener is added
V/MmsConfig(  659): mnc/mcc: 310260
V/MmsConfig(  659): tag: bool value: enabledMMS - true
V/MmsConfig(  659): tag: int value: maxMessageSize - 307200
V/MmsConfig(  659): tag: int value: maxImageHeight - 480
V/MmsConfig(  659): tag: int value: maxImageWidth - 640
V/MmsConfig(  659): tag: int value: defaultSMSMessagesPerThread - 500
V/MmsConfig(  659): tag: int value: defaultMMSMessagesPerThread - 50
V/MmsConfig(  659): tag: int value: minMessageCountPerThread - 10
V/MmsConfig(  659): tag: int value: maxMessageCountPerThread - 5000
V/MmsConfig(  659): tag: string value: uaProfUrl - http://www.google.com/oha/rdf/ua-profile-kila.xml
V/MmsConfig(  659): tag: int value: recipientLimit - -1
V/MmsConfig(  659): tag: bool value: enableMultipartSMS - true
V/MmsConfig(  659): tag: int value: smsToMmsTextThreshold - -1
V/MmsConfig(  659): tag: bool value: enableSlideDuration - true
V/MmsConfig(  659): tag: int value: maxMessageTextSize - -1
I/ActivityManager(  287): Start proc com.android.settings for broadcast com.android.settings/.widget.SettingsAppWidgetProvider: pid=689 uid=1000 gids={41000, 1015, 1028, 3002, 3001, 3003}
E/Trace   (  689): error opening trace file: No such file or directory (2)
E/BluetoothAdapter(  689): Bluetooth binder is null
D/Mms:app (  659): cancelNotification
D/ExchangeService(  627): !!! EAS ExchangeService, onStartCommand, startingUp = false, running = false
D/Eas Debug(  627): Logging: 
D/ExchangeService(  627): !!! EAS ExchangeService, onCreate
E/BluetoothAdapter(  689): Bluetooth binder is null
D/ExchangeService(  627): !!! EAS ExchangeService, onStartCommand, startingUp = true, running = false
I//system/bin/fsck_msdos(   32): ** Phase 2 - Check Cluster Chains
I//system/bin/fsck_msdos(   32): ** Phase 3 - Checking Directories
I//system/bin/fsck_msdos(   32): ** Phase 4 - Checking for Lost Files
I//system/bin/fsck_msdos(   32): Next free cluster in FSInfo block (15) not free
I//system/bin/fsck_msdos(   32): FIXED
I//system/bin/fsck_msdos(   32): 13 files, 1044446 free (522223 clusters)
I/Vold    (   32): Filesystem check completed OK
I/Vold    (   32): Device /dev/block/vold/179:0, target /mnt/sdcard mounted @ /mnt/secure/staging
D/Vold    (   32): Volume sdcard state changing 3 (Checking) -> 4 (Mounted)
D/MountService(  287): volume state changed for /mnt/sdcard (checking -> mounted)
I/PackageManager(  287): Updating external media status from unmounted to mounted
D/MountService(  287): sendStorageIntent Intent { act=android.intent.action.MEDIA_MOUNTED dat=file:///mnt/sdcard (has extras) } to UserHandle{-1}
E/VoldConnector(  287): NDC Command {3 volume mount /mnt/sdcard} took too long (45101ms)
D/MediaScannerReceiver(  487): action: android.intent.action.MEDIA_MOUNTED path: /mnt/sdcard
I/PackageManager(  287): No secure containers on sdcard
W/PackageManager(  287): Unknown permission com.google.android.googleapps.permission.GOOGLE_AUTH.mail in package com.android.contacts
W/PackageManager(  287): Unknown permission android.permission.ADD_SYSTEM_SERVICE in package com.android.phone
W/PackageManager(  287): Unknown permission com.android.smspush.WAPPUSH_MANAGER_BIND in package com.android.phone
W/PackageManager(  287): Unknown permission com.google.android.googleapps.permission.GOOGLE_AUTH in package com.android.providers.calendar
W/PackageManager(  287): Unknown permission com.google.android.googleapps.permission.GOOGLE_AUTH.cl in package com.android.providers.calendar
W/PackageManager(  287): Unknown permission com.google.android.googleapps.permission.GOOGLE_AUTH.mail in package com.android.calendar
W/GpsLocationProvider(  287): Could not open GPS configuration file /etc/gps.conf
W/PackageManager(  287): Not granting permission android.permission.SEND_DOWNLOAD_COMPLETED_INTENTS to package com.android.browser (protectionLevel=2 flags=0x89be45)
W/PackageManager(  287): Not granting permission android.permission.BIND_APPWIDGET to package com.android.widgetpreview (protectionLevel=18 flags=0x8be44)
W/PackageManager(  287): Unknown permission com.google.android.googleapps.permission.GOOGLE_AUTH in package com.android.settings
W/PackageManager(  287): Unknown permission com.google.android.gallery3d.permission.GALLERY_PROVIDER in package com.android.exchange
W/PackageManager(  287): Unknown permission com.google.android.googleapps.permission.ACCESS_GOOGLE_PASSWORD in package com.android.development
W/PackageManager(  287): Unknown permission com.google.android.googleapps.permission.GOOGLE_AUTH in package com.android.development
W/PackageManager(  287): Unknown permission com.google.android.googleapps.permission.GOOGLE_AUTH.ALL_SERVICES in package com.android.development
W/PackageManager(  287): Unknown permission com.google.android.googleapps.permission.GOOGLE_AUTH.YouTubeUser in package com.android.development
W/PackageManager(  287): Unknown permission com.google.android.gallery3d.permission.GALLERY_PROVIDER in package com.android.email
W/PackageManager(  287): Not granting permission android.permission.DEVICE_POWER to package com.android.deskclock (protectionLevel=2 flags=0x88be45)
I/CalendarProvider2(  637): Sending notification intent: Intent { act=android.intent.action.PROVIDER_CHANGED dat=content://com.android.calendar }
W/ContentResolver(  637): Failed to get type for: content://com.android.calendar (Unknown URL content://com.android.calendar)
D/AndroidRuntime(  712): 
D/AndroidRuntime(  712): >>>>>> AndroidRuntime START com.android.internal.os.RuntimeInit <<<<<<
D/AndroidRuntime(  712): CheckJNI is ON
D/dalvikvm(  712): Trying to load lib libjavacore.so 0x0
D/dalvikvm(  712): Added shared lib libjavacore.so 0x0
D/dalvikvm(  712): Trying to load lib libnativehelper.so 0x0
D/dalvikvm(  712): Added shared lib libnativehelper.so 0x0
D/EmailProvider(  607): fromDatabase accounts: 0
D/EmailProvider(  607): ending toDatabase transaction; copyCount = 0
D/EmailProvider(  607): ending fromDatabase transaction; copyCount = 0
D/dalvikvm(  287): GREF has increased to 501
D/AndroidRuntime(  712): Calling main entry com.android.commands.input.Input
I/Input   (  712): injectKeyEvent: KeyEvent { action=ACTION_DOWN, keyCode=KEYCODE_MENU, scanCode=0, metaState=0, flags=0x0, repeatCount=0, eventTime=91114, downTime=91114, deviceId=-1, source=0x101 }
I/ActivityManager(  287): Start proc com.android.inputmethod.latin for service com.android.inputmethod.latin/.LatinIME: pid=721 uid=10010 gids={50010, 1028}
I/ActivityManager(  287): Start proc com.android.calendar for broadcast com.android.calendar/.alerts.AlertReceiver: pid=728 uid=10004 gids={50004, 3003, 1028}
I/Input   (  712): injectKeyEvent: KeyEvent { action=ACTION_UP, keyCode=KEYCODE_MENU, scanCode=0, metaState=0, flags=0x0, repeatCount=0, eventTime=91114, downTime=91114, deviceId=-1, source=0x101 }
D/InputEventConsistencyVerifier(  287): KeyEvent: ACTION_UP but key was not down.
D/InputEventConsistencyVerifier(  287):   in com.android.internal.policy.impl.keyguard.KeyguardHostView{4121a070 V.E..... ......I. 0,38-480,800 #10202b0 android:id/keyguard_host_view}
D/InputEventConsistencyVerifier(  287):   0: sent at 91114000000, KeyEvent { action=ACTION_UP, keyCode=KEYCODE_MENU, scanCode=0, metaState=0, flags=0x0, repeatCount=0, eventTime=91114, downTime=91114, deviceId=-1, source=0x101 }
D/AndroidRuntime(  712): Shutting down VM
D/dalvikvm(  712): GC_CONCURRENT freed 93K, 18% free 454K/552K, paused 0ms+1ms, total 8ms
W/SoundPool(  287):   sample 0 not READY
D/PhoneStatusBar(  354): disable: < expand icons alerts ticker system_info BACK HOME recent* CLOCK search* >
I/Choreographer(  287): Skipped 44 frames!  The application may be doing too much work on its main thread.
I/ARMAssembler(   37): generated scanline__00000077:03515104_00009002_00000000 [127 ipp] (149 ins) at [0x409971f0:0x40997444] in 9506003 ns
E/Trace   (  728): error opening trace file: No such file or directory (2)
I/ARMAssembler(   37): generated scanline__00000077:03515104_00009001_00000000 [131 ipp] (153 ins) at [0x40997450:0x409976b4] in 3811000 ns
V/TAG     (  287): bug 7643792: fitSystemWindows([0,38][0,0])
E/Trace   (  721): error opening trace file: No such file or directory (2)
D/AlertReceiver(  728): onReceive: a=android.intent.action.PROVIDER_CHANGED Intent { act=android.intent.action.PROVIDER_CHANGED dat=content://com.android.calendar flg=0x10 cmp=com.android.calendar/.alerts.AlertReceiver }
I/LatinIME(  721): Hardware accelerated drawing: false
W/InputAttributes(  721): No editor info for this field. Bug?
D/MmsSmsDatabaseHelper(  399): [MmsSmsDb] tableName: threads hasAutoIncrement: CREATE TABLE threads (_id INTEGER PRIMARY KEY AUTOINCREMENT,date INTEGER DEFAULT 0,message_count INTEGER DEFAULT 0,recipient_ids TEXT,snippet TEXT,snippet_cs INTEGER DEFAULT 0,read INTEGER DEFAULT 1,type INTEGER DEFAULT 0,error INTEGER DEFAULT 0,has_attachment INTEGER DEFAULT 0) result: true
D/dalvikvm(  487): GREF has increased to 201
D/MmsSmsDatabaseHelper(  399): [MmsSmsDb] tableName: canonical_addresses hasAutoIncrement: CREATE TABLE canonical_addresses (_id INTEGER PRIMARY KEY AUTOINCREMENT,address TEXT) result: true
D/AlertService(  728): 0 Action = android.intent.action.PROVIDER_CHANGED
D/AlertService(  728): Beginning updateAlertNotification
E/ActivityThread(  721): Failed to find provider info for com.android.inputmethod.latin.dictionarypack
E/BinaryDictionaryGetter(  721): Could not find a dictionary pack
E/UserHistoryDictionary(  721): when loading: file not foundjava.io.FileNotFoundException: /data/data/com.android.inputmethod.latin/files/UserHistoryDictionary.en_US.dict: open failed: ENOENT (No such file or directory)
D/dalvikvm(  721): GC_CONCURRENT freed 254K, 11% free 2532K/2844K, paused 4ms+3ms, total 79ms
E/StrictMode(  721): A resource was acquired at attached stack trace but never released. See java.io.Closeable for information on avoiding resource leaks.
E/StrictMode(  721): java.lang.Throwable: Explicit termination method 'close' not called
E/StrictMode(  721): 	at dalvik.system.CloseGuard.open(CloseGuard.java:184)
E/StrictMode(  721): 	at android.os.ParcelFileDescriptor.<init>(ParcelFileDescriptor.java:412)
E/StrictMode(  721): 	at android.content.res.AssetManager.openNonAssetFdNative(Native Method)
E/StrictMode(  721): 	at android.content.res.AssetManager.openNonAssetFd(AssetManager.java:428)
E/StrictMode(  721): 	at android.content.res.Resources.openRawResourceFd(Resources.java:979)
E/StrictMode(  721): 	at com.android.inputmethod.latin.BinaryDictionaryGetter.loadFallbackResource(BinaryDictionaryGetter.java:183)
E/StrictMode(  721): 	at com.android.inputmethod.latin.BinaryDictionaryGetter.getDictionaryFiles(BinaryDictionaryGetter.java:456)
E/StrictMode(  721): 	at com.android.inputmethod.latin.DictionaryFactory.createMainDictionaryFromManager(DictionaryFactory.java:57)
E/StrictMode(  721): 	at com.android.inputmethod.latin.DictionaryFactory.createMainDictionaryFromManager(DictionaryFactory.java:87)
E/StrictMode(  721): 	at com.android.inputmethod.latin.Suggest$1.run(Suggest.java:108)
W/ServiceWatcher(  287): com.google.android.location not found
W/InputMethodManagerService(  287): Found no subtypes in a system IME: com.android.inputmethod.pinyin
D/dalvikvm(  287): GC_CONCURRENT freed 1100K, 28% free 5726K/7928K, paused 116ms+48ms, total 333ms
W/ServiceWatcher(  287): com.google.android.location not found
W/LocationManagerService(  287): no network location provider found
W/ServiceWatcher(  287): com.google.android.location not found
I/ActivityManager(  287): Start proc com.android.location.fused for service com.android.location.fused/.FusedLocationService: pid=769 uid=10022 gids={50022, 1028}
E/Trace   (  769): error opening trace file: No such file or directory (2)
W/ServiceWatcher(  287): com.google.android.location not found
W/ActivityManager(  287): Unable to start service Intent { cmp=com.android.email/.service.AttachmentDownloadService } U=0: not found
W/ActivityManager(  287): Unable to start service Intent { cmp=com.android.email/.service.AttachmentDownloadService } U=0: not found
E/LocationManagerService(  287): no geocoder provider found
D/ExchangeService(  627): !!! EAS ExchangeService, onStartCommand, startingUp = true, running = false
D/ExchangeService(  627): Received deviceId from Email app: androidc259148960
D/ExchangeService(  627): Reconciling accounts...
I/FusedLocation(  769): engine started (com.android.location.fused)
D/MmsSmsDatabaseHelper(  399): [MmsSmsDb] tableName: part hasAutoIncrement: CREATE TABLE part (_id INTEGER PRIMARY KEY AUTOINCREMENT,mid INTEGER,seq INTEGER DEFAULT 0,ct TEXT,name TEXT,chset INTEGER,cd TEXT,fn TEXT,cid TEXT,cl TEXT,ctt_s INTEGER,ctt_t TEXT,_data TEXT,text TEXT) result: true
