E/ActivityManager(  285):   0.1% 40/mediaserver: 0% user + 0.1% kernel
E/ActivityManager(  285):   0% 1//init: 0% user + 0% kernel / faults: 1 minor
E/ActivityManager(  285):   0% 31/servicemanager: 0% user + 0% kernel
E/ActivityManager(  285):   0% 48/adbd: 0% user + 0% kernel / faults: 25 minor
E/ActivityManager(  285):  +0% 583/<pre-initialized>: 0% user + 0% kernel
E/ActivityManager(  285): 100% TOTAL: 68% user + 31% kernel + 0.2% irq + 0.1% softirq
E/ActivityManager(  285): CPU usage from 7270ms to 8905ms later:
E/ActivityManager(  285):   23% 285/system_server: 14% user + 8.6% kernel / faults: 339 minor
E/ActivityManager(  285):     14% 302/ActivityManager: 10% user + 4.6% kernel
E/ActivityManager(  285):     6.6% 300/UI: 6% user + 0.6% kernel
E/ActivityManager(  285):     3.3% 292/Compiler: 0.6% user + 2.6% kernel
E/ActivityManager(  285):     3.3% 513/Binder_7: 0% user + 3.3% kernel
E/ActivityManager(  285):     0.6% 285/system_server: 0.6% user + 0% kernel
E/ActivityManager(  285):     0.6% 301/WindowManager: 0% user + 0.6% kernel
E/ActivityManager(  285):     0.6% 306/PackageManager: 0.6% user + 0% kernel
E/ActivityManager(  285):     0.6% 315/PowerManagerSer: 0% user + 0.6% kernel
E/ActivityManager(  285):     0.6% 432/Binder_3: 0.6% user + 0% kernel
E/ActivityManager(  285):     0.6% 443/Binder_5: 0.6% user + 0% kernel
E/ActivityManager(  285):     0.6% 503/Thread-69: 0.6% user + 0% kernel
E/ActivityManager(  285):     0.6% 564/Binder_9: 0.6% user + 0% kernel
E/ActivityManager(  285):     0.6% 568/Binder_A: 0% user + 0.6% kernel
E/ActivityManager(  285):   16% 37/surfaceflinger: 14% user + 2.5% kernel / faults: 1050 minor
E/ActivityManager(  285):     16% 70/SurfaceFlinger: 15% user + 1.2% kernel
E/ActivityManager(  285):     0.6% 37/surfaceflinger: 0.6% user + 0% kernel
E/ActivityManager(  285):     0.6% 77/VSyncThread: 0.6% user + 0% kernel
E/ActivityManager(  285):     0.6% 80/EventThread: 0% user + 0.6% kernel
E/ActivityManager(  285):    +0% 596/BufferLiberator: 0% user + 0% kernel
E/ActivityManager(  285):   10% 352/com.android.systemui: 5.9% user + 4.2% kernel / faults: 2333 minor
E/ActivityManager(  285):     8.4% 352/ndroid.systemui: 4.2% user + 4.2% kernel
E/ActivityManager(  285):     2.5% 357/GC: 2.5% user + 0% kernel
E/ActivityManager(  285):   8.6% 414/com.android.launcher: 7.6% user + 1% kernel / faults: 97 minor 2 major
E/ActivityManager(  285):     2.1% 418/GC: 2.1% user + 0% kernel
E/ActivityManager(  285):     1% 427/FinalizerDaemon: 0% user + 1% kernel
E/ActivityManager(  285):     1% 454/launcher-loader: 1% user + 0% kernel
E/ActivityManager(  285):   6.5% 395/com.android.phone: 2.1% user + 4.3% kernel / faults: 76 minor 4 major
E/ActivityManager(  285):     4.3% 395/m.android.phone: 0% user + 4.3% kernel
E/ActivityManager(  285):     1% 404/Compiler: 1% user + 0% kernel
E/ActivityManager(  285):   2.5% 38/zygote: 2.5% user + 0% kernel / faults: 6 minor
E/ActivityManager(  285):     6.3% 38/zygote: 5.6% user + 0.6% kernel
E/ActivityManager(  285):   4.6% 530/android.process.media: 4.6% user + 0% kernel / faults: 36 minor
E/ActivityManager(  285):     1.5% 571/Download Servic: 1.5% user + 0% kernel
E/ActivityManager(  285): 100% TOTAL: 70% user + 29% kernel
W/PackageManager(  285): Unknown permission android.permission.ADD_SYSTEM_SERVICE in package com.android.phone
W/PackageManager(  285): Unknown permission com.android.smspush.WAPPUSH_MANAGER_BIND in package com.android.phone
W/PackageManager(  285): Unknown permission com.google.android.googleapps.permission.GOOGLE_AUTH in package com.android.providers.calendar
W/PackageManager(  285): Unknown permission com.google.android.googleapps.permission.GOOGLE_AUTH.cl in package com.android.providers.calendar
W/PackageManager(  285): Unknown permission com.google.android.googleapps.permission.GOOGLE_AUTH.mail in package com.android.calendar
W/PackageManager(  285): Not granting permission android.permission.SEND_DOWNLOAD_COMPLETED_INTENTS to package com.android.browser (protectionLevel=2 flags=0x89be45)
W/PackageManager(  285): Not granting permission android.permission.BIND_APPWIDGET to package com.android.widgetpreview (protectionLevel=18 flags=0x8be44)
W/PackageManager(  285): Unknown permission com.google.android.googleapps.permission.GOOGLE_AUTH in package com.android.settings
W/PackageManager(  285): Unknown permission com.google.android.gallery3d.permission.GALLERY_PROVIDER in package com.android.exchange
W/PackageManager(  285): Unknown permission com.google.android.googleapps.permission.ACCESS_GOOGLE_PASSWORD in package com.android.development
W/PackageManager(  285): Unknown permission com.google.android.googleapps.permission.GOOGLE_AUTH in package com.android.development
W/PackageManager(  285): Unknown permission com.google.android.googleapps.permission.GOOGLE_AUTH.ALL_SERVICES in package com.android.development
W/PackageManager(  285): Unknown permission com.google.android.googleapps.permission.GOOGLE_AUTH.YouTubeUser in package com.android.development
W/PackageManager(  285): Unknown permission com.google.android.gallery3d.permission.GALLERY_PROVIDER in package com.android.email
W/PackageManager(  285): Not granting permission android.permission.DEVICE_POWER to package com.android.deskclock (protectionLevel=2 flags=0x88be45)
E/Trace   (  583): error opening trace file: No such file or directory (2)
D/CAT     (  395): CatService: Running CAT service. STK app installed:false
D/CAT     (  395): CatService: NEW sInstance
V/AlarmClock(  583): No next alarm
D/CAT     (  395): CatService: SIM ready. Reporting STK service running now...
V/AlarmClock(  583): AlarmInitReceiver - Reset timers and clear stopwatch data
V/AlarmClock(  583): No next alarm
V/AlarmClock(  583): AlarmInitReceiver finished
D/MccTable(  395): updateMccMncConfiguration: mcc=310, mnc=260
D/TelephonyManager(  395): getLteOnCdmaMode=0 curVal=-1 product_type='' lteOnCdmaProductType=''
D/MccTable(  395): locale set to en_us
D/MccTable(  395): WIFI_COUNTRY_CODE set to us
I/WifiService(  285): WifiService trying to set country code to us with persist set to true
D/dalvikvm(  395): GC_CONCURRENT freed 286K, 11% free 2778K/3120K, paused 6ms+47ms, total 172ms
I/ActivityManager(  285): Config changes=1400 {1.0 ?mcc?mnc en_US ldltr sw320dp w320dp h508dp 240dpi nrml long port finger -keyb/v/h tball/v s.4}
I/Choreographer(  352): Skipped 630 frames!  The application may be doing too much work on its main thread.
I/Choreographer(  285): Skipped 637 frames!  The application may be doing too much work on its main thread.
W/ActivityManager(  285): Killing ProcessRecord{40ee1de0 380:com.android.inputmethod.latin/u0a10010}: background ANR
I/ActivityManager(  285): Process com.android.inputmethod.latin (pid 380) has died.
W/ActivityManager(  285): Scheduling restart of crashed service com.android.inputmethod.latin/.LatinIME in 5000ms
D/dalvikvm(  285): GC_CONCURRENT freed 719K, 25% free 5764K/7628K, paused 28ms+6ms, total 443ms
D/dalvikvm(  285): WAIT_FOR_CONCURRENT_GC blocked 31ms
D/dalvikvm(  285): WAIT_FOR_CONCURRENT_GC blocked 271ms
D/dalvikvm(  285): WAIT_FOR_CONCURRENT_GC blocked 207ms
D/dalvikvm(  285): WAIT_FOR_CONCURRENT_GC blocked 106ms
D/dalvikvm(  285): WAIT_FOR_CONCURRENT_GC blocked 47ms
D/dalvikvm(  285): WAIT_FOR_CONCURRENT_GC blocked 47ms
D/dalvikvm(  285): WAIT_FOR_CONCURRENT_GC blocked 280ms
D/dalvikvm(  285): WAIT_FOR_CONCURRENT_GC blocked 275ms
D/dalvikvm(  285): GC_FOR_ALLOC freed 204K, 18% free 6261K/7628K, paused 69ms, total 69ms
D/dalvikvm(  285): WAIT_FOR_CONCURRENT_GC blocked 374ms
I/ActivityManager(  285): Config changes=1403 {1.0 310mcc260mnc en_US ldltr sw320dp w320dp h508dp 240dpi nrml long port finger -keyb/v/h tball/v s.5}
W/SurfaceFlinger(   37): createScreenshotSurface failed (Function not implemented)
D/dalvikvm(  285): GC_FOR_ALLOC freed 315K, 17% free 6341K/7628K, paused 113ms, total 115ms
D/dalvikvm(  285): GC_FOR_ALLOC freed 782K, 24% free 5820K/7628K, paused 51ms, total 52ms
I/Choreographer(  352): Skipped 108 frames!  The application may be doing too much work on its main thread.
W/Settings(  395): Setting auto_time_zone has moved from android.provider.Settings.System to android.provider.Settings.Global, returning read-only value.
D/MccTable(  395): updateMccMncConfiguration: mcc=310, mnc=260
D/TelephonyManager(  395): getLteOnCdmaMode=0 curVal=-1 product_type='' lteOnCdmaProductType=''
D/MccTable(  395): locale set to en_us
D/MccTable(  395): WIFI_COUNTRY_CODE set to us
I/WifiService(  285): WifiService trying to set country code to us with persist set to true
I/ActivityManager(  285): Config changes=1400 {1.0 310mcc260mnc en_US ldltr sw320dp w320dp h508dp 240dpi nrml long port finger -keyb/v/h tball/v s.6}
I/Choreographer(  352): Skipped 34 frames!  The application may be doing too much work on its main thread.
W/GpsLocationProvider(  285): Could not open GPS configuration file /etc/gps.conf
W/ServiceWatcher(  285): com.google.android.location not found
W/ServiceWatcher(  285): com.google.android.location not found
W/LocationManagerService(  285): no network location provider found
W/ServiceWatcher(  285): com.google.android.location not found
D/dalvikvm(  395): GC_CONCURRENT freed 314K, 12% free 2951K/3324K, paused 13ms+16ms, total 76ms
I/AccountTypeManager(  514): Loaded meta-data for 1 account types, 0 accounts in 341ms(wall) 36ms(cpu)
I/ActivityManager(  285): Start proc com.android.location.fused for service com.android.location.fused/.FusedLocationService: pid=611 uid=10022 gids={50022, 1028}
E/Trace   (  611): error opening trace file: No such file or directory (2)
D/dalvikvm(  395): GC_CONCURRENT freed 470K, 16% free 2876K/3404K, paused 13ms+2ms, total 68ms
D/dalvikvm(  285): GC_CONCURRENT freed 920K, 26% free 5681K/7628K, paused 68ms+22ms, total 273ms
W/WindowManager(  285): Window freeze timeout expired.
W/WindowManager(  285): Force clearing orientation change: Window{40edff40 u0 Keyguard}
D/ConnectivityService(  285): ConnectivityChange for mobile: CONNECTED/CONNECTED
W/ServiceWatcher(  285): com.google.android.location not found
E/LocationManagerService(  285): no geocoder provider found
I/Choreographer(  352): Skipped 38 frames!  The application may be doing too much work on its main thread.
D/dalvikvm(  285): GC_CONCURRENT freed 407K, 20% free 6103K/7628K, paused 6ms+6ms, total 123ms
D/dalvikvm(  285): WAIT_FOR_CONCURRENT_GC blocked 22ms
D/dalvikvm(  285): WAIT_FOR_CONCURRENT_GC blocked 71ms
D/dalvikvm(  285): WAIT_FOR_CONCURRENT_GC blocked 86ms
D/dalvikvm(  285): WAIT_FOR_CONCURRENT_GC blocked 116ms
D/dalvikvm(  285): GC_CONCURRENT freed 374K, 13% free 6663K/7628K, paused 61ms+37ms, total 572ms
D/dalvikvm(  285): WAIT_FOR_CONCURRENT_GC blocked 52ms
D/dalvikvm(  285): WAIT_FOR_CONCURRENT_GC blocked 134ms
D/dalvikvm(  285): WAIT_FOR_CONCURRENT_GC blocked 409ms
D/dalvikvm(  285): WAIT_FOR_CONCURRENT_GC blocked 392ms
I/Choreographer(  285): Skipped 1145 frames!  The application may be doing too much work on its main thread.
I/FusedLocation(  611): engine started (com.android.location.fused)
D/dalvikvm(  285): GC_FOR_ALLOC freed 513K, 15% free 6498K/7628K, paused 67ms, total 78ms
I/dalvikvm-heap(  285): Grow heap (frag case) to 7.483MB for 1128976-byte allocation
D/dalvikvm(  285): GC_FOR_ALLOC freed 881K, 24% free 6720K/8732K, paused 52ms, total 52ms
D/dalvikvm(  285): GC_CONCURRENT freed 15K, 24% free 6706K/8732K, paused 15ms+18ms, total 206ms
I/FusedLocation(  611): engine started (com.android.location.fused)
I/ActivityManager(  285): Start proc com.android.email for broadcast com.android.email/.service.EmailBroadcastReceiver: pid=638 uid=10019 gids={50019, 3003, 1015, 1028}
I/ActivityManager(  285): Start proc com.android.inputmethod.latin for service com.android.inputmethod.latin/.LatinIME: pid=653 uid=10010 gids={50010, 1028}
E/Trace   (  638): error opening trace file: No such file or directory (2)
W/WindowManager(  285): App freeze timeout expired.
W/WindowManager(  285): Force clearing freeze: AppWindowToken{40f4a738 token=Token{40fd0c00 ActivityRecord{40fd07c8 u0 com.android.launcher/com.android.launcher2.Launcher}}}
E/Trace   (  653): error opening trace file: No such file or directory (2)
I/Choreographer(  285): Skipped 313 frames!  The application may be doing too much work on its main thread.
D/Tethering(  285): MasterInitialState.processMessage what=3
I/Choreographer(  285): Skipped 43 frames!  The application may be doing too much work on its main thread.
I/Choreographer(  285): Skipped 157 frames!  The application may be doing too much work on its main thread.
D/dalvikvm(  285): GC_FOR_ALLOC freed 1843K, 35% free 5754K/8732K, paused 315ms, total 327ms
I/dalvikvm-heap(  285): Grow heap (frag case) to 6.755MB for 1128976-byte allocation
D/dalvikvm(  285): GC_FOR_ALLOC freed 131K, 23% free 6724K/8732K, paused 57ms, total 57ms
I/LatinIME(  653): Hardware accelerated drawing: false
I/Choreographer(  285): Skipped 202 frames!  The application may be doing too much work on its main thread.
I/ActivityManager(  285): Start proc com.android.exchange for service com.android.exchange/.ExchangeService: pid=673 uid=10032 gids={50032, 3003, 1015, 1028}
D/dalvikvm(  285): GC_CONCURRENT freed 18K, 23% free 6741K/8732K, paused 14ms+117ms, total 368ms
I/ActivityManager(  285): Start proc com.android.providers.calendar for broadcast com.android.providers.calendar/.CalendarReceiver: pid=679 uid=10023 gids={50023, 3003, 1015, 1028}
I/Choreographer(  285): Skipped 99 frames!  The application may be doing too much work on its main thread.
W/InputAttributes(  653): No editor info for this field. Bug?
I/Choreographer(  285): Skipped 72 frames!  The application may be doing too much work on its main thread.
E/Trace   (  673): error opening trace file: No such file or directory (2)
D/dalvikvm(  285): GC_EXPLICIT freed 28K, 23% free 6770K/8732K, paused 4ms+103ms, total 449ms
E/ActivityThread(  653): Failed to find provider info for com.android.inputmethod.latin.dictionarypack
E/BinaryDictionaryGetter(  653): Could not find a dictionary pack
E/Trace   (  679): error opening trace file: No such file or directory (2)
W/InputMethodManagerService(  285): Found no subtypes in a system IME: com.android.inputmethod.pinyin
E/UserHistoryDictionary(  653): when loading: file not foundjava.io.FileNotFoundException: /data/data/com.android.inputmethod.latin/files/UserHistoryDictionary.en_US.dict: open failed: ENOENT (No such file or directory)
D/dalvikvm(  653): GC_CONCURRENT freed 237K, 11% free 2544K/2840K, paused 5ms+99ms, total 178ms
E/StrictMode(  653): A resource was acquired at attached stack trace but never released. See java.io.Closeable for information on avoiding resource leaks.
E/StrictMode(  653): java.lang.Throwable: Explicit termination method 'close' not called
E/StrictMode(  653): 	at dalvik.system.CloseGuard.open(CloseGuard.java:184)
E/StrictMode(  653): 	at android.os.ParcelFileDescriptor.<init>(ParcelFileDescriptor.java:412)
E/StrictMode(  653): 	at android.content.res.AssetManager.openNonAssetFdNative(Native Method)
E/StrictMode(  653): 	at android.content.res.AssetManager.openNonAssetFd(AssetManager.java:428)
E/StrictMode(  653): 	at android.content.res.Resources.openRawResourceFd(Resources.java:979)
E/StrictMode(  653): 	at com.android.inputmethod.latin.BinaryDictionaryGetter.loadFallbackResource(BinaryDictionaryGetter.java:183)
E/StrictMode(  653): 	at com.android.inputmethod.latin.BinaryDictionaryGetter.getDictionaryFiles(BinaryDictionaryGetter.java:456)
E/StrictMode(  653): 	at com.android.inputmethod.latin.DictionaryFactory.createMainDictionaryFromManager(DictionaryFactory.java:57)
E/StrictMode(  653): 	at com.android.inputmethod.latin.DictionaryFactory.createMainDictionaryFromManager(DictionaryFactory.java:87)
E/StrictMode(  653): 	at com.android.inputmethod.latin.Suggest$1.run(Suggest.java:108)
I/ActivityManager(  285): Start proc com.android.mms for broadcast com.android.mms/.transaction.MmsSystemEventReceiver: pid=709 uid=10029 gids={50029, 3003, 1015, 1028}
E/Trace   (  709): error opening trace file: No such file or directory (2)
D/CountryDetector(  285): The first listener is added
V/MmsConfig(  709): mnc/mcc: 310260
V/MmsConfig(  709): tag: bool value: enabledMMS - true
V/MmsConfig(  709): tag: int value: maxMessageSize - 307200
V/MmsConfig(  709): tag: int value: maxImageHeight - 480
V/MmsConfig(  709): tag: int value: maxImageWidth - 640
V/MmsConfig(  709): tag: int value: defaultSMSMessagesPerThread - 500
V/MmsConfig(  709): tag: int value: defaultMMSMessagesPerThread - 50
V/MmsConfig(  709): tag: int value: minMessageCountPerThread - 10
V/MmsConfig(  709): tag: int value: maxMessageCountPerThread - 5000
V/MmsConfig(  709): tag: string value: uaProfUrl - http://www.google.com/oha/rdf/ua-profile-kila.xml
V/MmsConfig(  709): tag: int value: recipientLimit - -1
V/MmsConfig(  709): tag: bool value: enableMultipartSMS - true
V/MmsConfig(  709): tag: int value: smsToMmsTextThreshold - -1
V/MmsConfig(  709): tag: bool value: enableSlideDuration - true
V/MmsConfig(  709): tag: int value: maxMessageTextSize - -1
D/ExchangeService(  673): !!! EAS ExchangeService, onCreate
D/Eas Debug(  673): Logging: 
D/AndroidRuntime(  728): 
D/AndroidRuntime(  728): >>>>>> AndroidRuntime START com.android.internal.os.RuntimeInit <<<<<<
D/AndroidRuntime(  728): CheckJNI is ON
D/dalvikvm(  728): Trying to load lib libjavacore.so 0x0
D/dalvikvm(  728): Added shared lib libjavacore.so 0x0
D/dalvikvm(  728): Trying to load lib libnativehelper.so 0x0
D/dalvikvm(  728): Added shared lib libnativehelper.so 0x0
D/ExchangeService(  673): !!! EAS ExchangeService, onStartCommand, startingUp = false, running = false
D/ExchangeService(  673): !!! EAS ExchangeService, onStartCommand, startingUp = true, running = false
I/ActivityManager(  285): Start proc com.android.settings for broadcast com.android.settings/.widget.SettingsAppWidgetProvider: pid=756 uid=1000 gids={41000, 1015, 1028, 3002, 3001, 3003}
D/dalvikvm(  285): GREF has increased to 501
D/AndroidRuntime(  728): Calling main entry com.android.commands.input.Input
I/Input   (  728): injectKeyEvent: KeyEvent { action=ACTION_DOWN, keyCode=KEYCODE_MENU, scanCode=0, metaState=0, flags=0x0, repeatCount=0, eventTime=86302, downTime=86302, deviceId=-1, source=0x101 }
D/Launcher.Model(  414): Reload apps on config change. curr_mcc:310 prevmcc:0
I/Input   (  728): injectKeyEvent: KeyEvent { action=ACTION_UP, keyCode=KEYCODE_MENU, scanCode=0, metaState=0, flags=0x0, repeatCount=0, eventTime=86302, downTime=86302, deviceId=-1, source=0x101 }
D/InputEventConsistencyVerifier(  285): KeyEvent: ACTION_UP but key was not down.
D/InputEventConsistencyVerifier(  285):   in com.android.internal.policy.impl.keyguard.KeyguardHostView{411b5260 V.E..... ......I. 0,38-480,800 #10202b0 android:id/keyguard_host_view}
D/InputEventConsistencyVerifier(  285):   0: sent at 86302000000, KeyEvent { action=ACTION_UP, keyCode=KEYCODE_MENU, scanCode=0, metaState=0, flags=0x0, repeatCount=0, eventTime=86302, downTime=86302, deviceId=-1, source=0x101 }
D/AndroidRuntime(  728): Shutting down VM
D/dalvikvm(  728): GC_CONCURRENT freed 93K, 18% free 454K/552K, paused 0ms+1ms, total 11ms
W/SoundPool(  285):   sample 0 not READY
D/PhoneStatusBar(  352): disable: < expand icons alerts ticker system_info BACK HOME recent* CLOCK search* >
E/Trace   (  756): error opening trace file: No such file or directory (2)
I/ARMAssembler(   37): generated scanline__00000077:03515104_00009002_00000000 [127 ipp] (149 ins) at [0x409971f0:0x40997444] in 6620000 ns
I/ARMAssembler(   37): generated scanline__00000077:03515104_00009001_00000000 [131 ipp] (153 ins) at [0x40997450:0x409976b4] in 5210001 ns
V/TAG     (  285): bug 7643792: fitSystemWindows([0,38][0,0])
I/Choreographer(  285): Skipped 34 frames!  The application may be doing too much work on its main thread.
E/BluetoothAdapter(  756): Bluetooth binder is null
W/BroadcastQueue(  285): Failure [background] sending broadcast result of Intent { act=edu.gatech.m3.emma.COLLECT_COVERAGE flg=0x10 }
W/BroadcastQueue(  285): android.os.DeadObjectException
W/BroadcastQueue(  285): 	at android.os.BinderProxy.transact(Native Method)
W/BroadcastQueue(  285): 	at android.content.IIntentReceiver$Stub$Proxy.performReceive(IIntentReceiver.java:124)
W/BroadcastQueue(  285): 	at com.android.server.am.BroadcastQueue.performReceiveLocked(BroadcastQueue.java:376)
W/BroadcastQueue(  285): 	at com.android.server.am.BroadcastQueue.processNextBroadcast(BroadcastQueue.java:589)
W/BroadcastQueue(  285): 	at com.android.server.am.ActivityManagerService.finishReceiver(ActivityManagerService.java:12082)
W/BroadcastQueue(  285): 	at android.app.ActivityManagerNative.onTransact(ActivityManagerNative.java:375)
W/BroadcastQueue(  285): 	at com.android.server.am.ActivityManagerService.onTransact(ActivityManagerService.java:1674)
W/BroadcastQueue(  285): 	at android.os.Binder.execTransact(Binder.java:351)
W/BroadcastQueue(  285): 	at dalvik.system.NativeStart.run(Native Method)
D/dalvikvm(  414): GC_FOR_ALLOC freed 183K, 5% free 4908K/5148K, paused 28ms, total 40ms
I/dalvikvm-heap(  414): Grow heap (frag case) to 6.217MB for 1440016-byte allocation
D/dalvikvm(  414): GC_FOR_ALLOC freed 26K, 5% free 6288K/6556K, paused 39ms, total 39ms
D/dalvikvm(  414): GC_CONCURRENT freed 20K, 4% free 6308K/6556K, paused 3ms+3ms, total 60ms
I/Choreographer(  414): Skipped 772 frames!  The application may be doing too much work on its main thread.
D/PhoneStatusBar(  352): disable: < expand icons alerts ticker system_info back* home* recent clock* search >
E/SurfaceFlinger(   37): ro.sf.lcd_density must be defined as a build property
D/gralloc_goldfish(  414): Emulator without GPU emulation detected.
D/dalvikvm(  414): GC_FOR_ALLOC freed 1599K, 26% free 5041K/6756K, paused 32ms, total 51ms
I/dalvikvm-heap(  414): Grow heap (frag case) to 6.370MB for 1463056-byte allocation
D/dalvikvm(  414): GC_CONCURRENT freed 8K, 22% free 6462K/8188K, paused 8ms+3ms, total 33ms
D/dalvikvm(  414): WAIT_FOR_CONCURRENT_GC blocked 26ms
D/dalvikvm(  414): GC_FOR_ALLOC freed <1K, 22% free 6462K/8188K, paused 27ms, total 27ms
I/dalvikvm-heap(  414): Grow heap (frag case) to 7.757MB for 1463056-byte allocation
D/dalvikvm(  414): GC_CONCURRENT freed 0K, 18% free 7891K/9620K, paused 6ms+6ms, total 33ms
D/dalvikvm(  414): WAIT_FOR_CONCURRENT_GC blocked 28ms
I/ActivityManager(  285): Displayed com.android.launcher/com.android.launcher2.Launcher: +46s134ms
D/MediaScannerReceiver(  530): action: android.intent.action.MEDIA_MOUNTED path: /mnt/sdcard
E/BluetoothAdapter(  756): Bluetooth binder is null
E/BluetoothAdapter(  756): Bluetooth binder is null
D/ExchangeService(  673): !!! EAS ExchangeService, onStartCommand, startingUp = true, running = false
D/Eas Debug(  673): Logging: 
D/Mms:app (  709): cancelNotification
D/dalvikvm(  414): GC_FOR_ALLOC freed 1744K, 21% free 7679K/9620K, paused 29ms, total 42ms
D/dalvikvm(  414): GREF has increased to 201
I/Choreographer(  414): Skipped 31 frames!  The application may be doing too much work on its main thread.
I/Choreographer(  414): Skipped 52 frames!  The application may be doing too much work on its main thread.
D/MmsSmsDatabaseHelper(  395): [MmsSmsDb] tableName: threads hasAutoIncrement: CREATE TABLE threads (_id INTEGER PRIMARY KEY AUTOINCREMENT,date INTEGER DEFAULT 0,message_count INTEGER DEFAULT 0,recipient_ids TEXT,snippet TEXT,snippet_cs INTEGER DEFAULT 0,read INTEGER DEFAULT 1,type INTEGER DEFAULT 0,error INTEGER DEFAULT 0,has_attachment INTEGER DEFAULT 0) result: true
D/MmsSmsDatabaseHelper(  395): [MmsSmsDb] tableName: canonical_addresses hasAutoIncrement: CREATE TABLE canonical_addresses (_id INTEGER PRIMARY KEY AUTOINCREMENT,address TEXT) result: true
D/MmsSmsDatabaseHelper(  395): [MmsSmsDb] tableName: part hasAutoIncrement: CREATE TABLE part (_id INTEGER PRIMARY KEY AUTOINCREMENT,mid INTEGER,seq INTEGER DEFAULT 0,ct TEXT,name TEXT,chset INTEGER,cd TEXT,fn TEXT,cid TEXT,cl TEXT,ctt_s INTEGER,ctt_t TEXT,_data TEXT,text TEXT) result: true
D/MmsSmsDatabaseHelper(  395): [MmsSmsDb] tableName: pdu hasAutoIncrement: CREATE TABLE pdu (_id INTEGER PRIMARY KEY AUTOINCREMENT,thread_id INTEGER,date INTEGER,date_sent INTEGER DEFAULT 0,msg_box INTEGER,read INTEGER DEFAULT 0,m_id TEXT,sub TEXT,sub_cs INTEGER,ct_t TEXT,ct_l TEXT,exp INTEGER,m_cls TEXT,m_type INTEGER,v INTEGER,m_size INTEGER,pri INTEGER,rr INTEGER,rpt_a INTEGER,resp_st INTEGER,st INTEGER,tr_id TEXT,retr_st INTEGER,retr_txt TEXT,retr_txt_cs INTEGER,read_status INTEGER,ct_cls INTEGER,resp_txt TEXT,d_tm INTEGER,d_rpt INTEGER,locked INTEGER DEFAULT 0,seen INTEGER DEFAULT 0,text_only INTEGER DEFAULT 0) result: true
D/MmsSmsDatabaseHelper(  395): [getWritableDatabase] hasAutoIncrementThreads: true hasAutoIncrementAddresses: true hasAutoIncrementPart: true hasAutoIncrementPdu: true
I/CalendarProvider2(  679): Sending notification intent: Intent { act=android.intent.action.PROVIDER_CHANGED dat=content://com.android.calendar }
W/ContentResolver(  679): Failed to get type for: content://com.android.calendar (Unknown URL content://com.android.calendar)
I/ActivityManager(  285): Start proc com.android.calendar for broadcast com.android.calendar/.alerts.AlertReceiver: pid=788 uid=10004 gids={50004, 3003, 1028}
E/Trace   (  788): error opening trace file: No such file or directory (2)
D/AlertReceiver(  788): onReceive: a=android.intent.action.PROVIDER_CHANGED Intent { act=android.intent.action.PROVIDER_CHANGED dat=content://com.android.calendar flg=0x10 cmp=com.android.calendar/.alerts.AlertReceiver }
D/AlertService(  788): 0 Action = android.intent.action.PROVIDER_CHANGED
D/AlertService(  788): Beginning updateAlertNotification
D/AndroidRuntime(  804): 
D/AndroidRuntime(  804): >>>>>> AndroidRuntime START com.android.internal.os.RuntimeInit <<<<<<
D/AndroidRuntime(  804): CheckJNI is ON
D/dalvikvm(  804): Trying to load lib libjavacore.so 0x0
D/dalvikvm(  804): Added shared lib libjavacore.so 0x0
D/dalvikvm(  804): Trying to load lib libnativehelper.so 0x0
D/dalvikvm(  804): Added shared lib libnativehelper.so 0x0
D/dalvikvm(  395): GREF has increased to 201
D/AlertService(  788): No fired or scheduled alerts
D/AndroidRuntime(  804): Calling main entry com.android.commands.am.Am
D/dalvikvm(  804): Note: class Landroid/app/ActivityManagerNative; has 157 unimplemented (abstract) methods
I/ActivityManager(  285): Force stopping package es.senselesssolutions.gpl.weightchart appid=10047 user=0
D/dalvikvm(  829): Not late-enabling CheckJNI (already on)
I/ActivityManager(  285): Start proc es.senselesssolutions.gpl.weightchart for added application es.senselesssolutions.gpl.weightchart: pid=829 uid=10047 gids={50047, 1015, 1028}
I/dalvikvm(  829): Turning on JNI app bug workarounds for target SDK version 3...
E/Trace   (  829): error opening trace file: No such file or directory (2)
D/androidripper(  829): Updating node 
D/androidripper(  829): Loading node 
I/androidripper(  829): Preferences file found.
V/androidripper(  829): Updating value ACTIVITY_DESCRIPTION_IN_SESSION
V/androidripper(  829): Updating value ADDITIONAL_CRITERIAS
V/androidripper(  829): Updating value ADDITIONAL_EVENTS
V/androidripper(  829): Updating value ADDITIONAL_INPUTS
V/androidripper(  829): Updating value CLASS_NAME
D/androidripper(  829): Updated value of parameter CLASS_NAME to es.senselesssolutions.gpl.weightchart.ChartActivity (default = app.package.class)
V/androidripper(  829): Updating value ENABLE_MODEL
V/androidripper(  829): Updating value ENABLE_RESUME
V/androidripper(  829): Updating value INTENT_ACTION
V/androidripper(  829): Updating value INTENT_ACTIVITY
V/androidripper(  829): Updating value INTENT_CATEGORY
V/androidripper(  829): Updating value INTENT_DATA
V/androidripper(  829): Updating value INTENT_FLAGS
V/androidripper(  829): Updating value INTENT_TYPE
V/androidripper(  829): Updating value PACKAGE_NAME
D/androidripper(  829): Updated value of parameter PACKAGE_NAME to es.senselesssolutions.gpl.weightchart (default = app.package)
V/androidripper(  829): Updating value RANDOM_SEED
D/androidripper(  829): Updated value of parameter RANDOM_SEED to -4244019791393197310 (default = 5466516511651561651)
V/androidripper(  829): Updating value RETRY_FAILED_TRACES
V/androidripper(  829): Updating value theClass
D/dalvikvm(  829): GC_CONCURRENT freed 331K, 14% free 2543K/2936K, paused 12ms+6ms, total 62ms
D/dalvikvm(  829): WAIT_FOR_CONCURRENT_GC blocked 4ms
I/System.out(  829): EMMA: collecting runtime coverage data ...
D/androidripper(  829): Updating node scheduler
D/androidripper(  829): Loading node scheduler
V/androidripper(  829): Updating value ACTIONBARHOME_EVENTS
V/androidripper(  829): Updating value ALL_EVENTS_ON_PREFERENCES
V/androidripper(  829): Updating value BACK_BUTTON_EVENT
V/androidripper(  829): Updating value DICTIONARY_FIXED_VALUE
V/androidripper(  829): Updating value DICTIONARY_IGNORE_CONTENT_TYPES
V/androidripper(  829): Updating value EMULATOR_PORT
V/androidripper(  829): Updating value EVENTS
D/androidripper(  829): Updated values of array parameter EVENTS
V/androidripper(  829): Updating value EVENT_WHEN_NO_ID
V/androidripper(  829): Updating value EXCLUDE_WIDGETS_INPUTS_IN_GPS_EVENTS
V/androidripper(  829): Updating value EXCLUDE_WIDGETS_INPUTS_IN_SENSORS_EVENTS
V/androidripper(  829): Updating value FIX_GPS_POSITION
V/androidripper(  829): Updating value INPUTS
D/androidripper(  829): Updated values of array parameter INPUTS
V/androidripper(  829): Updating value KEY_EVENTS
V/androidripper(  829): Updating value MAX_EVENTS_PER_WIDGET
V/androidripper(  829): Updating value MAX_TASKS_IN_SCHEDULER
V/androidripper(  829): Updating value MAX_TASKS_PER_EVENT
V/androidripper(  829): Updating value MENU_EVENTS
V/androidripper(  829): Updating value ORIENTATION_EVENTS
V/androidripper(  829): Updating value PLANNER
V/androidripper(  829): Updating value REFLECT_ACTIVITY_LISTENERS
V/androidripper(  829): Updating value REFLECT_WIDGETS
V/androidripper(  829): Updating value SCHEDULER_ALGORITHM
V/androidripper(  829): Updating value SCROLL_DOWN_EVENT
V/androidripper(  829): Updating value SENSOR_TYPES
V/androidripper(  829): Updating value SIMULATE_INCOMING_CALL
V/androidripper(  829): Updating value SIMULATE_INCOMING_SMS
V/androidripper(  829): Updating value TAB_EVENTS_START_ONLY
V/androidripper(  829): Updating value TEST_LOCATION_PROVIDER
V/androidripper(  829): Updating value TEXT_VALUES_FROM_DICTIONARY
V/androidripper(  829): Updating value TEXT_VALUES_ID_HASH
V/androidripper(  829): Updating value USE_GPS
V/androidripper(  829): Updating value USE_SENSORS
D/androidripper(  829): Updating node planner
D/androidripper(  829): Loading node planner
V/androidripper(  829): Updating value ACTIONBARHOME_EVENTS
V/androidripper(  829): Updating value ALL_EVENTS_ON_PREFERENCES
V/androidripper(  829): Updating value BACK_BUTTON_EVENT
V/androidripper(  829): Updating value DICTIONARY_FIXED_VALUE
V/androidripper(  829): Updating value DICTIONARY_IGNORE_CONTENT_TYPES
V/androidripper(  829): Updating value EMULATOR_PORT
V/androidripper(  829): Updating value EVENTS
D/androidripper(  829): Updated values of array parameter EVENTS
V/androidripper(  829): Updating value EVENT_WHEN_NO_ID
V/androidripper(  829): Updating value EXCLUDE_WIDGETS_INPUTS_IN_GPS_EVENTS
V/androidripper(  829): Updating value EXCLUDE_WIDGETS_INPUTS_IN_SENSORS_EVENTS
V/androidripper(  829): Updating value FIX_GPS_POSITION
V/androidripper(  829): Updating value INPUTS
D/androidripper(  829): Updated values of array parameter INPUTS
V/androidripper(  829): Updating value KEY_EVENTS
V/androidripper(  829): Updating value MAX_EVENTS_PER_WIDGET
V/androidripper(  829): Updating value MAX_TASKS_IN_SCHEDULER
V/androidripper(  829): Updating value MAX_TASKS_PER_EVENT
V/androidripper(  829): Updating value MENU_EVENTS
V/androidripper(  829): Updating value ORIENTATION_EVENTS
V/androidripper(  829): Updating value PLANNER
V/androidripper(  829): Updating value REFLECT_ACTIVITY_LISTENERS
V/androidripper(  829): Updating value REFLECT_WIDGETS
V/androidripper(  829): Updating value SCHEDULER_ALGORITHM
V/androidripper(  829): Updating value SCROLL_DOWN_EVENT
V/androidripper(  829): Updating value SENSOR_TYPES
V/androidripper(  829): Updating value SIMULATE_INCOMING_CALL
V/androidripper(  829): Updating value SIMULATE_INCOMING_SMS
V/androidripper(  829): Updating value TAB_EVENTS_START_ONLY
V/androidripper(  829): Updating value TEST_LOCATION_PROVIDER
V/androidripper(  829): Updating value TEXT_VALUES_FROM_DICTIONARY
V/androidripper(  829): Updating value TEXT_VALUES_ID_HASH
D/androidripper(  829): Updated value of parameter TEXT_VALUES_ID_HASH to true (default = false)
V/androidripper(  829): Updating value USE_GPS
V/androidripper(  829): Updating value USE_SENSORS
D/androidripper(  829): Updating node interactions
D/androidripper(  829): Loading node interactions
V/androidripper(  829): Updating value ACTIONBARHOME_EVENTS
V/androidripper(  829): Updating value ALL_EVENTS_ON_PREFERENCES
V/androidripper(  829): Updating value BACK_BUTTON_EVENT
V/androidripper(  829): Updating value DICTIONARY_FIXED_VALUE
V/androidripper(  829): Updating value DICTIONARY_IGNORE_CONTENT_TYPES
V/androidripper(  829): Updating value EMULATOR_PORT
V/androidripper(  829): Updating value EVENTS
D/androidripper(  829): Updated values of array parameter EVENTS
V/androidripper(  829): Updating value EVENT_WHEN_NO_ID
V/androidripper(  829): Updating value EXCLUDE_WIDGETS_INPUTS_IN_GPS_EVENTS
V/androidripper(  829): Updating value EXCLUDE_WIDGETS_INPUTS_IN_SENSORS_EVENTS
V/androidripper(  829): Updating value FIX_GPS_POSITION
V/androidripper(  829): Updating value INPUTS
D/androidripper(  829): Updated values of array parameter INPUTS
V/androidripper(  829): Updating value KEY_EVENTS
V/androidripper(  829): Updating value MAX_EVENTS_PER_WIDGET
V/androidripper(  829): Updating value MAX_TASKS_IN_SCHEDULER
V/androidripper(  829): Updating value MAX_TASKS_PER_EVENT
V/androidripper(  829): Updating value MENU_EVENTS
V/androidripper(  829): Updating value ORIENTATION_EVENTS
V/androidripper(  829): Updating value PLANNER
V/androidripper(  829): Updating value REFLECT_ACTIVITY_LISTENERS
V/androidripper(  829): Updating value REFLECT_WIDGETS
V/androidripper(  829): Updating value SCHEDULER_ALGORITHM
V/androidripper(  829): Updating value SCROLL_DOWN_EVENT
V/androidripper(  829): Updating value SENSOR_TYPES
V/androidripper(  829): Updating value SIMULATE_INCOMING_CALL
V/androidripper(  829): Updating value SIMULATE_INCOMING_SMS
V/androidripper(  829): Updating value TAB_EVENTS_START_ONLY
V/androidripper(  829): Updating value TEST_LOCATION_PROVIDER
V/androidripper(  829): Updating value TEXT_VALUES_FROM_DICTIONARY
V/androidripper(  829): Updating value TEXT_VALUES_ID_HASH
V/androidripper(  829): Updating value USE_GPS
V/androidripper(  829): Updating value USE_SENSORS
D/androidripper(  829): Updating node comparator
D/androidripper(  829): Loading node comparator
V/androidripper(  829): Updating value COMPARATOR
V/androidripper(  829): Updating value COMPARATOR_TYPE
D/androidripper(  829): Updated value of parameter COMPARATOR_TYPE to CustomWidgetsSimpleComparator (default = NullComparator)
V/androidripper(  829): Updating value COMPARE_ACTIVITY_NAME
V/androidripper(  829): Updating value COMPARE_LIST_COUNT
V/androidripper(  829): Updating value COMPARE_MENU_COUNT
V/androidripper(  829): Updating value COMPARE_STATE_TITLE
D/androidripper(  829): Updated value of parameter COMPARE_STATE_TITLE to true (default = false)
V/androidripper(  829): Updating value COMPARE_VALUES
V/androidripper(  829): Updating value WIDGET_TYPES
D/androidripper(  829): Updated values of array parameter WIDGET_TYPES
D/androidripper(  829): Comparation by name is enabled
D/androidripper(  829): Comparation by title is disabled
D/androidripper(  829): Updating node strategy
D/androidripper(  829): Loading node strategy
V/androidripper(  829): Updating value AFTER_EVENT_DONT_EXPLORE
V/androidripper(  829): Updating value AFTER_WIDGET_DONT_EXPLORE
V/androidripper(  829): Updating value CHECK_FOR_TRANSITION
V/androidripper(  829): Updating value EXPLORE_ONLY_NEW_STATES
V/androidripper(  829): Updating value MAX_NUM_TRACES
V/androidripper(  829): Updating value MAX_TIME_CRAWLING
V/androidripper(  829): Updating value PAUSE_AFTER_TIME
V/androidripper(  829): Updating value PAUSE_AFTER_TRACES
V/androidripper(  829): Updating value TRACE_MAX_DEPTH
V/androidripper(  829): Updating value TRACE_MIN_DEPTH
W/dalvikvm(  829): method Landroid/test/InstrumentationTestRunner$StringResultPrinter;.print incorrectly overrides package-private method with same name in Ljunit/textui/ResultPrinter;
I/TestRunner(  829): started: testAndCrawl(it.unina.androidripper.guitree.GuiTreeEngine)
I/ActivityManager(  285): START u0 {act=android.intent.action.MAIN flg=0x10000000 cmp=es.senselesssolutions.gpl.weightchart/.ChartActivity} from pid 829
D/PermissionCache(   37): checking android.permission.READ_FRAME_BUFFER for uid=1000 => granted (13505 us)
W/WindowManager(  285): Failure taking screenshot for (246x410) to layer 21005
W/SurfaceFlinger(   37): createScreenshotSurface failed (Function not implemented)
I/ActivityManager(  285): Config changes=1480 {1.0 310mcc260mnc en_US ldltr sw320dp w533dp h294dp 240dpi nrml long land finger -keyb/v/h tball/v s.7}
I/InputReader(  285): Reconfiguring input devices.  changes=0x00000004
I/InputReader(  285): Device reconfigured: id=0, name='qwerty2', size 480x800, orientation 1, mode 1, display id 0
I/InputReader(  285): Reconfiguring input devices.  changes=0x00000004
I/InputReader(  285): Device reconfigured: id=0, name='qwerty2', size 480x800, orientation 1, mode 1, display id 0
I/dalvikvm(  285): Jit: resizing JitTable from 4096 to 8192
E/SurfaceFlinger(   37): ro.sf.lcd_density must be defined as a build property
D/dalvikvm(  829): GC_CONCURRENT freed 322K, 13% free 2624K/2996K, paused 3ms+2ms, total 119ms
D/dalvikvm(  352): GC_FOR_ALLOC freed 9132K, 71% free 3904K/13128K, paused 250ms, total 277ms
I/dalvikvm-heap(  352): Grow heap (frag case) to 9.977MB for 6410576-byte allocation
D/dalvikvm(  352): GC_FOR_ALLOC freed 5K, 23% free 10158K/13128K, paused 75ms, total 75ms
D/dalvikvm(  352): GC_CONCURRENT freed <1K, 23% free 10160K/13128K, paused 7ms+4ms, total 76ms
D/dalvikvm(  829): GC_FOR_ALLOC freed 24K, 11% free 2670K/2996K, paused 18ms, total 30ms
I/dalvikvm-heap(  829): Grow heap (frag case) to 2.931MB for 281896-byte allocation
D/dalvikvm(  829): GC_FOR_ALLOC freed <1K, 10% free 2945K/3272K, paused 44ms, total 44ms
D/dalvikvm(  352): GC_FOR_ALLOC freed <1K, 23% free 10160K/13128K, paused 74ms, total 74ms
I/dalvikvm-heap(  352): Grow heap (frag case) to 12.671MB for 2828816-byte allocation
D/dalvikvm(  352): GC_CONCURRENT freed 0K, 2% free 12923K/13128K, paused 5ms+16ms, total 72ms
D/dalvikvm(  352): WAIT_FOR_CONCURRENT_GC blocked 58ms
E/SurfaceFlinger(   37): ro.sf.lcd_density must be defined as a build property
E/SurfaceFlinger(   37): ro.sf.lcd_density must be defined as a build property
I/Choreographer(  829): Skipped 78 frames!  The application may be doing too much work on its main thread.
D/gralloc_goldfish(  829): Emulator without GPU emulation detected.
V/PhoneStatusBar(  352): setLightsOn(true)
W/WindowManager(  285): Window freeze timeout expired.
W/WindowManager(  285): Force clearing orientation change: Window{40fd6750 u0 es.senselesssolutions.gpl.weightchart/es.senselesssolutions.gpl.weightchart.ChartActivity}
W/WindowManager(  285): Force clearing orientation change: Window{41073e40 u0 com.android.systemui.ImageWallpaper}
I/ActivityManager(  285): Displayed es.senselesssolutions.gpl.weightchart/.ChartActivity: +2s168ms
I/ARMAssembler(   37): generated scanline__00000077:03010104_00008002_00000000 [ 89 ipp] (110 ins) at [0x409976c0:0x40997878] in 1475000 ns
I/ARMAssembler(   37): generated scanline__00000077:03515104_00008001_00000000 [113 ipp] (134 ins) at [0x40997880:0x40997a98] in 627000 ns
D/EmailProvider(  638): fromDatabase accounts: 0
I/Choreographer(  829): Skipped 31 frames!  The application may be doing too much work on its main thread.
D/androidripper(  829): Generated Resuming Persistence
D/androidripper(  829): Updating node storage
D/androidripper(  829): Loading node storage
V/androidripper(  829): Updating value ACTIVITY_LIST_FILE_NAME
V/androidripper(  829): Updating value FILE_NAME
V/androidripper(  829): Updating value MAX_TRACES_IN_RAM
V/androidripper(  829): Updating value ONLY_FINALTRANSITION
V/androidripper(  829): Updating value PARAMETERS_FILE_NAME
V/androidripper(  829): Updating value TASK_LIST_FILE_NAME
E/dalvikvm(  829): Could not find class 'android.support.v4.app.FragmentActivity', referenced from method com.jayway.android.robotium.solo.Waiter.getSupportFragment
W/dalvikvm(  829): VFY: unable to resolve check-cast 56 (Landroid/support/v4/app/FragmentActivity;) in Lcom/jayway/android/robotium/solo/Waiter;
D/dalvikvm(  829): VFY: replacing opcode 0x1f at 0x0009
I/dalvikvm(  829): Could not find method android.support.v4.app.FragmentActivity.getSupportFragmentManager, referenced from method com.jayway.android.robotium.solo.Waiter.getSupportFragment
W/dalvikvm(  829): VFY: unable to resolve virtual method 141: Landroid/support/v4/app/FragmentActivity;.getSupportFragmentManager ()Landroid/support/v4/app/FragmentManager;
D/dalvikvm(  829): VFY: replacing opcode 0x6e at 0x0010
I/dalvikvm(  829): Could not find method android.support.v4.app.FragmentActivity.getSupportFragmentManager, referenced from method com.jayway.android.robotium.solo.Waiter.getSupportFragment
W/dalvikvm(  829): VFY: unable to resolve virtual method 141: Landroid/support/v4/app/FragmentActivity;.getSupportFragmentManager ()Landroid/support/v4/app/FragmentManager;
D/dalvikvm(  829): VFY: replacing opcode 0x6e at 0x0019
W/dalvikvm(  829): VFY: unable to find class referenced in signature (Landroid/support/v4/app/Fragment;)
W/dalvikvm(  829): VFY: unable to find class referenced in signature (Landroid/support/v4/app/Fragment;)
W/SurfaceFlinger(   37): createScreenshotSurface failed (Function not implemented)
I/InputReader(  285): Reconfiguring input devices.  changes=0x00000004
I/InputReader(  285): Device reconfigured: id=0, name='qwerty2', size 480x800, orientation 0, mode 1, display id 0
I/ActivityManager(  285): Config changes=1480 {1.0 310mcc260mnc en_US ldltr sw320dp w320dp h508dp 240dpi nrml long port finger -keyb/v/h tball/v s.8}
D/dalvikvm(  352): GC_FOR_ALLOC freed 9075K, 5% free 3902K/4092K, paused 87ms, total 89ms
D/androidripper(  829): Updating node automation
D/androidripper(  829): Loading node automation
E/WindowManager(  829): Activity es.senselesssolutions.gpl.weightchart.ChartActivity has leaked window com.android.internal.policy.impl.PhoneWindow$DecorView{40ce49b0 V.E..... R.....I. 0,0-320,282} that was originally added here
E/WindowManager(  829): android.view.WindowLeaked: Activity es.senselesssolutions.gpl.weightchart.ChartActivity has leaked window com.android.internal.policy.impl.PhoneWindow$DecorView{40ce49b0 V.E..... R.....I. 0,0-320,282} that was originally added here
E/WindowManager(  829): 	at android.view.ViewRootImpl.<init>(ViewRootImpl.java:354)
E/WindowManager(  829): 	at android.view.WindowManagerGlobal.addView(WindowManagerGlobal.java:216)
E/WindowManager(  829): 	at android.view.WindowManagerImpl.addView(WindowManagerImpl.java:69)
E/WindowManager(  829): 	at android.app.Dialog.show(Dialog.java:281)
E/WindowManager(  829): 	at android.app.Activity.showDialog(Activity.java:3071)
E/WindowManager(  829): 	at android.app.Activity.showDialog(Activity.java:3021)
E/WindowManager(  829): 	at es.senselesssolutions.gpl.weightchart.ChartActivity.onCreate(ChartActivity.java:88)
E/WindowManager(  829): 	at android.app.Activity.performCreate(Activity.java:5104)
E/WindowManager(  829): 	at android.app.Instrumentation.callActivityOnCreate(Instrumentation.java:1080)
E/WindowManager(  829): 	at android.app.ActivityThread.performLaunchActivity(ActivityThread.java:2144)
E/WindowManager(  829): 	at android.app.ActivityThread.handleLaunchActivity(ActivityThread.java:2230)
E/WindowManager(  829): 	at android.app.ActivityThread.access$600(ActivityThread.java:141)
E/WindowManager(  829): 	at android.app.ActivityThread$H.handleMessage(ActivityThread.java:1234)
E/WindowManager(  829): 	at android.os.Handler.dispatchMessage(Handler.java:99)
E/WindowManager(  829): 	at android.os.Looper.loop(Looper.java:137)
E/WindowManager(  829): 	at android.app.ActivityThread.main(ActivityThread.java:5041)
E/WindowManager(  829): 	at java.lang.reflect.Method.invokeNative(Native Method)
E/WindowManager(  829): 	at java.lang.reflect.Method.invoke(Method.java:511)
E/WindowManager(  829): 	at com.android.internal.os.ZygoteInit$MethodAndArgsCaller.run(ZygoteInit.java:793)
E/WindowManager(  829): 	at com.android.internal.os.ZygoteInit.main(ZygoteInit.java:560)
E/WindowManager(  829): 	at dalvik.system.NativeStart.main(Native Method)
V/androidripper(  829): Updating value FORCE_RESTART
V/androidripper(  829): Updating value IN_AND_OUT_FOCUS
V/androidripper(  829): Updating value PRECRAWLING
V/androidripper(  829): Updating value SCREENSHOT_FOR_EVENTS
V/androidripper(  829): Updating value SCREENSHOT_FOR_STATES
V/androidripper(  829): Updating value SCREENSHOT_ONLY_NEW_STATES
V/androidripper(  829): Updating value SLEEP_AFTER_EVENT
V/androidripper(  829): Updating value SLEEP_AFTER_RESTART
V/androidripper(  829): Updating value SLEEP_AFTER_TASK
V/androidripper(  829): Updating value SLEEP_ON_THROBBER
I/androidripper(  829): Waiting for 1 sec.
I/dalvikvm-heap(  352): Grow heap (frag case) to 9.975MB for 6410576-byte allocation
D/dalvikvm(  829): GC_CONCURRENT freed 93K, 5% free 3271K/3424K, paused 5ms+30ms, total 116ms
D/dalvikvm(  352): GC_FOR_ALLOC freed 1K, 2% free 10160K/10356K, paused 75ms, total 75ms
D/dalvikvm(  352): GC_CONCURRENT freed <1K, 2% free 10161K/10356K, paused 9ms+3ms, total 70ms
D/dalvikvm(  829): GC_CONCURRENT freed 40K, 4% free 3701K/3828K, paused 4ms+13ms, total 80ms
I/Choreographer(  829): Skipped 44 frames!  The application may be doing too much work on its main thread.
E/SurfaceFlinger(   37): ro.sf.lcd_density must be defined as a build property
D/dalvikvm(  352): GC_FOR_ALLOC freed <1K, 2% free 10161K/10356K, paused 64ms, total 84ms
I/dalvikvm-heap(  352): Grow heap (frag case) to 12.672MB for 2828816-byte allocation
E/SurfaceFlinger(   37): ro.sf.lcd_density must be defined as a build property
E/SurfaceFlinger(   37): ro.sf.lcd_density must be defined as a build property
D/dalvikvm(  352): GC_CONCURRENT freed 0K, 2% free 12924K/13120K, paused 4ms+3ms, total 127ms
D/dalvikvm(  352): WAIT_FOR_CONCURRENT_GC blocked 113ms
I/Choreographer(  829): Skipped 95 frames!  The application may be doing too much work on its main thread.
I/Choreographer(  829): Skipped 68 frames!  The application may be doing too much work on its main thread.
D/androidripper(  829): Ready to operate after restarting...
I/androidripper(  829): Current activity is ChartActivity
W/androidripper(  829): --->ChartActivity
I/androidripper(  829): Retrieving widgets
D/androidripper(  829): Found widget: id=-1 (android.widget.FrameLayout{40ced3f8 V.E..... ......I. 0,0-320,282})
D/androidripper(  829): Found widget: id=16908290 (android.widget.FrameLayout{40d0c318 V.E..... ......I. 0,0-320,282 #1020002 android:id/content})
D/androidripper(  829): Found widget: id=16908885 (android.widget.LinearLayout{40db1ea8 V.E..... ......I. 0,0-320,282 #1020255 android:id/parentPanel})
D/androidripper(  829): Found widget: id=16908886 (android.widget.LinearLayout{40cfefd8 V.E..... ......I. 3,9-319,70 #1020256 android:id/topPanel})
D/androidripper(  829): Found widget: id=16908887 (android.widget.LinearLayout{40d34560 V.E..... ......I. 22,15-294,51 #1020257 android:id/title_template})
D/androidripper(  829): Found widget: id=16908294 (android.widget.ImageView{40ce8b90 G.ED.... ......I. 0,0-0,0 #1020006 android:id/icon})
D/androidripper(  829): Found widget: id=16908888 (com.android.internal.widget.DialogTitle{40d34780 V.ED.... ......I. 0,0-272,36 #1020258 android:id/alertTitle}): Weight unit
D/androidripper(  829): Found widget: id=16908889 (android.widget.ImageView{40cf2df8 V.ED.... ......I. 12,60-304,61 #1020259 android:id/titleDivider})
D/androidripper(  829): Found widget: id=16908893 (android.widget.LinearLayout{40d39c48 V.E..... ......I. 3,70-319,279 #102025d android:id/contentPanel})
D/androidripper(  829): Found widget: id=16909165 (com.android.internal.app.AlertController$RecycleListView{40cd4830 VFED.VC. .F....I. 12,0-304,194 #102036d android:id/select_dialog_listview})
D/androidripper(  829): Found widget: id=16908308 (android.widget.CheckedTextView{40e34498 V.ED.... ..S...I. 0,0-292,64 #1020014 android:id/text1}): kilogram
D/androidripper(  829): Found widget: id=16908308 (android.widget.CheckedTextView{40e35d90 V.ED.... ......I. 0,65-292,129 #1020014 android:id/text1}): pound
D/androidripper(  829): Found widget: id=16908308 (android.widget.CheckedTextView{40e36de0 V.ED.... ......I. 0,130-292,194 #1020014 android:id/text1}): stone
D/androidripper(  829): Found widget: id=16908895 (android.widget.FrameLayout{40d18d58 G.E..... ......I. 0,0-0,0 #102025f android:id/customPanel})
D/androidripper(  829): Found widget: id=16908331 (android.widget.FrameLayout{40ce6e08 V.E..... ......I. 0,0-0,0 #102002b android:id/custom})
D/androidripper(  829): Found widget: id=16908890 (android.widget.LinearLayout{40ce7118 G.E..... ......I. 0,0-0,0 #102025a android:id/buttonPanel})
D/androidripper(  829): Found widget: id=-1 (android.widget.LinearLayout{40ce5ee0 V.E..... ......ID 0,0-0,0})
D/androidripper(  829): Found widget: id=16908891 (android.widget.LinearLayout{40ce6310 G.E..... ......I. 0,0-0,0 #102025b android:id/leftSpacer})
