D/androidripper(  862): Found widget: id=16908885 (android.widget.LinearLayout{40e55a60 V.E..... ......I. 0,0-320,279 #1020255 android:id/parentPanel})
D/androidripper(  862): Found widget: id=16908886 (android.widget.LinearLayout{40e55de0 V.E..... ......I. 3,9-319,70 #1020256 android:id/topPanel})
D/androidripper(  862): Found widget: id=16908887 (android.widget.LinearLayout{40e56168 V.E..... ......I. 22,15-294,51 #1020257 android:id/title_template})
D/androidripper(  862): Found widget: id=16908294 (android.widget.ImageView{40dad450 G.ED.... ......I. 0,0-0,0 #1020006 android:id/icon})
D/androidripper(  862): Found widget: id=16908888 (com.android.internal.widget.DialogTitle{40dad6e0 V.ED.... ......I. 0,0-272,36 #1020258 android:id/alertTitle}): Height unit
D/androidripper(  862): Found widget: id=16908889 (android.widget.ImageView{40dae400 V.ED.... ......I. 12,60-304,61 #1020259 android:id/titleDivider})
D/androidripper(  862): Found widget: id=16908893 (android.widget.LinearLayout{40dae760 V.E..... ......I. 3,70-319,199 #102025d android:id/contentPanel})
D/androidripper(  862): Found widget: id=16909165 (com.android.internal.app.AlertController$RecycleListView{40eb5180 VFED.VC. .F....I. 12,0-304,129 #102036d android:id/select_dialog_listview})
D/androidripper(  862): Found widget: id=16908308 (android.widget.CheckedTextView{40e64130 V.ED.... ......I. 0,0-292,64 #1020014 android:id/text1}): centimeter
D/androidripper(  862): Found widget: id=16908308 (android.widget.CheckedTextView{40ccd2f0 V.ED.... ......I. 0,65-292,129 #1020014 android:id/text1}): foot
D/androidripper(  862): Found widget: id=16908895 (android.widget.FrameLayout{40e97930 G.E..... ......I. 0,0-0,0 #102025f android:id/customPanel})
D/androidripper(  862): Found widget: id=16908331 (android.widget.FrameLayout{40e97d20 V.E..... ......I. 0,0-0,0 #102002b android:id/custom})
D/androidripper(  862): Found widget: id=16908890 (android.widget.LinearLayout{40e98108 V.E..... ......I. 3,199-319,276 #102025a android:id/buttonPanel})
D/androidripper(  862): Found widget: id=-1 (android.widget.LinearLayout{40e98490 V.E..... ......I. 12,8-304,62})
D/androidripper(  862): Found widget: id=16908891 (android.widget.LinearLayout{40e988a0 V.E..... ......ID 2,4-74,4 #102025b android:id/leftSpacer})
D/androidripper(  862): Found widget: id=16908313 (android.widget.Button{40e52880 GFED..C. ......I. 0,0-0,0 #1020019 android:id/button1}): 
D/androidripper(  862): Found widget: id=16908315 (android.widget.Button{40e53318 VFED..C. ......I. 74,4-218,52 #102001b android:id/button3}): Skip
D/androidripper(  862): Found widget: id=16908314 (android.widget.Button{40e53d60 GFED..C. ......I. 0,0-0,0 #102001a android:id/button2}): 
D/androidripper(  862): Found widget: id=16908892 (android.widget.LinearLayout{40e6e310 V.E..... ......ID 218,4-290,4 #102025c android:id/rightSpacer})
D/androidripper(  862): Found widget: id=16909140 (android.view.ViewStub{40e554f0 G.E..... ......I. 0,0-0,0 #1020354})
D/androidripper(  862): Found widget: id=-1 (com.android.internal.policy.impl.PhoneWindow$DecorView{40ecbbd8 V.E..... R.....I. 0,0-320,279})
V/androidripper(  862): TextualID : null
V/androidripper(  862): ContentType detected : default
E/androidripper(  862): java.lang.NoSuchFieldException: mOnFocusChangeListener
V/androidripper(  862): com.android.internal.app.AlertController.RecycleListView > mOnFocusChangeListener NOT FOUND
V/androidripper(  862): TextualID : null
V/androidripper(  862): ContentType detected : default
V/androidripper(  862): TextualID : null
V/androidripper(  862): ContentType detected : default
V/androidripper(  862): TextualID : null
V/androidripper(  862): ContentType detected : default
I/androidripper(  862): Performing comparation for activity ChartActivity
D/androidripper(  862): Comparing against activity ChartActivity
D/androidripper(  862): Looking for additional widgets
D/androidripper(  862): Comparator found widget -1 (type = )
D/androidripper(  862): Comparator found widget 16908290 (type = )
D/androidripper(  862): Comparator found widget 16908885 (type = linearLayout)
D/androidripper(  862): Comparator found widget 16908886 (type = linearLayout)
D/androidripper(  862): Comparator found widget 16908887 (type = linearLayout)
D/androidripper(  862): Comparator found widget 16908888 (type = dialog)
V/androidripper(  862): Comparing dialog #16908888
D/androidripper(  862): Comparator found widget 16908889 (type = image)
V/androidripper(  862): Comparing image #16908889
D/androidripper(  862): Comparator found widget 16908893 (type = linearLayout)
D/androidripper(  862): Comparator found widget 16909165 (type = singleChoiceList)
V/androidripper(  862): Comparing singleChoiceList #16909165
D/androidripper(  862): Comparator found widget 16908308 (type = check)
D/androidripper(  862): Comparator found widget 16908308 (type = check)
D/androidripper(  862): Comparator found widget 16908890 (type = linearLayout)
D/androidripper(  862): Comparator found widget -1 (type = linearLayout)
D/androidripper(  862): Comparator found widget 16908891 (type = linearLayout)
D/androidripper(  862): Comparator found widget 16908315 (type = button)
V/androidripper(  862): Comparing button #16908315
I/androidripper(  862): Registering activity ChartActivity (id: a4) as a new found state
D/androidripper(  862): Performing backup of the old activity list on disk
D/androidripper(  862): Saving new found state 'a4' on disk
V/androidripper(  862): Opening state file in append mode.
D/dalvikvm(  862): GC_CONCURRENT freed 386K, 10% free 4155K/4604K, paused 6ms+56ms, total 210ms
D/dalvikvm(  862): GC_FOR_ALLOC freed 81K, 11% free 4121K/4604K, paused 52ms, total 53ms
I/dalvikvm-heap(  862): Grow heap (frag case) to 4.422MB for 357136-byte allocation
D/dalvikvm(  862): GC_FOR_ALLOC freed <1K, 10% free 4470K/4956K, paused 28ms, total 28ms
D/dalvikvm(  862): GC_FOR_ALLOC freed 1K, 10% free 4470K/4956K, paused 24ms, total 24ms
I/dalvikvm-heap(  862): Grow heap (frag case) to 4.762MB for 357136-byte allocation
D/dalvikvm(  862): GC_FOR_ALLOC freed 0K, 10% free 4819K/5308K, paused 27ms, total 27ms
I/androidripper(  862): Saved image on disk: a4.jpg
I/androidripper(  862): Waiting for 1 sec.
I/androidripper(  862): Session count is 1. Will dump to disk at 1
I/androidripper(  862): Saving the session on disk.
D/dalvikvm(  862): GC_EXPLICIT freed 799K, 23% free 4123K/5308K, paused 4ms+5ms, total 58ms
I/androidripper(  862): Planning for new Activity ChartActivity
D/androidripper(  862): Handling event selectListItem for items [1,2] on singleChoiceList #16909165 count=2
D/androidripper(  862): Handling event longClickListItem for items [1,2] on singleChoiceList #16909165 count=2
D/androidripper(  862): Handling event 'click' on widget id=16908315 type=button name=Skip
I/androidripper(  862): Created trace to press the back button
I/androidripper(  862): Created trace to press the menu button
I/androidripper(  862): Created trace to change orientation
I/androidripper(  862): Check for pause: 0 steps left of 1
I/androidripper(  862): Saving the session on disk. This is the last batch. The session will be terminated.
D/androidripper(  862): Performing backup of the old task list on disk
D/androidripper(  862): Saving task list on disk
V/androidripper(  862): Backing up trace #3 to disk.
V/androidripper(  862): Backing up trace #4 to disk.
V/androidripper(  862): Backing up trace #5 to disk.
V/androidripper(  862): Backing up trace #6 to disk.
V/androidripper(  862): Backing up trace #7 to disk.
D/dalvikvm(  862): GC_CONCURRENT freed 478K, 21% free 4221K/5308K, paused 5ms+4ms, total 83ms
D/dalvikvm(  862): WAIT_FOR_CONCURRENT_GC blocked 19ms
V/androidripper(  862): Backing up trace #8 to disk.
V/androidripper(  862): Backing up trace #9 to disk.
V/androidripper(  862): Backing up trace #10 to disk.
V/androidripper(  862): Backing up trace #11 to disk.
V/androidripper(  862): Backing up trace #12 to disk.
V/androidripper(  862): Backing up trace #13 to disk.
V/androidripper(  862): Backing up trace #14 to disk.
V/androidripper(  862): Backing up trace #15 to disk.
D/androidripper(  862): Deleting backup of the old task list from disk
D/androidripper(  862): Deleting backup of the old activity list from disk
W/WindowManager(  288): Failure taking screenshot for (246x410) to layer 21020
W/ActivityManager(  288): Duplicate finish request for ActivityRecord{40fd9048 u0 es.senselesssolutions.gpl.weightchart/.ChartActivity}
I/Choreographer(  439): Skipped 86 frames!  The application may be doing too much work on its main thread.
D/dalvikvm(  862): GC_EXPLICIT freed 472K, 22% free 4167K/5308K, paused 27ms+5ms, total 599ms
D/dalvikvm(  862): GC_EXPLICIT freed <1K, 22% free 4167K/5308K, paused 5ms+17ms, total 162ms
I/TestRunner(  862): finished: testAndCrawl(it.unina.androidripper.guitree.GuiTreeEngine)
I/TestRunner(  862): passed: testAndCrawl(it.unina.androidripper.guitree.GuiTreeEngine)
D/AndroidRuntime(  851): Shutting down VM
D/dalvikvm(  851): GC_CONCURRENT freed 94K, 18% free 462K/560K, paused 0ms+1ms, total 9ms
E/SurfaceFlinger(   37): ro.sf.lcd_density must be defined as a build property
W/InputMethodManagerService(  288): Window already focused, ignoring focus gain of: com.android.internal.view.IInputMethodClient$Stub$Proxy@4101eb90 attribute=null, token = android.os.BinderProxy@40dcb530
I/ActivityManager(  288): Force stopping package es.senselesssolutions.gpl.weightchart appid=10047 user=0
I/ActivityManager(  288): Killing proc 862:es.senselesssolutions.gpl.weightchart/u0a10047: force stop es.senselesssolutions.gpl.weightchart
I/WindowState(  288): WIN DEATH: Window{41056550 u0 es.senselesssolutions.gpl.weightchart/es.senselesssolutions.gpl.weightchart.ChartActivity}
I/WindowState(  288): WIN DEATH: Window{411120f8 u0 es.senselesssolutions.gpl.weightchart/es.senselesssolutions.gpl.weightchart.ChartActivity EXITING}
I/WindowState(  288): WIN DEATH: Window{40f33308 u0 es.senselesssolutions.gpl.weightchart/es.senselesssolutions.gpl.weightchart.ChartActivity}
I/Choreographer(  288): Skipped 63 frames!  The application may be doing too much work on its main thread.
D/AndroidRuntime(  905): 
D/AndroidRuntime(  905): >>>>>> AndroidRuntime START com.android.internal.os.RuntimeInit <<<<<<
D/AndroidRuntime(  905): CheckJNI is ON
D/dalvikvm(  905): Trying to load lib libjavacore.so 0x0
D/dalvikvm(  905): Added shared lib libjavacore.so 0x0
D/dalvikvm(  905): Trying to load lib libnativehelper.so 0x0
D/dalvikvm(  905): Added shared lib libnativehelper.so 0x0
D/AndroidRuntime(  905): Calling main entry com.android.commands.am.Am
D/dalvikvm(  905): Note: class Landroid/app/ActivityManagerNative; has 157 unimplemented (abstract) methods
D/dalvikvm(  914): Not late-enabling CheckJNI (already on)
I/ActivityManager(  288): Start proc es.senselesssolutions.gpl.weightchart for broadcast es.senselesssolutions.gpl.weightchart/.EmmaInstrument.SMSInstrumentedReceiver: pid=914 uid=10047 gids={50047, 1015, 1028}
I/dalvikvm(  914): Turning on JNI app bug workarounds for target SDK version 3...
E/Trace   (  914): error opening trace file: No such file or directory (2)
D/dalvikvm(  914): GC_CONCURRENT freed 298K, 13% free 2523K/2880K, paused 5ms+4ms, total 52ms
I/System.out(  914): EMMA: collecting runtime coverage data ...
D/EmmaInstrumentation:(  914): Intermidate Dump Called with file name :/mnt/sdcard/coverage.ec
D/EmmaInstrumentation:(  914): generateCoverageReport()
I/System.out(  914): EMMA: runtime coverage data merged into [/mnt/sdcard/coverage.ec] {in 7 ms}
D/AndroidRuntime(  905): Shutting down VM
D/dalvikvm(  905): GC_CONCURRENT freed 91K, 17% free 492K/588K, paused 1ms+2ms, total 9ms
W/Resources(   38): Preloaded drawable resource #0x10803f0 (android:drawable/list_selector_disabled_holo_dark) that varies with configuration!!
W/Resources(   38): Preloaded drawable resource #0x10803f0 (android:drawable/list_selector_disabled_holo_dark) that varies with configuration!!
W/Resources(   38): Preloaded drawable resource #0x10803d1 (android:drawable/list_pressed_holo_dark) that varies with configuration!!
W/Resources(   38): Preloaded drawable resource #0x10803d0 (android:drawable/list_longpressed_holo) that varies with configuration!!
W/Resources(   38): Preloaded drawable resource #0x10803d0 (android:drawable/list_longpressed_holo) that varies with configuration!!
W/Resources(   38): Preloaded drawable resource #0x10803d1 (android:drawable/list_pressed_holo_dark) that varies with configuration!!
W/Resources(   38): Preloaded drawable resource #0x10803d0 (android:drawable/list_longpressed_holo) that varies with configuration!!
W/Resources(   38): Preloaded drawable resource #0x10803d0 (android:drawable/list_longpressed_holo) that varies with configuration!!
W/Resources(   38): Preloaded drawable resource #0x10803cc (android:drawable/list_focused_holo) that varies with configuration!!
W/Resources(   38): Preloaded drawable resource #0x10803f1 (android:drawable/list_selector_disabled_holo_light) that varies with configuration!!
W/Resources(   38): Preloaded drawable resource #0x10803f1 (android:drawable/list_selector_disabled_holo_light) that varies with configuration!!
W/Resources(   38): Preloaded drawable resource #0x10803d2 (android:drawable/list_pressed_holo_light) that varies with configuration!!
W/Resources(   38): Preloaded drawable resource #0x10803d0 (android:drawable/list_longpressed_holo) that varies with configuration!!
W/Resources(   38): Preloaded drawable resource #0x10803d0 (android:drawable/list_longpressed_holo) that varies with configuration!!
W/Resources(   38): Preloaded drawable resource #0x10803d2 (android:drawable/list_pressed_holo_light) that varies with configuration!!
W/Resources(   38): Preloaded drawable resource #0x10803d0 (android:drawable/list_longpressed_holo) that varies with configuration!!
W/Resources(   38): Preloaded drawable resource #0x10803d0 (android:drawable/list_longpressed_holo) that varies with configuration!!
W/Resources(   38): Preloaded drawable resource #0x10803cc (android:drawable/list_focused_holo) that varies with configuration!!
D/dalvikvm(   38): GC_EXPLICIT freed 31K, 26% free 2359K/3152K, paused 2ms+6ms, total 41ms
W/Resources(   38): Preloaded drawable resource #0x108027a (android:drawable/fastscroll_thumb_pressed_holo) that varies with configuration!!
W/Resources(   38): Preloaded drawable resource #0x1080278 (android:drawable/fastscroll_thumb_default_holo) that varies with configuration!!
W/Resources(   38): Preloaded drawable resource #0x1080278 (android:drawable/fastscroll_thumb_default_holo) that varies with configuration!!
W/Resources(   38): Preloaded drawable resource #0x108027a (android:drawable/fastscroll_thumb_pressed_holo) that varies with configuration!!
D/dalvikvm(   38): GC_EXPLICIT freed 51K, 26% free 2358K/3152K, paused 41ms+3ms, total 82ms
W/Resources(   38): Preloaded drawable resource #0x1080278 (android:drawable/fastscroll_thumb_default_holo) that varies with configuration!!
W/Resources(   38): Preloaded drawable resource #0x108027f (android:drawable/fastscroll_track_pressed_holo_dark) that varies with configuration!!
W/Resources(   38): Preloaded drawable resource #0x108027b (android:drawable/fastscroll_track_default_holo_dark) that varies with configuration!!
W/Resources(   38): Preloaded drawable resource #0x108027b (android:drawable/fastscroll_track_default_holo_dark) that varies with configuration!!
W/Resources(   38): Preloaded drawable resource #0x108027f (android:drawable/fastscroll_track_pressed_holo_dark) that varies with configuration!!
W/Resources(   38): Preloaded drawable resource #0x108027b (android:drawable/fastscroll_track_default_holo_dark) that varies with configuration!!
W/Resources(   38): Preloaded drawable resource #0x1080274 (android:drawable/fastscroll_label_left_holo_dark) that varies with configuration!!
D/dalvikvm(   38): GC_EXPLICIT freed 74K, 26% free 2358K/3152K, paused 2ms+6ms, total 44ms
W/Resources(   38): Preloaded drawable resource #0x1080276 (android:drawable/fastscroll_label_right_holo_dark) that varies with configuration!!
D/dalvikvm(   38): WAIT_FOR_CONCURRENT_GC blocked 1ms
D/dalvikvm(   38): GC_EXPLICIT freed 50K, 26% free 2357K/3152K, paused 2ms+3ms, total 47ms
W/Resources(   38): Preloaded drawable resource #0x1080280 (android:drawable/fastscroll_track_pressed_holo_light) that varies with configuration!!
W/Resources(   38): Preloaded drawable resource #0x108027c (android:drawable/fastscroll_track_default_holo_light) that varies with configuration!!
W/Resources(   38): Preloaded drawable resource #0x108027c (android:drawable/fastscroll_track_default_holo_light) that varies with configuration!!
W/Resources(   38): Preloaded drawable resource #0x1080280 (android:drawable/fastscroll_track_pressed_holo_light) that varies with configuration!!
W/Resources(   38): Preloaded drawable resource #0x108027c (android:drawable/fastscroll_track_default_holo_light) that varies with configuration!!
W/Resources(   38): Preloaded drawable resource #0x1080275 (android:drawable/fastscroll_label_left_holo_light) that varies with configuration!!
D/dalvikvm(   38): GC_EXPLICIT freed 57K, 26% free 2359K/3152K, paused 3ms+14ms, total 87ms
W/Resources(   38): Preloaded drawable resource #0x1080277 (android:drawable/fastscroll_label_right_holo_light) that varies with configuration!!
D/dalvikvm(   38): GC_EXPLICIT freed 50K, 26% free 2358K/3152K, paused 3ms+3ms, total 113ms
W/Resources(   38): Preloaded drawable resource #0x1080259 (android:drawable/editbox_dropdown_background_dark) that varies with configuration!!
W/Resources(   38): Preloaded drawable resource #0x10805f8 (android:drawable/textfield_search_selected_holo_dark) that varies with configuration!!
W/Resources(   38): Preloaded drawable resource #0x10805ec (android:drawable/textfield_search_default_holo_dark) that varies with configuration!!
W/Resources(   38): Preloaded drawable resource #0x10805ec (android:drawable/textfield_search_default_holo_dark) that varies with configuration!!
W/Resources(   38): Preloaded drawable resource #0x10805f5 (android:drawable/textfield_search_right_selected_holo_dark) that varies with configuration!!
W/Resources(   38): Preloaded drawable resource #0x10805f3 (android:drawable/textfield_search_right_default_holo_dark) that varies with configuration!!
W/Resources(   38): Preloaded drawable resource #0x10805f3 (android:drawable/textfield_search_right_default_holo_dark) that varies with configuration!!
W/Resources(   38): Preloaded drawable resource #0x10805f9 (android:drawable/textfield_search_selected_holo_light) that varies with configuration!!
W/Resources(   38): Preloaded drawable resource #0x10805ed (android:drawable/textfield_search_default_holo_light) that varies with configuration!!
W/Resources(   38): Preloaded drawable resource #0x10805ed (android:drawable/textfield_search_default_holo_light) that varies with configuration!!
W/Resources(   38): Preloaded drawable resource #0x10805f6 (android:drawable/textfield_search_right_selected_holo_light) that varies with configuration!!
W/Resources(   38): Preloaded drawable resource #0x10805f4 (android:drawable/textfield_search_right_default_holo_light) that varies with configuration!!
W/Resources(   38): Preloaded drawable resource #0x10805f4 (android:drawable/textfield_search_right_default_holo_light) that varies with configuration!!
W/Resources(   38): Preloaded drawable resource #0x10805f8 (android:drawable/textfield_search_selected_holo_dark) that varies with configuration!!
W/Resources(   38): Preloaded drawable resource #0x10805ec (android:drawable/textfield_search_default_holo_dark) that varies with configuration!!
W/Resources(   38): Preloaded drawable resource #0x10805f5 (android:drawable/textfield_search_right_selected_holo_dark) that varies with configuration!!
W/Resources(   38): Preloaded drawable resource #0x10805f3 (android:drawable/textfield_search_right_default_holo_dark) that varies with configuration!!
W/Resources(   38): Preloaded drawable resource #0x10805f9 (android:drawable/textfield_search_selected_holo_light) that varies with configuration!!
W/Resources(   38): Preloaded drawable resource #0x10805ed (android:drawable/textfield_search_default_holo_light) that varies with configuration!!
W/Resources(   38): Preloaded drawable resource #0x10805f6 (android:drawable/textfield_search_right_selected_holo_light) that varies with configuration!!
W/Resources(   38): Preloaded drawable resource #0x10805f4 (android:drawable/textfield_search_right_default_holo_light) that varies with configuration!!
D/dalvikvm(   38): GC_EXPLICIT freed 47K, 25% free 2364K/3152K, paused 2ms+43ms, total 86ms
W/Resources(   38): Preloaded drawable resource #0x10805c1 (android:drawable/tab_unselected_holo) that varies with configuration!!
W/Resources(   38): Preloaded drawable resource #0x10805bc (android:drawable/tab_selected_holo) that varies with configuration!!
W/Resources(   38): Preloaded drawable resource #0x10805c0 (android:drawable/tab_unselected_focused_holo) that varies with configuration!!
W/Resources(   38): Preloaded drawable resource #0x10805bb (android:drawable/tab_selected_focused_holo) that varies with configuration!!
W/Resources(   38): Preloaded drawable resource #0x10805c2 (android:drawable/tab_unselected_pressed_holo) that varies with configuration!!
W/Resources(   38): Preloaded drawable resource #0x10805bd (android:drawable/tab_selected_pressed_holo) that varies with configuration!!
W/Resources(   38): Preloaded drawable resource #0x10805c2 (android:drawable/tab_unselected_pressed_holo) that varies with configuration!!
W/Resources(   38): Preloaded drawable resource #0x10805bd (android:drawable/tab_selected_pressed_holo) that varies with configuration!!
W/Resources(   38): Preloaded drawable resource #0x10805bd (android:drawable/tab_selected_pressed_holo) that varies with configuration!!
W/Resources(   38): Preloaded drawable resource #0x10805c1 (android:drawable/tab_unselected_holo) that varies with configuration!!
W/Resources(   38): Preloaded drawable resource #0x10805bc (android:drawable/tab_selected_holo) that varies with configuration!!
W/Resources(   38): Preloaded drawable resource #0x10805c0 (android:drawable/tab_unselected_focused_holo) that varies with configuration!!
W/Resources(   38): Preloaded drawable resource #0x10805bb (android:drawable/tab_selected_focused_holo) that varies with configuration!!
W/Resources(   38): Preloaded drawable resource #0x10805c2 (android:drawable/tab_unselected_pressed_holo) that varies with configuration!!
W/Resources(   38): Preloaded drawable resource #0x10805bd (android:drawable/tab_selected_pressed_holo) that varies with configuration!!
W/Resources(   38): Preloaded drawable resource #0x10804a5 (android:drawable/quickcontact_badge_overlay_pressed_dark) that varies with configuration!!
W/Resources(   38): Preloaded drawable resource #0x10804a0 (android:drawable/quickcontact_badge_overlay_focused_dark) that varies with configuration!!
W/Resources(   38): Preloaded drawable resource #0x10804a3 (android:drawable/quickcontact_badge_overlay_normal_dark) that varies with configuration!!
W/Resources(   38): Preloaded drawable resource #0x10804a3 (android:drawable/quickcontact_badge_overlay_normal_dark) that varies with configuration!!
W/Resources(   38): Preloaded drawable resource #0x10804a3 (android:drawable/quickcontact_badge_overlay_normal_dark) that varies with configuration!!
D/dalvikvm(   38): GC_EXPLICIT freed 56K, 25% free 2365K/3152K, paused 2ms+2ms, total 128ms
W/Resources(   38): Preloaded drawable resource #0x10804a5 (android:drawable/quickcontact_badge_overlay_pressed_dark) that varies with configuration!!
W/Resources(   38): Preloaded drawable resource #0x10804a6 (android:drawable/quickcontact_badge_overlay_pressed_light) that varies with configuration!!
W/Resources(   38): Preloaded drawable resource #0x10804a1 (android:drawable/quickcontact_badge_overlay_focused_light) that varies with configuration!!
W/Resources(   38): Preloaded drawable resource #0x10804a4 (android:drawable/quickcontact_badge_overlay_normal_light) that varies with configuration!!
W/Resources(   38): Preloaded drawable resource #0x10804a4 (android:drawable/quickcontact_badge_overlay_normal_light) that varies with configuration!!
W/Resources(   38): Preloaded drawable resource #0x10804a4 (android:drawable/quickcontact_badge_overlay_normal_light) that varies with configuration!!
W/Resources(   38): Preloaded drawable resource #0x10804a6 (android:drawable/quickcontact_badge_overlay_pressed_light) that varies with configuration!!
I/Zygote  (   38): ...preloaded 270 resources in 8488ms.
D/dalvikvm(   38): GC_EXPLICIT freed 48K, 25% free 2369K/3152K, paused 2ms+3ms, total 43ms
I/Zygote  (   38): ...preloaded 31 resources in 475ms.
D/dalvikvm(   38): GC_EXPLICIT freed 9K, 25% free 2377K/3152K, paused 16ms+3ms, total 47ms
D/dalvikvm(   38): GC_EXPLICIT freed 7K, 25% free 2369K/3152K, paused 2ms+6ms, total 46ms
D/dalvikvm(   38): GC_EXPLICIT freed <1K, 25% free 2369K/3152K, paused 2ms+4ms, total 33ms
I/dalvikvm(   38): System server process 287 has been created
I/Zygote  (   38): Accepting command socket connections
E/BatteryService(  287): usbOnlinePath not found
E/BatteryService(  287): wirelessOnlinePath not found
E/BatteryService(  287): batteryVoltagePath not found
E/BatteryService(  287): batteryTemperaturePath not found
I/sysproc (  287): Entered system_init()
I/sysproc (  287): ServiceManager: 0x2a1adb60
D/SensorService(  287): nuSensorService starting...
I/SensorService(  287): Goldfish 3-axis Accelerometer
I/SensorService(  287): Goldfish 3-axis Magnetic field sensor
I/SensorService(  287): Goldfish Orientation sensor
I/SensorService(  287): Goldfish Temperature sensor
I/SensorService(  287): Goldfish Proximity sensor
D/SensorService(  287): nuSensorService thread starting...
I/sysproc (  287): System server: starting Android runtime.
I/sysproc (  287): System server: starting Android services.
I/SystemServer(  287): Entered the Android system server!
I/sysproc (  287): System server: entering thread pool.
I/SystemServer(  287): Enabled StrictMode logging for UI Looper
I/SystemServer(  287): Waiting for installd to be ready.
I/Installer(  287): connecting...
I/installd(   41): new connection
I/SystemServer(  287): Entropy Mixer
I/SystemServer(  287): Enabled StrictMode logging for WM Looper
I/SystemServer(  287): Power Manager
E/PowerManagerService-JNI(  287): Couldn't load power module (No such file or directory)
I/SystemServer(  287): Activity Manager
I/ActivityManager(  287): Memory class: 48
W/UsageStats(  287): Usage stats version changed; dropping
I/ActivityManager(  287): Enabled StrictMode logging for AThread's Looper
I/SystemServer(  287): Display Manager
E/SurfaceFlinger(   37): ro.sf.lcd_density must be defined as a build property
I/SystemServer(  287): Telephony Registry
I/DisplayManagerService(  287): Display device added: DisplayDeviceInfo{"Built-in Screen": 480 x 800, 260.416 fps, density 240, 240.0 x 240.0 dpi, touch INTERNAL, FLAG_DEFAULT_DISPLAY, FLAG_ROTATES_WITH_CONTENT, FLAG_SECURE, FLAG_SUPPORTS_PROTECTED_BUFFERS, rotation 0, type BUILT_IN, address null}
I/SystemServer(  287): Scheduling Policy
I/SystemServer(  287): Package Manager
D/dalvikvm(  287): GC_CONCURRENT freed 306K, 13% free 2553K/2924K, paused 4ms+44ms, total 160ms
D/dalvikvm(  287): WAIT_FOR_CONCURRENT_GC blocked 58ms
W/PackageManager(  287): Running ENG build: no pre-dexopt!
D/dalvikvm(  287): GC_CONCURRENT freed 269K, 11% free 2693K/3020K, paused 5ms+5ms, total 54ms
D/dalvikvm(  287): GC_CONCURRENT freed 132K, 6% free 2968K/3156K, paused 4ms+66ms, total 226ms
W/PackageParser(  287): No actions in intent filter at /system/app/Contacts.apk Binary XML file line #533
D/dalvikvm(  287): GC_CONCURRENT freed 242K, 9% free 3149K/3444K, paused 5ms+4ms, total 84ms
D/dalvikvm(  287): GC_CONCURRENT freed 209K, 8% free 3353K/3620K, paused 5ms+5ms, total 95ms
W/PackageManager(  287): Package com.android.camera desires unavailable shared library com.google.android.media.effects; ignoring!
D/PackageManager(  287): No files in app dir /vendor/app
D/dalvikvm(  287): GC_CONCURRENT freed 213K, 8% free 3553K/3824K, paused 55ms+65ms, total 215ms
W/PackageParser(  287): No actions in intent filter at /data/app/ApiDemos.apk Binary XML file line #2737
W/PackageParser(  287): No actions in intent filter at /data/app/ApiDemos.apk Binary XML file line #2743
W/PackageManager(  287): Package com.example.android.apis desires unavailable shared library com.example.will.never.exist; ignoring!
I/PackageParser(  287): es.senselesssolutions.gpl.weightchart: compat added android.permission.READ_PHONE_STATE
I/PackageManager(  287): Time to scan packages: 6.007 seconds
W/PackageManager(  287): Unknown permission com.google.android.googleapps.permission.GOOGLE_AUTH.mail in package com.android.contacts
W/PackageManager(  287): Unknown permission android.permission.ADD_SYSTEM_SERVICE in package com.android.phone
W/PackageManager(  287): Unknown permission com.android.smspush.WAPPUSH_MANAGER_BIND in package com.android.phone
W/PackageManager(  287): Unknown permission com.google.android.googleapps.permission.GOOGLE_AUTH in package com.android.providers.calendar
W/PackageManager(  287): Unknown permission com.google.android.googleapps.permission.GOOGLE_AUTH.cl in package com.android.providers.calendar
W/PackageManager(  287): Unknown permission com.google.android.googleapps.permission.GOOGLE_AUTH.mail in package com.android.calendar
W/PackageManager(  287): Not granting permission android.permission.SEND_DOWNLOAD_COMPLETED_INTENTS to package com.android.browser (protectionLevel=2 flags=0x9be45)
W/PackageManager(  287): Not granting permission android.permission.BIND_APPWIDGET to package com.android.widgetpreview (protectionLevel=18 flags=0x8be44)
W/PackageManager(  287): Unknown permission com.google.android.googleapps.permission.GOOGLE_AUTH in package com.android.settings
W/PackageManager(  287): Unknown permission com.google.android.gallery3d.permission.GALLERY_PROVIDER in package com.android.exchange
W/PackageManager(  287): Unknown permission com.google.android.googleapps.permission.ACCESS_GOOGLE_PASSWORD in package com.android.development
W/PackageManager(  287): Unknown permission com.google.android.googleapps.permission.GOOGLE_AUTH in package com.android.development
W/PackageManager(  287): Unknown permission com.google.android.googleapps.permission.GOOGLE_AUTH.ALL_SERVICES in package com.android.development
W/PackageManager(  287): Unknown permission com.google.android.googleapps.permission.GOOGLE_AUTH.YouTubeUser in package com.android.development
W/PackageManager(  287): Unknown permission com.google.android.gallery3d.permission.GALLERY_PROVIDER in package com.android.email
W/PackageManager(  287): Not granting permission android.permission.DEVICE_POWER to package com.android.deskclock (protectionLevel=2 flags=0x8be45)
D/dalvikvm(  287): GC_CONCURRENT freed 246K, 8% free 3762K/4064K, paused 5ms+18ms, total 107ms
D/dalvikvm(  287): GC_EXPLICIT freed 210K, 12% free 3625K/4096K, paused 3ms+3ms, total 155ms
I/SystemServer(  287): User Service
I/SystemServer(  287): Account Manager
I/SystemServer(  287): Content Manager
I/SystemServer(  287): System Content Providers
I/SystemServer(  287): Lights Service
I/SystemServer(  287): Battery Service
I/SystemServer(  287): Vibrator Service
I/libsuspend(  287): Selected early suspend
I/libsuspend(  287): Starting early suspend unblocker thread
D/PermissionCache(   37): checking android.permission.ACCESS_SURFACE_FLINGER for uid=1000 => granted (2430 us)
D/SurfaceFlinger(   37): Screen acquired, type=0 flinger=0x2a007318
D/SurfaceFlinger(   37):  screen was previously acquired
I/SystemServer(  287): Alarm Manager
D/AlarmManagerService(  287): Kernel timezone updated to 0 minutes west of GMT
I/SystemServer(  287): Init Watchdog
I/SystemServer(  287): Input Manager
I/InputManager(  287): Initializing input manager, mUseDevInputEventForAudioJack=false
I/SystemServer(  287): Window Manager
E/SoundPool(  287): error loading /system/media/audio/ui/Lock.ogg
W/KeyguardViewMediator(  287): failed to load lock sound from /system/media/audio/ui/Lock.ogg
E/SoundPool(  287): error loading /system/media/audio/ui/Unlock.ogg
W/KeyguardViewMediator(  287): failed to load unlock sound from /system/media/audio/ui/Unlock.ogg
D/dalvikvm(  287): GC_CONCURRENT freed 225K, 7% free 3845K/4096K, paused 4ms+8ms, total 126ms
I/InputManager(  287): Starting input manager
I/SystemServer(  287): No Bluetooh Service (emulator)
I/SystemServer(  287): Input Method Service
I/EventHub(  287): New device: id=1, fd=90, path='/dev/input/event0', name='qwerty2', classes=0x2d, configuration='/system/usr/idc/qwerty2.idc', keyLayout='/system/usr/keylayout/qwerty.kl', keyCharacterMap='/system/usr/keychars/qwerty2.kcm', builtinKeyboard=true, usingSuspendBlockIoctl=false, usingClockIoctl=false
E/EventHub(  287): could not get driver version for /dev/input/mouse0, Not a typewriter
E/EventHub(  287): could not get driver version for /dev/input/mice, Not a typewriter
I/InputReader(  287): Device added: id=-1, name='Virtual', sources=0x00000301
I/InputReader(  287):   Touch device 'qwerty2' could not query the properties of its associated display.  The device will be inoperable until the display size becomes available.
I/InputReader(  287): Device added: id=0, name='qwerty2', sources=0x00011307
E/Trace   (  287): error opening trace file: No such file or directory (2)
W/InputMethodManagerService(  287): Couldn't create dir.: /data/system/inputmethod
I/SystemServer(  287): Accessibility Manager
I/ActivityManager(  287): Config changes=15f8 {1.0 ?mcc?mnc en_US ldltr sw320dp w320dp h508dp 240dpi nrml long port ?uimode ?night finger -keyb/v/h tball/v s.2}
I/InputReader(  287): Reconfiguring input devices.  changes=0x00000004
I/InputReader(  287): Device reconfigured: id=0, name='qwerty2', size 480x800, orientation 0, mode 1, display id 0
I/InputReader(  287): Reconfiguring input devices.  changes=0x00000004
I/InputReader(  287): Device reconfigured: id=0, name='qwerty2', size 480x800, orientation 0, mode 1, display id 0
I/SystemServer(  287): Mount Service
D/MountService(  287): got storage path: /mnt/sdcard description: USB storage primary: true removable: false emulated: false mtpReserve: 0 allowMassStorage: false maxFileSize: 0
D/MountService(  287): addVolumeLocked() StorageVolume [mStorageId=0 mPath=/mnt/sdcard mDescriptionId=17040615 mPrimary=true mRemovable=false mEmulated=false mMtpReserveSpace=0 mAllowMassStorage=false mMaxFileSize=0 mOwner=null]
I/SystemServer(  287): LockSettingsService
I/SystemServer(  287): Device Policy
I/SystemServer(  287): Status Bar
I/SystemServer(  287): Clipboard Service
I/SystemServer(  287): NetworkManagement Service
I/SystemServer(  287): Text Service Manager Service
I/SystemServer(  287): NetworkStats Service
D/dalvikvm(  287): GREF has increased to 201
D/MountService(  287): volume state changed for /mnt/sdcard (null -> unmounted)
I/PackageManager(  287): Updating external media status from unmounted to unmounted
I/SystemServer(  287): NetworkPolicy Service
I/SystemServer(  287): Wi-Fi P2pService
W/MountService(  287): getSecureContainerList() called when storage not mounted
I/PackageManager(  287): No secure containers on sdcard
W/PackageManager(  287): Unknown permission com.google.android.googleapps.permission.GOOGLE_AUTH.mail in package com.android.contacts
W/PackageManager(  287): Unknown permission android.permission.ADD_SYSTEM_SERVICE in package com.android.phone
W/PackageManager(  287): Unknown permission com.android.smspush.WAPPUSH_MANAGER_BIND in package com.android.phone
W/PackageManager(  287): Unknown permission com.google.android.googleapps.permission.GOOGLE_AUTH in package com.android.providers.calendar
W/PackageManager(  287): Unknown permission com.google.android.googleapps.permission.GOOGLE_AUTH.cl in package com.android.providers.calendar
I/SystemServer(  287): Wi-Fi Service
W/PackageManager(  287): Unknown permission com.google.android.googleapps.permission.GOOGLE_AUTH.mail in package com.android.calendar
W/PackageManager(  287): Not granting permission android.permission.SEND_DOWNLOAD_COMPLETED_INTENTS to package com.android.browser (protectionLevel=2 flags=0x89be45)
W/PackageManager(  287): Not granting permission android.permission.BIND_APPWIDGET to package com.android.widgetpreview (protectionLevel=18 flags=0x8be44)
W/PackageManager(  287): Unknown permission com.google.android.googleapps.permission.GOOGLE_AUTH in package com.android.settings
W/PackageManager(  287): Unknown permission com.google.android.gallery3d.permission.GALLERY_PROVIDER in package com.android.exchange
W/PackageManager(  287): Unknown permission com.google.android.googleapps.permission.ACCESS_GOOGLE_PASSWORD in package com.android.development
W/PackageManager(  287): Unknown permission com.google.android.googleapps.permission.GOOGLE_AUTH in package com.android.development
W/PackageManager(  287): Unknown permission com.google.android.googleapps.permission.GOOGLE_AUTH.ALL_SERVICES in package com.android.development
W/PackageManager(  287): Unknown permission com.google.android.googleapps.permission.GOOGLE_AUTH.YouTubeUser in package com.android.development
W/PackageManager(  287): Unknown permission com.google.android.gallery3d.permission.GALLERY_PROVIDER in package com.android.email
W/PackageManager(  287): Not granting permission android.permission.DEVICE_POWER to package com.android.deskclock (protectionLevel=2 flags=0x88be45)
D/dalvikvm(  287): GC_CONCURRENT freed 299K, 9% free 3990K/4356K, paused 5ms+6ms, total 271ms
E/CommandListener(   34): Failed to open /proc/sys/net/ipv6/conf/wlan0/disable_ipv6: No such file or directory
E/WifiStateMachine(  287): Failed to disable IPv6: java.lang.IllegalStateException: command '1 interface ipv6 wlan0 disable' failed with '400 1 Failed to change IPv6 state (No such file or directory)'
I/SystemServer(  287): Connectivity Service
D/ConnectivityService(  287): ConnectivityService starting up
E/MobileDataStateTracker(  287): default: Ignoring feature request because could not acquire PhoneService
E/MobileDataStateTracker(  287): default: Could not enable APN type "default"
I/WifiService(  287): WifiService starting up with Wi-Fi disabled
I/SystemServer(  287): Network Service Discovery Service
D/NsdService(  287): Network service discovery enabled true
I/SystemServer(  287): Throttle Service
I/SystemServer(  287): UpdateLock Service
I/SystemServer(  287): Notification Manager
I/SystemServer(  287): Device Storage Monitor
I/SystemServer(  287): Location Manager
I/SystemServer(  287): Country Detector
I/SystemServer(  287): Search Service
I/SystemServer(  287): DropBox Service
I/SystemServer(  287): Wallpaper Service
I/SystemServer(  287): Audio Service
D/dalvikvm(  287): GC_CONCURRENT freed 319K, 9% free 4104K/4488K, paused 46ms+5ms, total 301ms
I/SystemServer(  287): Dock Observer
W/DockObserver(  287): This kernel does not have dock station support
I/SystemServer(  287): Wired Accessory Manager
W/WiredAccessoryManager(  287): This kernel does not have wired headset support
W/WiredAccessoryManager(  287): This kernel does not have usb audio support
W/WiredAccessoryManager(  287): This kernel does not have HDMI audio support
I/SystemServer(  287): USB Service
I/SystemServer(  287): Serial Service
I/SystemServer(  287): Twilight Service
I/SystemServer(  287): UI Mode Manager Service
I/SystemServer(  287): Backup Service
V/BackupManagerService(  287): No ancestral data
I/BackupManagerService(  287): Found stale backup journal, scheduling
I/BackupManagerService(  287):   android
I/BackupManagerService(  287):   com.android.browser
I/BackupManagerService(  287):   com.android.calendar
I/BackupManagerService(  287):   com.android.inputmethod.latin
I/BackupManagerService(  287):   com.android.providers.settings
I/BackupManagerService(  287):   com.android.providers.userdictionary
I/BackupManagerService(  287):   com.android.sharedstoragebackup
I/BackupManagerService(  287): Backup enabled => true
I/SystemServer(  287): AppWidget Service
I/SystemServer(  287): Recognition Service
I/SystemServer(  287): DiskStats Service
I/SystemServer(  287): SamplingProfiler Service
I/SystemServer(  287): NetworkTimeUpdateService
I/SystemServer(  287): CommonTimeManagementService
I/SystemServer(  287): CertBlacklister
I/SystemServer(  287): Dreams Service
I/WindowManager(  287): SAFE MODE not enabled
D/dalvikvm(  287): JIT started for system_server
D/dalvikvm(  287): GC_CONCURRENT freed 272K, 8% free 4267K/4604K, paused 6ms+38ms, total 158ms
I/Choreographer(  287): Skipped 60 frames!  The application may be doing too much work on its main thread.
I/ActivityManager(  287): System now ready
I/SystemServer(  287): Making services ready
I/Zygote  (  287): Process: zygote socket opened
I/ActivityManager(  287): Start proc com.android.systemui for service com.android.systemui/.SystemUIService: pid=361 uid=10034 gids={50034, 1028, 1015, 3002, 3001}
I/Vold    (   32): /dev/block/vold/179:0 being considered for volume sdcard
D/Vold    (   32): Volume sdcard state changing 1 (Idle-Unmounted) -> 3 (Checking)
I//system/bin/fsck_msdos(   32): ** /dev/block/vold/179:0
I//system/bin/fsck_msdos(   32): ** Phase 1 - Read and Compare FATs
I//system/bin/fsck_msdos(   32): Attempting to allocate 2044 KB for FAT
D/MountService(  287): volume state changed for /mnt/sdcard (unmounted -> checking)
D/MountService(  287): sendStorageIntent Intent { act=android.intent.action.MEDIA_CHECKING dat=file:///mnt/sdcard (has extras) } to UserHandle{-1}
D/NetworkManagementService(  287): not enabling bandwidth control
I/keystore(   42): uid: 1000 action: e -> 7 state: 3 -> 3 retry: 4
W/NetworkStats(  287): bandwidth controls disabled, unable to track stats
W/NetworkPolicy(  287): bandwidth controls disabled, unable to enforce policy
I/keystore(   42): uid: 1000 action: e -> 7 state: 3 -> 3 retry: 4
I/ActivityManager(  287): Config changes=200 {1.0 ?mcc?mnc en_US ldltr sw320dp w320dp h508dp 240dpi nrml long port finger -keyb/v/h tball/v s.3}
W/RecognitionManagerService(  287): no available voice recognition services found for user 0
E/Trace   (  361): error opening trace file: No such file or directory (2)
D/dalvikvm(  287): GC_CONCURRENT freed 125K, 4% free 4647K/4836K, paused 5ms+6ms, total 424ms
D/dalvikvm(  287): WAIT_FOR_CONCURRENT_GC blocked 405ms
D/SystemUIService(  361): loading: class com.android.systemui.statusbar.phone.PhoneStatusBar
D/SystemUIService(  361): running: com.android.systemui.statusbar.phone.PhoneStatusBar@40cd2600
I/StatusBarManagerService(  287): registerStatusBar bar=com.android.internal.statusbar.IStatusBar$Stub$Proxy@40ea43d8
W/InputMethodManagerService(  287): Ignoring setImeWindowStatus of uid 1000 token: null
W/InputMethodManagerService(  287): Found no subtypes in a system IME: com.android.inputmethod.pinyin
D/dalvikvm(  287): GC_CONCURRENT freed 328K, 8% free 4889K/5280K, paused 5ms+5ms, total 198ms
D/dalvikvm(  287): WAIT_FOR_CONCURRENT_GC blocked 93ms
D/dalvikvm(  287): WAIT_FOR_CONCURRENT_GC blocked 133ms
I/ActivityManager(  287): Start proc com.android.inputmethod.latin for service com.android.inputmethod.latin/.LatinIME: pid=389 uid=10010 gids={50010, 1028}
I/CommonTimeManagementService(  287): No common time service detected on this platform.  Common time services will be unavailable.
I/ActivityManager(  287): Start proc com.android.phone for added application com.android.phone: pid=401 uid=1001 gids={41001, 3002, 3001, 3003, 1015, 1028}
D/dalvikvm(  287): GC_FOR_ALLOC freed 46K, 7% free 5128K/5488K, paused 413ms, total 415ms
I/ActivityManager(  287): START u0 {act=android.intent.action.MAIN cat=[android.intent.category.HOME] flg=0x10000000 cmp=com.android.launcher/com.android.launcher2.Launcher} from pid 0
W/SocketClient(   34): write error (Broken pipe)
I/ActivityManager(  287): Start proc com.android.launcher for activity com.android.launcher/com.android.launcher2.Launcher: pid=422 uid=10020 gids={50020, 1028}
I/SystemServer(  287): Enabled StrictMode for system server main thread.
E/Trace   (  389): error opening trace file: No such file or directory (2)
E/Trace   (  401): error opening trace file: No such file or directory (2)
I/LatinIME(  389): Hardware accelerated drawing: false
D/dalvikvm(  361): GC_FOR_ALLOC freed 89K, 6% free 2664K/2808K, paused 453ms, total 495ms
I/dalvikvm-heap(  361): Grow heap (frag case) to 3.259MB for 635812-byte allocation
D/dalvikvm(  287): GC_CONCURRENT freed 390K, 8% free 5426K/5880K, paused 13ms+138ms, total 526ms
D/dalvikvm(  287): WAIT_FOR_CONCURRENT_GC blocked 38ms
D/dalvikvm(  361): GC_CONCURRENT freed 5K, 5% free 3280K/3432K, paused 4ms+2ms, total 424ms
D/dalvikvm(  361): WAIT_FOR_CONCURRENT_GC blocked 349ms
W/TelephonyProvider(  401): onCreate: confFile=/system/etc/apns-conf.xml oldCheckSum=-1
D/TelephonyManager(  401): getLteOnCdmaMode=0 curVal=-1 product_type='' lteOnCdmaProductType=''
I/InputReader(  287): Reconfiguring input devices.  changes=0x00000020
W/InputAttributes(  389): No editor info for this field. Bug?
E/Trace   (  422): error opening trace file: No such file or directory (2)
E/SurfaceFlinger(   37): ro.sf.lcd_density must be defined as a build property
D/gralloc_goldfish(  287): Emulator without GPU emulation detected.
I/InputReader(  287): Reconfiguring input devices.  changes=0x00000010
I/Choreographer(  287): Skipped 54 frames!  The application may be doing too much work on its main thread.
E/ThrottleService(  287): problem during onPollAlarm: java.lang.IllegalStateException: problem parsing stats: java.io.FileNotFoundException: /proc/net/xt_qtaguid/iface_stat_all: open failed: ENOENT (No such file or directory)
E/BluetoothAdapter(  361): Bluetooth binder is null
E/BluetoothAdapter(  361): Bluetooth binder is null
D/TelephonyManager(  401): getLteOnCdmaMode=0 curVal=-1 product_type='' lteOnCdmaProductType=''
D/TelephonyManager(  401): getLteOnCdmaMode=0 curVal=-1 product_type='' lteOnCdmaProductType=''
E/ActivityThread(  389): Failed to find provider info for com.android.inputmethod.latin.dictionarypack
E/BinaryDictionaryGetter(  389): Could not find a dictionary pack
I/ActivityManager(  287): Start proc android.process.acore for content provider com.android.providers.userdictionary/.UserDictionaryProvider: pid=451 uid=10001 gids={50001, 3003, 1015, 1028}
E/NetdConnector(  287): NDC Command {4 interface setthrottle rmnet0 -1 -1} took too long (1637ms)
D/dalvikvm(  287): GREF has increased to 301
D/dalvikvm(  287): GC_CONCURRENT freed 729K, 13% free 5464K/6256K, paused 227ms+31ms, total 826ms
D/dalvikvm(  287): WAIT_FOR_CONCURRENT_GC blocked 227ms
D/dalvikvm(  287): WAIT_FOR_CONCURRENT_GC blocked 594ms
D/dalvikvm(  287): WAIT_FOR_CONCURRENT_GC blocked 597ms
D/dalvikvm(  287): WAIT_FOR_CONCURRENT_GC blocked 609ms
D/dalvikvm(  287): WAIT_FOR_CONCURRENT_GC blocked 532ms
D/dalvikvm(  287): WAIT_FOR_CONCURRENT_GC blocked 627ms
D/dalvikvm(  287): WAIT_FOR_CONCURRENT_GC blocked 594ms
E/BluetoothAdapter(  361): Bluetooth binder is null
W/InputMethodManagerService(  287): Found no subtypes in a system IME: com.android.inputmethod.pinyin
D/dalvikvm(  287): WAIT_FOR_CONCURRENT_GC blocked 1089ms
E/Trace   (  451): error opening trace file: No such file or directory (2)
W/Settings(  401): Setting airplane_mode_on has moved from android.provider.Settings.System to android.provider.Settings.Global, returning read-only value.
W/Settings(  401): Setting auto_time has moved from android.provider.Settings.System to android.provider.Settings.Global, returning read-only global URI.
W/Settings(  401): Setting auto_time_zone has moved from android.provider.Settings.System to android.provider.Settings.Global, returning read-only global URI.
D/dalvikvm(  361): GC_CONCURRENT freed 64K, 4% free 3637K/3756K, paused 12ms+76ms, total 176ms
W/ActivityManager(  287): Unable to start service Intent { act=com.android.internal.telephony.IWapPushManager } U=0: not found
I/Choreographer(  287): Skipped 3318 frames!  The application may be doing too much work on its main thread.
I/ActivityManager(  287): Start proc com.android.music for broadcast com.android.music/.MediaButtonIntentReceiver: pid=473 uid=10025 gids={50025, 3003, 1015, 1028}
I/dalvikvm(  473): Turning on JNI app bug workarounds for target SDK version 9...
E/BluetoothAdapter(  361): Bluetooth binder is null
E/Trace   (  473): error opening trace file: No such file or directory (2)
I/AudioService(  287):   Remote Control   registerMediaButtonIntent() for PendingIntent{4106d5a8: PendingIntentRecord{4106d4b8 com.android.music broadcastIntent}}
D/dalvikvm(  287): JIT unchain all for threadid=54
D/dalvikvm(  422): GC_CONCURRENT freed 180K, 9% free 2616K/2852K, paused 9ms+249ms, total 383ms
D/dalvikvm(  451): GC_CONCURRENT freed 207K, 10% free 2583K/2852K, paused 24ms+2ms, total 193ms
W/dalvikvm(  287): threadid=2: spin on suspend #1 threadid=54 (pcf=0)
D/dalvikvm(  287): Temporarily moving tid 394 to fg (was 0)
D/dalvikvm(  287): Temporarily raised priority on tid 394 (10 -> 0)
W/dalvikvm(  287): threadid=2: spin on suspend resolved in 1052 msec
D/dalvikvm(  287): Restored policy of 394 to 0
D/dalvikvm(  287): Restored priority on 394 to 10
I/ActivityManager(  287): Start proc android.process.media for content provider com.android.providers.media/.MediaProvider: pid=496 uid=10000 gids={50000, 1015, 1023, 1024, 1028, 1006, 2001, 3003, 3007}
D/dalvikvm(  287): GC_CONCURRENT freed 732K, 14% free 5416K/6256K, paused 1097ms+138ms, total 1634ms
E/Trace   (  496): error opening trace file: No such file or directory (2)
I/LocationBlacklist(  287): whitelist: []
D/        (  401): [ApnContext:default] set reason as dataEnabled,current state IDLE
