W/InputDispatcher(  287): Attempted to unregister already unregistered input channel '4102be28 es.senselesssolutions.gpl.weightchart/es.senselesssolutions.gpl.weightchart.ChartActivity (server)'
I/WindowState(  287): WIN DEATH: Window{40e54060 u0 es.senselesssolutions.gpl.weightchart/es.senselesssolutions.gpl.weightchart.ChartActivity EXITING}
W/InputDispatcher(  287): Attempted to unregister already unregistered input channel '40e54060 es.senselesssolutions.gpl.weightchart/es.senselesssolutions.gpl.weightchart.ChartActivity (server)'
D/AndroidRuntime(  852): 
D/AndroidRuntime(  852): >>>>>> AndroidRuntime START com.android.internal.os.RuntimeInit <<<<<<
D/AndroidRuntime(  852): CheckJNI is ON
D/dalvikvm(  852): Trying to load lib libjavacore.so 0x0
D/dalvikvm(  852): Added shared lib libjavacore.so 0x0
D/dalvikvm(  852): Trying to load lib libnativehelper.so 0x0
D/dalvikvm(  852): Added shared lib libnativehelper.so 0x0
W/InputMethodManagerService(  287): Window already focused, ignoring focus gain of: com.android.internal.view.IInputMethodClient$Stub$Proxy@40eef058 attribute=null, token = android.os.BinderProxy@411cf778
D/AndroidRuntime(  852): Calling main entry com.android.commands.am.Am
D/dalvikvm(  852): Note: class Landroid/app/ActivityManagerNative; has 157 unimplemented (abstract) methods
D/dalvikvm(  862): Not late-enabling CheckJNI (already on)
I/ActivityManager(  287): Start proc es.senselesssolutions.gpl.weightchart for broadcast es.senselesssolutions.gpl.weightchart/.EmmaInstrument.SMSInstrumentedReceiver: pid=862 uid=10047 gids={50047, 1015, 1028}
I/dalvikvm(  862): Turning on JNI app bug workarounds for target SDK version 3...
E/Trace   (  862): error opening trace file: No such file or directory (2)
D/dalvikvm(  862): GC_CONCURRENT freed 284K, 12% free 2538K/2884K, paused 5ms+12ms, total 51ms
I/System.out(  862): EMMA: collecting runtime coverage data ...
D/EmmaInstrumentation:(  862): Intermidate Dump Called with file name :/mnt/sdcard/coverage.ec
D/EmmaInstrumentation:(  862): generateCoverageReport()
I/System.out(  862): EMMA: runtime coverage data merged into [/mnt/sdcard/coverage.ec] {in 11 ms}
D/AndroidRuntime(  852): Shutting down VM
D/dalvikvm(  852): GC_CONCURRENT freed 91K, 17% free 492K/588K, paused 1ms+3ms, total 8ms
* daemon not running. starting it now on port 5037 *
* daemon started successfully *
D/dalvikvm(   38): GC_EXPLICIT freed 47K, 26% free 2364K/3156K, paused 2ms+5ms, total 89ms
W/Resources(   38): Preloaded drawable resource #0x10805c1 (android:drawable/tab_unselected_holo) that varies with configuration!!
W/Resources(   38): Preloaded drawable resource #0x10805bb (android:drawable/tab_selected_focused_holo) that varies with configuration!!
W/Resources(   38): Preloaded drawable resource #0x10805c2 (android:drawable/tab_unselected_pressed_holo) that varies with configuration!!
W/Resources(   38): Preloaded drawable resource #0x10805bd (android:drawable/tab_selected_pressed_holo) that varies with configuration!!
W/Resources(   38): Preloaded drawable resource #0x10805c2 (android:drawable/tab_unselected_pressed_holo) that varies with configuration!!
W/Resources(   38): Preloaded drawable resource #0x10805bd (android:drawable/tab_selected_pressed_holo) that varies with configuration!!
W/Resources(   38): Preloaded drawable resource #0x10805bd (android:drawable/tab_selected_pressed_holo) that varies with configuration!!
W/Resources(   38): Preloaded drawable resource #0x10805c1 (android:drawable/tab_unselected_holo) that varies with configuration!!
W/Resources(   38): Preloaded drawable resource #0x10805bc (android:drawable/tab_selected_holo) that varies with configuration!!
W/Resources(   38): Preloaded drawable resource #0x10805c0 (android:drawable/tab_unselected_focused_holo) that varies with configuration!!
W/Resources(   38): Preloaded drawable resource #0x10805bb (android:drawable/tab_selected_focused_holo) that varies with configuration!!
W/Resources(   38): Preloaded drawable resource #0x10805c2 (android:drawable/tab_unselected_pressed_holo) that varies with configuration!!
W/Resources(   38): Preloaded drawable resource #0x10805bd (android:drawable/tab_selected_pressed_holo) that varies with configuration!!
W/Resources(   38): Preloaded drawable resource #0x10804a5 (android:drawable/quickcontact_badge_overlay_pressed_dark) that varies with configuration!!
W/Resources(   38): Preloaded drawable resource #0x10804a0 (android:drawable/quickcontact_badge_overlay_focused_dark) that varies with configuration!!
W/Resources(   38): Preloaded drawable resource #0x10804a3 (android:drawable/quickcontact_badge_overlay_normal_dark) that varies with configuration!!
W/Resources(   38): Preloaded drawable resource #0x10804a3 (android:drawable/quickcontact_badge_overlay_normal_dark) that varies with configuration!!
W/Resources(   38): Preloaded drawable resource #0x10804a3 (android:drawable/quickcontact_badge_overlay_normal_dark) that varies with configuration!!
D/dalvikvm(   38): GC_EXPLICIT freed 56K, 26% free 2365K/3156K, paused 3ms+8ms, total 141ms
W/Resources(   38): Preloaded drawable resource #0x10804a5 (android:drawable/quickcontact_badge_overlay_pressed_dark) that varies with configuration!!
W/Resources(   38): Preloaded drawable resource #0x10804a6 (android:drawable/quickcontact_badge_overlay_pressed_light) that varies with configuration!!
W/Resources(   38): Preloaded drawable resource #0x10804a1 (android:drawable/quickcontact_badge_overlay_focused_light) that varies with configuration!!
W/Resources(   38): Preloaded drawable resource #0x10804a4 (android:drawable/quickcontact_badge_overlay_normal_light) that varies with configuration!!
W/Resources(   38): Preloaded drawable resource #0x10804a4 (android:drawable/quickcontact_badge_overlay_normal_light) that varies with configuration!!
W/Resources(   38): Preloaded drawable resource #0x10804a4 (android:drawable/quickcontact_badge_overlay_normal_light) that varies with configuration!!
W/Resources(   38): Preloaded drawable resource #0x10804a6 (android:drawable/quickcontact_badge_overlay_pressed_light) that varies with configuration!!
I/Zygote  (   38): ...preloaded 270 resources in 9488ms.
D/dalvikvm(   38): GC_EXPLICIT freed 48K, 25% free 2368K/3156K, paused 3ms+4ms, total 87ms
I/Zygote  (   38): ...preloaded 31 resources in 200ms.
D/dalvikvm(   38): GC_EXPLICIT freed 9K, 25% free 2376K/3156K, paused 3ms+3ms, total 128ms
D/dalvikvm(   38): GC_EXPLICIT freed 7K, 25% free 2369K/3156K, paused 2ms+44ms, total 85ms
D/dalvikvm(   38): GC_EXPLICIT freed <1K, 25% free 2369K/3156K, paused 3ms+45ms, total 88ms
I/dalvikvm(   38): System server process 288 has been created
I/Zygote  (   38): Accepting command socket connections
E/BatteryService(  288): usbOnlinePath not found
E/BatteryService(  288): wirelessOnlinePath not found
E/BatteryService(  288): batteryVoltagePath not found
E/BatteryService(  288): batteryTemperaturePath not found
I/sysproc (  288): Entered system_init()
I/sysproc (  288): ServiceManager: 0x2a1a0860
D/SensorService(  288): nuSensorService starting...
I/SensorService(  288): Goldfish 3-axis Accelerometer
I/SensorService(  288): Goldfish 3-axis Magnetic field sensor
I/SensorService(  288): Goldfish Orientation sensor
I/SensorService(  288): Goldfish Temperature sensor
I/SensorService(  288): Goldfish Proximity sensor
I/sysproc (  288): System server: starting Android runtime.
I/sysproc (  288): System server: starting Android services.
I/SystemServer(  288): Entered the Android system server!
I/sysproc (  288): System server: entering thread pool.
D/SensorService(  288): nuSensorService thread starting...
I/SystemServer(  288): Enabled StrictMode logging for UI Looper
I/SystemServer(  288): Waiting for installd to be ready.
I/Installer(  288): connecting...
I/SystemServer(  288): Enabled StrictMode logging for WM Looper
I/installd(   41): new connection
I/SystemServer(  288): Entropy Mixer
I/SystemServer(  288): Power Manager
E/PowerManagerService-JNI(  288): Couldn't load power module (No such file or directory)
I/SystemServer(  288): Activity Manager
I/ActivityManager(  288): Memory class: 48
W/UsageStats(  288): Usage stats version changed; dropping
I/ActivityManager(  288): Enabled StrictMode logging for AThread's Looper
I/SystemServer(  288): Display Manager
E/SurfaceFlinger(   37): ro.sf.lcd_density must be defined as a build property
I/DisplayManagerService(  288): Display device added: DisplayDeviceInfo{"Built-in Screen": 480 x 800, 260.416 fps, density 240, 240.0 x 240.0 dpi, touch INTERNAL, FLAG_DEFAULT_DISPLAY, FLAG_ROTATES_WITH_CONTENT, FLAG_SECURE, FLAG_SUPPORTS_PROTECTED_BUFFERS, rotation 0, type BUILT_IN, address null}
I/SystemServer(  288): Telephony Registry
I/SystemServer(  288): Scheduling Policy
I/SystemServer(  288): Package Manager
D/dalvikvm(  288): GC_CONCURRENT freed 306K, 13% free 2552K/2924K, paused 4ms+3ms, total 65ms
D/dalvikvm(  288): WAIT_FOR_CONCURRENT_GC blocked 15ms
W/PackageManager(  288): Running ENG build: no pre-dexopt!
D/dalvikvm(  288): GC_CONCURRENT freed 254K, 11% free 2736K/3048K, paused 4ms+29ms, total 182ms
D/dalvikvm(  288): GC_CONCURRENT freed 152K, 7% free 2980K/3188K, paused 5ms+3ms, total 63ms
W/PackageParser(  288): No actions in intent filter at /system/app/Contacts.apk Binary XML file line #533
D/dalvikvm(  288): GC_CONCURRENT freed 242K, 9% free 3142K/3440K, paused 4ms+3ms, total 122ms
D/dalvikvm(  288): GC_CONCURRENT freed 207K, 8% free 3349K/3612K, paused 4ms+5ms, total 110ms
W/PackageManager(  288): Package com.android.camera desires unavailable shared library com.google.android.media.effects; ignoring!
D/PackageManager(  288): No files in app dir /vendor/app
D/dalvikvm(  288): GC_CONCURRENT freed 220K, 6% free 3644K/3868K, paused 5ms+30ms, total 637ms
W/PackageParser(  288): No actions in intent filter at /data/app/ApiDemos.apk Binary XML file line #2737
W/PackageParser(  288): No actions in intent filter at /data/app/ApiDemos.apk Binary XML file line #2743
W/PackageManager(  288): Package com.example.android.apis desires unavailable shared library com.example.will.never.exist; ignoring!
I/PackageParser(  288): es.senselesssolutions.gpl.weightchart: compat added android.permission.READ_PHONE_STATE
I/PackageManager(  288): Time to scan packages: 4.886 seconds
W/PackageManager(  288): Unknown permission com.google.android.googleapps.permission.GOOGLE_AUTH.mail in package com.android.contacts
W/PackageManager(  288): Unknown permission android.permission.ADD_SYSTEM_SERVICE in package com.android.phone
W/PackageManager(  288): Unknown permission com.android.smspush.WAPPUSH_MANAGER_BIND in package com.android.phone
W/PackageManager(  288): Unknown permission com.google.android.googleapps.permission.GOOGLE_AUTH in package com.android.providers.calendar
W/PackageManager(  288): Unknown permission com.google.android.googleapps.permission.GOOGLE_AUTH.cl in package com.android.providers.calendar
W/PackageManager(  288): Unknown permission com.google.android.googleapps.permission.GOOGLE_AUTH.mail in package com.android.calendar
W/PackageManager(  288): Not granting permission android.permission.SEND_DOWNLOAD_COMPLETED_INTENTS to package com.android.browser (protectionLevel=2 flags=0x9be45)
W/PackageManager(  288): Not granting permission android.permission.BIND_APPWIDGET to package com.android.widgetpreview (protectionLevel=18 flags=0x8be44)
W/PackageManager(  288): Unknown permission com.google.android.googleapps.permission.GOOGLE_AUTH in package com.android.settings
W/PackageManager(  288): Unknown permission com.google.android.gallery3d.permission.GALLERY_PROVIDER in package com.android.exchange
W/PackageManager(  288): Unknown permission com.google.android.googleapps.permission.ACCESS_GOOGLE_PASSWORD in package com.android.development
W/PackageManager(  288): Unknown permission com.google.android.googleapps.permission.GOOGLE_AUTH in package com.android.development
W/PackageManager(  288): Unknown permission com.google.android.googleapps.permission.GOOGLE_AUTH.ALL_SERVICES in package com.android.development
W/PackageManager(  288): Unknown permission com.google.android.googleapps.permission.GOOGLE_AUTH.YouTubeUser in package com.android.development
W/PackageManager(  288): Unknown permission com.google.android.gallery3d.permission.GALLERY_PROVIDER in package com.android.email
W/PackageManager(  288): Not granting permission android.permission.DEVICE_POWER to package com.android.deskclock (protectionLevel=2 flags=0x8be45)
D/AndroidRuntime(  320): 
D/AndroidRuntime(  320): >>>>>> AndroidRuntime START com.android.internal.os.RuntimeInit <<<<<<
D/AndroidRuntime(  320): CheckJNI is ON
D/dalvikvm(  320): Trying to load lib libjavacore.so 0x0
D/dalvikvm(  320): Added shared lib libjavacore.so 0x0
D/dalvikvm(  320): Trying to load lib libnativehelper.so 0x0
D/dalvikvm(  320): Added shared lib libnativehelper.so 0x0
D/dalvikvm(  288): GC_CONCURRENT freed 336K, 10% free 3735K/4128K, paused 25ms+82ms, total 621ms
D/dalvikvm(  288): WAIT_FOR_CONCURRENT_GC blocked 434ms
D/AndroidRuntime(  320): Calling main entry com.android.commands.am.Am
D/dalvikvm(  320): Note: class Landroid/app/ActivityManagerNative; has 157 unimplemented (abstract) methods
I/AndroidRuntime(  320): VM exiting with result code 1.
D/dalvikvm(  288): GC_EXPLICIT freed 114K, 13% free 3621K/4128K, paused 107ms+3ms, total 1425ms
I/SystemServer(  288): User Service
I/SystemServer(  288): Account Manager
I/SystemServer(  288): Content Manager
I/SystemServer(  288): System Content Providers
I/SystemServer(  288): Lights Service
I/SystemServer(  288): Battery Service
I/SystemServer(  288): Vibrator Service
I/libsuspend(  288): Selected early suspend
I/libsuspend(  288): Starting early suspend unblocker thread
D/PermissionCache(   37): checking android.permission.ACCESS_SURFACE_FLINGER for uid=1000 => granted (1999 us)
D/SurfaceFlinger(   37): Screen acquired, type=0 flinger=0x2a007318
D/SurfaceFlinger(   37):  screen was previously acquired
I/SystemServer(  288): Alarm Manager
D/AlarmManagerService(  288): Kernel timezone updated to 0 minutes west of GMT
I/SystemServer(  288): Init Watchdog
I/SystemServer(  288): Input Manager
I/InputManager(  288): Initializing input manager, mUseDevInputEventForAudioJack=false
I/SystemServer(  288): Window Manager
E/SoundPool(  288): error loading /system/media/audio/ui/Lock.ogg
W/KeyguardViewMediator(  288): failed to load lock sound from /system/media/audio/ui/Lock.ogg
E/SoundPool(  288): error loading /system/media/audio/ui/Unlock.ogg
W/KeyguardViewMediator(  288): failed to load unlock sound from /system/media/audio/ui/Unlock.ogg
D/dalvikvm(  288): GC_CONCURRENT freed 220K, 8% free 3808K/4128K, paused 6ms+5ms, total 109ms
I/InputManager(  288): Starting input manager
I/SystemServer(  288): No Bluetooh Service (emulator)
I/SystemServer(  288): Input Method Service
I/EventHub(  288): New device: id=1, fd=88, path='/dev/input/event0', name='qwerty2', classes=0x2d, configuration='/system/usr/idc/qwerty2.idc', keyLayout='/system/usr/keylayout/qwerty.kl', keyCharacterMap='/system/usr/keychars/qwerty2.kcm', builtinKeyboard=true, usingSuspendBlockIoctl=false, usingClockIoctl=false
E/EventHub(  288): could not get driver version for /dev/input/mouse0, Not a typewriter
E/EventHub(  288): could not get driver version for /dev/input/mice, Not a typewriter
I/InputReader(  288): Device added: id=-1, name='Virtual', sources=0x00000301
I/InputReader(  288):   Touch device 'qwerty2' could not query the properties of its associated display.  The device will be inoperable until the display size becomes available.
I/InputReader(  288): Device added: id=0, name='qwerty2', sources=0x00011307
E/Trace   (  288): error opening trace file: No such file or directory (2)
W/InputMethodManagerService(  288): Couldn't create dir.: /data/system/inputmethod
I/SystemServer(  288): Accessibility Manager
I/ActivityManager(  288): Config changes=15f8 {1.0 ?mcc?mnc en_US ldltr sw320dp w320dp h508dp 240dpi nrml long port ?uimode ?night finger -keyb/v/h tball/v s.2}
I/InputReader(  288): Reconfiguring input devices.  changes=0x00000004
I/InputReader(  288): Device reconfigured: id=0, name='qwerty2', size 480x800, orientation 0, mode 1, display id 0
I/InputReader(  288): Reconfiguring input devices.  changes=0x00000004
I/InputReader(  288): Device reconfigured: id=0, name='qwerty2', size 480x800, orientation 0, mode 1, display id 0
I/SystemServer(  288): Mount Service
D/MountService(  288): got storage path: /mnt/sdcard description: USB storage primary: true removable: false emulated: false mtpReserve: 0 allowMassStorage: false maxFileSize: 0
D/MountService(  288): addVolumeLocked() StorageVolume [mStorageId=0 mPath=/mnt/sdcard mDescriptionId=17040615 mPrimary=true mRemovable=false mEmulated=false mMtpReserveSpace=0 mAllowMassStorage=false mMaxFileSize=0 mOwner=null]
I/SystemServer(  288): LockSettingsService
I/SystemServer(  288): Device Policy
I/SystemServer(  288): Status Bar
D/dalvikvm(  288): GREF has increased to 201
I/SystemServer(  288): Clipboard Service
D/MountService(  288): volume state changed for /mnt/sdcard (null -> unmounted)
I/PackageManager(  288): Updating external media status from unmounted to unmounted
W/MountService(  288): getSecureContainerList() called when storage not mounted
I/PackageManager(  288): No secure containers on sdcard
W/PackageManager(  288): Unknown permission com.google.android.googleapps.permission.GOOGLE_AUTH.mail in package com.android.contacts
W/PackageManager(  288): Unknown permission android.permission.ADD_SYSTEM_SERVICE in package com.android.phone
I/SystemServer(  288): NetworkManagement Service
W/PackageManager(  288): Unknown permission com.android.smspush.WAPPUSH_MANAGER_BIND in package com.android.phone
W/PackageManager(  288): Unknown permission com.google.android.googleapps.permission.GOOGLE_AUTH in package com.android.providers.calendar
W/PackageManager(  288): Unknown permission com.google.android.googleapps.permission.GOOGLE_AUTH.cl in package com.android.providers.calendar
W/PackageManager(  288): Unknown permission com.google.android.googleapps.permission.GOOGLE_AUTH.mail in package com.android.calendar
W/PackageManager(  288): Not granting permission android.permission.SEND_DOWNLOAD_COMPLETED_INTENTS to package com.android.browser (protectionLevel=2 flags=0x89be45)
W/PackageManager(  288): Not granting permission android.permission.BIND_APPWIDGET to package com.android.widgetpreview (protectionLevel=18 flags=0x8be44)
W/PackageManager(  288): Unknown permission com.google.android.googleapps.permission.GOOGLE_AUTH in package com.android.settings
I/SystemServer(  288): Text Service Manager Service
W/PackageManager(  288): Unknown permission com.google.android.gallery3d.permission.GALLERY_PROVIDER in package com.android.exchange
W/PackageManager(  288): Unknown permission com.google.android.googleapps.permission.ACCESS_GOOGLE_PASSWORD in package com.android.development
W/PackageManager(  288): Unknown permission com.google.android.googleapps.permission.GOOGLE_AUTH in package com.android.development
W/PackageManager(  288): Unknown permission com.google.android.googleapps.permission.GOOGLE_AUTH.ALL_SERVICES in package com.android.development
W/PackageManager(  288): Unknown permission com.google.android.googleapps.permission.GOOGLE_AUTH.YouTubeUser in package com.android.development
W/PackageManager(  288): Unknown permission com.google.android.gallery3d.permission.GALLERY_PROVIDER in package com.android.email
W/PackageManager(  288): Not granting permission android.permission.DEVICE_POWER to package com.android.deskclock (protectionLevel=2 flags=0x88be45)
D/dalvikvm(  288): GC_CONCURRENT freed 269K, 8% free 3928K/4260K, paused 4ms+6ms, total 94ms
I/SystemServer(  288): NetworkStats Service
I/SystemServer(  288): NetworkPolicy Service
I/SystemServer(  288): Wi-Fi P2pService
I/SystemServer(  288): Wi-Fi Service
E/CommandListener(   34): Failed to open /proc/sys/net/ipv6/conf/wlan0/disable_ipv6: No such file or directory
E/WifiStateMachine(  288): Failed to disable IPv6: java.lang.IllegalStateException: command '1 interface ipv6 wlan0 disable' failed with '400 1 Failed to change IPv6 state (No such file or directory)'
I/SystemServer(  288): Connectivity Service
D/ConnectivityService(  288): ConnectivityService starting up
E/MobileDataStateTracker(  288): default: Ignoring feature request because could not acquire PhoneService
E/MobileDataStateTracker(  288): default: Could not enable APN type "default"
I/WifiService(  288): WifiService starting up with Wi-Fi disabled
I/SystemServer(  288): Network Service Discovery Service
D/NsdService(  288): Network service discovery enabled true
I/SystemServer(  288): Throttle Service
I/SystemServer(  288): UpdateLock Service
I/SystemServer(  288): Notification Manager
I/SystemServer(  288): Device Storage Monitor
I/SystemServer(  288): Location Manager
I/SystemServer(  288): Country Detector
I/SystemServer(  288): Search Service
I/SystemServer(  288): DropBox Service
I/SystemServer(  288): Wallpaper Service
D/dalvikvm(  288): GC_CONCURRENT freed 289K, 8% free 4114K/4468K, paused 5ms+18ms, total 102ms
I/SystemServer(  288): Audio Service
I/SystemServer(  288): Dock Observer
W/DockObserver(  288): This kernel does not have dock station support
I/SystemServer(  288): Wired Accessory Manager
W/WiredAccessoryManager(  288): This kernel does not have wired headset support
W/WiredAccessoryManager(  288): This kernel does not have usb audio support
W/WiredAccessoryManager(  288): This kernel does not have HDMI audio support
I/SystemServer(  288): USB Service
I/SystemServer(  288): Serial Service
I/SystemServer(  288): Twilight Service
I/SystemServer(  288): UI Mode Manager Service
I/SystemServer(  288): Backup Service
V/BackupManagerService(  288): No ancestral data
D/dalvikvm(  288): GC_CONCURRENT freed 303K, 9% free 4239K/4608K, paused 5ms+4ms, total 123ms
I/BackupManagerService(  288): Found stale backup journal, scheduling
I/BackupManagerService(  288):   android
I/BackupManagerService(  288):   com.android.browser
I/BackupManagerService(  288):   com.android.calendar
I/BackupManagerService(  288):   com.android.inputmethod.latin
I/BackupManagerService(  288):   com.android.providers.settings
I/BackupManagerService(  288):   com.android.providers.userdictionary
I/BackupManagerService(  288):   com.android.sharedstoragebackup
I/BackupManagerService(  288): Backup enabled => true
I/SystemServer(  288): AppWidget Service
I/SystemServer(  288): Recognition Service
I/SystemServer(  288): DiskStats Service
I/SystemServer(  288): SamplingProfiler Service
I/SystemServer(  288): NetworkTimeUpdateService
I/SystemServer(  288): CommonTimeManagementService
I/SystemServer(  288): CertBlacklister
I/SystemServer(  288): Dreams Service
I/WindowManager(  288): SAFE MODE not enabled
D/dalvikvm(  288): JIT started for system_server
I/ActivityManager(  288): System now ready
I/SystemServer(  288): Making services ready
I/Zygote  (  288): Process: zygote socket opened
I/ActivityManager(  288): Start proc com.android.systemui for service com.android.systemui/.SystemUIService: pid=374 uid=10034 gids={50034, 1028, 1015, 3002, 3001}
I/Vold    (   32): /dev/block/vold/179:0 being considered for volume sdcard
D/Vold    (   32): Volume sdcard state changing 1 (Idle-Unmounted) -> 3 (Checking)
D/MountService(  288): volume state changed for /mnt/sdcard (unmounted -> checking)
D/MountService(  288): sendStorageIntent Intent { act=android.intent.action.MEDIA_CHECKING dat=file:///mnt/sdcard (has extras) } to UserHandle{-1}
I//system/bin/fsck_msdos(   32): ** /dev/block/vold/179:0
D/NetworkManagementService(  288): not enabling bandwidth control
I/keystore(   42): uid: 1000 action: e -> 7 state: 3 -> 3 retry: 4
W/NetworkStats(  288): bandwidth controls disabled, unable to track stats
W/NetworkPolicy(  288): bandwidth controls disabled, unable to enforce policy
I/keystore(   42): uid: 1000 action: e -> 7 state: 3 -> 3 retry: 4
I/ActivityManager(  288): Config changes=200 {1.0 ?mcc?mnc en_US ldltr sw320dp w320dp h508dp 240dpi nrml long port finger -keyb/v/h tball/v s.3}
W/RecognitionManagerService(  288): no available voice recognition services found for user 0
E/Trace   (  374): error opening trace file: No such file or directory (2)
I//system/bin/fsck_msdos(   32): ** Phase 1 - Read and Compare FATs
I//system/bin/fsck_msdos(   32): Attempting to allocate 2044 KB for FAT
D/SystemUIService(  374): loading: class com.android.systemui.statusbar.phone.PhoneStatusBar
D/dalvikvm(  288): GC_CONCURRENT freed 151K, 5% free 4574K/4792K, paused 10ms+26ms, total 453ms
D/dalvikvm(  288): WAIT_FOR_CONCURRENT_GC blocked 329ms
D/SystemUIService(  374): running: com.android.systemui.statusbar.phone.PhoneStatusBar@40cd23a0
I/StatusBarManagerService(  288): registerStatusBar bar=com.android.internal.statusbar.IStatusBar$Stub$Proxy@40d88e08
W/InputMethodManagerService(  288): Ignoring setImeWindowStatus of uid 1000 token: null
D/dalvikvm(  288): GC_CONCURRENT freed 290K, 7% free 4777K/5132K, paused 22ms+37ms, total 295ms
D/dalvikvm(  288): WAIT_FOR_CONCURRENT_GC blocked 184ms
D/dalvikvm(  288): GC_FOR_ALLOC freed 6K, 7% free 5086K/5444K, paused 268ms, total 269ms
D/dalvikvm(  374): GC_FOR_ALLOC freed 88K, 6% free 2663K/2808K, paused 427ms, total 427ms
I/dalvikvm-heap(  374): Grow heap (frag case) to 3.259MB for 635812-byte allocation
D/dalvikvm(  374): GC_CONCURRENT freed 5K, 5% free 3279K/3432K, paused 4ms+2ms, total 99ms
D/dalvikvm(  374): WAIT_FOR_CONCURRENT_GC blocked 85ms
W/InputMethodManagerService(  288): Found no subtypes in a system IME: com.android.inputmethod.pinyin
I/ActivityManager(  288): Start proc com.android.inputmethod.latin for service com.android.inputmethod.latin/.LatinIME: pid=408 uid=10010 gids={50010, 1028}
I/CommonTimeManagementService(  288): No common time service detected on this platform.  Common time services will be unavailable.
I/InputReader(  288): Reconfiguring input devices.  changes=0x00000020
I/ActivityManager(  288): Start proc com.android.phone for added application com.android.phone: pid=419 uid=1001 gids={41001, 3002, 3001, 3003, 1015, 1028}
D/dalvikvm(  288): GC_CONCURRENT freed 359K, 8% free 5405K/5828K, paused 25ms+55ms, total 371ms
D/dalvikvm(  288): WAIT_FOR_CONCURRENT_GC blocked 144ms
E/ThrottleService(  288): problem during onPollAlarm: java.lang.IllegalStateException: problem parsing stats: java.io.FileNotFoundException: /proc/net/xt_qtaguid/iface_stat_all: open failed: ENOENT (No such file or directory)
D/dalvikvm(  288): WAIT_FOR_CONCURRENT_GC blocked 141ms
D/dalvikvm(  288): WAIT_FOR_CONCURRENT_GC blocked 137ms
I/ActivityManager(  288): START u0 {act=android.intent.action.MAIN cat=[android.intent.category.HOME] flg=0x10000000 cmp=com.android.launcher/com.android.launcher2.Launcher} from pid 0
D/dalvikvm(  288): WAIT_FOR_CONCURRENT_GC blocked 226ms
D/dalvikvm(  288): WAIT_FOR_CONCURRENT_GC blocked 244ms
I/InputReader(  288): Reconfiguring input devices.  changes=0x00000010
I/ActivityManager(  288): Start proc com.android.launcher for activity com.android.launcher/com.android.launcher2.Launcher: pid=439 uid=10020 gids={50020, 1028}
E/BluetoothAdapter(  374): Bluetooth binder is null
E/BluetoothAdapter(  374): Bluetooth binder is null
I/SystemServer(  288): Enabled StrictMode for system server main thread.
E/Trace   (  408): error opening trace file: No such file or directory (2)
E/SurfaceFlinger(   37): ro.sf.lcd_density must be defined as a build property
D/gralloc_goldfish(  288): Emulator without GPU emulation detected.
E/BluetoothAdapter(  374): Bluetooth binder is null
I/Choreographer(  288): Skipped 1624 frames!  The application may be doing too much work on its main thread.
E/Trace   (  419): error opening trace file: No such file or directory (2)
D/dalvikvm(  288): GC_CONCURRENT freed 709K, 13% free 5456K/6228K, paused 6ms+17ms, total 241ms
D/dalvikvm(  288): WAIT_FOR_CONCURRENT_GC blocked 30ms
D/dalvikvm(  288): WAIT_FOR_CONCURRENT_GC blocked 114ms
D/dalvikvm(  288): WAIT_FOR_CONCURRENT_GC blocked 66ms
D/dalvikvm(  288): WAIT_FOR_CONCURRENT_GC blocked 155ms
D/dalvikvm(  288): WAIT_FOR_CONCURRENT_GC blocked 155ms
E/Trace   (  439): error opening trace file: No such file or directory (2)
I/LatinIME(  408): Hardware accelerated drawing: false
D/dalvikvm(  374): GC_CONCURRENT freed 66K, 4% free 3632K/3756K, paused 4ms+66ms, total 264ms
V/TAG     (  288): bug 7643792: fitSystemWindows([0,0][0,0])
D/dalvikvm(  288): GC_CONCURRENT freed 725K, 13% free 5467K/6260K, paused 54ms+102ms, total 733ms
V/TAG     (  288): bug 7643792: fitSystemWindows([0,0][0,0])
E/BluetoothAdapter(  374): Bluetooth binder is null
I/ActivityManager(  288): Start proc com.android.music for broadcast com.android.music/.MediaButtonIntentReceiver: pid=464 uid=10025 gids={50025, 3003, 1015, 1028}
I/Choreographer(  288): Skipped 124 frames!  The application may be doing too much work on its main thread.
W/InputAttributes(  408): No editor info for this field. Bug?
W/TelephonyProvider(  419): onCreate: confFile=/system/etc/apns-conf.xml oldCheckSum=-1
D/TelephonyManager(  419): getLteOnCdmaMode=0 curVal=-1 product_type='' lteOnCdmaProductType=''
E/SurfaceFlinger(   37): ro.sf.lcd_density must be defined as a build property
I/dalvikvm(  464): Turning on JNI app bug workarounds for target SDK version 9...
D/dalvikvm(  288): GC_FOR_ALLOC freed 166K, 15% free 5370K/6260K, paused 299ms, total 301ms
I/dalvikvm-heap(  288): Grow heap (frag case) to 6.380MB for 1128976-byte allocation
D/dalvikvm(  288): GC_FOR_ALLOC freed 1K, 13% free 6470K/7364K, paused 306ms, total 306ms
D/dalvikvm(  288): GREF has increased to 301
E/ActivityThread(  408): Failed to find provider info for com.android.inputmethod.latin.dictionarypack
W/WindowManager(  288): Window freeze timeout expired.
W/WindowManager(  288): Force clearing orientation change: Window{40ec84f8 u0 Keyguard}
E/BinaryDictionaryGetter(  408): Could not find a dictionary pack
E/Trace   (  464): error opening trace file: No such file or directory (2)
I/Choreographer(  288): Skipped 46 frames!  The application may be doing too much work on its main thread.
D/TelephonyManager(  419): getLteOnCdmaMode=0 curVal=-1 product_type='' lteOnCdmaProductType=''
I/ActivityManager(  288): Start proc android.process.acore for content provider com.android.providers.userdictionary/.UserDictionaryProvider: pid=483 uid=10001 gids={50001, 3003, 1015, 1028}
I/LocationBlacklist(  288): whitelist: []
I/LocationBlacklist(  288): blacklist: []
D/TelephonyManager(  419): getLteOnCdmaMode=0 curVal=-1 product_type='' lteOnCdmaProductType=''
I/AudioService(  288):   Remote Control   registerMediaButtonIntent() for PendingIntent{40f65940: PendingIntentRecord{40ea6430 com.android.music broadcastIntent}}
W/InputMethodManagerService(  288): Found no subtypes in a system IME: com.android.inputmethod.pinyin
D/dalvikvm(  288): GC_CONCURRENT freed 71K, 12% free 6517K/7364K, paused 17ms+106ms, total 1273ms
I/ActivityManager(  288): Start proc android.process.media for content provider com.android.providers.media/.MediaProvider: pid=504 uid=10000 gids={50000, 1015, 1023, 1024, 1028, 1006, 2001, 3003, 3007}
D/PhoneStatusBar(  374): disable: < expand icons alerts ticker system_info back home recent clock search >
E/Trace   (  483): error opening trace file: No such file or directory (2)
I/Choreographer(  288): Skipped 1060 frames!  The application may be doing too much work on its main thread.
E/BluetoothAdapter(  374): Bluetooth binder is null
W/Settings(  419): Setting airplane_mode_on has moved from android.provider.Settings.System to android.provider.Settings.Global, returning read-only value.
D/SystemUIService(  374): loading: class com.android.systemui.power.PowerUI
D/SystemUIService(  374): running: com.android.systemui.power.PowerUI@40e40118
D/SystemUIService(  374): loading: class com.android.systemui.media.RingtonePlayer
D/SystemUIService(  374): running: com.android.systemui.media.RingtonePlayer@40e40ef8
I/Choreographer(  288): Skipped 38 frames!  The application may be doing too much work on its main thread.
W/Settings(  419): Setting auto_time has moved from android.provider.Settings.System to android.provider.Settings.Global, returning read-only global URI.
V/TAG     (  288): bug 7643792: fitSystemWindows([0,38][0,0])
I/Choreographer(  374): Skipped 2566 frames!  The application may be doing too much work on its main thread.
W/Settings(  419): Setting auto_time_zone has moved from android.provider.Settings.System to android.provider.Settings.Global, returning read-only global URI.
E/Trace   (  504): error opening trace file: No such file or directory (2)
W/WindowManager(  288): Window freeze timeout expired.
I/Choreographer(  288): Skipped 445 frames!  The application may be doing too much work on its main thread.
W/ActivityManager(  288): Unable to start service Intent { act=com.android.internal.telephony.IWapPushManager } U=0: not found
D/        (  419): [ApnContext:default] set reason as dataEnabled,current state IDLE
D/        (  419): [ApnContext:default] setRetryCount: 0
D/        (  419): [ApnContext:mms] set reason as dataEnabled,current state IDLE
D/        (  419): [ApnContext:mms] setRetryCount: 0
D/        (  419): [ApnContext:supl] set reason as dataEnabled,current state IDLE
D/        (  419): [ApnContext:supl] setRetryCount: 0
D/        (  419): [ApnContext:hipri] set reason as dataEnabled,current state IDLE
D/        (  419): [ApnContext:hipri] setRetryCount: 0
D/        (  419): [ApnContext:fota] set reason as dataEnabled,current state IDLE
D/        (  419): [ApnContext:fota] setRetryCount: 0
D/        (  419): [ApnContext:ims] set reason as dataEnabled,current state IDLE
D/        (  419): [ApnContext:ims] setRetryCount: 0
D/        (  419): [ApnContext:cbs] set reason as dataEnabled,current state IDLE
D/        (  419): [ApnContext:cbs] setRetryCount: 0
W/ActivityManager(  288): Activity idle timeout for ActivityRecord{40e93cd0 u0 com.android.launcher/com.android.launcher2.Launcher}
E/SoundPool(  288): error loading /system/media/audio/ui/Effect_Tick.ogg
W/AudioService(  288): Soundpool could not load file: /system/media/audio/ui/Effect_Tick.ogg
E/SoundPool(  288): error loading /system/media/audio/ui/Effect_Tick.ogg
W/AudioService(  288): Soundpool could not load file: /system/media/audio/ui/Effect_Tick.ogg
E/SoundPool(  288): error loading /system/media/audio/ui/Effect_Tick.ogg
W/AudioService(  288): Soundpool could not load file: /system/media/audio/ui/Effect_Tick.ogg
E/SoundPool(  288): error loading /system/media/audio/ui/Effect_Tick.ogg
W/AudioService(  288): Soundpool could not load file: /system/media/audio/ui/Effect_Tick.ogg
E/SoundPool(  288): error loading /system/media/audio/ui/Effect_Tick.ogg
W/AudioService(  288): Soundpool could not load file: /system/media/audio/ui/Effect_Tick.ogg
E/SoundPool(  288): error loading /system/media/audio/ui/KeypressStandard.ogg
W/AudioService(  288): Soundpool could not load file: /system/media/audio/ui/KeypressStandard.ogg
E/SoundPool(  288): error loading /system/media/audio/ui/KeypressSpacebar.ogg
W/AudioService(  288): Soundpool could not load file: /system/media/audio/ui/KeypressSpacebar.ogg
E/SoundPool(  288): error loading /system/media/audio/ui/KeypressDelete.ogg
W/AudioService(  288): Soundpool could not load file: /system/media/audio/ui/KeypressDelete.ogg
E/SoundPool(  288): error loading /system/media/audio/ui/KeypressReturn.ogg
W/AudioService(  288): Soundpool could not load file: /system/media/audio/ui/KeypressReturn.ogg
W/AudioService(  288): loadSoundEffects(), Error -1 while loading samples
I/ActivityManager(  288): Start proc com.android.contacts for broadcast com.android.contacts/.calllog.CallLogReceiver: pid=533 uid=10001 gids={50001, 3003, 1015, 1028}
E/BluetoothAdapter(  288): Bluetooth binder is null
E/BluetoothAdapter(  288): Bluetooth binder is null
V/WiredAccessoryManager(  288): init()
D/TelephonyManager(  419): getLteOnCdmaMode=0 curVal=-1 product_type='' lteOnCdmaProductType=''
D/dalvikvm(  419): GC_CONCURRENT freed 197K, 9% free 2579K/2832K, paused 4ms+43ms, total 163ms
D/CallManager(  419): registerPhone(GSM Handler (com.android.internal.telephony.PhoneProxy) {40d05168})
E/BluetoothAdapter(  419): Bluetooth binder is null
E/Trace   (  533): error opening trace file: No such file or directory (2)
W/dalvikvm(  439): threadid=2: spin on suspend #1 threadid=12 (pcf=0)
D/dalvikvm(  439): Temporarily moving tid 525 to fg (was 0)
D/dalvikvm(  439): Temporarily raised priority on tid 525 (10 -> 0)
E/BluetoothAdapter(  419): Bluetooth binder is null
W/dalvikvm(  439): threadid=2: spin on suspend resolved in 1083 msec
D/dalvikvm(  439): Restored policy of 525 to 0
D/dalvikvm(  439): Restored priority on 525 to 10
I/DownloadManager(  504): in removeSpuriousFiles
D/dalvikvm(  439): GC_CONCURRENT freed 191K, 9% free 2665K/2912K, paused 1099ms+28ms, total 2742ms
D/dalvikvm(  288): GREF has increased to 401
E/UserHistoryDictionary(  408): when loading: file not foundjava.io.FileNotFoundException: /data/data/com.android.inputmethod.latin/files/UserHistoryDictionary.en_US.dict: open failed: ENOENT (No such file or directory)
D/dalvikvm(  408): GC_CONCURRENT freed 240K, 11% free 2537K/2832K, paused 22ms+3ms, total 610ms
D/dalvikvm(  483): GC_CONCURRENT freed 196K, 9% free 2604K/2856K, paused 42ms+361ms, total 1214ms
E/StrictMode(  408): A resource was acquired at attached stack trace but never released. See java.io.Closeable for information on avoiding resource leaks.
E/StrictMode(  408): java.lang.Throwable: Explicit termination method 'close' not called
E/StrictMode(  408): 	at dalvik.system.CloseGuard.open(CloseGuard.java:184)
E/StrictMode(  408): 	at android.os.ParcelFileDescriptor.<init>(ParcelFileDescriptor.java:412)
E/StrictMode(  408): 	at android.content.res.AssetManager.openNonAssetFdNative(Native Method)
E/StrictMode(  408): 	at android.content.res.AssetManager.openNonAssetFd(AssetManager.java:428)
E/StrictMode(  408): 	at android.content.res.Resources.openRawResourceFd(Resources.java:979)
E/StrictMode(  408): 	at com.android.inputmethod.latin.BinaryDictionaryGetter.loadFallbackResource(BinaryDictionaryGetter.java:183)
E/StrictMode(  408): 	at com.android.inputmethod.latin.BinaryDictionaryGetter.getDictionaryFiles(BinaryDictionaryGetter.java:456)
E/StrictMode(  408): 	at com.android.inputmethod.latin.DictionaryFactory.createMainDictionaryFromManager(DictionaryFactory.java:57)
E/StrictMode(  408): 	at com.android.inputmethod.latin.DictionaryFactory.createMainDictionaryFromManager(DictionaryFactory.java:87)
E/StrictMode(  408): 	at com.android.inputmethod.latin.Suggest$1.run(Suggest.java:108)
D/DebugService(  419): DebugService DebugService:
D/TelephonyDebugService(  419): TelephonyDebugService()
D/dalvikvm(  419): GC_CONCURRENT freed 328K, 13% free 2653K/3040K, paused 15ms+31ms, total 125ms
I/RecoverySystem(  288): No recovery log file
I/ActivityManager(  288): Start proc com.android.deskclock for broadcast com.android.deskclock/.AlarmInitReceiver: pid=575 uid=10006 gids={50006, 1028}
D/dalvikvm(   38): GC_EXPLICIT freed 35K, 4% free 2381K/2472K, paused 3ms+3ms, total 155ms
D/dalvikvm(   38): GC_EXPLICIT freed <1K, 4% free 2381K/2472K, paused 4ms+4ms, total 96ms
D/dalvikvm(   38): GC_EXPLICIT freed <1K, 4% free 2381K/2472K, paused 2ms+4ms, total 40ms
E/Trace   (  575): error opening trace file: No such file or directory (2)
W/Settings(  419): Setting auto_time_zone has moved from android.provider.Settings.System to android.provider.Settings.Global, returning read-only value.
V/AlarmClock(  575): No next alarm
V/AlarmClock(  575): AlarmInitReceiver - Reset timers and clear stopwatch data
V/AlarmClock(  575): No next alarm
V/AlarmClock(  575): AlarmInitReceiver finished
W/dalvikvm(  439): threadid=1: spin on suspend #1 threadid=12 (pcf=0)
D/dalvikvm(  439): Temporarily moving tid 525 to fg (was 0)
D/dalvikvm(  439): Temporarily raised priority on tid 525 (10 -> 0)
W/dalvikvm(  439): threadid=1: spin on suspend resolved in 1084 msec
D/dalvikvm(  439): Restored policy of 525 to 0
D/dalvikvm(  439): Restored priority on 525 to 10
D/dalvikvm(  439): GC_FOR_ALLOC freed 43K, 4% free 2854K/2952K, paused 1260ms, total 1280ms
I/dalvikvm-heap(  439): Grow heap (frag case) to 4.212MB for 1440016-byte allocation
D/dalvikvm(  439): GC_FOR_ALLOC freed 10K, 3% free 4250K/4360K, paused 330ms, total 330ms
D/dalvikvm(  439): GC_CONCURRENT freed <1K, 3% free 4250K/4360K, paused 4ms+3ms, total 45ms
D/CAT     (  419): CatService: Running CAT service. STK app installed:false
D/CAT     (  419): CatService: NEW sInstance
D/CAT     (  419): CatService: SIM ready. Reporting STK service running now...
D/dalvikvm(  288): GC_CONCURRENT freed 1951K, 27% free 5606K/7620K, paused 7ms+8ms, total 456ms
D/dalvikvm(  288): WAIT_FOR_CONCURRENT_GC blocked 181ms
W/dalvikvm(  419): threadid=2: spin on suspend #1 threadid=14 (pcf=0)
D/dalvikvm(  419): Temporarily moving tid 551 to fg (was 0)
D/dalvikvm(  419): Temporarily raised priority on tid 551 (10 -> 0)
W/dalvikvm(  419): threadid=2: spin on suspend resolved in 1175 msec
D/dalvikvm(  419): Restored policy of 551 to 0
D/dalvikvm(  419): Restored priority on 551 to 10
D/dalvikvm(  419): GC_CONCURRENT freed 292K, 12% free 2766K/3116K, paused 1188ms+350ms, total 1804ms
D/MccTable(  419): updateMccMncConfiguration: mcc=310, mnc=260
D/TelephonyManager(  419): getLteOnCdmaMode=0 curVal=-1 product_type='' lteOnCdmaProductType=''
D/MccTable(  419): locale set to en_us
D/MccTable(  419): WIFI_COUNTRY_CODE set to us
I/WifiService(  288): WifiService trying to set country code to us with persist set to true
I/ActivityManager(  288): Config changes=1403 {1.0 310mcc260mnc en_US ldltr sw320dp w320dp h508dp 240dpi nrml long port finger -keyb/v/h tball/v s.4}
W/SurfaceFlinger(   37): createScreenshotSurface failed (Function not implemented)
D/dalvikvm(  288): GC_CONCURRENT freed 401K, 22% free 6003K/7620K, paused 8ms+19ms, total 518ms
D/dalvikvm(  288): WAIT_FOR_CONCURRENT_GC blocked 486ms
W/dalvikvm(  439): threadid=2: spin on suspend #1 threadid=12 (pcf=0)
D/dalvikvm(  439): Temporarily moving tid 525 to fg (was 0)
D/dalvikvm(  439): Temporarily raised priority on tid 525 (10 -> 0)
W/dalvikvm(  439): threadid=2: spin on suspend resolved in 1182 msec
D/dalvikvm(  439): Restored policy of 525 to 0
D/dalvikvm(  439): Restored priority on 525 to 10
D/dalvikvm(  439): GC_CONCURRENT freed 155K, 5% free 4709K/4920K, paused 1201ms+84ms, total 1522ms
W/Settings(  419): Setting auto_time_zone has moved from android.provider.Settings.System to android.provider.Settings.Global, returning read-only value.
D/MccTable(  419): updateMccMncConfiguration: mcc=310, mnc=260
D/TelephonyManager(  419): getLteOnCdmaMode=0 curVal=-1 product_type='' lteOnCdmaProductType=''
D/MccTable(  419): locale set to en_us
D/MccTable(  419): WIFI_COUNTRY_CODE set to us
I/WifiService(  288): WifiService trying to set country code to us with persist set to true
I/ActivityManager(  288): Config changes=1400 {1.0 310mcc260mnc en_US ldltr sw320dp w320dp h508dp 240dpi nrml long port finger -keyb/v/h tball/v s.5}
W/WindowManager(  288): Window freeze timeout expired.
W/WindowManager(  288): Force clearing orientation change: Window{40ec84f8 u0 Keyguard}
D/dalvikvm(  419): GC_CONCURRENT freed 277K, 11% free 2882K/3216K, paused 47ms+5ms, total 157ms
D/dalvikvm(  288): GC_CONCURRENT freed 660K, 18% free 6250K/7620K, paused 4ms+7ms, total 93ms
D/dalvikvm(  288): WAIT_FOR_CONCURRENT_GC blocked 63ms
I/Choreographer(  288): Skipped 1768 frames!  The application may be doing too much work on its main thread.
D/dalvikvm(  419): GC_CONCURRENT freed 437K, 15% free 2879K/3376K, paused 4ms+100ms, total 164ms
I/Choreographer(  288): Skipped 74 frames!  The application may be doing too much work on its main thread.
D/dalvikvm(  288): GC_FOR_ALLOC freed 269K, 19% free 6213K/7620K, paused 286ms, total 295ms
I/dalvikvm-heap(  288): Grow heap (frag case) to 7.204MB for 1128976-byte allocation
W/Launcher.Model(  439): LoaderTask running with no launcher (loadAllAppsByBatch)
D/dalvikvm(  288): GC_FOR_ALLOC freed 593K, 23% free 6721K/8724K, paused 333ms, total 333ms
W/WindowManager(  288): App freeze timeout expired.
W/WindowManager(  288): Force clearing freeze: AppWindowToken{40fe55c8 token=Token{40dfa3c0 ActivityRecord{40e93cd0 u0 com.android.launcher/com.android.launcher2.Launcher}}}
D/ConnectivityService(  288): ConnectivityChange for mobile: CONNECTED/CONNECTED
D/dalvikvm(  288): GC_CONCURRENT freed 175K, 22% free 6844K/8724K, paused 197ms+210ms, total 1372ms
D/dalvikvm(  288): GC_EXPLICIT freed 1346K, 26% free 6514K/8724K, paused 20ms+16ms, total 185ms
I/Choreographer(  288): Skipped 1054 frames!  The application may be doing too much work on its main thread.
D/dalvikvm(  374): GC_CONCURRENT freed 230K, 7% free 3807K/4092K, paused 18ms+22ms, total 218ms
D/dalvikvm(  288): GC_FOR_ALLOC freed 713K, 27% free 6454K/8724K, paused 224ms, total 242ms
I/dalvikvm-heap(  288): Grow heap (frag case) to 7.440MB for 1128976-byte allocation
D/dalvikvm(  288): GC_FOR_ALLOC freed 874K, 24% free 6682K/8724K, paused 198ms, total 198ms
I/Choreographer(  288): Skipped 216 frames!  The application may be doing too much work on its main thread.
D/Tethering(  288): MasterInitialState.processMessage what=3
D/dalvikvm(  439): GC_FOR_ALLOC freed 391K, 9% free 4843K/5292K, paused 346ms, total 360ms
I/dalvikvm-heap(  439): Grow heap (frag case) to 6.155MB for 1440016-byte allocation
I/Choreographer(  288): Skipped 51 frames!  The application may be doing too much work on its main thread.
D/dalvikvm(  439): GC_FOR_ALLOC freed 30K, 8% free 6219K/6700K, paused 102ms, total 102ms
D/dalvikvm(  439): GC_CONCURRENT freed <1K, 8% free 6219K/6700K, paused 4ms+3ms, total 34ms
D/dalvikvm(  288): GC_CONCURRENT freed 31K, 24% free 6660K/8724K, paused 71ms+58ms, total 557ms
E/SurfaceFlinger(   37): ro.sf.lcd_density must be defined as a build property
D/PhoneStatusBar(  374): disable: < expand icons alerts ticker system_info BACK* HOME* RECENT* CLOCK* SEARCH* >
E/SurfaceFlinger(   37): ro.sf.lcd_density must be defined as a build property
D/dalvikvm(  374): GC_FOR_ALLOC freed 38K, 6% free 3884K/4092K, paused 44ms, total 49ms
I/dalvikvm-heap(  374): Grow heap (frag case) to 9.958MB for 6410576-byte allocation
D/dalvikvm(  374): GC_CONCURRENT freed 3K, 3% free 10141K/10356K, paused 5ms+3ms, total 95ms
D/Launcher.Model(  439): Reload apps on config change. curr_mcc:310 prevmcc:0
I/Choreographer(  439): Skipped 2997 frames!  The application may be doing too much work on its main thread.
W/WindowManager(  288): Window freeze timeout expired.
W/WindowManager(  288): Force clearing orientation change: Window{40f49e00 u0 StatusBar}
W/WindowManager(  288): Force clearing orientation change: Window{4102f8f0 u0 com.android.systemui.ImageWallpaper}
E/SurfaceFlinger(   37): ro.sf.lcd_density must be defined as a build property
W/WindowManager(  288): ***** BOOT TIMEOUT: forcing display enabled
I/SurfaceFlinger(   37): Boot is finished (89063 ms)
I/ActivityManager(  288): Config changes=1400 {1.0 310mcc260mnc en_US ldltr sw320dp w320dp h508dp 240dpi nrml long port finger -keyb/v/h tball/v s.6}
I/Choreographer(  288): Skipped 97 frames!  The application may be doing too much work on its main thread.
D/gralloc_goldfish(  439): Emulator without GPU emulation detected.
I/PowerManagerService(  288): Boot animation finished.
D/dalvikvm(  374): GC_FOR_ALLOC freed <1K, 3% free 10142K/10356K, paused 21ms, total 21ms
I/dalvikvm-heap(  374): Grow heap (frag case) to 12.654MB for 2828816-byte allocation
D/dalvikvm(  439): GC_FOR_ALLOC freed 1490K, 27% free 5038K/6816K, paused 320ms, total 332ms
I/dalvikvm-heap(  439): Grow heap (frag case) to 6.367MB for 1463056-byte allocation
D/dalvikvm(  374): GC_CONCURRENT freed 0K, 2% free 12905K/13120K, paused 18ms+12ms, total 82ms
D/dalvikvm(  374): WAIT_FOR_CONCURRENT_GC blocked 64ms
D/gralloc_goldfish(  374): Emulator without GPU emulation detected.
D/dalvikvm(  439): GC_CONCURRENT freed 6K, 22% free 6460K/8248K, paused 8ms+14ms, total 51ms
D/dalvikvm(  439): WAIT_FOR_CONCURRENT_GC blocked 2ms
D/dalvikvm(  439): GC_FOR_ALLOC freed <1K, 22% free 6460K/8248K, paused 32ms, total 42ms
I/dalvikvm-heap(  439): Grow heap (frag case) to 7.755MB for 1463056-byte allocation
I/Choreographer(  374): Skipped 8905 frames!  The application may be doing too much work on its main thread.
D/dalvikvm(  439): GC_FOR_ALLOC freed 0K, 19% free 7889K/9680K, paused 106ms, total 106ms
D/dalvikvm(  439): GC_CONCURRENT freed 0K, 18% free 7984K/9680K, paused 5ms+314ms, total 441ms
I/Choreographer(  288): Skipped 50 frames!  The application may be doing too much work on its main thread.
I/Choreographer(  374): Skipped 139 frames!  The application may be doing too much work on its main thread.
I/ActivityManager(  288): Displayed com.android.launcher/com.android.launcher2.Launcher: +44s724ms
I/ActivityManager(  288): Start proc com.android.email for broadcast com.android.email/.service.EmailBroadcastReceiver: pid=633 uid=10019 gids={50019, 3003, 1015, 1028}
E/Trace   (  633): error opening trace file: No such file or directory (2)
I/ActivityManager(  288): Start proc com.android.exchange for service com.android.exchange/.ExchangeService: pid=650 uid=10032 gids={50032, 3003, 1015, 1028}
I/ActivityManager(  288): Start proc com.android.providers.calendar for broadcast com.android.providers.calendar/.CalendarReceiver: pid=656 uid=10023 gids={50023, 3003, 1015, 1028}
E/Trace   (  650): error opening trace file: No such file or directory (2)
E/Trace   (  656): error opening trace file: No such file or directory (2)
I/ActivityManager(  288): Start proc com.android.mms for broadcast com.android.mms/.transaction.MmsSystemEventReceiver: pid=681 uid=10029 gids={50029, 3003, 1015, 1028}
