W/PackageManager(  281): Unknown permission com.google.android.googleapps.permission.GOOGLE_AUTH.YouTubeUser in package com.android.development
W/PackageManager(  281): Unknown permission com.google.android.gallery3d.permission.GALLERY_PROVIDER in package com.android.email
W/PackageManager(  281): Not granting permission android.permission.DEVICE_POWER to package com.android.deskclock (protectionLevel=2 flags=0x8be45)
D/dalvikvm(  281): GC_CONCURRENT freed 245K, 8% free 3749K/4056K, paused 5ms+46ms, total 184ms
D/dalvikvm(  281): GC_EXPLICIT freed 211K, 12% free 3628K/4088K, paused 3ms+3ms, total 188ms
I/SystemServer(  281): User Service
I/SystemServer(  281): Account Manager
I/SystemServer(  281): Content Manager
I/SystemServer(  281): System Content Providers
I/SystemServer(  281): Lights Service
I/SystemServer(  281): Battery Service
I/SystemServer(  281): Vibrator Service
I/libsuspend(  281): Selected early suspend
I/libsuspend(  281): Starting early suspend unblocker thread
D/PermissionCache(   37): checking android.permission.ACCESS_SURFACE_FLINGER for uid=1000 => granted (3583 us)
D/SurfaceFlinger(   37): Screen acquired, type=0 flinger=0x2a007318
D/SurfaceFlinger(   37):  screen was previously acquired
I/SystemServer(  281): Alarm Manager
D/AlarmManagerService(  281): Kernel timezone updated to 0 minutes west of GMT
I/SystemServer(  281): Init Watchdog
I/SystemServer(  281): Input Manager
I/InputManager(  281): Initializing input manager, mUseDevInputEventForAudioJack=false
I/SystemServer(  281): Window Manager
E/SoundPool(  281): error loading /system/media/audio/ui/Lock.ogg
W/KeyguardViewMediator(  281): failed to load lock sound from /system/media/audio/ui/Lock.ogg
E/SoundPool(  281): error loading /system/media/audio/ui/Unlock.ogg
W/KeyguardViewMediator(  281): failed to load unlock sound from /system/media/audio/ui/Unlock.ogg
I/InputManager(  281): Starting input manager
I/SystemServer(  281): No Bluetooh Service (emulator)
I/SystemServer(  281): Input Method Service
W/InputMethodManagerService(  281): Couldn't create dir.: /data/system/inputmethod
I/EventHub(  281): New device: id=1, fd=88, path='/dev/input/event0', name='qwerty2', classes=0x2d, configuration='/system/usr/idc/qwerty2.idc', keyLayout='/system/usr/keylayout/qwerty.kl', keyCharacterMap='/system/usr/keychars/qwerty2.kcm', builtinKeyboard=true, usingSuspendBlockIoctl=false, usingClockIoctl=false
E/EventHub(  281): could not get driver version for /dev/input/mouse0, Not a typewriter
E/EventHub(  281): could not get driver version for /dev/input/mice, Not a typewriter
I/InputReader(  281): Device added: id=-1, name='Virtual', sources=0x00000301
I/InputReader(  281):   Touch device 'qwerty2' could not query the properties of its associated display.  The device will be inoperable until the display size becomes available.
I/InputReader(  281): Device added: id=0, name='qwerty2', sources=0x00011307
E/Trace   (  281): error opening trace file: No such file or directory (2)
D/dalvikvm(  281): GC_CONCURRENT freed 297K, 9% free 3836K/4204K, paused 5ms+5ms, total 718ms
D/dalvikvm(  281): WAIT_FOR_CONCURRENT_GC blocked 408ms
I/SystemServer(  281): Accessibility Manager
I/ActivityManager(  281): Config changes=15f8 {1.0 ?mcc?mnc en_US ldltr sw320dp w320dp h508dp 240dpi nrml long port ?uimode ?night finger -keyb/v/h tball/v s.2}
I/InputReader(  281): Reconfiguring input devices.  changes=0x00000004
I/InputReader(  281): Device reconfigured: id=0, name='qwerty2', size 480x800, orientation 0, mode 1, display id 0
I/SystemServer(  281): Mount Service
D/MountService(  281): got storage path: /mnt/sdcard description: USB storage primary: true removable: false emulated: false mtpReserve: 0 allowMassStorage: false maxFileSize: 0
D/MountService(  281): addVolumeLocked() StorageVolume [mStorageId=0 mPath=/mnt/sdcard mDescriptionId=17040615 mPrimary=true mRemovable=false mEmulated=false mMtpReserveSpace=0 mAllowMassStorage=false mMaxFileSize=0 mOwner=null]
I/SystemServer(  281): LockSettingsService
I/SystemServer(  281): Device Policy
I/SystemServer(  281): Status Bar
I/SystemServer(  281): Clipboard Service
D/dalvikvm(  281): GREF has increased to 201
D/MountService(  281): volume state changed for /mnt/sdcard (null -> unmounted)
I/PackageManager(  281): Updating external media status from unmounted to unmounted
W/MountService(  281): getSecureContainerList() called when storage not mounted
I/SystemServer(  281): NetworkManagement Service
I/SystemServer(  281): Text Service Manager Service
I/SystemServer(  281): NetworkStats Service
I/SystemServer(  281): NetworkPolicy Service
I/PackageManager(  281): No secure containers on sdcard
W/PackageManager(  281): Unknown permission com.google.android.googleapps.permission.GOOGLE_AUTH.mail in package com.android.contacts
W/PackageManager(  281): Unknown permission android.permission.ADD_SYSTEM_SERVICE in package com.android.phone
W/PackageManager(  281): Unknown permission com.android.smspush.WAPPUSH_MANAGER_BIND in package com.android.phone
W/PackageManager(  281): Unknown permission com.google.android.googleapps.permission.GOOGLE_AUTH in package com.android.providers.calendar
W/PackageManager(  281): Unknown permission com.google.android.googleapps.permission.GOOGLE_AUTH.cl in package com.android.providers.calendar
W/PackageManager(  281): Unknown permission com.google.android.googleapps.permission.GOOGLE_AUTH.mail in package com.android.calendar
W/PackageManager(  281): Not granting permission android.permission.SEND_DOWNLOAD_COMPLETED_INTENTS to package com.android.browser (protectionLevel=2 flags=0x89be45)
W/PackageManager(  281): Not granting permission android.permission.BIND_APPWIDGET to package com.android.widgetpreview (protectionLevel=18 flags=0x8be44)
I/SystemServer(  281): Wi-Fi P2pService
W/PackageManager(  281): Unknown permission com.google.android.googleapps.permission.GOOGLE_AUTH in package com.android.settings
W/PackageManager(  281): Unknown permission com.google.android.gallery3d.permission.GALLERY_PROVIDER in package com.android.exchange
W/PackageManager(  281): Unknown permission com.google.android.googleapps.permission.ACCESS_GOOGLE_PASSWORD in package com.android.development
W/PackageManager(  281): Unknown permission com.google.android.googleapps.permission.GOOGLE_AUTH in package com.android.development
W/PackageManager(  281): Unknown permission com.google.android.googleapps.permission.GOOGLE_AUTH.ALL_SERVICES in package com.android.development
W/PackageManager(  281): Unknown permission com.google.android.googleapps.permission.GOOGLE_AUTH.YouTubeUser in package com.android.development
W/PackageManager(  281): Unknown permission com.google.android.gallery3d.permission.GALLERY_PROVIDER in package com.android.email
W/PackageManager(  281): Not granting permission android.permission.DEVICE_POWER to package com.android.deskclock (protectionLevel=2 flags=0x88be45)
D/dalvikvm(  281): GC_CONCURRENT freed 272K, 8% free 3959K/4296K, paused 5ms+4ms, total 122ms
I/SystemServer(  281): Wi-Fi Service
E/CommandListener(   34): Failed to open /proc/sys/net/ipv6/conf/wlan0/disable_ipv6: No such file or directory
E/WifiStateMachine(  281): Failed to disable IPv6: java.lang.IllegalStateException: command '1 interface ipv6 wlan0 disable' failed with '400 1 Failed to change IPv6 state (No such file or directory)'
I/SystemServer(  281): Connectivity Service
D/ConnectivityService(  281): ConnectivityService starting up
E/MobileDataStateTracker(  281): default: Ignoring feature request because could not acquire PhoneService
E/MobileDataStateTracker(  281): default: Could not enable APN type "default"
I/WifiService(  281): WifiService starting up with Wi-Fi disabled
I/SystemServer(  281): Network Service Discovery Service
D/NsdService(  281): Network service discovery enabled true
I/SystemServer(  281): Throttle Service
I/SystemServer(  281): UpdateLock Service
I/SystemServer(  281): Notification Manager
I/SystemServer(  281): Device Storage Monitor
I/SystemServer(  281): Location Manager
I/SystemServer(  281): Country Detector
I/SystemServer(  281): Search Service
I/SystemServer(  281): DropBox Service
I/SystemServer(  281): Wallpaper Service
I/SystemServer(  281): Audio Service
D/dalvikvm(  281): GC_CONCURRENT freed 239K, 7% free 4135K/4436K, paused 45ms+9ms, total 180ms
I/SystemServer(  281): Dock Observer
W/DockObserver(  281): This kernel does not have dock station support
I/SystemServer(  281): Wired Accessory Manager
W/WiredAccessoryManager(  281): This kernel does not have wired headset support
W/WiredAccessoryManager(  281): This kernel does not have usb audio support
W/WiredAccessoryManager(  281): This kernel does not have HDMI audio support
I/SystemServer(  281): USB Service
I/SystemServer(  281): Serial Service
I/SystemServer(  281): Twilight Service
I/SystemServer(  281): UI Mode Manager Service
I/SystemServer(  281): Backup Service
V/BackupManagerService(  281): No ancestral data
I/BackupManagerService(  281): Found stale backup journal, scheduling
I/BackupManagerService(  281):   android
I/BackupManagerService(  281):   com.android.browser
I/BackupManagerService(  281):   com.android.calendar
I/BackupManagerService(  281):   com.android.inputmethod.latin
I/BackupManagerService(  281):   com.android.providers.settings
I/BackupManagerService(  281):   com.android.providers.userdictionary
I/BackupManagerService(  281):   com.android.sharedstoragebackup
I/BackupManagerService(  281): Backup enabled => true
D/dalvikvm(  281): GC_CONCURRENT freed 283K, 8% free 4256K/4604K, paused 45ms+71ms, total 242ms
I/SystemServer(  281): AppWidget Service
I/SystemServer(  281): Recognition Service
I/SystemServer(  281): DiskStats Service
I/SystemServer(  281): SamplingProfiler Service
I/SystemServer(  281): NetworkTimeUpdateService
I/SystemServer(  281): CommonTimeManagementService
I/SystemServer(  281): CertBlacklister
I/SystemServer(  281): Dreams Service
I/WindowManager(  281): SAFE MODE not enabled
D/dalvikvm(  281): JIT started for system_server
I/ActivityManager(  281): System now ready
I/SystemServer(  281): Making services ready
I/Zygote  (  281): Process: zygote socket opened
I/ActivityManager(  281): Start proc com.android.systemui for service com.android.systemui/.SystemUIService: pid=344 uid=10034 gids={50034, 1028, 1015, 3002, 3001}
I/Vold    (   32): /dev/block/vold/179:0 being considered for volume sdcard
D/Vold    (   32): Volume sdcard state changing 1 (Idle-Unmounted) -> 3 (Checking)
I//system/bin/fsck_msdos(   32): ** /dev/block/vold/179:0
I//system/bin/fsck_msdos(   32): ** Phase 1 - Read and Compare FATs
D/MountService(  281): volume state changed for /mnt/sdcard (unmounted -> checking)
D/MountService(  281): sendStorageIntent Intent { act=android.intent.action.MEDIA_CHECKING dat=file:///mnt/sdcard (has extras) } to UserHandle{-1}
D/NetworkManagementService(  281): not enabling bandwidth control
I/keystore(   42): uid: 1000 action: e -> 7 state: 3 -> 3 retry: 4
W/NetworkStats(  281): bandwidth controls disabled, unable to track stats
W/NetworkPolicy(  281): bandwidth controls disabled, unable to enforce policy
I/keystore(   42): uid: 1000 action: e -> 7 state: 3 -> 3 retry: 4
I//system/bin/fsck_msdos(   32): Attempting to allocate 2044 KB for FAT
I/ActivityManager(  281): Config changes=200 {1.0 ?mcc?mnc en_US ldltr sw320dp w320dp h508dp 240dpi nrml long port finger -keyb/v/h tball/v s.3}
W/RecognitionManagerService(  281): no available voice recognition services found for user 0
E/Trace   (  344): error opening trace file: No such file or directory (2)
D/dalvikvm(  281): GC_CONCURRENT freed 138K, 5% free 4581K/4784K, paused 4ms+62ms, total 245ms
D/dalvikvm(  281): WAIT_FOR_CONCURRENT_GC blocked 225ms
D/SystemUIService(  344): loading: class com.android.systemui.statusbar.phone.PhoneStatusBar
D/SystemUIService(  344): running: com.android.systemui.statusbar.phone.PhoneStatusBar@40cd2438
W/InputMethodManagerService(  281): Ignoring setImeWindowStatus of uid 1000 token: null
W/InputMethodManagerService(  281): Found no subtypes in a system IME: com.android.inputmethod.pinyin
I/StatusBarManagerService(  281): registerStatusBar bar=com.android.internal.statusbar.IStatusBar$Stub$Proxy@40f6b470
I/ActivityManager(  281): Start proc com.android.inputmethod.latin for service com.android.inputmethod.latin/.LatinIME: pid=373 uid=10010 gids={50010, 1028}
D/dalvikvm(  281): GC_CONCURRENT freed 308K, 8% free 4813K/5184K, paused 77ms+6ms, total 961ms
D/dalvikvm(  281): WAIT_FOR_CONCURRENT_GC blocked 735ms
I/CommonTimeManagementService(  281): No common time service detected on this platform.  Common time services will be unavailable.
I/ActivityManager(  281): Start proc com.android.phone for added application com.android.phone: pid=389 uid=1001 gids={41001, 3002, 3001, 3003, 1015, 1028}
I/ActivityManager(  281): START u0 {act=android.intent.action.MAIN cat=[android.intent.category.HOME] flg=0x10000000 cmp=com.android.launcher/com.android.launcher2.Launcher} from pid 0
D/dalvikvm(  281): GC_FOR_ALLOC freed 71K, 7% free 5020K/5392K, paused 689ms, total 690ms
I/ActivityManager(  281): Start proc com.android.launcher for activity com.android.launcher/com.android.launcher2.Launcher: pid=399 uid=10020 gids={50020, 1028}
E/ThrottleService(  281): problem during onPollAlarm: java.lang.IllegalStateException: problem parsing stats: java.io.FileNotFoundException: /proc/net/xt_qtaguid/iface_stat_all: open failed: ENOENT (No such file or directory)
I/InputReader(  281): Reconfiguring input devices.  changes=0x00000020
I/InputReader(  281): Reconfiguring input devices.  changes=0x00000010
I/LocationBlacklist(  281): whitelist: []
I/LocationBlacklist(  281): blacklist: []
I/SystemServer(  281): Enabled StrictMode for system server main thread.
E/Trace   (  399): error opening trace file: No such file or directory (2)
E/Trace   (  373): error opening trace file: No such file or directory (2)
E/Trace   (  389): error opening trace file: No such file or directory (2)
D/dalvikvm(  344): GC_FOR_ALLOC freed 89K, 6% free 2664K/2808K, paused 591ms, total 636ms
I/dalvikvm-heap(  344): Grow heap (frag case) to 3.259MB for 635812-byte allocation
D/dalvikvm(  344): GC_CONCURRENT freed 5K, 5% free 3279K/3432K, paused 43ms+338ms, total 430ms
D/dalvikvm(  344): WAIT_FOR_CONCURRENT_GC blocked 1ms
I/LatinIME(  373): Hardware accelerated drawing: false
D/dalvikvm(  281): GC_CONCURRENT freed 309K, 7% free 5375K/5748K, paused 26ms+92ms, total 1572ms
D/dalvikvm(  281): WAIT_FOR_CONCURRENT_GC blocked 170ms
D/dalvikvm(  281): WAIT_FOR_CONCURRENT_GC blocked 996ms
W/TelephonyProvider(  389): onCreate: confFile=/system/etc/apns-conf.xml oldCheckSum=-1
D/TelephonyManager(  389): getLteOnCdmaMode=0 curVal=-1 product_type='' lteOnCdmaProductType=''
D/TelephonyManager(  389): getLteOnCdmaMode=0 curVal=-1 product_type='' lteOnCdmaProductType=''
D/TelephonyManager(  389): getLteOnCdmaMode=0 curVal=-1 product_type='' lteOnCdmaProductType=''
E/SurfaceFlinger(   37): ro.sf.lcd_density must be defined as a build property
D/gralloc_goldfish(  281): Emulator without GPU emulation detected.
D/dalvikvm(  281): GC_CONCURRENT freed 708K, 13% free 5420K/6192K, paused 186ms+78ms, total 635ms
D/dalvikvm(  281): WAIT_FOR_CONCURRENT_GC blocked 268ms
D/dalvikvm(  281): WAIT_FOR_CONCURRENT_GC blocked 267ms
D/dalvikvm(  281): WAIT_FOR_CONCURRENT_GC blocked 163ms
D/dalvikvm(  281): GREF has increased to 301
D/dalvikvm(  281): WAIT_FOR_CONCURRENT_GC blocked 37ms
D/dalvikvm(  281): WAIT_FOR_CONCURRENT_GC blocked 59ms
D/dalvikvm(  281): WAIT_FOR_CONCURRENT_GC blocked 379ms
D/dalvikvm(  281): WAIT_FOR_CONCURRENT_GC blocked 334ms
E/BluetoothAdapter(  344): Bluetooth binder is null
E/BluetoothAdapter(  344): Bluetooth binder is null
I/Choreographer(  281): Skipped 2760 frames!  The application may be doing too much work on its main thread.
W/Settings(  389): Setting airplane_mode_on has moved from android.provider.Settings.System to android.provider.Settings.Global, returning read-only value.
W/Settings(  389): Setting auto_time has moved from android.provider.Settings.System to android.provider.Settings.Global, returning read-only global URI.
W/Settings(  389): Setting auto_time_zone has moved from android.provider.Settings.System to android.provider.Settings.Global, returning read-only global URI.
W/ActivityManager(  281): Unable to start service Intent { act=com.android.internal.telephony.IWapPushManager } U=0: not found
D/dalvikvm(  281): GC_CONCURRENT freed 720K, 13% free 5465K/6248K, paused 5ms+16ms, total 382ms
D/dalvikvm(  281): WAIT_FOR_CONCURRENT_GC blocked 178ms
D/dalvikvm(  281): WAIT_FOR_CONCURRENT_GC blocked 265ms
D/dalvikvm(  281): WAIT_FOR_CONCURRENT_GC blocked 206ms
D/dalvikvm(  281): WAIT_FOR_CONCURRENT_GC blocked 209ms
W/InputAttributes(  373): No editor info for this field. Bug?
D/dalvikvm(  281): WAIT_FOR_CONCURRENT_GC blocked 408ms
D/dalvikvm(  281): WAIT_FOR_CONCURRENT_GC blocked 340ms
D/        (  389): [ApnContext:default] set reason as dataEnabled,current state IDLE
D/        (  389): [ApnContext:default] setRetryCount: 0
E/BluetoothAdapter(  344): Bluetooth binder is null
D/        (  389): [ApnContext:mms] set reason as dataEnabled,current state IDLE
D/        (  389): [ApnContext:mms] setRetryCount: 0
D/        (  389): [ApnContext:supl] set reason as dataEnabled,current state IDLE
D/        (  389): [ApnContext:supl] setRetryCount: 0
V/TAG     (  281): bug 7643792: fitSystemWindows([0,0][0,0])
D/        (  389): [ApnContext:hipri] set reason as dataEnabled,current state IDLE
D/        (  389): [ApnContext:hipri] setRetryCount: 0
D/        (  389): [ApnContext:fota] set reason as dataEnabled,current state IDLE
D/        (  389): [ApnContext:fota] setRetryCount: 0
D/        (  389): [ApnContext:ims] set reason as dataEnabled,current state IDLE
D/        (  389): [ApnContext:ims] setRetryCount: 0
D/        (  389): [ApnContext:cbs] set reason as dataEnabled,current state IDLE
D/        (  389): [ApnContext:cbs] setRetryCount: 0
V/TAG     (  281): bug 7643792: fitSystemWindows([0,0][0,0])
D/TelephonyManager(  389): getLteOnCdmaMode=0 curVal=-1 product_type='' lteOnCdmaProductType=''
E/ActivityThread(  373): Failed to find provider info for com.android.inputmethod.latin.dictionarypack
E/BinaryDictionaryGetter(  373): Could not find a dictionary pack
D/CallManager(  389): registerPhone(GSM Handler (com.android.internal.telephony.PhoneProxy) {40d02d70})
I/ActivityManager(  281): Start proc android.process.acore for content provider com.android.providers.userdictionary/.UserDictionaryProvider: pid=437 uid=10001 gids={50001, 3003, 1015, 1028}
I/ActivityManager(  281): Start proc com.android.music for broadcast com.android.music/.MediaButtonIntentReceiver: pid=443 uid=10025 gids={50025, 3003, 1015, 1028}
E/BluetoothAdapter(  389): Bluetooth binder is null
E/SurfaceFlinger(   37): ro.sf.lcd_density must be defined as a build property
D/dalvikvm(  389): GC_CONCURRENT freed 209K, 10% free 2600K/2868K, paused 4ms+32ms, total 1225ms
D/dalvikvm(  344): GC_CONCURRENT freed 66K, 4% free 3634K/3756K, paused 5ms+181ms, total 275ms
I/dalvikvm(  443): Turning on JNI app bug workarounds for target SDK version 9...
D/dalvikvm(  281): GC_FOR_ALLOC freed 509K, 14% free 5384K/6248K, paused 814ms, total 816ms
I/dalvikvm-heap(  281): Grow heap (frag case) to 6.394MB for 1128976-byte allocation
D/dalvikvm(  281): GC_FOR_ALLOC freed 2K, 12% free 6485K/7352K, paused 187ms, total 187ms
W/WindowManager(  281): Window freeze timeout expired.
W/WindowManager(  281): Force clearing orientation change: Window{40ec1720 u0 Keyguard}
E/Trace   (  443): error opening trace file: No such file or directory (2)
E/BluetoothAdapter(  389): Bluetooth binder is null
E/Trace   (  437): error opening trace file: No such file or directory (2)
I/AudioService(  281):   Remote Control   registerMediaButtonIntent() for PendingIntent{40efa520: PendingIntentRecord{40fdd0f8 com.android.music broadcastIntent}}
W/InputMethodManagerService(  281): Found no subtypes in a system IME: com.android.inputmethod.pinyin
I/Choreographer(  281): Skipped 693 frames!  The application may be doing too much work on its main thread.
E/BluetoothAdapter(  344): Bluetooth binder is null
W/dalvikvm(  399): threadid=2: spin on suspend #1 threadid=12 (pcf=0)
D/dalvikvm(  399): Temporarily moving tid 430 to fg (was 0)
D/dalvikvm(  399): Temporarily raised priority on tid 430 (10 -> 0)
W/dalvikvm(  399): threadid=2: spin on suspend resolved in 1069 msec
D/dalvikvm(  399): Restored policy of 430 to 0
D/dalvikvm(  399): Restored priority on 430 to 10
D/dalvikvm(  281): GC_CONCURRENT freed 55K, 12% free 6516K/7352K, paused 111ms+8ms, total 1629ms
I/ActivityManager(  281): Start proc android.process.media for content provider com.android.providers.media/.MediaProvider: pid=469 uid=10000 gids={50000, 1015, 1023, 1024, 1028, 1006, 2001, 3003, 3007}
I/Choreographer(  281): Skipped 148 frames!  The application may be doing too much work on its main thread.
D/dalvikvm(  399): GC_CONCURRENT freed 183K, 9% free 2620K/2860K, paused 1088ms+90ms, total 2054ms
E/Trace   (  469): error opening trace file: No such file or directory (2)
D/PhoneStatusBar(  344): disable: < expand icons alerts ticker system_info back home recent clock search >
E/BluetoothAdapter(  344): Bluetooth binder is null
D/DebugService(  389): DebugService DebugService:
D/TelephonyDebugService(  389): TelephonyDebugService()
D/SystemUIService(  344): loading: class com.android.systemui.power.PowerUI
D/SystemUIService(  344): running: com.android.systemui.power.PowerUI@40e3fc78
D/SystemUIService(  344): loading: class com.android.systemui.media.RingtonePlayer
D/SystemUIService(  344): running: com.android.systemui.media.RingtonePlayer@40e40a58
I/DownloadManager(  469): in removeSpuriousFiles
I/Choreographer(  344): Skipped 3191 frames!  The application may be doing too much work on its main thread.
D/dalvikvm(  389): JIT unchain all for threadid=14
E/SurfaceFlinger(   37): ro.sf.lcd_density must be defined as a build property
V/TAG     (  281): bug 7643792: fitSystemWindows([0,38][0,0])
W/dalvikvm(  389): threadid=2: spin on suspend #1 threadid=14 (pcf=0)
D/dalvikvm(  389): Temporarily moving tid 465 to fg (was 0)
D/dalvikvm(  389): Temporarily raised priority on tid 465 (10 -> 0)
W/dalvikvm(  389): threadid=2: spin on suspend resolved in 1044 msec
D/dalvikvm(  389): Restored policy of 465 to 0
D/dalvikvm(  389): Restored priority on 465 to 10
D/PhoneStatusBar(  344): disable: < expand icons alerts ticker system_info BACK* HOME* RECENT* clock SEARCH* >
I/Choreographer(  281): Skipped 208 frames!  The application may be doing too much work on its main thread.
D/dalvikvm(  389): GC_CONCURRENT freed 350K, 14% free 2651K/3060K, paused 1370ms+179ms, total 1730ms
D/dalvikvm(  399): GC_FOR_ALLOC freed 49K, 4% free 2856K/2960K, paused 649ms, total 651ms
I/dalvikvm-heap(  399): Grow heap (frag case) to 4.213MB for 1440016-byte allocation
D/dalvikvm(  399): GC_FOR_ALLOC freed 11K, 3% free 4250K/4368K, paused 133ms, total 133ms
W/Settings(  389): Setting auto_time_zone has moved from android.provider.Settings.System to android.provider.Settings.Global, returning read-only value.
I/Choreographer(  344): Skipped 663 frames!  The application may be doing too much work on its main thread.
D/gralloc_goldfish(  344): Emulator without GPU emulation detected.
D/dalvikvm(  344): GC_CONCURRENT freed 256K, 8% free 3772K/4084K, paused 6ms+25ms, total 255ms
D/dalvikvm(  399): GC_CONCURRENT freed <1K, 3% free 4250K/4368K, paused 4ms+2ms, total 367ms
D/CAT     (  389): CatService: Running CAT service. STK app installed:false
D/CAT     (  389): CatService: NEW sInstance
D/CAT     (  389): CatService: SIM ready. Reporting STK service running now...
W/ActivityManager(  281): Timeout executing service: ServiceRecord{40f6a3c8 u0 com.android.inputmethod.latin/.LatinIME}
I/Process (  281): Sending signal. PID: 373 SIG: 3
I/dalvikvm(  373): threadid=3: reacting to signal 3
I/Process (  281): Sending signal. PID: 281 SIG: 3
I/dalvikvm(  281): threadid=3: reacting to signal 3
I/dalvikvm(  373): Wrote stack traces to '/data/anr/traces.txt'
D/dalvikvm(  281): GREF has increased to 401
I/Process (  281): Sending signal. PID: 344 SIG: 3
I/dalvikvm(  344): threadid=3: reacting to signal 3
I/Process (  281): Sending signal. PID: 389 SIG: 3
I/dalvikvm(  389): threadid=3: reacting to signal 3
I/dalvikvm(  281): Wrote stack traces to '/data/anr/traces.txt'
E/UserHistoryDictionary(  373): when loading: file not foundjava.io.FileNotFoundException: /data/data/com.android.inputmethod.latin/files/UserHistoryDictionary.en_US.dict: open failed: ENOENT (No such file or directory)
W/dalvikvm(  437): threadid=2: spin on suspend #1 threadid=14 (pcf=0)
D/dalvikvm(  437): Temporarily moving tid 501 to fg (was 0)
D/dalvikvm(  437): Temporarily raised priority on tid 501 (10 -> 0)
W/dalvikvm(  437): threadid=2: spin on suspend resolved in 1099 msec
D/dalvikvm(  437): Restored policy of 501 to 0
D/dalvikvm(  437): Restored priority on 501 to 10
D/dalvikvm(  437): GC_CONCURRENT freed 209K, 10% free 2594K/2860K, paused 56ms+1119ms, total 1278ms
D/dalvikvm(  373): GC_CONCURRENT freed 242K, 11% free 2535K/2836K, paused 4ms+52ms, total 1025ms
E/StrictMode(  373): A resource was acquired at attached stack trace but never released. See java.io.Closeable for information on avoiding resource leaks.
E/StrictMode(  373): java.lang.Throwable: Explicit termination method 'close' not called
E/StrictMode(  373): 	at dalvik.system.CloseGuard.open(CloseGuard.java:184)
E/StrictMode(  373): 	at android.os.ParcelFileDescriptor.<init>(ParcelFileDescriptor.java:412)
E/StrictMode(  373): 	at android.content.res.AssetManager.openNonAssetFdNative(Native Method)
E/StrictMode(  373): 	at android.content.res.AssetManager.openNonAssetFd(AssetManager.java:428)
E/StrictMode(  373): 	at android.content.res.Resources.openRawResourceFd(Resources.java:979)
E/StrictMode(  373): 	at com.android.inputmethod.latin.BinaryDictionaryGetter.loadFallbackResource(BinaryDictionaryGetter.java:183)
E/StrictMode(  373): 	at com.android.inputmethod.latin.BinaryDictionaryGetter.getDictionaryFiles(BinaryDictionaryGetter.java:456)
E/StrictMode(  373): 	at com.android.inputmethod.latin.DictionaryFactory.createMainDictionaryFromManager(DictionaryFactory.java:57)
E/StrictMode(  373): 	at com.android.inputmethod.latin.DictionaryFactory.createMainDictionaryFromManager(DictionaryFactory.java:87)
E/StrictMode(  373): 	at com.android.inputmethod.latin.Suggest$1.run(Suggest.java:108)
D/MccTable(  389): updateMccMncConfiguration: mcc=310, mnc=260
D/TelephonyManager(  389): getLteOnCdmaMode=0 curVal=-1 product_type='' lteOnCdmaProductType=''
D/MccTable(  389): locale set to en_us
D/MccTable(  389): WIFI_COUNTRY_CODE set to us
I/dalvikvm(  389): Wrote stack traces to '/data/anr/traces.txt'
I/WifiService(  281): WifiService trying to set country code to us with persist set to true
I/ActivityManager(  281): Config changes=1403 {1.0 310mcc260mnc en_US ldltr sw320dp w320dp h508dp 240dpi nrml long port finger -keyb/v/h tball/v s.4}
E/libEGL  (   37): called unimplemented OpenGL ES API
E/libEGL  (   37): called unimplemented OpenGL ES API
E/libEGL  (   37): called unimplemented OpenGL ES API
E/libEGL  (   37): called unimplemented OpenGL ES API
E/libEGL  (   37): called unimplemented OpenGL ES API
D/dalvikvm(  389): GC_CONCURRENT freed 281K, 11% free 2774K/3112K, paused 80ms+24ms, total 1055ms
W/Settings(  389): Setting auto_time_zone has moved from android.provider.Settings.System to android.provider.Settings.Global, returning read-only value.
W/WindowManager(  281): Window freeze timeout expired.
W/WindowManager(  281): Force clearing orientation change: Window{40e9b350 u0 StatusBar}
W/WindowManager(  281): Force clearing orientation change: Window{40ec1720 u0 Keyguard}
D/dalvikvm(  281): GC_CONCURRENT freed 1649K, 23% free 5904K/7616K, paused 47ms+28ms, total 471ms
D/dalvikvm(  281): WAIT_FOR_CONCURRENT_GC blocked 76ms
D/dalvikvm(  281): WAIT_FOR_CONCURRENT_GC blocked 120ms
D/MccTable(  389): updateMccMncConfiguration: mcc=310, mnc=260
D/TelephonyManager(  389): getLteOnCdmaMode=0 curVal=-1 product_type='' lteOnCdmaProductType=''
D/MccTable(  389): locale set to en_us
D/MccTable(  389): WIFI_COUNTRY_CODE set to us
I/WifiService(  281): WifiService trying to set country code to us with persist set to true
I/ActivityManager(  281): Config changes=1400 {1.0 310mcc260mnc en_US ldltr sw320dp w320dp h508dp 240dpi nrml long port finger -keyb/v/h tball/v s.5}
D/dalvikvm(  281): WAIT_FOR_CONCURRENT_GC blocked 321ms
D/dalvikvm(  281): WAIT_FOR_CONCURRENT_GC blocked 172ms
W/dalvikvm(  399): threadid=2: spin on suspend #1 threadid=12 (pcf=0)
D/dalvikvm(  399): Temporarily moving tid 430 to fg (was 0)
D/dalvikvm(  399): Temporarily raised priority on tid 430 (10 -> 0)
W/dalvikvm(  399): threadid=2: spin on suspend resolved in 1028 msec
D/dalvikvm(  399): Restored policy of 430 to 0
D/dalvikvm(  399): Restored priority on 430 to 10
D/dalvikvm(  399): GC_CONCURRENT freed 205K, 6% free 4636K/4896K, paused 1095ms+14ms, total 1284ms
D/dalvikvm(  281): GC_EXPLICIT freed 326K, 16% free 6445K/7616K, paused 15ms+48ms, total 1002ms
D/dalvikvm(  389): GC_CONCURRENT freed 297K, 11% free 2916K/3272K, paused 4ms+35ms, total 130ms
W/WindowManager(  281): App freeze timeout expired.
W/WindowManager(  281): Force clearing freeze: AppWindowToken{40e88a00 token=Token{40f578a8 ActivityRecord{40e9e340 u0 com.android.launcher/com.android.launcher2.Launcher}}}
I/Choreographer(  281): Skipped 42 frames!  The application may be doing too much work on its main thread.
W/Launcher.Model(  399): LoaderTask running with no launcher (loadAllAppsByBatch)
I/Process (  281): Sending signal. PID: 469 SIG: 3
I/dalvikvm(  469): threadid=3: reacting to signal 3
I/Choreographer(  281): Skipped 1623 frames!  The application may be doing too much work on its main thread.
I/Process (  281): Sending signal. PID: 437 SIG: 3
I/dalvikvm(  437): threadid=3: reacting to signal 3
D/dalvikvm(  389): GC_CONCURRENT freed 448K, 15% free 2876K/3384K, paused 4ms+24ms, total 207ms
I//system/bin/fsck_msdos(   32): Attempting to allocate 2044 KB for FAT
D/dalvikvm(  281): GC_CONCURRENT freed 682K, 12% free 6707K/7616K, paused 71ms+208ms, total 1458ms
D/dalvikvm(  281): WAIT_FOR_CONCURRENT_GC blocked 449ms
I/dalvikvm-heap(  281): Grow heap (frag case) to 7.689MB for 1128976-byte allocation
D/dalvikvm(  281): GC_FOR_ALLOC freed 7K, 11% free 7804K/8720K, paused 353ms, total 353ms
W/dalvikvm(  469): threadid=3: spin on suspend #1 threadid=1 (pcf=0)
D/dalvikvm(  469): Temporarily moving tid 469 to fg (was 0)
W/dalvikvm(  469): threadid=3: spin on suspend resolved in 1264 msec
D/dalvikvm(  469): Restored policy of 469 to 0
E/ActivityManager(  281): ANR in com.android.inputmethod.latin
E/ActivityManager(  281): Reason: Executing service com.android.inputmethod.latin/.LatinIME
E/ActivityManager(  281): Load: 7.08 / 1.85 / 0.62
E/ActivityManager(  281): CPU usage from 80ms to -10480ms ago:
E/ActivityManager(  281):   25% 281/system_server: 17% user + 7.6% kernel / faults: 2699 minor 6 major
E/ActivityManager(  281):   14% 37/surfaceflinger: 12% user + 2.5% kernel / faults: 6 minor
E/ActivityManager(  281):   8.4% 389/com.android.phone: 6.6% user + 1.8% kernel / faults: 1072 minor 1 major
E/ActivityManager(  281):   7.3% 399/com.android.launcher: 4.9% user + 2.4% kernel / faults: 3607 minor 5 major
E/ActivityManager(  281):   4% 437/android.process.acore: 2.7% user + 1.3% kernel / faults: 1386 minor
E/ActivityManager(  281):   3.9% 83/bootanimation: 3.2% user + 0.7% kernel
E/ActivityManager(  281):   1.2% 373/com.android.inputmethod.latin: 0.6% user + 0.5% kernel / faults: 753 minor 1 major
E/ActivityManager(  281):   1.4% 344/com.android.systemui: 0.3% user + 1% kernel / faults: 69 minor
E/ActivityManager(  281):   0.5% 349/fsck_msdos: 0.1% user + 0.3% kernel / faults: 488 minor
E/ActivityManager(  281):   0.5% 469/android.process.media: 0.3% user + 0.1% kernel / faults: 17 minor
E/ActivityManager(  281):   0.4% 36/rild: 0% user + 0.3% kernel
E/ActivityManager(  281):   0.1% 31/servicemanager: 0% user + 0.1% kernel
E/ActivityManager(  281):   0% 1//init: 0% user + 0% kernel / faults: 23 minor
E/ActivityManager(  281):   0% 29/mmcqd: 0% user + 0% kernel
E/ActivityManager(  281):   0% 40/mediaserver: 0% user + 0% kernel
E/ActivityManager(  281):   0% 443/com.android.music: 0% user + 0% kernel / faults: 2 minor
E/ActivityManager(  281): 100% TOTAL: 71% user + 28% kernel + 0.2% softirq
E/ActivityManager(  281): CPU usage from 7771ms to 8711ms later:
E/ActivityManager(  281):   30% 281/system_server: 19% user + 10% kernel / faults: 123 minor 1 major
E/ActivityManager(  281):     25% 296/UI: 21% user + 3.9% kernel
E/ActivityManager(  281):     10% 298/ActivityManager: 1.9% user + 8.5% kernel
E/ActivityManager(  281):     5.2% 297/WindowManager: 3.9% user + 1.3% kernel
E/ActivityManager(  281):     1.3% 288/Compiler: 1.3% user + 0% kernel
E/ActivityManager(  281):     1.3% 462/Binder_6: 0% user + 1.3% kernel
E/ActivityManager(  281):     0.6% 281/system_server: 0.6% user + 0% kernel
E/ActivityManager(  281):     0.6% 282/GC: 0.6% user + 0% kernel
E/ActivityManager(  281):     0.6% 432/Binder_5: 0.6% user + 0% kernel
E/ActivityManager(  281):     0.6% 484/Binder_7: 0% user + 0.6% kernel
E/ActivityManager(  281):    +0% 516/Error dump: sys: 0% user + 0% kernel
E/ActivityManager(  281):   18% 37/surfaceflinger: 14% user + 4.2% kernel / faults: 1 minor
E/ActivityManager(  281):     16% 65/SurfaceFlinger: 13% user + 3.3% kernel
E/ActivityManager(  281):     0.8% 37/surfaceflinger: 0.8% user + 0% kernel
E/ActivityManager(  281):     0.8% 76/VSyncThread: 0% user + 0.8% kernel
E/ActivityManager(  281):     0.8% 80/EventThread: 0% user + 0.8% kernel
E/ActivityManager(  281):     0.8% 82/Binder_1: 0% user + 0.8% kernel
E/ActivityManager(  281):     0.8% 514/Binder_3: 0% user + 0.8% kernel
E/ActivityManager(  281):     0.8% 515/Binder_4: 0% user + 0.8% kernel
E/ActivityManager(  281):   7.8% 389/com.android.phone: 5.5% user + 2.2% kernel / faults: 121 minor
E/ActivityManager(  281):     13% 389/m.android.phone: 10% user + 3.9% kernel
E/ActivityManager(  281):     1.6% 398/Compiler: 0.5% user + 1.1% kernel
E/ActivityManager(  281):   5.5% 83/bootanimation: 4.8% user + 0.6% kernel
E/ActivityManager(  281):     4.8% 102/BootAnimation: 4.1% user + 0.6% kernel
E/ActivityManager(  281):   2.1% 344/com.android.systemui: 0% user + 2.1% kernel
E/ActivityManager(  281):     7.1% 361/Signal Catcher: 0% user + 7.1% kernel
E/ActivityManager(  281):   1.1% 469/android.process.media: 1.1% user + 0% kernel / faults: 6 minor
E/ActivityManager(  281):     2.2% 469/d.process.media: 1.1% user + 1.1% kernel
E/ActivityManager(  281):     2.2% 477/Compiler: 1.6% user + 0.5% kernel
E/ActivityManager(  281):   0.5% 437/android.process.acore: 0.5% user + 0% kernel / faults: 1 minor
E/ActivityManager(  281): 100% TOTAL: 68% user + 30% kernel + 1.3% softirq
W/ActivityManager(  281): Killing ProcessRecord{40f6ac78 373:com.android.inputmethod.latin/u0a10010}: background ANR
I/ActivityManager(  281): Process com.android.inputmethod.latin (pid 373) has died.
W/ActivityManager(  281): Scheduling restart of crashed service com.android.inputmethod.latin/.LatinIME in 5000ms
W/BroadcastQueue(  281): Failure sending broadcast Intent { act=android.media.RINGER_MODE_CHANGED flg=0x28000010 (has extras) }
W/BroadcastQueue(  281): android.os.DeadObjectException
W/BroadcastQueue(  281): 	at android.os.BinderProxy.transact(Native Method)
W/BroadcastQueue(  281): 	at android.content.IIntentReceiver$Stub$Proxy.performReceive(IIntentReceiver.java:124)
W/BroadcastQueue(  281): 	at com.android.server.am.BroadcastQueue.performReceiveLocked(BroadcastQueue.java:376)
W/BroadcastQueue(  281): 	at com.android.server.am.BroadcastQueue.deliverToRegisteredReceiverLocked(BroadcastQueue.java:439)
W/BroadcastQueue(  281): 	at com.android.server.am.BroadcastQueue.processNextBroadcast(BroadcastQueue.java:487)
W/BroadcastQueue(  281): 	at com.android.server.am.BroadcastQueue$1.handleMessage(BroadcastQueue.java:140)
W/BroadcastQueue(  281): 	at android.os.Handler.dispatchMessage(Handler.java:99)
W/BroadcastQueue(  281): 	at android.os.Looper.loop(Looper.java:137)
W/BroadcastQueue(  281): 	at com.android.server.am.ActivityManagerService$AThread.run(ActivityManagerService.java:1480)
I/Choreographer(  281): Skipped 506 frames!  The application may be doing too much work on its main thread.
D/dalvikvm(  281): GC_EXPLICIT freed 1280K, 21% free 7294K/9152K, paused 290ms+126ms, total 1082ms
I/Choreographer(  281): Skipped 42 frames!  The application may be doing too much work on its main thread.
I/dalvikvm(  437): Wrote stack traces to '/data/anr/traces.txt'
D/dalvikvm(  399): GC_FOR_ALLOC freed 306K, 7% free 4842K/5204K, paused 27ms, total 47ms
I/dalvikvm-heap(  399): Grow heap (frag case) to 6.154MB for 1440016-byte allocation
I/dalvikvm(  344): Wrote stack traces to '/data/anr/traces.txt'
D/dalvikvm(  399): GC_FOR_ALLOC freed 29K, 6% free 6219K/6612K, paused 130ms, total 130ms
D/dalvikvm(  399): GC_CONCURRENT freed <1K, 6% free 6219K/6612K, paused 4ms+23ms, total 124ms
W/GpsLocationProvider(  281): Could not open GPS configuration file /etc/gps.conf
I/Choreographer(  344): Skipped 141 frames!  The application may be doing too much work on its main thread.
I/Choreographer(  399): Skipped 2471 frames!  The application may be doing too much work on its main thread.
E/SurfaceFlinger(   37): ro.sf.lcd_density must be defined as a build property
I/ActivityManager(  281): Start proc com.android.inputmethod.latin for service com.android.inputmethod.latin/.LatinIME: pid=525 uid=10010 gids={50010, 1028}
D/Launcher.Model(  399): Reload apps on config change. curr_mcc:310 prevmcc:0
I/Choreographer(  399): Skipped 89 frames!  The application may be doing too much work on its main thread.
E/Trace   (  525): error opening trace file: No such file or directory (2)
D/gralloc_goldfish(  399): Emulator without GPU emulation detected.
I/LatinIME(  525): Hardware accelerated drawing: false
W/InputAttributes(  525): No editor info for this field. Bug?
E/ActivityThread(  525): Failed to find provider info for com.android.inputmethod.latin.dictionarypack
E/BinaryDictionaryGetter(  525): Could not find a dictionary pack
W/InputMethodManagerService(  281): Found no subtypes in a system IME: com.android.inputmethod.pinyin
D/dalvikvm(  525): GC_CONCURRENT freed 248K, 11% free 2538K/2844K, paused 4ms+12ms, total 63ms
E/StrictMode(  525): A resource was acquired at attached stack trace but never released. See java.io.Closeable for information on avoiding resource leaks.
E/StrictMode(  525): java.lang.Throwable: Explicit termination method 'close' not called
E/StrictMode(  525): 	at dalvik.system.CloseGuard.open(CloseGuard.java:184)
E/StrictMode(  525): 	at android.os.ParcelFileDescriptor.<init>(ParcelFileDescriptor.java:412)
E/StrictMode(  525): 	at android.content.res.AssetManager.openNonAssetFdNative(Native Method)
E/StrictMode(  525): 	at android.content.res.AssetManager.openNonAssetFd(AssetManager.java:428)
E/StrictMode(  525): 	at android.content.res.Resources.openRawResourceFd(Resources.java:979)
E/StrictMode(  525): 	at com.android.inputmethod.latin.BinaryDictionaryGetter.loadFallbackResource(BinaryDictionaryGetter.java:183)
E/StrictMode(  525): 	at com.android.inputmethod.latin.BinaryDictionaryGetter.getDictionaryFiles(BinaryDictionaryGetter.java:456)
E/StrictMode(  525): 	at com.android.inputmethod.latin.DictionaryFactory.createMainDictionaryFromManager(DictionaryFactory.java:57)
E/StrictMode(  525): 	at com.android.inputmethod.latin.DictionaryFactory.createMainDictionaryFromManager(DictionaryFactory.java:87)
E/StrictMode(  525): 	at com.android.inputmethod.latin.Suggest$1.run(Suggest.java:108)
E/UserHistoryDictionary(  525): when loading: file not foundjava.io.FileNotFoundException: /data/data/com.android.inputmethod.latin/files/UserHistoryDictionary.en_US.dict: open failed: ENOENT (No such file or directory)
W/dalvikvm(  399): threadid=1: spin on suspend #1 threadid=13 (pcf=0)
D/dalvikvm(  399): Temporarily moving tid 518 to fg (was 0)
D/dalvikvm(  399): Temporarily raised priority on tid 518 (10 -> 0)
W/dalvikvm(  399): threadid=1: spin on suspend resolved in 1071 msec
D/dalvikvm(  399): Restored policy of 518 to 0
D/dalvikvm(  399): Restored priority on 518 to 10
D/dalvikvm(  399): GC_FOR_ALLOC freed 1487K, 27% free 5037K/6812K, paused 1111ms, total 1159ms
I/dalvikvm-heap(  399): Grow heap (frag case) to 6.366MB for 1463056-byte allocation
D/dalvikvm(  399): GC_FOR_ALLOC freed 7K, 22% free 6458K/8244K, paused 169ms, total 169ms
D/dalvikvm(  399): GC_CONCURRENT freed 1K, 22% free 6461K/8244K, paused 6ms+4ms, total 88ms
D/dalvikvm(  399): WAIT_FOR_CONCURRENT_GC blocked 82ms
I/dalvikvm-heap(  399): Grow heap (frag case) to 7.756MB for 1463056-byte allocation
D/dalvikvm(  399): GC_FOR_ALLOC freed <1K, 19% free 7889K/9676K, paused 79ms, total 80ms
I/ActivityManager(  281): Displayed com.android.launcher/com.android.launcher2.Launcher: +41s906ms
I/dalvikvm(  469): Wrote stack traces to '/data/anr/traces.txt'
I//system/bin/fsck_msdos(   32): ** Phase 2 - Check Cluster Chains
I//system/bin/fsck_msdos(   32): ** Phase 3 - Checking Directories
I//system/bin/fsck_msdos(   32): ** Phase 4 - Checking for Lost Files
I//system/bin/fsck_msdos(   32): Next free cluster in FSInfo block (14) not free
I//system/bin/fsck_msdos(   32): FIXED
I//system/bin/fsck_msdos(   32): 12 files, 1044448 free (522224 clusters)
I/Vold    (   32): Filesystem check completed OK
I/Vold    (   32): Device /dev/block/vold/179:0, target /mnt/sdcard mounted @ /mnt/secure/staging
D/Vold    (   32): Volume sdcard state changing 3 (Checking) -> 4 (Mounted)
D/MountService(  281): volume state changed for /mnt/sdcard (checking -> mounted)
I/PackageManager(  281): Updating external media status from unmounted to mounted
D/MountService(  281): sendStorageIntent Intent { act=android.intent.action.MEDIA_MOUNTED dat=file:///mnt/sdcard (has extras) } to UserHandle{-1}
E/VoldConnector(  281): NDC Command {3 volume mount /mnt/sdcard} took too long (46906ms)
I/PackageManager(  281): No secure containers on sdcard
W/PackageManager(  281): Unknown permission com.google.android.googleapps.permission.GOOGLE_AUTH.mail in package com.android.contacts
W/PackageManager(  281): Unknown permission android.permission.ADD_SYSTEM_SERVICE in package com.android.phone
W/PackageManager(  281): Unknown permission com.android.smspush.WAPPUSH_MANAGER_BIND in package com.android.phone
W/PackageManager(  281): Unknown permission com.google.android.googleapps.permission.GOOGLE_AUTH in package com.android.providers.calendar
W/PackageManager(  281): Unknown permission com.google.android.googleapps.permission.GOOGLE_AUTH.cl in package com.android.providers.calendar
W/PackageManager(  281): Unknown permission com.google.android.googleapps.permission.GOOGLE_AUTH.mail in package com.android.calendar
W/PackageManager(  281): Not granting permission android.permission.SEND_DOWNLOAD_COMPLETED_INTENTS to package com.android.browser (protectionLevel=2 flags=0x89be45)
W/PackageManager(  281): Not granting permission android.permission.BIND_APPWIDGET to package com.android.widgetpreview (protectionLevel=18 flags=0x8be44)
W/PackageManager(  281): Unknown permission com.google.android.googleapps.permission.GOOGLE_AUTH in package com.android.settings
W/PackageManager(  281): Unknown permission com.google.android.gallery3d.permission.GALLERY_PROVIDER in package com.android.exchange
W/PackageManager(  281): Unknown permission com.google.android.googleapps.permission.ACCESS_GOOGLE_PASSWORD in package com.android.development
W/PackageManager(  281): Unknown permission com.google.android.googleapps.permission.GOOGLE_AUTH in package com.android.development
W/PackageManager(  281): Unknown permission com.google.android.googleapps.permission.GOOGLE_AUTH.ALL_SERVICES in package com.android.development
W/PackageManager(  281): Unknown permission com.google.android.googleapps.permission.GOOGLE_AUTH.YouTubeUser in package com.android.development
W/PackageManager(  281): Unknown permission com.google.android.gallery3d.permission.GALLERY_PROVIDER in package com.android.email
W/PackageManager(  281): Not granting permission android.permission.DEVICE_POWER to package com.android.deskclock (protectionLevel=2 flags=0x88be45)
W/ServiceWatcher(  281): com.google.android.location not found
W/ServiceWatcher(  281): com.google.android.location not found
W/LocationManagerService(  281): no network location provider found
W/ServiceWatcher(  281): com.google.android.location not found
D/dalvikvm(   38): GC_EXPLICIT freed 34K, 4% free 2381K/2472K, paused 3ms+5ms, total 246ms
D/dalvikvm(   38): GC_EXPLICIT freed <1K, 4% free 2381K/2472K, paused 3ms+3ms, total 105ms
D/dalvikvm(   38): GC_EXPLICIT freed <1K, 4% free 2381K/2472K, paused 3ms+3ms, total 38ms
I/ActivityManager(  281): Start proc com.android.location.fused for service com.android.location.fused/.FusedLocationService: pid=545 uid=10022 gids={50022, 1028}
E/Trace   (  545): error opening trace file: No such file or directory (2)
I/Choreographer(  344): Skipped 39 frames!  The application may be doing too much work on its main thread.
W/ServiceWatcher(  281): com.google.android.location not found
E/LocationManagerService(  281): no geocoder provider found
D/dalvikvm(  399): GC_FOR_ALLOC freed 1874K, 25% free 7289K/9664K, paused 431ms, total 458ms
E/SurfaceFlinger(   37): ro.sf.lcd_density must be defined as a build property
D/dalvikvm(  399): GREF has increased to 201
I/Choreographer(  399): Skipped 575 frames!  The application may be doing too much work on its main thread.
D/dalvikvm(  344): GC_FOR_ALLOC freed 86K, 5% free 3905K/4096K, paused 159ms, total 199ms
I/dalvikvm-heap(  344): Grow heap (frag case) to 9.978MB for 6410576-byte allocation
D/dalvikvm(  344): GC_CONCURRENT freed 3K, 2% free 10161K/10360K, paused 4ms+23ms, total 430ms
D/dalvikvm(  281): GC_CONCURRENT freed 2819K, 39% free 5632K/9148K, paused 6ms+388ms, total 1135ms
W/WindowManager(  281): Window freeze timeout expired.
W/WindowManager(  281): Force clearing orientation change: Window{41027f10 u0 com.android.systemui.ImageWallpaper}
D/ConnectivityService(  281): ConnectivityChange for mobile: CONNECTED/CONNECTED
E/BluetoothAdapter(  281): Bluetooth binder is null
E/BluetoothAdapter(  281): Bluetooth binder is null
V/WiredAccessoryManager(  281): init()
E/SoundPool(  281): error loading /system/media/audio/ui/Effect_Tick.ogg
W/AudioService(  281): Soundpool could not load file: /system/media/audio/ui/Effect_Tick.ogg
E/SoundPool(  281): error loading /system/media/audio/ui/Effect_Tick.ogg
W/AudioService(  281): Soundpool could not load file: /system/media/audio/ui/Effect_Tick.ogg
E/SoundPool(  281): error loading /system/media/audio/ui/Effect_Tick.ogg
W/AudioService(  281): Soundpool could not load file: /system/media/audio/ui/Effect_Tick.ogg
E/SoundPool(  281): error loading /system/media/audio/ui/Effect_Tick.ogg
W/AudioService(  281): Soundpool could not load file: /system/media/audio/ui/Effect_Tick.ogg
E/SoundPool(  281): error loading /system/media/audio/ui/Effect_Tick.ogg
W/AudioService(  281): Soundpool could not load file: /system/media/audio/ui/Effect_Tick.ogg
E/SoundPool(  281): error loading /system/media/audio/ui/KeypressStandard.ogg
W/AudioService(  281): Soundpool could not load file: /system/media/audio/ui/KeypressStandard.ogg
E/SoundPool(  281): error loading /system/media/audio/ui/KeypressSpacebar.ogg
W/AudioService(  281): Soundpool could not load file: /system/media/audio/ui/KeypressSpacebar.ogg
E/SoundPool(  281): error loading /system/media/audio/ui/KeypressDelete.ogg
W/AudioService(  281): Soundpool could not load file: /system/media/audio/ui/KeypressDelete.ogg
E/SoundPool(  281): error loading /system/media/audio/ui/KeypressReturn.ogg
W/AudioService(  281): Soundpool could not load file: /system/media/audio/ui/KeypressReturn.ogg
W/AudioService(  281): loadSoundEffects(), Error -1 while loading samples
I/ActivityManager(  281): Start proc com.android.contacts for broadcast com.android.contacts/.calllog.CallLogReceiver: pid=567 uid=10001 gids={50001, 3003, 1015, 1028}
E/NetdConnector(  281): NDC Command {6 resolver setdefaultif eth0} took too long (584ms)
E/Trace   (  567): error opening trace file: No such file or directory (2)
D/dalvikvm(  344): GC_FOR_ALLOC freed <1K, 2% free 10162K/10360K, paused 144ms, total 144ms
I/dalvikvm-heap(  344): Grow heap (frag case) to 12.672MB for 2828816-byte allocation
D/dalvikvm(  281): GC_CONCURRENT freed 608K, 37% free 5841K/9148K, paused 5ms+21ms, total 290ms
D/dalvikvm(  281): WAIT_FOR_CONCURRENT_GC blocked 133ms
D/dalvikvm(  281): WAIT_FOR_CONCURRENT_GC blocked 280ms
D/dalvikvm(  281): WAIT_FOR_CONCURRENT_GC blocked 221ms
D/dalvikvm(  281): WAIT_FOR_CONCURRENT_GC blocked 296ms
D/dalvikvm(  344): GC_CONCURRENT freed 0K, 2% free 12924K/13124K, paused 6ms+18ms, total 595ms
D/dalvikvm(  344): WAIT_FOR_CONCURRENT_GC blocked 583ms
I/RecoverySystem(  281): No recovery log file
I/Choreographer(  399): Skipped 1333 frames!  The application may be doing too much work on its main thread.
I/Choreographer(  281): Skipped 1476 frames!  The application may be doing too much work on its main thread.
I/ActivityManager(  281): Start proc com.android.deskclock for broadcast com.android.deskclock/.AlarmInitReceiver: pid=587 uid=10006 gids={50006, 1028}
E/KeyguardHostView(  281): Error when trying to bind default AppWidget: java.lang.IllegalArgumentException: not a appwidget provider: ComponentInfo{/}
I/SurfaceFlinger(   37): Boot is finished (97766 ms)
