I/ActivityManager(  318): START u0 {act=android.intent.action.MAIN flg=0x10000000 cmp=org.totschnig.myexpenses/.MyExpenses} from pid 834
D/PermissionCache(   37): checking android.permission.READ_FRAME_BUFFER for uid=1000 => granted (13043 us)
W/WindowManager(  318): Failure taking screenshot for (246x410) to layer 21005
E/SurfaceFlinger(   37): ro.sf.lcd_density must be defined as a build property
I/Choreographer(  318): Skipped 62 frames!  The application may be doing too much work on its main thread.
I/Choreographer(  318): Skipped 40 frames!  The application may be doing too much work on its main thread.
D/dalvikvm(  834): GC_FOR_ALLOC freed 268K, 12% free 2786K/3156K, paused 174ms, total 183ms
I/dalvikvm-heap(  834): Grow heap (frag case) to 3.381MB for 635812-byte allocation
D/dalvikvm(  834): GC_FOR_ALLOC freed 3K, 10% free 3404K/3780K, paused 130ms, total 130ms
D/dalvikvm(  834): GC_CONCURRENT freed <1K, 10% free 3412K/3780K, paused 4ms+116ms, total 293ms
D/dalvikvm(  834): GC_FOR_ALLOC freed 14K, 7% free 3743K/3984K, paused 24ms, total 37ms
D/dalvikvm(  318): GC_CONCURRENT freed 683K, 25% free 5792K/7648K, paused 6ms+7ms, total 159ms
V/PhoneStatusBar(  391): setLightsOn(true)
E/SurfaceFlinger(   37): ro.sf.lcd_density must be defined as a build property
D/gralloc_goldfish(  834): Emulator without GPU emulation detected.
I/ActivityManager(  318): Displayed org.totschnig.myexpenses/.MyExpenses: +2s33ms
D/androidripper(  834): Generated Resuming Persistence
D/androidripper(  834): Updating node storage
D/androidripper(  834): Loading node storage
V/androidripper(  834): Updating value ACTIVITY_LIST_FILE_NAME
V/androidripper(  834): Updating value FILE_NAME
V/androidripper(  834): Updating value MAX_TRACES_IN_RAM
V/androidripper(  834): Updating value ONLY_FINALTRANSITION
V/androidripper(  834): Updating value PARAMETERS_FILE_NAME
V/androidripper(  834): Updating value TASK_LIST_FILE_NAME
E/dalvikvm(  834): Could not find class 'android.support.v4.app.FragmentActivity', referenced from method com.jayway.android.robotium.solo.Waiter.getSupportFragment
W/dalvikvm(  834): VFY: unable to resolve check-cast 56 (Landroid/support/v4/app/FragmentActivity;) in Lcom/jayway/android/robotium/solo/Waiter;
D/dalvikvm(  834): VFY: replacing opcode 0x1f at 0x0009
I/dalvikvm(  834): Could not find method android.support.v4.app.FragmentActivity.getSupportFragmentManager, referenced from method com.jayway.android.robotium.solo.Waiter.getSupportFragment
W/dalvikvm(  834): VFY: unable to resolve virtual method 141: Landroid/support/v4/app/FragmentActivity;.getSupportFragmentManager ()Landroid/support/v4/app/FragmentManager;
D/dalvikvm(  834): VFY: replacing opcode 0x6e at 0x0010
I/dalvikvm(  834): Could not find method android.support.v4.app.FragmentActivity.getSupportFragmentManager, referenced from method com.jayway.android.robotium.solo.Waiter.getSupportFragment
W/dalvikvm(  834): VFY: unable to resolve virtual method 141: Landroid/support/v4/app/FragmentActivity;.getSupportFragmentManager ()Landroid/support/v4/app/FragmentManager;
D/dalvikvm(  834): VFY: replacing opcode 0x6e at 0x0019
W/dalvikvm(  834): VFY: unable to find class referenced in signature (Landroid/support/v4/app/Fragment;)
W/dalvikvm(  834): VFY: unable to find class referenced in signature (Landroid/support/v4/app/Fragment;)
W/ActivityManager(  318): Unable to start service Intent { cmp=com.android.email/.service.AttachmentDownloadService } U=0: not found
D/ExchangeService(  675): !!! EAS ExchangeService, onStartCommand, startingUp = true, running = false
W/ActivityManager(  318): Unable to start service Intent { cmp=com.android.email/.service.AttachmentDownloadService } U=0: not found
I/dalvikvm(  318): Jit: resizing JitTable from 4096 to 8192
D/dalvikvm(  658): GC_CONCURRENT freed 195K, 9% free 2591K/2844K, paused 35ms+3ms, total 201ms
W/ActivityManager(  318): Unable to start service Intent { cmp=com.android.email/.service.AttachmentDownloadService } U=0: not found
D/dalvikvm(  544): GC_CONCURRENT freed 200K, 10% free 2563K/2820K, paused 1641ms+351ms, total 3683ms
D/androidripper(  834): Updating node automation
D/androidripper(  834): Loading node automation
V/androidripper(  834): Updating value FORCE_RESTART
V/androidripper(  834): Updating value IN_AND_OUT_FOCUS
V/androidripper(  834): Updating value PRECRAWLING
V/androidripper(  834): Updating value SCREENSHOT_FOR_EVENTS
V/androidripper(  834): Updating value SCREENSHOT_FOR_STATES
V/androidripper(  834): Updating value SCREENSHOT_ONLY_NEW_STATES
V/androidripper(  834): Updating value SLEEP_AFTER_EVENT
V/androidripper(  834): Updating value SLEEP_AFTER_RESTART
V/androidripper(  834): Updating value SLEEP_AFTER_TASK
V/androidripper(  834): Updating value SLEEP_ON_THROBBER
I/androidripper(  834): Waiting for 1 sec.
W/MediaProvider(  544): no database for scanned volume external
D/dalvikvm(  544): GREF has increased to 201
D/dalvikvm(  452): GC_CONCURRENT freed 827K, 10% free 8488K/9388K, paused 3ms+8ms, total 70ms
W/MediaScanner(  544): Error opening directory '/mnt/sdcard/.android_secure/', skipping: Permission denied.
V/MediaScanner(  544): pruneDeadThumbnailFiles... android.database.sqlite.SQLiteCursor@40d203f0
V/MediaScanner(  544): /pruneDeadThumbnailFiles... android.database.sqlite.SQLiteCursor@40d203f0
W/MediaScanner(  544): Error opening directory '/mnt/sdcard/.android_secure/', skipping: Permission denied.
D/androidripper(  834): Ready to operate after restarting...
I/androidripper(  834): Current activity is MyExpenses
W/androidripper(  834): --->MyExpenses
I/androidripper(  834): Retrieving widgets
D/androidripper(  834): Found widget: id=-1 (android.widget.LinearLayout{40ce05e0 V.E..... ......I. 0,0-480,800})
D/androidripper(  834): Found widget: id=16909140 (android.view.ViewStub{40cdf978 G.E..... ......I. 0,0-0,0 #1020354})
D/androidripper(  834): Found widget: id=-1 (android.widget.FrameLayout{40cff828 V.E..... ......I. 0,38-480,76})
D/androidripper(  834): Found widget: id=16908310 (android.widget.TextView{40cf9290 V.ED.... ......I. 6,1-474,36 #1020016 android:id/title}): My Expenses
D/androidripper(  834): Found widget: id=16908290 (android.widget.FrameLayout{40d00ad0 V.E..... ......I. 0,76-480,800 #1020002 android:id/content})
D/androidripper(  834): Found widget: id=-1 (android.widget.LinearLayout{40d08828 V.E..... ......I. 0,0-480,724})
D/androidripper(  834): Found widget: id=2131165222 (android.widget.LinearLayout{40d08bc8 V.E..... ......I. 0,0-480,642 #7f070026 app:id/content})
D/androidripper(  834): Found widget: id=2131165223 (android.widget.RelativeLayout{40d09128 V.E..... ......I. 0,0-480,37 #7f070027 app:id/bottom})
D/androidripper(  834): Found widget: id=-1 (android.widget.TextView{40cc53a8 V.ED.... ......I. 15,0-207,37}): Current balance
D/androidripper(  834): Found widget: id=2131165224 (android.widget.TextView{40cc59b0 V.ED.... ......I. 396,0-465,37 #7f070028 app:id/end}): $0.00
D/androidripper(  834): Found widget: id=16908298 (android.widget.ListView{40cc6130 G.ED.VCL ......I. 0,0-0,0 #102000a android:id/list})
D/androidripper(  834): Found widget: id=16908292 (android.widget.TextView{40cec6f0 V.ED.... ......I. 0,37-480,642 #1020004 android:id/empty}): No Expenses Yet!
D/androidripper(  834): Found widget: id=2131165225 (org.totschnig.myexpenses.ButtonBar{40cc7f68 V.E..... ......I. 0,642-480,724 #7f070029 app:id/ButtonBar})
D/androidripper(  834): Found widget: id=2131165184 (org.totschnig.myexpenses.ButtonBar$MenuButton{40cff1b8 VFED..CL .F....I. 6,8-94,80 #7f070000 app:id/INSERT_TA_COMMAND}): New
D/androidripper(  834): Found widget: id=2131165186 (org.totschnig.myexpenses.ButtonBar$MenuButton{40d2af98 VFED..CL ......I. 94,8-199,80 #7f070002 app:id/SWITCH_ACCOUNT_COMMAND}): Accounts
D/androidripper(  834): Found widget: id=2131165188 (org.totschnig.myexpenses.ButtonBar$MenuButton{40cca6b0 VF.D..CL ......I. 199,8-287,80 #7f070004 app:id/RESET_ACCOUNT_COMMAND}): Reset
D/androidripper(  834): Found widget: id=2131165189 (org.totschnig.myexpenses.ButtonBar$MenuButton{40cd4ba0 VFED..CL ......I. 287,8-385,80 #7f070005 app:id/SETTINGS_COMMAND}): Settings
D/androidripper(  834): Found widget: id=2131165192 (org.totschnig.myexpenses.ButtonBar$MenuButton{40cfee50 VFED..CL ......I. 385,8-474,80 #7f070008 app:id/HELP_COMMAND}): Help
D/androidripper(  834): Found widget: id=-1 (com.android.internal.policy.impl.PhoneWindow$DecorView{40d64d68 V.E..... R.....I. 0,0-480,800})
V/androidripper(  834): TextualID : null
V/androidripper(  834): ContentType detected : default
V/androidripper(  834): TextualID : null
V/androidripper(  834): ContentType detected : default
V/androidripper(  834): TextualID : end
V/androidripper(  834): ContentType detected : default
V/androidripper(  834): TextualID : null
V/androidripper(  834): ContentType detected : default
V/androidripper(  834): TextualID : INSERT_TA_COMMAND
V/androidripper(  834): ContentType detected : default
V/androidripper(  834): TextualID : SWITCH_ACCOUNT_COMMAND
V/androidripper(  834): ContentType detected : default
V/androidripper(  834): TextualID : RESET_ACCOUNT_COMMAND
V/androidripper(  834): ContentType detected : default
V/androidripper(  834): TextualID : SETTINGS_COMMAND
V/androidripper(  834): ContentType detected : default
D/dalvikvm(  834): GC_CONCURRENT freed 333K, 10% free 3924K/4316K, paused 10ms+4ms, total 220ms
D/dalvikvm(  834): WAIT_FOR_CONCURRENT_GC blocked 28ms
V/androidripper(  834): TextualID : HELP_COMMAND
V/androidripper(  834): ContentType detected : default
I/androidripper(  834): Attempting to resume previous session
I/androidripper(  834): Reading task file
D/androidripper(  834): Importing trace #1 from disk
D/androidripper(  834): Importing trace #2 from disk
D/androidripper(  834): Importing trace #3 from disk
D/androidripper(  834): Importing trace #4 from disk
D/androidripper(  834): Importing trace #5 from disk
D/androidripper(  834): Importing trace #6 from disk
D/androidripper(  834): Importing trace #7 from disk
D/androidripper(  834): Importing trace #8 from disk
D/androidripper(  834): Importing trace #9 from disk
D/androidripper(  834): Importing trace #10 from disk
D/androidripper(  834): Importing trace #11 from disk
D/androidripper(  834): Importing trace #12 from disk
D/dalvikvm(  834): GC_CONCURRENT freed 348K, 10% free 4077K/4496K, paused 14ms+4ms, total 122ms
D/dalvikvm(  834): WAIT_FOR_CONCURRENT_GC blocked 35ms
D/androidripper(  834): Importing trace #13 from disk
D/androidripper(  834): Importing trace #14 from disk
D/androidripper(  834): Importing trace #15 from disk
D/androidripper(  834): Importing trace #16 from disk
D/androidripper(  834): Importing trace #17 from disk
D/androidripper(  834): Importing trace #18 from disk
D/androidripper(  834): Importing trace #19 from disk
I/androidripper(  834): Reading state file
D/dalvikvm(  834): GC_CONCURRENT freed 406K, 11% free 4221K/4696K, paused 10ms+18ms, total 109ms
D/androidripper(  834): Imported activity state a1 from disk
D/androidripper(  834): Imported activity state a2 from disk
D/androidripper(  834): Performing backup of the old activity list on disk
D/androidripper(  834): Saving new found state 'a1' on disk
V/androidripper(  834): Opening state file in overwrite mode.
D/dalvikvm(  834): GC_CONCURRENT freed 457K, 11% free 4365K/4888K, paused 13ms+4ms, total 144ms
D/dalvikvm(  834): WAIT_FOR_CONCURRENT_GC blocked 33ms
D/androidripper(  834): Performing backup of the old activity list on disk
D/androidripper(  834): Saving new found state 'a2' on disk
V/androidripper(  834): Opening state file in append mode.
D/androidripper(  834): Backup session footer restored to 
D/androidripper(  834): </SESSION>
D/androidripper(  834): Restored trace count to 20
D/androidripper(  834): Restored abstractor counters to: event = 20 - input = 0 - activity = 2
I/androidripper(  834): Saving the session on disk.
D/dalvikvm(  834): GC_EXPLICIT freed 367K, 14% free 4263K/4936K, paused 4ms+5ms, total 66ms
I/androidripper(  834): Dispatching new task. 19 more tasks remaining.
D/androidripper(  834): Performing backup of the old task list on disk
D/androidripper(  834): Saving task list on disk
V/androidripper(  834): Backing up trace #1 to disk.
V/androidripper(  834): Backing up trace #2 to disk.
V/androidripper(  834): Backing up trace #3 to disk.
V/androidripper(  834): Backing up trace #4 to disk.
V/androidripper(  834): Backing up trace #5 to disk.
V/androidripper(  834): Backing up trace #6 to disk.
V/androidripper(  834): Backing up trace #7 to disk.
V/androidripper(  834): Backing up trace #8 to disk.
V/androidripper(  834): Backing up trace #9 to disk.
V/androidripper(  834): Backing up trace #10 to disk.
V/androidripper(  834): Backing up trace #11 to disk.
V/androidripper(  834): Backing up trace #12 to disk.
V/androidripper(  834): Backing up trace #13 to disk.
V/MediaScanner(  544): pruneDeadThumbnailFiles... android.database.sqlite.SQLiteCursor@40d2cd40
V/androidripper(  834): Backing up trace #14 to disk.
V/MediaScanner(  544): /pruneDeadThumbnailFiles... android.database.sqlite.SQLiteCursor@40d2cd40
D/dalvikvm(  834): GC_CONCURRENT freed 566K, 13% free 4319K/4948K, paused 14ms+3ms, total 90ms
D/dalvikvm(  834): WAIT_FOR_CONCURRENT_GC blocked 26ms
V/androidripper(  834): Backing up trace #15 to disk.
V/androidripper(  834): Backing up trace #16 to disk.
V/androidripper(  834): Backing up trace #17 to disk.
V/androidripper(  834): Backing up trace #18 to disk.
V/androidripper(  834): Backing up trace #19 to disk.
D/dalvikvm(  834): GC_CONCURRENT freed 566K, 15% free 4311K/5024K, paused 6ms+3ms, total 57ms
D/dalvikvm(  834): WAIT_FOR_CONCURRENT_GC blocked 31ms
D/androidripper(  834): Deleting backup of the old task list from disk
D/androidripper(  834): Deleting backup of the old activity list from disk
I/androidripper(  834): Restarting
I/androidripper(  834): Waiting for 1 sec.
D/AndroidRuntime(  857): 
D/AndroidRuntime(  857): >>>>>> AndroidRuntime START com.android.internal.os.RuntimeInit <<<<<<
D/AndroidRuntime(  857): CheckJNI is ON
D/dalvikvm(  857): Trying to load lib libjavacore.so 0x0
D/dalvikvm(  857): Added shared lib libjavacore.so 0x0
D/dalvikvm(  857): Trying to load lib libnativehelper.so 0x0
D/dalvikvm(  857): Added shared lib libnativehelper.so 0x0
D/AndroidRuntime(  857): Calling main entry com.android.commands.am.Am
D/dalvikvm(  857): Note: class Landroid/app/ActivityManagerNative; has 157 unimplemented (abstract) methods
D/EmmaInstrumentation:(  834): Intermidate Dump Called with file name :/mnt/sdcard/coverage.ec
D/EmmaInstrumentation:(  834): generateCoverageReport()
I/System.out(  834): EMMA: runtime coverage data merged into [/mnt/sdcard/coverage.ec] {in 57 ms}
D/AndroidRuntime(  857): Shutting down VM
D/dalvikvm(  857): GC_CONCURRENT freed 91K, 17% free 492K/588K, paused 0ms+3ms, total 9ms
D/androidripper(  834): Ready to operate after restarting...
I/androidripper(  834): Retrieving widgets
D/androidripper(  834): Found widget: id=-1 (android.widget.LinearLayout{40ce05e0 V.E..... ......I. 0,0-480,800})
D/androidripper(  834): Found widget: id=16909140 (android.view.ViewStub{40cdf978 G.E..... ......I. 0,0-0,0 #1020354})
D/androidripper(  834): Found widget: id=-1 (android.widget.FrameLayout{40cff828 V.E..... ......I. 0,38-480,76})
D/androidripper(  834): Found widget: id=16908310 (android.widget.TextView{40cf9290 V.ED.... ......I. 6,1-474,36 #1020016 android:id/title}): My Expenses
D/androidripper(  834): Found widget: id=16908290 (android.widget.FrameLayout{40d00ad0 V.E..... ......I. 0,76-480,800 #1020002 android:id/content})
D/androidripper(  834): Found widget: id=-1 (android.widget.LinearLayout{40d08828 V.E..... ......I. 0,0-480,724})
D/androidripper(  834): Found widget: id=2131165222 (android.widget.LinearLayout{40d08bc8 V.E..... ......I. 0,0-480,642 #7f070026 app:id/content})
D/androidripper(  834): Found widget: id=2131165223 (android.widget.RelativeLayout{40d09128 V.E..... ......I. 0,0-480,37 #7f070027 app:id/bottom})
D/androidripper(  834): Found widget: id=-1 (android.widget.TextView{40cc53a8 V.ED.... ......I. 15,0-207,37}): Current balance
D/androidripper(  834): Found widget: id=2131165224 (android.widget.TextView{40cc59b0 V.ED.... ......I. 396,0-465,37 #7f070028 app:id/end}): $0.00
D/androidripper(  834): Found widget: id=16908298 (android.widget.ListView{40cc6130 G.ED.VCL ......I. 0,0-0,0 #102000a android:id/list})
D/androidripper(  834): Found widget: id=16908292 (android.widget.TextView{40cec6f0 V.ED.... ......I. 0,37-480,642 #1020004 android:id/empty}): No Expenses Yet!
D/androidripper(  834): Found widget: id=2131165225 (org.totschnig.myexpenses.ButtonBar{40cc7f68 V.E..... ......I. 0,642-480,724 #7f070029 app:id/ButtonBar})
D/androidripper(  834): Found widget: id=2131165184 (org.totschnig.myexpenses.ButtonBar$MenuButton{40cff1b8 VFED..CL .F....I. 6,8-94,80 #7f070000 app:id/INSERT_TA_COMMAND}): New
D/androidripper(  834): Found widget: id=2131165186 (org.totschnig.myexpenses.ButtonBar$MenuButton{40d2af98 VFED..CL ......I. 94,8-199,80 #7f070002 app:id/SWITCH_ACCOUNT_COMMAND}): Accounts
D/androidripper(  834): Found widget: id=2131165188 (org.totschnig.myexpenses.ButtonBar$MenuButton{40cca6b0 VF.D..CL ......I. 199,8-287,80 #7f070004 app:id/RESET_ACCOUNT_COMMAND}): Reset
D/androidripper(  834): Found widget: id=2131165189 (org.totschnig.myexpenses.ButtonBar$MenuButton{40cd4ba0 VFED..CL ......I. 287,8-385,80 #7f070005 app:id/SETTINGS_COMMAND}): Settings
D/androidripper(  834): Found widget: id=2131165192 (org.totschnig.myexpenses.ButtonBar$MenuButton{40cfee50 VFED..CL ......I. 385,8-474,80 #7f070008 app:id/HELP_COMMAND}): Help
D/androidripper(  834): Found widget: id=-1 (com.android.internal.policy.impl.PhoneWindow$DecorView{40d64d68 V.E..... R.....I. 0,0-480,800})
I/androidripper(  834): Playing Trace 1
I/androidripper(  834): Retrieved from return list id=-1
D/androidripper(  834): Testing for type (com.android.internal.policy.impl.PhoneWindow$DecorView) against the original (android.widget.TextView)
I/androidripper(  834): Firing event: type= click name=News widget=android.widget.TextView
I/androidripper(  834): Saving the session on disk. This is the last batch. The session will be terminated.
D/androidripper(  834): Performing backup of the old task list on disk
D/androidripper(  834): Saving task list on disk
V/androidripper(  834): Backing up trace #2 to disk.
V/androidripper(  834): Backing up trace #3 to disk.
V/androidripper(  834): Backing up trace #4 to disk.
V/androidripper(  834): Backing up trace #5 to disk.
V/androidripper(  834): Backing up trace #6 to disk.
V/androidripper(  834): Backing up trace #7 to disk.
V/androidripper(  834): Backing up trace #8 to disk.
V/androidripper(  834): Backing up trace #9 to disk.
V/androidripper(  834): Backing up trace #10 to disk.
V/androidripper(  834): Backing up trace #11 to disk.
V/androidripper(  834): Backing up trace #12 to disk.
V/androidripper(  834): Backing up trace #13 to disk.
D/dalvikvm(  834): GC_CONCURRENT freed 672K, 15% free 4284K/5024K, paused 6ms+4ms, total 94ms
D/dalvikvm(  834): WAIT_FOR_CONCURRENT_GC blocked 26ms
V/androidripper(  834): Backing up trace #14 to disk.
V/androidripper(  834): Backing up trace #15 to disk.
V/androidripper(  834): Backing up trace #16 to disk.
V/androidripper(  834): Backing up trace #17 to disk.
V/androidripper(  834): Backing up trace #18 to disk.
D/dalvikvm(  834): GC_CONCURRENT freed 516K, 14% free 4337K/5024K, paused 5ms+3ms, total 47ms
D/dalvikvm(  834): WAIT_FOR_CONCURRENT_GC blocked 22ms
V/androidripper(  834): Backing up trace #19 to disk.
D/androidripper(  834): Deleting backup of the old task list from disk
W/WindowManager(  318): Failure taking screenshot for (246x410) to layer 21010
W/ActivityManager(  318): Duplicate finish request for ActivityRecord{40e9e8c0 u0 org.totschnig.myexpenses/.MyExpenses}
D/dalvikvm(  834): GC_EXPLICIT freed 274K, 15% free 4284K/5024K, paused 3ms+9ms, total 95ms
D/dalvikvm(  834): GC_EXPLICIT freed <1K, 15% free 4284K/5024K, paused 11ms+5ms, total 200ms
I/TestRunner(  834): failed: testAndCrawl(it.unina.androidripper.guitree.GuiTreeEngine)
I/TestRunner(  834): ----- begin exception -----
I/TestRunner(  834): 
I/TestRunner(  834): junit.framework.AssertionFailedError: Cannot click: the widget does not exist
I/TestRunner(  834): 	at junit.framework.Assert.fail(Assert.java:50)
I/TestRunner(  834): 	at junit.framework.Assert.assertTrue(Assert.java:20)
I/TestRunner(  834): 	at junit.framework.Assert.assertNotNull(Assert.java:218)
I/TestRunner(  834): 	at it.unina.androidripper.automation.RobotUtilities.assertNotNull(RobotUtilities.java:303)
I/TestRunner(  834): 	at it.unina.androidripper.automation.RobotUtilities.click(RobotUtilities.java:47)
I/TestRunner(  834): 	at it.unina.androidripper.automation.Automation.injectInteraction(Automation.java:219)
I/TestRunner(  834): 	at it.unina.androidripper.automation.Automation.fireEventOnView(Automation.java:206)
I/TestRunner(  834): 	at it.unina.androidripper.automation.Automation.fireEvent(Automation.java:202)
I/TestRunner(  834): 	at it.unina.androidripper.automation.Automation.fireEvent(Automation.java:151)
I/TestRunner(  834): 	at it.unina.androidripper.automation.Automation.process(Automation.java:119)
I/TestRunner(  834): 	at it.unina.androidripper.automation.Automation.process(Automation.java:111)
I/TestRunner(  834): 	at it.unina.androidripper.Engine.process(Engine.java:94)
I/TestRunner(  834): 	at it.unina.androidripper.Engine.testAndCrawl(Engine.java:73)
I/TestRunner(  834): 	at java.lang.reflect.Method.invokeNative(Native Method)
I/TestRunner(  834): 	at java.lang.reflect.Method.invoke(Method.java:511)
I/TestRunner(  834): 	at android.test.InstrumentationTestCase.runMethod(InstrumentationTestCase.java:214)
I/TestRunner(  834): 	at android.test.InstrumentationTestCase.runTest(InstrumentationTestCase.java:199)
I/TestRunner(  834): 	at android.test.ActivityInstrumentationTestCase2.runTest(ActivityInstrumentationTestCase2.java:192)
I/TestRunner(  834): 	at junit.framework.TestCase.runBare(TestCase.java:134)
I/TestRunner(  834): 	at junit.framework.TestResult$1.protect(TestResult.java:115)
I/TestRunner(  834): 	at junit.framework.TestResult.runProtected(TestResult.java:133)
I/TestRunner(  834): 	at junit.framework.TestResult.run(TestResult.java:118)
I/TestRunner(  834): 	at junit.framework.TestCase.run(TestCase.java:124)
I/TestRunner(  834): 	at android.test.AndroidTestRunner.runTest(AndroidTestRunner.java:190)
I/TestRunner(  834): 	at android.test.AndroidTestRunner.runTest(AndroidTestRunner.java:175)
I/TestRunner(  834): 	at android.test.InstrumentationTestRunner.onStart(InstrumentationTestRunner.java:555)
I/TestRunner(  834): 	at android.app.Instrumentation$InstrumentationThread.run(Instrumentation.java:1661)
I/TestRunner(  834): ----- end exception -----
I/TestRunner(  834): finished: testAndCrawl(it.unina.androidripper.guitree.GuiTreeEngine)
D/AndroidRuntime(  822): Shutting down VM
D/dalvikvm(  822): GC_CONCURRENT freed 102K, 19% free 462K/568K, paused 0ms+1ms, total 10ms
I/ActivityManager(  318): Force stopping package org.totschnig.myexpenses appid=10047 user=0
I/ActivityManager(  318): Killing proc 834:org.totschnig.myexpenses/u0a10047: force stop org.totschnig.myexpenses
I/WindowState(  318): WIN DEATH: Window{40eaeec0 u0 org.totschnig.myexpenses/org.totschnig.myexpenses.MyExpenses EXITING}
I/Choreographer(  452): Skipped 224 frames!  The application may be doing too much work on its main thread.
E/SurfaceFlinger(   37): ro.sf.lcd_density must be defined as a build property
W/InputMethodManagerService(  318): Got RemoteException sending setActive(false) notification to pid 834 uid 10047
D/AndroidRuntime(  873): 
D/AndroidRuntime(  873): >>>>>> AndroidRuntime START com.android.internal.os.RuntimeInit <<<<<<
D/AndroidRuntime(  873): CheckJNI is ON
D/dalvikvm(  873): Trying to load lib libjavacore.so 0x0
D/dalvikvm(  873): Added shared lib libjavacore.so 0x0
D/dalvikvm(  873): Trying to load lib libnativehelper.so 0x0
D/dalvikvm(  873): Added shared lib libnativehelper.so 0x0
I/Choreographer(  318): Skipped 38 frames!  The application may be doing too much work on its main thread.
D/AndroidRuntime(  873): Calling main entry com.android.commands.am.Am
D/dalvikvm(  873): Note: class Landroid/app/ActivityManagerNative; has 157 unimplemented (abstract) methods
D/dalvikvm(  883): Not late-enabling CheckJNI (already on)
I/ActivityManager(  318): Start proc org.totschnig.myexpenses for broadcast org.totschnig.myexpenses/.EmmaInstrument.SMSInstrumentedReceiver: pid=883 uid=10047 gids={50047, 1015, 1028}
I/dalvikvm(  883): Turning on JNI app bug workarounds for target SDK version 8...
E/Trace   (  883): error opening trace file: No such file or directory (2)
D/dalvikvm(  883): GC_CONCURRENT freed 218K, 10% free 2594K/2872K, paused 4ms+11ms, total 69ms
I/System.out(  883): EMMA: collecting runtime coverage data ...
D/EmmaInstrumentation:(  883): Intermidate Dump Called with file name :/mnt/sdcard/coverage.ec
D/EmmaInstrumentation:(  883): generateCoverageReport()
I/System.out(  883): EMMA: runtime coverage data merged into [/mnt/sdcard/coverage.ec] {in 17 ms}
D/AndroidRuntime(  873): Shutting down VM
D/dalvikvm(  873): GC_CONCURRENT freed 91K, 17% free 492K/588K, paused 1ms+0ms, total 9ms
cannot bind 'tcp:5037'
* daemon not running. starting it now on port 5037 *
W/Resources(   38): Preloaded drawable resource #0x1080278 (android:drawable/fastscroll_thumb_default_holo) that varies with configuration!!
W/Resources(   38): Preloaded drawable resource #0x108027f (android:drawable/fastscroll_track_pressed_holo_dark) that varies with configuration!!
W/Resources(   38): Preloaded drawable resource #0x108027b (android:drawable/fastscroll_track_default_holo_dark) that varies with configuration!!
W/Resources(   38): Preloaded drawable resource #0x108027b (android:drawable/fastscroll_track_default_holo_dark) that varies with configuration!!
W/Resources(   38): Preloaded drawable resource #0x108027f (android:drawable/fastscroll_track_pressed_holo_dark) that varies with configuration!!
W/Resources(   38): Preloaded drawable resource #0x108027b (android:drawable/fastscroll_track_default_holo_dark) that varies with configuration!!
W/Resources(   38): Preloaded drawable resource #0x1080274 (android:drawable/fastscroll_label_left_holo_dark) that varies with configuration!!
D/dalvikvm(   38): GC_EXPLICIT freed 74K, 26% free 2358K/3156K, paused 3ms+4ms, total 35ms
W/Resources(   38): Preloaded drawable resource #0x1080276 (android:drawable/fastscroll_label_right_holo_dark) that varies with configuration!!
D/dalvikvm(   38): GC_EXPLICIT freed 50K, 26% free 2357K/3156K, paused 3ms+46ms, total 151ms
W/Resources(   38): Preloaded drawable resource #0x1080280 (android:drawable/fastscroll_track_pressed_holo_light) that varies with configuration!!
W/Resources(   38): Preloaded drawable resource #0x108027c (android:drawable/fastscroll_track_default_holo_light) that varies with configuration!!
W/Resources(   38): Preloaded drawable resource #0x108027c (android:drawable/fastscroll_track_default_holo_light) that varies with configuration!!
W/Resources(   38): Preloaded drawable resource #0x1080280 (android:drawable/fastscroll_track_pressed_holo_light) that varies with configuration!!
W/Resources(   38): Preloaded drawable resource #0x108027c (android:drawable/fastscroll_track_default_holo_light) that varies with configuration!!
W/Resources(   38): Preloaded drawable resource #0x1080275 (android:drawable/fastscroll_label_left_holo_light) that varies with configuration!!
D/dalvikvm(   38): GC_EXPLICIT freed 57K, 26% free 2359K/3156K, paused 3ms+3ms, total 93ms
W/Resources(   38): Preloaded drawable resource #0x1080277 (android:drawable/fastscroll_label_right_holo_light) that varies with configuration!!
D/dalvikvm(   38): GC_EXPLICIT freed 50K, 26% free 2358K/3156K, paused 2ms+96ms, total 229ms
W/Resources(   38): Preloaded drawable resource #0x1080259 (android:drawable/editbox_dropdown_background_dark) that varies with configuration!!
W/Resources(   38): Preloaded drawable resource #0x10805f8 (android:drawable/textfield_search_selected_holo_dark) that varies with configuration!!
W/Resources(   38): Preloaded drawable resource #0x10805ec (android:drawable/textfield_search_default_holo_dark) that varies with configuration!!
W/Resources(   38): Preloaded drawable resource #0x10805ec (android:drawable/textfield_search_default_holo_dark) that varies with configuration!!
W/Resources(   38): Preloaded drawable resource #0x10805f5 (android:drawable/textfield_search_right_selected_holo_dark) that varies with configuration!!
W/Resources(   38): Preloaded drawable resource #0x10805f3 (android:drawable/textfield_search_right_default_holo_dark) that varies with configuration!!
W/Resources(   38): Preloaded drawable resource #0x10805f3 (android:drawable/textfield_search_right_default_holo_dark) that varies with configuration!!
W/Resources(   38): Preloaded drawable resource #0x10805f9 (android:drawable/textfield_search_selected_holo_light) that varies with configuration!!
W/Resources(   38): Preloaded drawable resource #0x10805ed (android:drawable/textfield_search_default_holo_light) that varies with configuration!!
W/Resources(   38): Preloaded drawable resource #0x10805ed (android:drawable/textfield_search_default_holo_light) that varies with configuration!!
W/Resources(   38): Preloaded drawable resource #0x10805f6 (android:drawable/textfield_search_right_selected_holo_light) that varies with configuration!!
W/Resources(   38): Preloaded drawable resource #0x10805f4 (android:drawable/textfield_search_right_default_holo_light) that varies with configuration!!
W/Resources(   38): Preloaded drawable resource #0x10805f4 (android:drawable/textfield_search_right_default_holo_light) that varies with configuration!!
W/Resources(   38): Preloaded drawable resource #0x10805f8 (android:drawable/textfield_search_selected_holo_dark) that varies with configuration!!
W/Resources(   38): Preloaded drawable resource #0x10805ec (android:drawable/textfield_search_default_holo_dark) that varies with configuration!!
W/Resources(   38): Preloaded drawable resource #0x10805f5 (android:drawable/textfield_search_right_selected_holo_dark) that varies with configuration!!
W/Resources(   38): Preloaded drawable resource #0x10805f3 (android:drawable/textfield_search_right_default_holo_dark) that varies with configuration!!
W/Resources(   38): Preloaded drawable resource #0x10805f9 (android:drawable/textfield_search_selected_holo_light) that varies with configuration!!
W/Resources(   38): Preloaded drawable resource #0x10805ed (android:drawable/textfield_search_default_holo_light) that varies with configuration!!
W/Resources(   38): Preloaded drawable resource #0x10805f6 (android:drawable/textfield_search_right_selected_holo_light) that varies with configuration!!
W/Resources(   38): Preloaded drawable resource #0x10805f4 (android:drawable/textfield_search_right_default_holo_light) that varies with configuration!!
D/dalvikvm(   38): GC_EXPLICIT freed 47K, 26% free 2364K/3156K, paused 2ms+3ms, total 87ms
W/Resources(   38): Preloaded drawable resource #0x10805c1 (android:drawable/tab_unselected_holo) that varies with configuration!!
W/Resources(   38): Preloaded drawable resource #0x10805bc (android:drawable/tab_selected_holo) that varies with configuration!!
W/Resources(   38): Preloaded drawable resource #0x10805c0 (android:drawable/tab_unselected_focused_holo) that varies with configuration!!
W/Resources(   38): Preloaded drawable resource #0x10805bb (android:drawable/tab_selected_focused_holo) that varies with configuration!!
W/Resources(   38): Preloaded drawable resource #0x10805c2 (android:drawable/tab_unselected_pressed_holo) that varies with configuration!!
W/Resources(   38): Preloaded drawable resource #0x10805bd (android:drawable/tab_selected_pressed_holo) that varies with configuration!!
W/Resources(   38): Preloaded drawable resource #0x10805c2 (android:drawable/tab_unselected_pressed_holo) that varies with configuration!!
W/Resources(   38): Preloaded drawable resource #0x10805bd (android:drawable/tab_selected_pressed_holo) that varies with configuration!!
W/Resources(   38): Preloaded drawable resource #0x10805bd (android:drawable/tab_selected_pressed_holo) that varies with configuration!!
W/Resources(   38): Preloaded drawable resource #0x10805c1 (android:drawable/tab_unselected_holo) that varies with configuration!!
W/Resources(   38): Preloaded drawable resource #0x10805bc (android:drawable/tab_selected_holo) that varies with configuration!!
W/Resources(   38): Preloaded drawable resource #0x10805c0 (android:drawable/tab_unselected_focused_holo) that varies with configuration!!
W/Resources(   38): Preloaded drawable resource #0x10805bb (android:drawable/tab_selected_focused_holo) that varies with configuration!!
W/Resources(   38): Preloaded drawable resource #0x10805c2 (android:drawable/tab_unselected_pressed_holo) that varies with configuration!!
W/Resources(   38): Preloaded drawable resource #0x10805bd (android:drawable/tab_selected_pressed_holo) that varies with configuration!!
W/Resources(   38): Preloaded drawable resource #0x10804a5 (android:drawable/quickcontact_badge_overlay_pressed_dark) that varies with configuration!!
W/Resources(   38): Preloaded drawable resource #0x10804a0 (android:drawable/quickcontact_badge_overlay_focused_dark) that varies with configuration!!
W/Resources(   38): Preloaded drawable resource #0x10804a3 (android:drawable/quickcontact_badge_overlay_normal_dark) that varies with configuration!!
W/Resources(   38): Preloaded drawable resource #0x10804a3 (android:drawable/quickcontact_badge_overlay_normal_dark) that varies with configuration!!
W/Resources(   38): Preloaded drawable resource #0x10804a3 (android:drawable/quickcontact_badge_overlay_normal_dark) that varies with configuration!!
D/dalvikvm(   38): GC_EXPLICIT freed 56K, 26% free 2365K/3156K, paused 2ms+2ms, total 35ms
W/Resources(   38): Preloaded drawable resource #0x10804a5 (android:drawable/quickcontact_badge_overlay_pressed_dark) that varies with configuration!!
W/Resources(   38): Preloaded drawable resource #0x10804a6 (android:drawable/quickcontact_badge_overlay_pressed_light) that varies with configuration!!
W/Resources(   38): Preloaded drawable resource #0x10804a1 (android:drawable/quickcontact_badge_overlay_focused_light) that varies with configuration!!
W/Resources(   38): Preloaded drawable resource #0x10804a4 (android:drawable/quickcontact_badge_overlay_normal_light) that varies with configuration!!
W/Resources(   38): Preloaded drawable resource #0x10804a4 (android:drawable/quickcontact_badge_overlay_normal_light) that varies with configuration!!
W/Resources(   38): Preloaded drawable resource #0x10804a4 (android:drawable/quickcontact_badge_overlay_normal_light) that varies with configuration!!
W/Resources(   38): Preloaded drawable resource #0x10804a6 (android:drawable/quickcontact_badge_overlay_pressed_light) that varies with configuration!!
I/Zygote  (   38): ...preloaded 270 resources in 10700ms.
D/dalvikvm(   38): GC_EXPLICIT freed 48K, 25% free 2369K/3156K, paused 2ms+3ms, total 33ms
I/Zygote  (   38): ...preloaded 31 resources in 99ms.
D/dalvikvm(   38): GC_EXPLICIT freed 9K, 25% free 2377K/3156K, paused 2ms+3ms, total 32ms
D/dalvikvm(   38): GC_EXPLICIT freed 7K, 25% free 2369K/3156K, paused 3ms+3ms, total 36ms
D/dalvikvm(   38): GC_EXPLICIT freed <1K, 25% free 2369K/3156K, paused 13ms+2ms, total 42ms
I/dalvikvm(   38): System server process 281 has been created
I/Zygote  (   38): Accepting command socket connections
D/dalvikvm(  281): WAIT_FOR_CONCURRENT_GC blocked 2ms
E/BatteryService(  281): usbOnlinePath not found
E/BatteryService(  281): wirelessOnlinePath not found
E/BatteryService(  281): batteryVoltagePath not found
E/BatteryService(  281): batteryTemperaturePath not found
I/sysproc (  281): Entered system_init()
I/sysproc (  281): ServiceManager: 0x2a1adb60
D/SensorService(  281): nuSensorService starting...
I/SensorService(  281): Goldfish 3-axis Accelerometer
I/SensorService(  281): Goldfish 3-axis Magnetic field sensor
I/SensorService(  281): Goldfish Orientation sensor
I/SensorService(  281): Goldfish Temperature sensor
I/SensorService(  281): Goldfish Proximity sensor
I/sysproc (  281): System server: starting Android runtime.
I/sysproc (  281): System server: starting Android services.
I/SystemServer(  281): Entered the Android system server!
I/sysproc (  281): System server: entering thread pool.
D/SensorService(  281): nuSensorService thread starting...
I/SystemServer(  281): Waiting for installd to be ready.
I/Installer(  281): connecting...
I/installd(   41): new connection
I/SystemServer(  281): Entropy Mixer
I/SystemServer(  281): Enabled StrictMode logging for UI Looper
I/SystemServer(  281): Enabled StrictMode logging for WM Looper
I/SystemServer(  281): Power Manager
E/PowerManagerService-JNI(  281): Couldn't load power module (No such file or directory)
I/SystemServer(  281): Activity Manager
I/ActivityManager(  281): Memory class: 48
W/UsageStats(  281): Usage stats version changed; dropping
I/ActivityManager(  281): Enabled StrictMode logging for AThread's Looper
I/SystemServer(  281): Display Manager
E/SurfaceFlinger(   37): ro.sf.lcd_density must be defined as a build property
I/SystemServer(  281): Telephony Registry
I/DisplayManagerService(  281): Display device added: DisplayDeviceInfo{"Built-in Screen": 480 x 800, 260.416 fps, density 240, 240.0 x 240.0 dpi, touch INTERNAL, FLAG_DEFAULT_DISPLAY, FLAG_ROTATES_WITH_CONTENT, FLAG_SECURE, FLAG_SUPPORTS_PROTECTED_BUFFERS, rotation 0, type BUILT_IN, address null}
I/SystemServer(  281): Scheduling Policy
I/SystemServer(  281): Package Manager
D/dalvikvm(  281): GC_CONCURRENT freed 228K, 11% free 2562K/2848K, paused 5ms+5ms, total 105ms
D/dalvikvm(  281): GC_CONCURRENT freed 235K, 10% free 2722K/3012K, paused 4ms+13ms, total 71ms
W/PackageManager(  281): Running ENG build: no pre-dexopt!
D/dalvikvm(  281): GC_CONCURRENT freed 214K, 9% free 2899K/3168K, paused 5ms+4ms, total 91ms
W/PackageParser(  281): No actions in intent filter at /system/app/Contacts.apk Binary XML file line #533
D/dalvikvm(  281): GC_CONCURRENT freed 199K, 8% free 3089K/3344K, paused 4ms+4ms, total 77ms
D/dalvikvm(  281): GC_CONCURRENT freed 230K, 8% free 3303K/3588K, paused 4ms+7ms, total 247ms
W/PackageManager(  281): Package com.android.camera desires unavailable shared library com.google.android.media.effects; ignoring!
D/PackageManager(  281): No files in app dir /vendor/app
D/dalvikvm(  281): GC_CONCURRENT freed 217K, 8% free 3536K/3812K, paused 5ms+16ms, total 90ms
W/PackageParser(  281): No actions in intent filter at /data/app/ApiDemos.apk Binary XML file line #2737
W/PackageParser(  281): No actions in intent filter at /data/app/ApiDemos.apk Binary XML file line #2743
W/PackageManager(  281): Package com.example.android.apis desires unavailable shared library com.example.will.never.exist; ignoring!
I/PackageManager(  281): Time to scan packages: 5.298 seconds
W/PackageManager(  281): Unknown permission com.google.android.googleapps.permission.GOOGLE_AUTH.mail in package com.android.contacts
W/PackageManager(  281): Unknown permission android.permission.ADD_SYSTEM_SERVICE in package com.android.phone
W/PackageManager(  281): Unknown permission com.android.smspush.WAPPUSH_MANAGER_BIND in package com.android.phone
W/PackageManager(  281): Unknown permission com.google.android.googleapps.permission.GOOGLE_AUTH in package com.android.providers.calendar
W/PackageManager(  281): Unknown permission com.google.android.googleapps.permission.GOOGLE_AUTH.cl in package com.android.providers.calendar
W/PackageManager(  281): Unknown permission com.google.android.googleapps.permission.GOOGLE_AUTH.mail in package com.android.calendar
W/PackageManager(  281): Not granting permission android.permission.SEND_DOWNLOAD_COMPLETED_INTENTS to package com.android.browser (protectionLevel=2 flags=0x9be45)
W/PackageManager(  281): Not granting permission android.permission.BIND_APPWIDGET to package com.android.widgetpreview (protectionLevel=18 flags=0x8be44)
W/PackageManager(  281): Unknown permission com.google.android.googleapps.permission.GOOGLE_AUTH in package com.android.settings
W/PackageManager(  281): Unknown permission com.google.android.gallery3d.permission.GALLERY_PROVIDER in package com.android.exchange
W/PackageManager(  281): Unknown permission com.google.android.googleapps.permission.ACCESS_GOOGLE_PASSWORD in package com.android.development
W/PackageManager(  281): Unknown permission com.google.android.googleapps.permission.GOOGLE_AUTH in package com.android.development
W/PackageManager(  281): Unknown permission com.google.android.googleapps.permission.GOOGLE_AUTH.ALL_SERVICES in package com.android.development
W/PackageManager(  281): Unknown permission com.google.android.googleapps.permission.GOOGLE_AUTH.YouTubeUser in package com.android.development
W/PackageManager(  281): Unknown permission com.google.android.gallery3d.permission.GALLERY_PROVIDER in package com.android.email
W/PackageManager(  281): Not granting permission android.permission.DEVICE_POWER to package com.android.deskclock (protectionLevel=2 flags=0x8be45)
D/dalvikvm(  281): GC_CONCURRENT freed 304K, 9% free 3744K/4104K, paused 5ms+4ms, total 257ms
D/dalvikvm(  281): WAIT_FOR_CONCURRENT_GC blocked 53ms
D/dalvikvm(  281): GC_EXPLICIT freed 214K, 13% free 3629K/4136K, paused 45ms+6ms, total 225ms
I/SystemServer(  281): User Service
I/SystemServer(  281): Account Manager
I/SystemServer(  281): Content Manager
I/SystemServer(  281): System Content Providers
I/SystemServer(  281): Lights Service
I/SystemServer(  281): Battery Service
I/SystemServer(  281): Vibrator Service
I/libsuspend(  281): Selected early suspend
I/libsuspend(  281): Starting early suspend unblocker thread
D/PermissionCache(   37): checking android.permission.ACCESS_SURFACE_FLINGER for uid=1000 => granted (3007 us)
D/SurfaceFlinger(   37): Screen acquired, type=0 flinger=0x2a007318
D/SurfaceFlinger(   37):  screen was previously acquired
I/SystemServer(  281): Alarm Manager
D/AlarmManagerService(  281): Kernel timezone updated to 0 minutes west of GMT
I/SystemServer(  281): Init Watchdog
I/SystemServer(  281): Input Manager
I/InputManager(  281): Initializing input manager, mUseDevInputEventForAudioJack=false
I/SystemServer(  281): Window Manager
E/SoundPool(  281): error loading /system/media/audio/ui/Lock.ogg
W/KeyguardViewMediator(  281): failed to load lock sound from /system/media/audio/ui/Lock.ogg
E/SoundPool(  281): error loading /system/media/audio/ui/Unlock.ogg
W/KeyguardViewMediator(  281): failed to load unlock sound from /system/media/audio/ui/Unlock.ogg
I/InputManager(  281): Starting input manager
I/SystemServer(  281): No Bluetooh Service (emulator)
I/SystemServer(  281): Input Method Service
W/InputMethodManagerService(  281): Couldn't create dir.: /data/system/inputmethod
I/EventHub(  281): New device: id=1, fd=88, path='/dev/input/event0', name='qwerty2', classes=0x2d, configuration='/system/usr/idc/qwerty2.idc', keyLayout='/system/usr/keylayout/qwerty.kl', keyCharacterMap='/system/usr/keychars/qwerty2.kcm', builtinKeyboard=true, usingSuspendBlockIoctl=false, usingClockIoctl=false
E/EventHub(  281): could not get driver version for /dev/input/mouse0, Not a typewriter
E/EventHub(  281): could not get driver version for /dev/input/mice, Not a typewriter
I/InputReader(  281): Device added: id=-1, name='Virtual', sources=0x00000301
I/InputReader(  281):   Touch device 'qwerty2' could not query the properties of its associated display.  The device will be inoperable until the display size becomes available.
I/InputReader(  281): Device added: id=0, name='qwerty2', sources=0x00011307
E/Trace   (  281): error opening trace file: No such file or directory (2)
D/dalvikvm(  281): GC_CONCURRENT freed 297K, 9% free 3838K/4204K, paused 5ms+4ms, total 562ms
D/dalvikvm(  281): WAIT_FOR_CONCURRENT_GC blocked 264ms
I/SystemServer(  281): Accessibility Manager
I/ActivityManager(  281): Config changes=15f8 {1.0 ?mcc?mnc en_US ldltr sw320dp w320dp h508dp 240dpi nrml long port ?uimode ?night finger -keyb/v/h tball/v s.2}
I/InputReader(  281): Reconfiguring input devices.  changes=0x00000004
I/SystemServer(  281): Mount Service
D/MountService(  281): got storage path: /mnt/sdcard description: USB storage primary: true removable: false emulated: false mtpReserve: 0 allowMassStorage: false maxFileSize: 0
D/MountService(  281): addVolumeLocked() StorageVolume [mStorageId=0 mPath=/mnt/sdcard mDescriptionId=17040615 mPrimary=true mRemovable=false mEmulated=false mMtpReserveSpace=0 mAllowMassStorage=false mMaxFileSize=0 mOwner=null]
I/InputReader(  281): Device reconfigured: id=0, name='qwerty2', size 480x800, orientation 0, mode 1, display id 0
I/InputReader(  281): Reconfiguring input devices.  changes=0x00000004
I/InputReader(  281): Device reconfigured: id=0, name='qwerty2', size 480x800, orientation 0, mode 1, display id 0
I/SystemServer(  281): LockSettingsService
I/SystemServer(  281): Device Policy
D/dalvikvm(  281): GREF has increased to 201
I/SystemServer(  281): Status Bar
I/SystemServer(  281): Clipboard Service
I/SystemServer(  281): NetworkManagement Service
I/SystemServer(  281): Text Service Manager Service
D/MountService(  281): volume state changed for /mnt/sdcard (null -> unmounted)
I/PackageManager(  281): Updating external media status from unmounted to unmounted
I/SystemServer(  281): NetworkStats Service
I/SystemServer(  281): NetworkPolicy Service
I/SystemServer(  281): Wi-Fi P2pService
I/SystemServer(  281): Wi-Fi Service
W/MountService(  281): getSecureContainerList() called when storage not mounted
I/PackageManager(  281): No secure containers on sdcard
W/PackageManager(  281): Unknown permission com.google.android.googleapps.permission.GOOGLE_AUTH.mail in package com.android.contacts
W/PackageManager(  281): Unknown permission android.permission.ADD_SYSTEM_SERVICE in package com.android.phone
W/PackageManager(  281): Unknown permission com.android.smspush.WAPPUSH_MANAGER_BIND in package com.android.phone
W/PackageManager(  281): Unknown permission com.google.android.googleapps.permission.GOOGLE_AUTH in package com.android.providers.calendar
W/PackageManager(  281): Unknown permission com.google.android.googleapps.permission.GOOGLE_AUTH.cl in package com.android.providers.calendar
W/PackageManager(  281): Unknown permission com.google.android.googleapps.permission.GOOGLE_AUTH.mail in package com.android.calendar
W/PackageManager(  281): Not granting permission android.permission.SEND_DOWNLOAD_COMPLETED_INTENTS to package com.android.browser (protectionLevel=2 flags=0x89be45)
W/PackageManager(  281): Not granting permission android.permission.BIND_APPWIDGET to package com.android.widgetpreview (protectionLevel=18 flags=0x8be44)
W/PackageManager(  281): Unknown permission com.google.android.googleapps.permission.GOOGLE_AUTH in package com.android.settings
W/PackageManager(  281): Unknown permission com.google.android.gallery3d.permission.GALLERY_PROVIDER in package com.android.exchange
W/PackageManager(  281): Unknown permission com.google.android.googleapps.permission.ACCESS_GOOGLE_PASSWORD in package com.android.development
W/PackageManager(  281): Unknown permission com.google.android.googleapps.permission.GOOGLE_AUTH in package com.android.development
W/PackageManager(  281): Unknown permission com.google.android.googleapps.permission.GOOGLE_AUTH.ALL_SERVICES in package com.android.development
W/PackageManager(  281): Unknown permission com.google.android.googleapps.permission.GOOGLE_AUTH.YouTubeUser in package com.android.development
W/PackageManager(  281): Unknown permission com.google.android.gallery3d.permission.GALLERY_PROVIDER in package com.android.email
W/PackageManager(  281): Not granting permission android.permission.DEVICE_POWER to package com.android.deskclock (protectionLevel=2 flags=0x88be45)
D/dalvikvm(  281): GC_CONCURRENT freed 314K, 9% free 3986K/4364K, paused 62ms+3ms, total 157ms
E/CommandListener(   34): Failed to open /proc/sys/net/ipv6/conf/wlan0/disable_ipv6: No such file or directory
E/WifiStateMachine(  281): Failed to disable IPv6: java.lang.IllegalStateException: command '1 interface ipv6 wlan0 disable' failed with '400 1 Failed to change IPv6 state (No such file or directory)'
I/SystemServer(  281): Connectivity Service
D/ConnectivityService(  281): ConnectivityService starting up
E/MobileDataStateTracker(  281): default: Ignoring feature request because could not acquire PhoneService
E/MobileDataStateTracker(  281): default: Could not enable APN type "default"
I/WifiService(  281): WifiService starting up with Wi-Fi disabled
I/SystemServer(  281): Network Service Discovery Service
D/NsdService(  281): Network service discovery enabled true
I/SystemServer(  281): Throttle Service
I/SystemServer(  281): UpdateLock Service
I/SystemServer(  281): Notification Manager
I/SystemServer(  281): Device Storage Monitor
I/SystemServer(  281): Location Manager
I/SystemServer(  281): Country Detector
I/SystemServer(  281): Search Service
I/SystemServer(  281): DropBox Service
I/SystemServer(  281): Wallpaper Service
I/SystemServer(  281): Audio Service
D/dalvikvm(  281): GC_CONCURRENT freed 234K, 7% free 4165K/4464K, paused 6ms+6ms, total 137ms
I/SystemServer(  281): Dock Observer
W/DockObserver(  281): This kernel does not have dock station support
I/SystemServer(  281): Wired Accessory Manager
W/WiredAccessoryManager(  281): This kernel does not have wired headset support
W/WiredAccessoryManager(  281): This kernel does not have usb audio support
W/WiredAccessoryManager(  281): This kernel does not have HDMI audio support
