I/TestRunner(  831): 
I/TestRunner(  831): junit.framework.AssertionFailedError: Cannot click: the widget does not exist
I/TestRunner(  831): 	at junit.framework.Assert.fail(Assert.java:50)
I/TestRunner(  831): 	at junit.framework.Assert.assertTrue(Assert.java:20)
I/TestRunner(  831): 	at junit.framework.Assert.assertNotNull(Assert.java:218)
I/TestRunner(  831): 	at it.unina.androidripper.automation.RobotUtilities.assertNotNull(RobotUtilities.java:303)
I/TestRunner(  831): 	at it.unina.androidripper.automation.RobotUtilities.click(RobotUtilities.java:47)
I/TestRunner(  831): 	at it.unina.androidripper.automation.Automation.injectInteraction(Automation.java:219)
I/TestRunner(  831): 	at it.unina.androidripper.automation.Automation.fireEventOnView(Automation.java:206)
I/TestRunner(  831): 	at it.unina.androidripper.automation.Automation.fireEvent(Automation.java:202)
I/TestRunner(  831): 	at it.unina.androidripper.automation.Automation.fireEvent(Automation.java:151)
I/TestRunner(  831): 	at it.unina.androidripper.automation.Automation.process(Automation.java:119)
I/TestRunner(  831): 	at it.unina.androidripper.automation.Automation.process(Automation.java:111)
I/TestRunner(  831): 	at it.unina.androidripper.Engine.process(Engine.java:94)
I/TestRunner(  831): 	at it.unina.androidripper.Engine.testAndCrawl(Engine.java:73)
I/TestRunner(  831): 	at java.lang.reflect.Method.invokeNative(Native Method)
I/TestRunner(  831): 	at java.lang.reflect.Method.invoke(Method.java:511)
I/TestRunner(  831): 	at android.test.InstrumentationTestCase.runMethod(InstrumentationTestCase.java:214)
I/TestRunner(  831): 	at android.test.InstrumentationTestCase.runTest(InstrumentationTestCase.java:199)
I/TestRunner(  831): 	at android.test.ActivityInstrumentationTestCase2.runTest(ActivityInstrumentationTestCase2.java:192)
I/TestRunner(  831): 	at junit.framework.TestCase.runBare(TestCase.java:134)
I/TestRunner(  831): 	at junit.framework.TestResult$1.protect(TestResult.java:115)
I/TestRunner(  831): 	at junit.framework.TestResult.runProtected(TestResult.java:133)
I/TestRunner(  831): 	at junit.framework.TestResult.run(TestResult.java:118)
I/TestRunner(  831): 	at junit.framework.TestCase.run(TestCase.java:124)
I/TestRunner(  831): 	at android.test.AndroidTestRunner.runTest(AndroidTestRunner.java:190)
I/TestRunner(  831): 	at android.test.AndroidTestRunner.runTest(AndroidTestRunner.java:175)
I/TestRunner(  831): 	at android.test.InstrumentationTestRunner.onStart(InstrumentationTestRunner.java:555)
I/TestRunner(  831): 	at android.app.Instrumentation$InstrumentationThread.run(Instrumentation.java:1661)
I/TestRunner(  831): ----- end exception -----
I/TestRunner(  831): finished: testAndCrawl(it.unina.androidripper.guitree.GuiTreeEngine)
D/AndroidRuntime(  821): Shutting down VM
D/dalvikvm(  821): GC_CONCURRENT freed 102K, 19% free 462K/568K, paused 0ms+1ms, total 9ms
I/Choreographer(  413): Skipped 115 frames!  The application may be doing too much work on its main thread.
I/ActivityManager(  289): Force stopping package org.totschnig.myexpenses appid=10047 user=0
I/ActivityManager(  289): Killing proc 831:org.totschnig.myexpenses/u0a10047: force stop org.totschnig.myexpenses
I/WindowState(  289): WIN DEATH: Window{40f37188 u0 org.totschnig.myexpenses/org.totschnig.myexpenses.MyExpenses EXITING}
I/dalvikvm(  289): Jit: resizing JitTable from 4096 to 8192
I/Choreographer(  289): Skipped 48 frames!  The application may be doing too much work on its main thread.
D/dalvikvm(  413): GC_CONCURRENT freed 894K, 11% free 8470K/9420K, paused 4ms+143ms, total 950ms
E/SurfaceFlinger(   37): ro.sf.lcd_density must be defined as a build property
D/AndroidRuntime(  854): 
D/AndroidRuntime(  854): >>>>>> AndroidRuntime START com.android.internal.os.RuntimeInit <<<<<<
D/AndroidRuntime(  854): CheckJNI is ON
D/dalvikvm(  854): Trying to load lib libjavacore.so 0x0
D/dalvikvm(  854): Added shared lib libjavacore.so 0x0
D/dalvikvm(  854): Trying to load lib libnativehelper.so 0x0
D/dalvikvm(  854): Added shared lib libnativehelper.so 0x0
W/InputMethodManagerService(  289): Got RemoteException sending setActive(false) notification to pid 831 uid 10047
I/Choreographer(  413): Skipped 100 frames!  The application may be doing too much work on its main thread.
I/Choreographer(  413): Skipped 92 frames!  The application may be doing too much work on its main thread.
D/AndroidRuntime(  854): Calling main entry com.android.commands.am.Am
D/dalvikvm(  854): Note: class Landroid/app/ActivityManagerNative; has 157 unimplemented (abstract) methods
D/dalvikvm(  864): Not late-enabling CheckJNI (already on)
I/ActivityManager(  289): Start proc org.totschnig.myexpenses for broadcast org.totschnig.myexpenses/.EmmaInstrument.SMSInstrumentedReceiver: pid=864 uid=10047 gids={50047, 1015, 1028}
I/Choreographer(  413): Skipped 91 frames!  The application may be doing too much work on its main thread.
I/dalvikvm(  864): Turning on JNI app bug workarounds for target SDK version 8...
E/Trace   (  864): error opening trace file: No such file or directory (2)
I/Choreographer(  413): Skipped 70 frames!  The application may be doing too much work on its main thread.
D/dalvikvm(  864): GC_CONCURRENT freed 220K, 10% free 2597K/2876K, paused 22ms+62ms, total 178ms
D/dalvikvm(  413): GC_FOR_ALLOC freed 593K, 12% free 8521K/9680K, paused 185ms, total 210ms
I/dalvikvm-heap(  413): Grow heap (frag case) to 9.768MB for 1463056-byte allocation
I/System.out(  864): EMMA: collecting runtime coverage data ...
D/EmmaInstrumentation:(  864): Intermidate Dump Called with file name :/mnt/sdcard/coverage.ec
D/EmmaInstrumentation:(  864): generateCoverageReport()
D/dalvikvm(  413): GC_FOR_ALLOC freed 14K, 11% free 9935K/11112K, paused 169ms, total 169ms
I/System.out(  864): EMMA: runtime coverage data merged into [/mnt/sdcard/coverage.ec] {in 82 ms}
D/AndroidRuntime(  854): Shutting down VM
D/dalvikvm(  854): GC_CONCURRENT freed 91K, 17% free 492K/588K, paused 1ms+1ms, total 11ms
W/WindowManager(  289): Rebuild removed 2 windows but added 1
W/WindowManager(  289): This window was lost: Window{40f37188 u0 org.totschnig.myexpenses/org.totschnig.myexpenses.MyExpenses}
W/WindowManager(  289): mDisplayId=0 mSession=Session{40e4fd88 831:u0a10047} mClient=android.os.BinderProxy@4105b828
W/WindowManager(  289): mOwnerUid=10047 mShowToOwnerOnly=true
W/WindowManager(  289): mAttrs=WM.LayoutParams{(0,0)(fillxfill) sim=#120 ty=1 fl=#8010100 pfl=0x8 wanim=0x1030001}
W/WindowManager(  289): Requested w=480 h=800 mLayoutSeq=39
W/WindowManager(  289): mBaseLayer=21000 mSubLayer=0 mAnimLayer=21005+0=21005 mLastLayer=21010
W/WindowManager(  289): mToken=AppWindowToken{41191ea0 token=Token{40ed4858 ActivityRecord{411a36f0 u0 org.totschnig.myexpenses/.MyExpenses}}}
W/WindowManager(  289): mRootToken=AppWindowToken{41191ea0 token=Token{40ed4858 ActivityRecord{411a36f0 u0 org.totschnig.myexpenses/.MyExpenses}}}
W/WindowManager(  289): mAppToken=AppWindowToken{41191ea0 token=Token{40ed4858 ActivityRecord{411a36f0 u0 org.totschnig.myexpenses/.MyExpenses}}}
W/WindowManager(  289): mViewVisibility=0x8 mHaveFrame=true mObscured=false
W/WindowManager(  289): mSeq=0 mSystemUiVisibility=0x0
W/WindowManager(  289): mGivenContentInsets=[0,0][0,0] mGivenVisibleInsets=[0,0][0,0]
W/WindowManager(  289): mConfiguration={1.0 310mcc260mnc en_US ldltr sw320dp w320dp h508dp 240dpi nrml long port finger -keyb/v/h tball/v s.6}
W/WindowManager(  289): mHasSurface=true mShownFrame=[0.0,0.0][480.0,800.0] isReadyForDisplay()=false
W/WindowManager(  289): mFrame=[0,0][480,800] last=[0,0][480,800]
W/WindowManager(  289): mSystemDecorRect=[0,38][480,800] last=[0,38][480,800]
W/WindowManager(  289): Frames: containing=[0,0][480,800] parent=[0,0][480,800] display=[0,0][480,800]
W/WindowManager(  289):     content=[0,38][480,800] visible=[0,38][480,800]
W/WindowManager(  289): Cur insets: content=[0,38][0,0] visible=[0,38][0,0]
W/WindowManager(  289): Lst insets: content=[0,38][0,0] visible=[0,38][0,0]
W/WindowManager(  289): WindowStateAnimator{41155390 org.totschnig.myexpenses/org.totschnig.myexpenses.MyExpenses}:
W/WindowManager(  289):   mSurface=Surface(name=org.totschnig.myexpenses/org.totschnig.myexpenses.MyExpenses, identity=15)
W/WindowManager(  289):   mDrawState=HAS_DRAWN mLastHidden=true
W/WindowManager(  289):   Surface: shown=false layer=21010 alpha=1.0 rect=(0.0,0.0) 480.0 x 800.0
W/WindowManager(  289):   mGlobalScale=1.0 mDsDx=1.0 mDtDx=0.0 mDsDy=0.0 mDtDy=1.0
W/WindowManager(  289): mExiting=false mRemoveOnExit=false mDestroying=true mRemoved=false
W/WindowManager(  289): Current app token list:
V/WindowManager(  289):   #0: Token{40f43e90 ActivityRecord{40f43b88 u0 com.android.launcher/com.android.launcher2.Launcher}}
W/WindowManager(  289): Final window list:
V/WindowManager(  289):   #0: Window{40f36d90 u0 StatusBar}
V/WindowManager(  289):   #1: Window{40ef3918 u0 Keyguard}
V/WindowManager(  289):   #2: Window{411586a8 u0 com.android.launcher/com.android.launcher2.Launcher}
V/WindowManager(  289):   #3: Window{4100e3e8 u0 com.android.systemui.ImageWallpaper}
* daemon not running. starting it now on port 5037 *
W/Resources(   38): Preloaded drawable resource #0x10805bd (android:drawable/tab_selected_pressed_holo) that varies with configuration!!
W/Resources(   38): Preloaded drawable resource #0x10805bd (android:drawable/tab_selected_pressed_holo) that varies with configuration!!
W/Resources(   38): Preloaded drawable resource #0x10805c1 (android:drawable/tab_unselected_holo) that varies with configuration!!
W/Resources(   38): Preloaded drawable resource #0x10805bc (android:drawable/tab_selected_holo) that varies with configuration!!
W/Resources(   38): Preloaded drawable resource #0x10805c0 (android:drawable/tab_unselected_focused_holo) that varies with configuration!!
W/Resources(   38): Preloaded drawable resource #0x10805bb (android:drawable/tab_selected_focused_holo) that varies with configuration!!
W/Resources(   38): Preloaded drawable resource #0x10805c2 (android:drawable/tab_unselected_pressed_holo) that varies with configuration!!
W/Resources(   38): Preloaded drawable resource #0x10805bd (android:drawable/tab_selected_pressed_holo) that varies with configuration!!
W/Resources(   38): Preloaded drawable resource #0x10804a5 (android:drawable/quickcontact_badge_overlay_pressed_dark) that varies with configuration!!
W/Resources(   38): Preloaded drawable resource #0x10804a0 (android:drawable/quickcontact_badge_overlay_focused_dark) that varies with configuration!!
W/Resources(   38): Preloaded drawable resource #0x10804a3 (android:drawable/quickcontact_badge_overlay_normal_dark) that varies with configuration!!
W/Resources(   38): Preloaded drawable resource #0x10804a3 (android:drawable/quickcontact_badge_overlay_normal_dark) that varies with configuration!!
W/Resources(   38): Preloaded drawable resource #0x10804a3 (android:drawable/quickcontact_badge_overlay_normal_dark) that varies with configuration!!
D/dalvikvm(   38): GC_EXPLICIT freed 56K, 26% free 2365K/3156K, paused 2ms+3ms, total 132ms
W/Resources(   38): Preloaded drawable resource #0x10804a5 (android:drawable/quickcontact_badge_overlay_pressed_dark) that varies with configuration!!
W/Resources(   38): Preloaded drawable resource #0x10804a6 (android:drawable/quickcontact_badge_overlay_pressed_light) that varies with configuration!!
W/Resources(   38): Preloaded drawable resource #0x10804a1 (android:drawable/quickcontact_badge_overlay_focused_light) that varies with configuration!!
W/Resources(   38): Preloaded drawable resource #0x10804a4 (android:drawable/quickcontact_badge_overlay_normal_light) that varies with configuration!!
W/Resources(   38): Preloaded drawable resource #0x10804a4 (android:drawable/quickcontact_badge_overlay_normal_light) that varies with configuration!!
W/Resources(   38): Preloaded drawable resource #0x10804a4 (android:drawable/quickcontact_badge_overlay_normal_light) that varies with configuration!!
W/Resources(   38): Preloaded drawable resource #0x10804a6 (android:drawable/quickcontact_badge_overlay_pressed_light) that varies with configuration!!
I/Zygote  (   38): ...preloaded 270 resources in 11142ms.
D/dalvikvm(   38): GC_EXPLICIT freed 48K, 25% free 2369K/3156K, paused 3ms+48ms, total 143ms
I/Zygote  (   38): ...preloaded 31 resources in 256ms.
D/dalvikvm(   38): GC_EXPLICIT freed 9K, 25% free 2377K/3156K, paused 2ms+3ms, total 89ms
D/dalvikvm(   38): GC_EXPLICIT freed 7K, 25% free 2369K/3156K, paused 6ms+3ms, total 93ms
D/dalvikvm(   38): GC_EXPLICIT freed <1K, 25% free 2369K/3156K, paused 11ms+3ms, total 100ms
I/dalvikvm(   38): System server process 283 has been created
I/Zygote  (   38): Accepting command socket connections
E/BatteryService(  283): usbOnlinePath not found
E/BatteryService(  283): wirelessOnlinePath not found
E/BatteryService(  283): batteryVoltagePath not found
E/BatteryService(  283): batteryTemperaturePath not found
I/sysproc (  283): Entered system_init()
I/sysproc (  283): ServiceManager: 0x2a1a1358
D/SensorService(  283): nuSensorService starting...
I/SensorService(  283): Goldfish 3-axis Accelerometer
I/SensorService(  283): Goldfish 3-axis Magnetic field sensor
I/SensorService(  283): Goldfish Orientation sensor
I/SensorService(  283): Goldfish Temperature sensor
I/SensorService(  283): Goldfish Proximity sensor
I/sysproc (  283): System server: starting Android runtime.
I/sysproc (  283): System server: starting Android services.
I/SystemServer(  283): Entered the Android system server!
I/sysproc (  283): System server: entering thread pool.
D/SensorService(  283): nuSensorService thread starting...
I/SystemServer(  283): Enabled StrictMode logging for UI Looper
I/SystemServer(  283): Waiting for installd to be ready.
I/Installer(  283): connecting...
I/installd(   41): new connection
I/SystemServer(  283): Enabled StrictMode logging for WM Looper
I/SystemServer(  283): Entropy Mixer
I/SystemServer(  283): Power Manager
E/PowerManagerService-JNI(  283): Couldn't load power module (No such file or directory)
I/SystemServer(  283): Activity Manager
I/ActivityManager(  283): Memory class: 48
W/UsageStats(  283): Usage stats version changed; dropping
I/ActivityManager(  283): Enabled StrictMode logging for AThread's Looper
I/SystemServer(  283): Display Manager
E/SurfaceFlinger(   37): ro.sf.lcd_density must be defined as a build property
I/DisplayManagerService(  283): Display device added: DisplayDeviceInfo{"Built-in Screen": 480 x 800, 260.416 fps, density 240, 240.0 x 240.0 dpi, touch INTERNAL, FLAG_DEFAULT_DISPLAY, FLAG_ROTATES_WITH_CONTENT, FLAG_SECURE, FLAG_SUPPORTS_PROTECTED_BUFFERS, rotation 0, type BUILT_IN, address null}
I/SystemServer(  283): Telephony Registry
I/SystemServer(  283): Scheduling Policy
I/SystemServer(  283): Package Manager
D/dalvikvm(  283): GC_CONCURRENT freed 248K, 11% free 2610K/2928K, paused 4ms+16ms, total 56ms
D/dalvikvm(  283): WAIT_FOR_CONCURRENT_GC blocked 4ms
W/PackageManager(  283): Running ENG build: no pre-dexopt!
D/dalvikvm(  283): GC_CONCURRENT freed 325K, 13% free 2673K/3056K, paused 4ms+6ms, total 95ms
D/dalvikvm(  283): GC_CONCURRENT freed 134K, 7% free 2959K/3156K, paused 4ms+3ms, total 66ms
W/PackageParser(  283): No actions in intent filter at /system/app/Contacts.apk Binary XML file line #533
D/dalvikvm(  283): GC_CONCURRENT freed 231K, 9% free 3136K/3428K, paused 6ms+57ms, total 426ms
D/dalvikvm(  283): GC_CONCURRENT freed 210K, 8% free 3333K/3588K, paused 4ms+6ms, total 240ms
W/PackageManager(  283): Package com.android.camera desires unavailable shared library com.google.android.media.effects; ignoring!
D/PackageManager(  283): No files in app dir /vendor/app
D/dalvikvm(  283): GC_CONCURRENT freed 218K, 8% free 3515K/3796K, paused 6ms+6ms, total 114ms
W/PackageParser(  283): No actions in intent filter at /data/app/ApiDemos.apk Binary XML file line #2737
W/PackageParser(  283): No actions in intent filter at /data/app/ApiDemos.apk Binary XML file line #2743
W/PackageManager(  283): Package com.example.android.apis desires unavailable shared library com.example.will.never.exist; ignoring!
I/PackageManager(  283): Time to scan packages: 5.407 seconds
W/PackageManager(  283): Unknown permission com.google.android.googleapps.permission.GOOGLE_AUTH.mail in package com.android.contacts
W/PackageManager(  283): Unknown permission android.permission.ADD_SYSTEM_SERVICE in package com.android.phone
W/PackageManager(  283): Unknown permission com.android.smspush.WAPPUSH_MANAGER_BIND in package com.android.phone
W/PackageManager(  283): Unknown permission com.google.android.googleapps.permission.GOOGLE_AUTH in package com.android.providers.calendar
W/PackageManager(  283): Unknown permission com.google.android.googleapps.permission.GOOGLE_AUTH.cl in package com.android.providers.calendar
W/PackageManager(  283): Unknown permission com.google.android.googleapps.permission.GOOGLE_AUTH.mail in package com.android.calendar
W/PackageManager(  283): Not granting permission android.permission.SEND_DOWNLOAD_COMPLETED_INTENTS to package com.android.browser (protectionLevel=2 flags=0x9be45)
W/PackageManager(  283): Not granting permission android.permission.BIND_APPWIDGET to package com.android.widgetpreview (protectionLevel=18 flags=0x8be44)
W/PackageManager(  283): Unknown permission com.google.android.googleapps.permission.GOOGLE_AUTH in package com.android.settings
W/PackageManager(  283): Unknown permission com.google.android.gallery3d.permission.GALLERY_PROVIDER in package com.android.exchange
W/PackageManager(  283): Unknown permission com.google.android.googleapps.permission.ACCESS_GOOGLE_PASSWORD in package com.android.development
W/PackageManager(  283): Unknown permission com.google.android.googleapps.permission.GOOGLE_AUTH in package com.android.development
W/PackageManager(  283): Unknown permission com.google.android.googleapps.permission.GOOGLE_AUTH.ALL_SERVICES in package com.android.development
W/PackageManager(  283): Unknown permission com.google.android.googleapps.permission.GOOGLE_AUTH.YouTubeUser in package com.android.development
W/PackageManager(  283): Unknown permission com.google.android.gallery3d.permission.GALLERY_PROVIDER in package com.android.email
W/PackageManager(  283): Not granting permission android.permission.DEVICE_POWER to package com.android.deskclock (protectionLevel=2 flags=0x8be45)
D/dalvikvm(  283): GC_CONCURRENT freed 253K, 8% free 3763K/4068K, paused 4ms+21ms, total 100ms
D/dalvikvm(  283): GC_EXPLICIT freed 221K, 12% free 3630K/4100K, paused 3ms+3ms, total 173ms
I/SystemServer(  283): User Service
I/SystemServer(  283): Account Manager
I/SystemServer(  283): Content Manager
I/SystemServer(  283): System Content Providers
I/SystemServer(  283): Lights Service
I/SystemServer(  283): Battery Service
I/SystemServer(  283): Vibrator Service
I/libsuspend(  283): Selected early suspend
I/libsuspend(  283): Starting early suspend unblocker thread
D/PermissionCache(   37): checking android.permission.ACCESS_SURFACE_FLINGER for uid=1000 => granted (5695 us)
D/SurfaceFlinger(   37): Screen acquired, type=0 flinger=0x2a007318
D/SurfaceFlinger(   37):  screen was previously acquired
I/SystemServer(  283): Alarm Manager
D/AlarmManagerService(  283): Kernel timezone updated to 0 minutes west of GMT
I/SystemServer(  283): Init Watchdog
I/SystemServer(  283): Input Manager
I/InputManager(  283): Initializing input manager, mUseDevInputEventForAudioJack=false
I/SystemServer(  283): Window Manager
E/SoundPool(  283): error loading /system/media/audio/ui/Lock.ogg
W/KeyguardViewMediator(  283): failed to load lock sound from /system/media/audio/ui/Lock.ogg
E/SoundPool(  283): error loading /system/media/audio/ui/Unlock.ogg
W/KeyguardViewMediator(  283): failed to load unlock sound from /system/media/audio/ui/Unlock.ogg
D/dalvikvm(  283): GC_CONCURRENT freed 261K, 9% free 3822K/4156K, paused 6ms+5ms, total 342ms
I/InputManager(  283): Starting input manager
I/SystemServer(  283): No Bluetooh Service (emulator)
I/SystemServer(  283): Input Method Service
W/InputMethodManagerService(  283): Couldn't create dir.: /data/system/inputmethod
I/EventHub(  283): New device: id=1, fd=89, path='/dev/input/event0', name='qwerty2', classes=0x2d, configuration='/system/usr/idc/qwerty2.idc', keyLayout='/system/usr/keylayout/qwerty.kl', keyCharacterMap='/system/usr/keychars/qwerty2.kcm', builtinKeyboard=true, usingSuspendBlockIoctl=false, usingClockIoctl=false
E/EventHub(  283): could not get driver version for /dev/input/mouse0, Not a typewriter
E/EventHub(  283): could not get driver version for /dev/input/mice, Not a typewriter
I/InputReader(  283): Device added: id=-1, name='Virtual', sources=0x00000301
I/InputReader(  283):   Touch device 'qwerty2' could not query the properties of its associated display.  The device will be inoperable until the display size becomes available.
I/InputReader(  283): Device added: id=0, name='qwerty2', sources=0x00011307
E/Trace   (  283): error opening trace file: No such file or directory (2)
I/SystemServer(  283): Accessibility Manager
I/ActivityManager(  283): Config changes=15f8 {1.0 ?mcc?mnc en_US ldltr sw320dp w320dp h508dp 240dpi nrml long port ?uimode ?night finger -keyb/v/h tball/v s.2}
I/InputReader(  283): Reconfiguring input devices.  changes=0x00000004
I/InputReader(  283): Device reconfigured: id=0, name='qwerty2', size 480x800, orientation 0, mode 1, display id 0
I/InputReader(  283): Reconfiguring input devices.  changes=0x00000004
I/InputReader(  283): Device reconfigured: id=0, name='qwerty2', size 480x800, orientation 0, mode 1, display id 0
I/SystemServer(  283): Mount Service
D/MountService(  283): got storage path: /mnt/sdcard description: USB storage primary: true removable: false emulated: false mtpReserve: 0 allowMassStorage: false maxFileSize: 0
D/MountService(  283): addVolumeLocked() StorageVolume [mStorageId=0 mPath=/mnt/sdcard mDescriptionId=17040615 mPrimary=true mRemovable=false mEmulated=false mMtpReserveSpace=0 mAllowMassStorage=false mMaxFileSize=0 mOwner=null]
I/SystemServer(  283): LockSettingsService
I/SystemServer(  283): Device Policy
I/SystemServer(  283): Status Bar
I/SystemServer(  283): Clipboard Service
I/SystemServer(  283): NetworkManagement Service
I/SystemServer(  283): Text Service Manager Service
I/SystemServer(  283): NetworkStats Service
D/dalvikvm(  283): GREF has increased to 201
I/SystemServer(  283): NetworkPolicy Service
I/SystemServer(  283): Wi-Fi P2pService
D/MountService(  283): volume state changed for /mnt/sdcard (null -> unmounted)
I/PackageManager(  283): Updating external media status from unmounted to unmounted
I/SystemServer(  283): Wi-Fi Service
W/MountService(  283): getSecureContainerList() called when storage not mounted
I/PackageManager(  283): No secure containers on sdcard
W/PackageManager(  283): Unknown permission com.google.android.googleapps.permission.GOOGLE_AUTH.mail in package com.android.contacts
W/PackageManager(  283): Unknown permission android.permission.ADD_SYSTEM_SERVICE in package com.android.phone
W/PackageManager(  283): Unknown permission com.android.smspush.WAPPUSH_MANAGER_BIND in package com.android.phone
W/PackageManager(  283): Unknown permission com.google.android.googleapps.permission.GOOGLE_AUTH in package com.android.providers.calendar
W/PackageManager(  283): Unknown permission com.google.android.googleapps.permission.GOOGLE_AUTH.cl in package com.android.providers.calendar
W/PackageManager(  283): Unknown permission com.google.android.googleapps.permission.GOOGLE_AUTH.mail in package com.android.calendar
W/PackageManager(  283): Not granting permission android.permission.SEND_DOWNLOAD_COMPLETED_INTENTS to package com.android.browser (protectionLevel=2 flags=0x89be45)
W/PackageManager(  283): Not granting permission android.permission.BIND_APPWIDGET to package com.android.widgetpreview (protectionLevel=18 flags=0x8be44)
W/PackageManager(  283): Unknown permission com.google.android.googleapps.permission.GOOGLE_AUTH in package com.android.settings
W/PackageManager(  283): Unknown permission com.google.android.gallery3d.permission.GALLERY_PROVIDER in package com.android.exchange
W/PackageManager(  283): Unknown permission com.google.android.googleapps.permission.ACCESS_GOOGLE_PASSWORD in package com.android.development
W/PackageManager(  283): Unknown permission com.google.android.googleapps.permission.GOOGLE_AUTH in package com.android.development
W/PackageManager(  283): Unknown permission com.google.android.googleapps.permission.GOOGLE_AUTH.ALL_SERVICES in package com.android.development
W/PackageManager(  283): Unknown permission com.google.android.googleapps.permission.GOOGLE_AUTH.YouTubeUser in package com.android.development
W/PackageManager(  283): Unknown permission com.google.android.gallery3d.permission.GALLERY_PROVIDER in package com.android.email
W/PackageManager(  283): Not granting permission android.permission.DEVICE_POWER to package com.android.deskclock (protectionLevel=2 flags=0x88be45)
E/CommandListener(   34): Failed to open /proc/sys/net/ipv6/conf/wlan0/disable_ipv6: No such file or directory
E/WifiStateMachine(  283): Failed to disable IPv6: java.lang.IllegalStateException: command '1 interface ipv6 wlan0 disable' failed with '400 1 Failed to change IPv6 state (No such file or directory)'
I/SystemServer(  283): Connectivity Service
D/ConnectivityService(  283): ConnectivityService starting up
D/dalvikvm(  283): GC_CONCURRENT freed 269K, 8% free 4056K/4392K, paused 4ms+82ms, total 459ms
E/MobileDataStateTracker(  283): default: Ignoring feature request because could not acquire PhoneService
E/MobileDataStateTracker(  283): default: Could not enable APN type "default"
I/WifiService(  283): WifiService starting up with Wi-Fi disabled
I/SystemServer(  283): Network Service Discovery Service
D/NsdService(  283): Network service discovery enabled true
I/SystemServer(  283): Throttle Service
I/SystemServer(  283): UpdateLock Service
I/SystemServer(  283): Notification Manager
I/SystemServer(  283): Device Storage Monitor
I/SystemServer(  283): Location Manager
I/SystemServer(  283): Country Detector
I/SystemServer(  283): Search Service
I/SystemServer(  283): DropBox Service
I/SystemServer(  283): Wallpaper Service
I/SystemServer(  283): Audio Service
D/dalvikvm(  283): GC_CONCURRENT freed 329K, 9% free 4173K/4572K, paused 5ms+4ms, total 150ms
I/SystemServer(  283): Dock Observer
W/DockObserver(  283): This kernel does not have dock station support
I/SystemServer(  283): Wired Accessory Manager
W/WiredAccessoryManager(  283): This kernel does not have wired headset support
W/WiredAccessoryManager(  283): This kernel does not have usb audio support
W/WiredAccessoryManager(  283): This kernel does not have HDMI audio support
I/SystemServer(  283): USB Service
I/SystemServer(  283): Serial Service
I/SystemServer(  283): Twilight Service
I/SystemServer(  283): UI Mode Manager Service
I/SystemServer(  283): Backup Service
V/BackupManagerService(  283): No ancestral data
I/BackupManagerService(  283): Found stale backup journal, scheduling
I/BackupManagerService(  283):   android
I/BackupManagerService(  283):   com.android.browser
I/BackupManagerService(  283):   com.android.calendar
I/BackupManagerService(  283):   com.android.inputmethod.latin
I/BackupManagerService(  283):   com.android.providers.settings
I/BackupManagerService(  283):   com.android.providers.userdictionary
I/BackupManagerService(  283):   com.android.sharedstoragebackup
I/BackupManagerService(  283): Backup enabled => true
I/SystemServer(  283): AppWidget Service
I/SystemServer(  283): Recognition Service
I/SystemServer(  283): DiskStats Service
I/SystemServer(  283): SamplingProfiler Service
I/SystemServer(  283): NetworkTimeUpdateService
I/SystemServer(  283): CommonTimeManagementService
I/SystemServer(  283): CertBlacklister
I/SystemServer(  283): Dreams Service
I/WindowManager(  283): SAFE MODE not enabled
D/dalvikvm(  283): JIT started for system_server
D/dalvikvm(  283): GC_CONCURRENT freed 312K, 9% free 4279K/4660K, paused 5ms+99ms, total 402ms
I/ActivityManager(  283): System now ready
I/SystemServer(  283): Making services ready
I/Zygote  (  283): Process: zygote socket opened
I/ActivityManager(  283): Start proc com.android.systemui for service com.android.systemui/.SystemUIService: pid=346 uid=10034 gids={50034, 1028, 1015, 3002, 3001}
I/Vold    (   32): /dev/block/vold/179:0 being considered for volume sdcard
D/Vold    (   32): Volume sdcard state changing 1 (Idle-Unmounted) -> 3 (Checking)
D/MountService(  283): volume state changed for /mnt/sdcard (unmounted -> checking)
D/MountService(  283): sendStorageIntent Intent { act=android.intent.action.MEDIA_CHECKING dat=file:///mnt/sdcard (has extras) } to UserHandle{-1}
I/Choreographer(  283): Skipped 67 frames!  The application may be doing too much work on its main thread.
D/NetworkManagementService(  283): not enabling bandwidth control
I/keystore(   42): uid: 1000 action: e -> 7 state: 3 -> 3 retry: 4
W/NetworkStats(  283): bandwidth controls disabled, unable to track stats
W/NetworkPolicy(  283): bandwidth controls disabled, unable to enforce policy
I/keystore(   42): uid: 1000 action: e -> 7 state: 3 -> 3 retry: 4
I//system/bin/fsck_msdos(   32): ** /dev/block/vold/179:0
I/ActivityManager(  283): Config changes=200 {1.0 ?mcc?mnc en_US ldltr sw320dp w320dp h508dp 240dpi nrml long port finger -keyb/v/h tball/v s.3}
W/RecognitionManagerService(  283): no available voice recognition services found for user 0
I//system/bin/fsck_msdos(   32): ** Phase 1 - Read and Compare FATs
I//system/bin/fsck_msdos(   32): Attempting to allocate 2044 KB for FAT
E/Trace   (  346): error opening trace file: No such file or directory (2)
D/SystemUIService(  346): loading: class com.android.systemui.statusbar.phone.PhoneStatusBar
W/InputMethodManagerService(  283): Ignoring setImeWindowStatus of uid 1000 token: null
D/SystemUIService(  346): running: com.android.systemui.statusbar.phone.PhoneStatusBar@40cd3510
D/dalvikvm(  283): GC_CONCURRENT freed 101K, 4% free 4682K/4852K, paused 10ms+26ms, total 220ms
D/dalvikvm(  283): WAIT_FOR_CONCURRENT_GC blocked 130ms
I/StatusBarManagerService(  283): registerStatusBar bar=com.android.internal.statusbar.IStatusBar$Stub$Proxy@40e6d378
D/dalvikvm(  283): GC_CONCURRENT freed 259K, 7% free 4982K/5312K, paused 47ms+7ms, total 338ms
D/dalvikvm(  346): GC_FOR_ALLOC freed 88K, 6% free 2664K/2812K, paused 116ms, total 125ms
I/dalvikvm-heap(  346): Grow heap (frag case) to 3.263MB for 635812-byte allocation
D/dalvikvm(  346): GC_CONCURRENT freed 5K, 5% free 3280K/3436K, paused 4ms+2ms, total 51ms
D/dalvikvm(  346): WAIT_FOR_CONCURRENT_GC blocked 31ms
D/dalvikvm(  283): GC_CONCURRENT freed 304K, 7% free 5332K/5704K, paused 6ms+5ms, total 213ms
D/dalvikvm(  283): WAIT_FOR_CONCURRENT_GC blocked 104ms
D/dalvikvm(  283): WAIT_FOR_CONCURRENT_GC blocked 112ms
W/InputMethodManagerService(  283): Found no subtypes in a system IME: com.android.inputmethod.pinyin
I/ActivityManager(  283): Start proc com.android.inputmethod.latin for service com.android.inputmethod.latin/.LatinIME: pid=375 uid=10010 gids={50010, 1028}
I/CommonTimeManagementService(  283): No common time service detected on this platform.  Common time services will be unavailable.
E/SurfaceFlinger(   37): ro.sf.lcd_density must be defined as a build property
D/gralloc_goldfish(  283): Emulator without GPU emulation detected.
I/Choreographer(  283): Skipped 1658 frames!  The application may be doing too much work on its main thread.
I/InputReader(  283): Reconfiguring input devices.  changes=0x00000020
I/ActivityManager(  283): Start proc com.android.phone for added application com.android.phone: pid=391 uid=1001 gids={41001, 3002, 3001, 3003, 1015, 1028}
I/ActivityManager(  283): START u0 {act=android.intent.action.MAIN cat=[android.intent.category.HOME] flg=0x10000000 cmp=com.android.launcher/com.android.launcher2.Launcher} from pid 0
I/InputReader(  283): Reconfiguring input devices.  changes=0x00000010
I/ActivityManager(  283): Start proc com.android.launcher for activity com.android.launcher/com.android.launcher2.Launcher: pid=404 uid=10020 gids={50020, 1028}
I/SystemServer(  283): Enabled StrictMode for system server main thread.
E/Trace   (  375): error opening trace file: No such file or directory (2)
E/ThrottleService(  283): problem during onPollAlarm: java.lang.IllegalStateException: problem parsing stats: java.io.FileNotFoundException: /proc/net/xt_qtaguid/iface_stat_all: open failed: ENOENT (No such file or directory)
I/Choreographer(  283): Skipped 44 frames!  The application may be doing too much work on its main thread.
D/dalvikvm(  283): GC_CONCURRENT freed 639K, 12% free 5434K/6140K, paused 387ms+12ms, total 776ms
D/dalvikvm(  283): WAIT_FOR_CONCURRENT_GC blocked 206ms
D/dalvikvm(  283): WAIT_FOR_CONCURRENT_GC blocked 205ms
D/dalvikvm(  283): WAIT_FOR_CONCURRENT_GC blocked 249ms
D/dalvikvm(  283): WAIT_FOR_CONCURRENT_GC blocked 227ms
D/dalvikvm(  283): WAIT_FOR_CONCURRENT_GC blocked 229ms
D/dalvikvm(  283): WAIT_FOR_CONCURRENT_GC blocked 199ms
D/dalvikvm(  283): WAIT_FOR_CONCURRENT_GC blocked 199ms
D/dalvikvm(  283): WAIT_FOR_CONCURRENT_GC blocked 206ms
D/dalvikvm(  283): WAIT_FOR_CONCURRENT_GC blocked 282ms
E/BluetoothAdapter(  346): Bluetooth binder is null
E/BluetoothAdapter(  346): Bluetooth binder is null
E/Trace   (  391): error opening trace file: No such file or directory (2)
E/Trace   (  404): error opening trace file: No such file or directory (2)
E/BluetoothAdapter(  346): Bluetooth binder is null
I/LatinIME(  375): Hardware accelerated drawing: false
W/TelephonyProvider(  391): onCreate: confFile=/system/etc/apns-conf.xml oldCheckSum=-1
D/TelephonyManager(  391): getLteOnCdmaMode=0 curVal=-1 product_type='' lteOnCdmaProductType=''
D/dalvikvm(  346): GC_CONCURRENT freed 72K, 4% free 3682K/3816K, paused 47ms+35ms, total 601ms
D/dalvikvm(  283): GREF has increased to 301
E/BluetoothAdapter(  346): Bluetooth binder is null
D/TelephonyManager(  391): getLteOnCdmaMode=0 curVal=-1 product_type='' lteOnCdmaProductType=''
D/TelephonyManager(  391): getLteOnCdmaMode=0 curVal=-1 product_type='' lteOnCdmaProductType=''
W/InputAttributes(  375): No editor info for this field. Bug?
D/dalvikvm(  283): GC_CONCURRENT freed 774K, 14% free 5427K/6268K, paused 7ms+131ms, total 425ms
D/dalvikvm(  283): WAIT_FOR_CONCURRENT_GC blocked 61ms
D/dalvikvm(  283): WAIT_FOR_CONCURRENT_GC blocked 70ms
D/dalvikvm(  283): WAIT_FOR_CONCURRENT_GC blocked 358ms
E/ActivityThread(  375): Failed to find provider info for com.android.inputmethod.latin.dictionarypack
E/BinaryDictionaryGetter(  375): Could not find a dictionary pack
I/ActivityManager(  283): Start proc android.process.acore for content provider com.android.providers.userdictionary/.UserDictionaryProvider: pid=432 uid=10001 gids={50001, 3003, 1015, 1028}
I/ActivityManager(  283): Start proc com.android.music for broadcast com.android.music/.MediaButtonIntentReceiver: pid=450 uid=10025 gids={50025, 3003, 1015, 1028}
W/InputMethodManagerService(  283): Found no subtypes in a system IME: com.android.inputmethod.pinyin
D/dalvikvm(  375): GC_CONCURRENT freed 270K, 12% free 2513K/2844K, paused 61ms+531ms, total 1416ms
E/StrictMode(  375): A resource was acquired at attached stack trace but never released. See java.io.Closeable for information on avoiding resource leaks.
E/StrictMode(  375): java.lang.Throwable: Explicit termination method 'close' not called
E/StrictMode(  375): 	at dalvik.system.CloseGuard.open(CloseGuard.java:184)
E/StrictMode(  375): 	at android.os.ParcelFileDescriptor.<init>(ParcelFileDescriptor.java:412)
E/StrictMode(  375): 	at android.content.res.AssetManager.openNonAssetFdNative(Native Method)
E/StrictMode(  375): 	at android.content.res.AssetManager.openNonAssetFd(AssetManager.java:428)
E/StrictMode(  375): 	at android.content.res.Resources.openRawResourceFd(Resources.java:979)
E/StrictMode(  375): 	at com.android.inputmethod.latin.BinaryDictionaryGetter.loadFallbackResource(BinaryDictionaryGetter.java:183)
E/StrictMode(  375): 	at com.android.inputmethod.latin.BinaryDictionaryGetter.getDictionaryFiles(BinaryDictionaryGetter.java:456)
E/StrictMode(  375): 	at com.android.inputmethod.latin.DictionaryFactory.createMainDictionaryFromManager(DictionaryFactory.java:57)
E/StrictMode(  375): 	at com.android.inputmethod.latin.DictionaryFactory.createMainDictionaryFromManager(DictionaryFactory.java:87)
E/StrictMode(  375): 	at com.android.inputmethod.latin.Suggest$1.run(Suggest.java:108)
E/Trace   (  432): error opening trace file: No such file or directory (2)
I/dalvikvm(  450): Turning on JNI app bug workarounds for target SDK version 9...
E/Trace   (  450): error opening trace file: No such file or directory (2)
W/Settings(  391): Setting airplane_mode_on has moved from android.provider.Settings.System to android.provider.Settings.Global, returning read-only value.
W/Settings(  391): Setting auto_time has moved from android.provider.Settings.System to android.provider.Settings.Global, returning read-only global URI.
W/Settings(  391): Setting auto_time_zone has moved from android.provider.Settings.System to android.provider.Settings.Global, returning read-only global URI.
W/ActivityManager(  283): Unable to start service Intent { act=com.android.internal.telephony.IWapPushManager } U=0: not found
D/PhoneStatusBar(  346): disable: < expand icons alerts ticker system_info back home recent clock search >
I/LocationBlacklist(  283): whitelist: []
I/LocationBlacklist(  283): blacklist: []
D/        (  391): [ApnContext:default] set reason as dataEnabled,current state IDLE
D/        (  391): [ApnContext:default] setRetryCount: 0
D/        (  391): [ApnContext:mms] set reason as dataEnabled,current state IDLE
D/        (  391): [ApnContext:mms] setRetryCount: 0
D/        (  391): [ApnContext:supl] set reason as dataEnabled,current state IDLE
D/        (  391): [ApnContext:supl] setRetryCount: 0
D/        (  391): [ApnContext:hipri] set reason as dataEnabled,current state IDLE
D/        (  391): [ApnContext:hipri] setRetryCount: 0
D/        (  391): [ApnContext:fota] set reason as dataEnabled,current state IDLE
D/        (  391): [ApnContext:fota] setRetryCount: 0
D/        (  391): [ApnContext:ims] set reason as dataEnabled,current state IDLE
D/        (  391): [ApnContext:ims] setRetryCount: 0
D/        (  391): [ApnContext:cbs] set reason as dataEnabled,current state IDLE
D/        (  391): [ApnContext:cbs] setRetryCount: 0
V/TAG     (  283): bug 7643792: fitSystemWindows([0,0][0,0])
D/dalvikvm(  391): GC_CONCURRENT freed 198K, 10% free 2575K/2832K, paused 4ms+3ms, total 480ms
D/TelephonyManager(  391): getLteOnCdmaMode=0 curVal=-1 product_type='' lteOnCdmaProductType=''
D/dalvikvm(  404): GC_CONCURRENT freed 176K, 9% free 2612K/2848K, paused 4ms+385ms, total 503ms
D/CallManager(  391): registerPhone(GSM Handler (com.android.internal.telephony.PhoneProxy) {40d02db0})
D/dalvikvm(  283): GC_CONCURRENT freed 614K, 13% free 5476K/6268K, paused 6ms+66ms, total 994ms
I/AudioService(  283):   Remote Control   registerMediaButtonIntent() for PendingIntent{41006e70: PendingIntentRecord{40fddda8 com.android.music broadcastIntent}}
E/BluetoothAdapter(  346): Bluetooth binder is null
I/ActivityManager(  283): Start proc android.process.media for content provider com.android.providers.media/.MediaProvider: pid=471 uid=10000 gids={50000, 1015, 1023, 1024, 1028, 1006, 2001, 3003, 3007}
D/SystemUIService(  346): loading: class com.android.systemui.power.PowerUI
D/SystemUIService(  346): running: com.android.systemui.power.PowerUI@40e3f6d8
D/SystemUIService(  346): loading: class com.android.systemui.media.RingtonePlayer
D/SystemUIService(  346): running: com.android.systemui.media.RingtonePlayer@40e404b8
E/BluetoothAdapter(  391): Bluetooth binder is null
V/TAG     (  283): bug 7643792: fitSystemWindows([0,38][0,0])
D/PhoneStatusBar(  346): disable: < expand icons alerts ticker system_info back home RECENT* clock SEARCH* >
I/Choreographer(  346): Skipped 2799 frames!  The application may be doing too much work on its main thread.
W/ActivityManager(  283): Activity idle timeout for ActivityRecord{40fe4be8 u0 com.android.launcher/com.android.launcher2.Launcher}
E/BluetoothAdapter(  391): Bluetooth binder is null
I/Choreographer(  283): Skipped 227 frames!  The application may be doing too much work on its main thread.
E/SurfaceFlinger(   37): ro.sf.lcd_density must be defined as a build property
I/ActivityManager(  283): Start proc com.android.contacts for broadcast com.android.contacts/.calllog.CallLogReceiver: pid=488 uid=10001 gids={50001, 3003, 1015, 1028}
E/BluetoothAdapter(  283): Bluetooth binder is null
E/BluetoothAdapter(  283): Bluetooth binder is null
V/WiredAccessoryManager(  283): init()
E/Trace   (  471): error opening trace file: No such file or directory (2)
E/SoundPool(  283): error loading /system/media/audio/ui/Effect_Tick.ogg
W/AudioService(  283): Soundpool could not load file: /system/media/audio/ui/Effect_Tick.ogg
E/SoundPool(  283): error loading /system/media/audio/ui/Effect_Tick.ogg
W/AudioService(  283): Soundpool could not load file: /system/media/audio/ui/Effect_Tick.ogg
E/SoundPool(  283): error loading /system/media/audio/ui/Effect_Tick.ogg
W/AudioService(  283): Soundpool could not load file: /system/media/audio/ui/Effect_Tick.ogg
E/SoundPool(  283): error loading /system/media/audio/ui/Effect_Tick.ogg
W/AudioService(  283): Soundpool could not load file: /system/media/audio/ui/Effect_Tick.ogg
E/SoundPool(  283): error loading /system/media/audio/ui/Effect_Tick.ogg
W/AudioService(  283): Soundpool could not load file: /system/media/audio/ui/Effect_Tick.ogg
E/SoundPool(  283): error loading /system/media/audio/ui/KeypressStandard.ogg
W/AudioService(  283): Soundpool could not load file: /system/media/audio/ui/KeypressStandard.ogg
W/WindowManager(  283): Window freeze timeout expired.
W/WindowManager(  283): Force clearing orientation change: Window{40ec0b48 u0 Keyguard}
D/dalvikvm(  283): GC_FOR_ALLOC freed 249K, 13% free 5458K/6268K, paused 254ms, total 267ms
I/dalvikvm-heap(  283): Grow heap (frag case) to 6.469MB for 1128976-byte allocation
D/dalvikvm(  283): GC_FOR_ALLOC freed 2K, 12% free 6558K/7372K, paused 522ms, total 522ms
E/SoundPool(  283): error loading /system/media/audio/ui/KeypressSpacebar.ogg
W/AudioService(  283): Soundpool could not load file: /system/media/audio/ui/KeypressSpacebar.ogg
E/SoundPool(  283): error loading /system/media/audio/ui/KeypressDelete.ogg
W/AudioService(  283): Soundpool could not load file: /system/media/audio/ui/KeypressDelete.ogg
E/SoundPool(  283): error loading /system/media/audio/ui/KeypressReturn.ogg
W/AudioService(  283): Soundpool could not load file: /system/media/audio/ui/KeypressReturn.ogg
W/AudioService(  283): loadSoundEffects(), Error -1 while loading samples
E/Trace   (  488): error opening trace file: No such file or directory (2)
D/dalvikvm(  283): GC_CONCURRENT freed 22K, 11% free 6562K/7372K, paused 61ms+265ms, total 1160ms
I/Choreographer(  283): Skipped 956 frames!  The application may be doing too much work on its main thread.
D/dalvikvm(  432): GC_CONCURRENT freed 162K, 8% free 2634K/2860K, paused 7ms+308ms, total 630ms
E/SurfaceFlinger(   37): ro.sf.lcd_density must be defined as a build property
I/DownloadManager(  471): in removeSpuriousFiles
D/dalvikvm(  283): GREF has increased to 401
I/Choreographer(  283): Skipped 283 frames!  The application may be doing too much work on its main thread.
W/WindowManager(  283): Window freeze timeout expired.
W/WindowManager(  283): Force clearing orientation change: Window{41033a18 u0 StatusBar}
W/WindowManager(  283): Force clearing orientation change: Window{40ec0b48 u0 Keyguard}
D/dalvikvm(  404): GC_FOR_ALLOC freed 55K, 4% free 2855K/2972K, paused 159ms, total 178ms
I/dalvikvm-heap(  404): Grow heap (frag case) to 4.217MB for 1440016-byte allocation
D/dalvikvm(  404): GC_FOR_ALLOC freed 12K, 3% free 4250K/4380K, paused 210ms, total 210ms
D/dalvikvm(  404): GC_CONCURRENT freed <1K, 3% free 4250K/4380K, paused 4ms+3ms, total 112ms
I/Choreographer(  283): Skipped 236 frames!  The application may be doing too much work on its main thread.
E/SurfaceFlinger(   37): ro.sf.lcd_density must be defined as a build property
I/Choreographer(  283): Skipped 73 frames!  The application may be doing too much work on its main thread.
D/dalvikvm(  346): GC_FOR_ALLOC freed 276K, 9% free 3777K/4112K, paused 126ms, total 183ms
I/dalvikvm-heap(  346): Grow heap (frag case) to 9.857MB for 6410576-byte alloc