V/androidripper(  803): Updating value INTENT_DATA
V/androidripper(  803): Updating value INTENT_FLAGS
V/androidripper(  803): Updating value INTENT_TYPE
V/androidripper(  803): Updating value PACKAGE_NAME
D/androidripper(  803): Updated value of parameter PACKAGE_NAME to org.totschnig.myexpenses (default = app.package)
V/androidripper(  803): Updating value RANDOM_SEED
D/androidripper(  803): Updated value of parameter RANDOM_SEED to -4244019791393197310 (default = 5466516511651561651)
V/androidripper(  803): Updating value RETRY_FAILED_TRACES
V/androidripper(  803): Updating value theClass
D/androidripper(  803): Updating node scheduler
D/androidripper(  803): Loading node scheduler
V/androidripper(  803): Updating value ACTIONBARHOME_EVENTS
V/androidripper(  803): Updating value ALL_EVENTS_ON_PREFERENCES
V/androidripper(  803): Updating value BACK_BUTTON_EVENT
V/androidripper(  803): Updating value DICTIONARY_FIXED_VALUE
V/androidripper(  803): Updating value DICTIONARY_IGNORE_CONTENT_TYPES
V/androidripper(  803): Updating value EMULATOR_PORT
V/androidripper(  803): Updating value EVENTS
D/androidripper(  803): Updated values of array parameter EVENTS
V/androidripper(  803): Updating value EVENT_WHEN_NO_ID
V/androidripper(  803): Updating value EXCLUDE_WIDGETS_INPUTS_IN_GPS_EVENTS
V/androidripper(  803): Updating value EXCLUDE_WIDGETS_INPUTS_IN_SENSORS_EVENTS
V/androidripper(  803): Updating value FIX_GPS_POSITION
V/androidripper(  803): Updating value INPUTS
D/androidripper(  803): Updated values of array parameter INPUTS
V/androidripper(  803): Updating value KEY_EVENTS
V/androidripper(  803): Updating value MAX_EVENTS_PER_WIDGET
V/androidripper(  803): Updating value MAX_TASKS_IN_SCHEDULER
V/androidripper(  803): Updating value MAX_TASKS_PER_EVENT
V/androidripper(  803): Updating value MENU_EVENTS
V/androidripper(  803): Updating value ORIENTATION_EVENTS
V/androidripper(  803): Updating value PLANNER
V/androidripper(  803): Updating value REFLECT_ACTIVITY_LISTENERS
V/androidripper(  803): Updating value REFLECT_WIDGETS
V/androidripper(  803): Updating value SCHEDULER_ALGORITHM
V/androidripper(  803): Updating value SCROLL_DOWN_EVENT
V/androidripper(  803): Updating value SENSOR_TYPES
V/androidripper(  803): Updating value SIMULATE_INCOMING_CALL
V/androidripper(  803): Updating value SIMULATE_INCOMING_SMS
V/androidripper(  803): Updating value TAB_EVENTS_START_ONLY
V/androidripper(  803): Updating value TEST_LOCATION_PROVIDER
V/androidripper(  803): Updating value TEXT_VALUES_FROM_DICTIONARY
V/androidripper(  803): Updating value TEXT_VALUES_ID_HASH
V/androidripper(  803): Updating value USE_GPS
V/androidripper(  803): Updating value USE_SENSORS
D/androidripper(  803): Updating node planner
D/androidripper(  803): Loading node planner
V/androidripper(  803): Updating value ACTIONBARHOME_EVENTS
V/androidripper(  803): Updating value ALL_EVENTS_ON_PREFERENCES
V/androidripper(  803): Updating value BACK_BUTTON_EVENT
V/androidripper(  803): Updating value DICTIONARY_FIXED_VALUE
V/androidripper(  803): Updating value DICTIONARY_IGNORE_CONTENT_TYPES
V/androidripper(  803): Updating value EMULATOR_PORT
V/androidripper(  803): Updating value EVENTS
D/androidripper(  803): Updated values of array parameter EVENTS
V/androidripper(  803): Updating value EVENT_WHEN_NO_ID
V/androidripper(  803): Updating value EXCLUDE_WIDGETS_INPUTS_IN_GPS_EVENTS
V/androidripper(  803): Updating value EXCLUDE_WIDGETS_INPUTS_IN_SENSORS_EVENTS
V/androidripper(  803): Updating value FIX_GPS_POSITION
V/androidripper(  803): Updating value INPUTS
D/androidripper(  803): Updated values of array parameter INPUTS
V/androidripper(  803): Updating value KEY_EVENTS
V/androidripper(  803): Updating value MAX_EVENTS_PER_WIDGET
V/androidripper(  803): Updating value MAX_TASKS_IN_SCHEDULER
V/androidripper(  803): Updating value MAX_TASKS_PER_EVENT
V/androidripper(  803): Updating value MENU_EVENTS
V/androidripper(  803): Updating value ORIENTATION_EVENTS
V/androidripper(  803): Updating value PLANNER
V/androidripper(  803): Updating value REFLECT_ACTIVITY_LISTENERS
V/androidripper(  803): Updating value REFLECT_WIDGETS
V/androidripper(  803): Updating value SCHEDULER_ALGORITHM
V/androidripper(  803): Updating value SCROLL_DOWN_EVENT
V/androidripper(  803): Updating value SENSOR_TYPES
V/androidripper(  803): Updating value SIMULATE_INCOMING_CALL
V/androidripper(  803): Updating value SIMULATE_INCOMING_SMS
V/androidripper(  803): Updating value TAB_EVENTS_START_ONLY
V/androidripper(  803): Updating value TEST_LOCATION_PROVIDER
V/androidripper(  803): Updating value TEXT_VALUES_FROM_DICTIONARY
V/androidripper(  803): Updating value TEXT_VALUES_ID_HASH
D/androidripper(  803): Updated value of parameter TEXT_VALUES_ID_HASH to true (default = false)
V/androidripper(  803): Updating value USE_GPS
V/androidripper(  803): Updating value USE_SENSORS
D/androidripper(  803): Updating node interactions
D/androidripper(  803): Loading node interactions
V/androidripper(  803): Updating value ACTIONBARHOME_EVENTS
V/androidripper(  803): Updating value ALL_EVENTS_ON_PREFERENCES
V/androidripper(  803): Updating value BACK_BUTTON_EVENT
V/androidripper(  803): Updating value DICTIONARY_FIXED_VALUE
V/androidripper(  803): Updating value DICTIONARY_IGNORE_CONTENT_TYPES
V/androidripper(  803): Updating value EMULATOR_PORT
V/androidripper(  803): Updating value EVENTS
D/androidripper(  803): Updated values of array parameter EVENTS
V/androidripper(  803): Updating value EVENT_WHEN_NO_ID
V/androidripper(  803): Updating value EXCLUDE_WIDGETS_INPUTS_IN_GPS_EVENTS
V/androidripper(  803): Updating value EXCLUDE_WIDGETS_INPUTS_IN_SENSORS_EVENTS
V/androidripper(  803): Updating value FIX_GPS_POSITION
V/androidripper(  803): Updating value INPUTS
D/androidripper(  803): Updated values of array parameter INPUTS
V/androidripper(  803): Updating value KEY_EVENTS
V/androidripper(  803): Updating value MAX_EVENTS_PER_WIDGET
V/androidripper(  803): Updating value MAX_TASKS_IN_SCHEDULER
V/androidripper(  803): Updating value MAX_TASKS_PER_EVENT
V/androidripper(  803): Updating value MENU_EVENTS
V/androidripper(  803): Updating value ORIENTATION_EVENTS
V/androidripper(  803): Updating value PLANNER
V/androidripper(  803): Updating value REFLECT_ACTIVITY_LISTENERS
V/androidripper(  803): Updating value REFLECT_WIDGETS
V/androidripper(  803): Updating value SCHEDULER_ALGORITHM
V/androidripper(  803): Updating value SCROLL_DOWN_EVENT
V/androidripper(  803): Updating value SENSOR_TYPES
V/androidripper(  803): Updating value SIMULATE_INCOMING_CALL
V/androidripper(  803): Updating value SIMULATE_INCOMING_SMS
V/androidripper(  803): Updating value TAB_EVENTS_START_ONLY
V/androidripper(  803): Updating value TEST_LOCATION_PROVIDER
V/androidripper(  803): Updating value TEXT_VALUES_FROM_DICTIONARY
V/androidripper(  803): Updating value TEXT_VALUES_ID_HASH
V/androidripper(  803): Updating value USE_GPS
V/androidripper(  803): Updating value USE_SENSORS
D/androidripper(  803): Updating node comparator
D/androidripper(  803): Loading node comparator
V/androidripper(  803): Updating value COMPARATOR
V/androidripper(  803): Updating value COMPARATOR_TYPE
D/androidripper(  803): Updated value of parameter COMPARATOR_TYPE to CustomWidgetsSimpleComparator (default = NullComparator)
V/androidripper(  803): Updating value COMPARE_ACTIVITY_NAME
V/androidripper(  803): Updating value COMPARE_LIST_COUNT
V/androidripper(  803): Updating value COMPARE_MENU_COUNT
V/androidripper(  803): Updating value COMPARE_STATE_TITLE
D/androidripper(  803): Updated value of parameter COMPARE_STATE_TITLE to true (default = false)
V/androidripper(  803): Updating value COMPARE_VALUES
V/androidripper(  803): Updating value WIDGET_TYPES
D/androidripper(  803): Updated values of array parameter WIDGET_TYPES
D/androidripper(  803): Comparation by name is enabled
D/androidripper(  803): Comparation by title is disabled
D/androidripper(  803): Updating node strategy
D/androidripper(  803): Loading node strategy
V/androidripper(  803): Updating value AFTER_EVENT_DONT_EXPLORE
V/androidripper(  803): Updating value AFTER_WIDGET_DONT_EXPLORE
V/androidripper(  803): Updating value CHECK_FOR_TRANSITION
V/androidripper(  803): Updating value EXPLORE_ONLY_NEW_STATES
V/androidripper(  803): Updating value MAX_NUM_TRACES
V/androidripper(  803): Updating value MAX_TIME_CRAWLING
V/androidripper(  803): Updating value PAUSE_AFTER_TIME
V/androidripper(  803): Updating value PAUSE_AFTER_TRACES
V/androidripper(  803): Updating value TRACE_MAX_DEPTH
V/androidripper(  803): Updating value TRACE_MIN_DEPTH
W/dalvikvm(  803): method Landroid/test/InstrumentationTestRunner$StringResultPrinter;.print incorrectly overrides package-private method with same name in Ljunit/textui/ResultPrinter;
I/TestRunner(  803): started: testAndCrawl(it.unina.androidripper.guitree.GuiTreeEngine)
I/ActivityManager(  281): START u0 {act=android.intent.action.MAIN flg=0x10000000 cmp=org.totschnig.myexpenses/.MyExpenses} from pid 803
D/PermissionCache(   37): checking android.permission.READ_FRAME_BUFFER for uid=1000 => granted (16213 us)
W/WindowManager(  281): Failure taking screenshot for (246x410) to layer 21005
E/SurfaceFlinger(   37): ro.sf.lcd_density must be defined as a build property
I/Choreographer(  281): Skipped 35 frames!  The application may be doing too much work on its main thread.
D/dalvikvm(  803): GC_CONCURRENT freed 305K, 12% free 2786K/3152K, paused 5ms+3ms, total 56ms
D/dalvikvm(  803): WAIT_FOR_CONCURRENT_GC blocked 42ms
I/dalvikvm-heap(  803): Grow heap (frag case) to 3.381MB for 635812-byte allocation
I/Choreographer(  417): Skipped 38 frames!  The application may be doing too much work on its main thread.
D/dalvikvm(  803): GC_FOR_ALLOC freed <1K, 10% free 3406K/3776K, paused 572ms, total 572ms
D/dalvikvm(  803): GC_FOR_ALLOC freed 16K, 7% free 3709K/3968K, paused 23ms, total 27ms
V/PhoneStatusBar(  352): setLightsOn(true)
E/SurfaceFlinger(   37): ro.sf.lcd_density must be defined as a build property
D/gralloc_goldfish(  803): Emulator without GPU emulation detected.
I/ActivityManager(  281): Displayed org.totschnig.myexpenses/.MyExpenses: +1s674ms
D/androidripper(  803): Generated Resuming Persistence
D/androidripper(  803): Updating node storage
D/androidripper(  803): Loading node storage
V/androidripper(  803): Updating value ACTIVITY_LIST_FILE_NAME
V/androidripper(  803): Updating value FILE_NAME
V/androidripper(  803): Updating value MAX_TRACES_IN_RAM
I/Choreographer(  281): Skipped 34 frames!  The application may be doing too much work on its main thread.
V/androidripper(  803): Updating value ONLY_FINALTRANSITION
V/androidripper(  803): Updating value PARAMETERS_FILE_NAME
V/androidripper(  803): Updating value TASK_LIST_FILE_NAME
E/dalvikvm(  803): Could not find class 'android.support.v4.app.FragmentActivity', referenced from method com.jayway.android.robotium.solo.Waiter.getSupportFragment
W/dalvikvm(  803): VFY: unable to resolve check-cast 56 (Landroid/support/v4/app/FragmentActivity;) in Lcom/jayway/android/robotium/solo/Waiter;
D/dalvikvm(  803): VFY: replacing opcode 0x1f at 0x0009
I/dalvikvm(  803): Could not find method android.support.v4.app.FragmentActivity.getSupportFragmentManager, referenced from method com.jayway.android.robotium.solo.Waiter.getSupportFragment
W/dalvikvm(  803): VFY: unable to resolve virtual method 141: Landroid/support/v4/app/FragmentActivity;.getSupportFragmentManager ()Landroid/support/v4/app/FragmentManager;
D/dalvikvm(  803): VFY: replacing opcode 0x6e at 0x0010
I/dalvikvm(  803): Could not find method android.support.v4.app.FragmentActivity.getSupportFragmentManager, referenced from method com.jayway.android.robotium.solo.Waiter.getSupportFragment
W/dalvikvm(  803): VFY: unable to resolve virtual method 141: Landroid/support/v4/app/FragmentActivity;.getSupportFragmentManager ()Landroid/support/v4/app/FragmentManager;
D/dalvikvm(  803): VFY: replacing opcode 0x6e at 0x0019
W/dalvikvm(  803): VFY: unable to find class referenced in signature (Landroid/support/v4/app/Fragment;)
W/dalvikvm(  803): VFY: unable to find class referenced in signature (Landroid/support/v4/app/Fragment;)
D/Mms:app (  675): cancelNotification
D/EmailProvider(  588): fromDatabase accounts: 0
D/EmailProvider(  588): ending toDatabase transaction; copyCount = 0
D/EmailProvider(  588): ending fromDatabase transaction; copyCount = 0
D/androidripper(  803): Updating node automation
D/androidripper(  803): Loading node automation
V/androidripper(  803): Updating value FORCE_RESTART
V/androidripper(  803): Updating value IN_AND_OUT_FOCUS
V/androidripper(  803): Updating value PRECRAWLING
V/androidripper(  803): Updating value SCREENSHOT_FOR_EVENTS
V/androidripper(  803): Updating value SCREENSHOT_FOR_STATES
V/androidripper(  803): Updating value SCREENSHOT_ONLY_NEW_STATES
V/androidripper(  803): Updating value SLEEP_AFTER_EVENT
V/androidripper(  803): Updating value SLEEP_AFTER_RESTART
V/androidripper(  803): Updating value SLEEP_AFTER_TASK
V/androidripper(  803): Updating value SLEEP_ON_THROBBER
I/androidripper(  803): Waiting for 1 sec.
W/ActivityManager(  281): Unable to start service Intent { cmp=com.android.email/.service.AttachmentDownloadService } U=0: not found
W/ActivityManager(  281): Unable to start service Intent { cmp=com.android.email/.service.AttachmentDownloadService } U=0: not found
D/ExchangeService(  631): !!! EAS ExchangeService, onStartCommand, startingUp = true, running = false
W/ActivityManager(  281): Unable to start service Intent { cmp=com.android.email/.service.AttachmentDownloadService } U=0: not found
D/dalvikvm(  588): GC_CONCURRENT freed 194K, 9% free 2590K/2844K, paused 10ms+2ms, total 77ms
D/dalvikvm(  281): GREF has increased to 601
W/MediaScanner(  479): Error opening directory '/mnt/sdcard/.android_secure/', skipping: Permission denied.
D/androidripper(  803): Ready to operate after restarting...
I/androidripper(  803): Current activity is MyExpenses
W/androidripper(  803): --->MyExpenses
I/androidripper(  803): Retrieving widgets
D/androidripper(  803): Found widget: id=-1 (android.widget.LinearLayout{40ccb500 V.E..... ......I. 0,0-480,800})
D/androidripper(  803): Found widget: id=16909140 (android.view.ViewStub{40d5dcf0 G.E..... ......I. 0,0-0,0 #1020354})
D/androidripper(  803): Found widget: id=-1 (android.widget.FrameLayout{40d5eb18 V.E..... ......I. 0,38-480,76})
D/androidripper(  803): Found widget: id=16908310 (android.widget.TextView{40d64848 V.ED.... ......I. 6,1-474,36 #1020016 android:id/title}): My Expenses
D/androidripper(  803): Found widget: id=16908290 (android.widget.FrameLayout{40d65798 V.E..... ......I. 0,76-480,800 #1020002 android:id/content})
D/androidripper(  803): Found widget: id=-1 (android.widget.LinearLayout{40d66238 V.E..... ......I. 0,0-480,724})
D/androidripper(  803): Found widget: id=2131165222 (android.widget.LinearLayout{40d665d8 V.E..... ......I. 0,0-480,642 #7f070026 app:id/content})
D/androidripper(  803): Found widget: id=2131165223 (android.widget.RelativeLayout{40d66b38 V.E..... ......I. 0,0-480,37 #7f070027 app:id/bottom})
D/androidripper(  803): Found widget: id=-1 (android.widget.TextView{40d670d8 V.ED.... ......I. 15,0-207,37}): Current balance
D/androidripper(  803): Found widget: id=2131165224 (android.widget.TextView{40d67700 V.ED.... ......I. 396,0-465,37 #7f070028 app:id/end}): $0.00
D/androidripper(  803): Found widget: id=16908298 (android.widget.ListView{40d67e80 G.ED.VCL ......I. 0,0-0,0 #102000a android:id/list})
D/androidripper(  803): Found widget: id=16908292 (android.widget.TextView{40ce05f8 V.ED.... ......I. 0,37-480,642 #1020004 android:id/empty}): No Expenses Yet!
D/androidripper(  803): Found widget: id=2131165225 (org.totschnig.myexpenses.ButtonBar{40ce0388 V.E..... ......I. 0,642-480,724 #7f070029 app:id/ButtonBar})
D/androidripper(  803): Found widget: id=2131165184 (org.totschnig.myexpenses.ButtonBar$MenuButton{40d00598 VFED..CL .F....I. 6,8-94,80 #7f070000 app:id/INSERT_TA_COMMAND}): New
D/androidripper(  803): Found widget: id=2131165186 (org.totschnig.myexpenses.ButtonBar$MenuButton{40d10160 VFED..CL ......I. 94,8-199,80 #7f070002 app:id/SWITCH_ACCOUNT_COMMAND}): Accounts
D/androidripper(  803): Found widget: id=2131165188 (org.totschnig.myexpenses.ButtonBar$MenuButton{40d10898 VF.D..CL ......I. 199,8-287,80 #7f070004 app:id/RESET_ACCOUNT_COMMAND}): Reset
D/androidripper(  803): Found widget: id=2131165189 (org.totschnig.myexpenses.ButtonBar$MenuButton{40d231f8 VFED..CL ......I. 287,8-385,80 #7f070005 app:id/SETTINGS_COMMAND}): Settings
D/androidripper(  803): Found widget: id=2131165192 (org.totschnig.myexpenses.ButtonBar$MenuButton{40d09650 VFED..CL ......I. 385,8-474,80 #7f070008 app:id/HELP_COMMAND}): Help
D/androidripper(  803): Found widget: id=-1 (com.android.internal.policy.impl.PhoneWindow$DecorView{40cc6088 V.E..... R.....I. 0,0-480,800})
V/androidripper(  803): TextualID : null
V/androidripper(  803): ContentType detected : default
V/androidripper(  803): TextualID : null
V/androidripper(  803): ContentType detected : default
D/dalvikvm(  803): GC_CONCURRENT freed 260K, 8% free 3915K/4236K, paused 11ms+17ms, total 125ms
V/androidripper(  803): TextualID : end
V/androidripper(  803): ContentType detected : default
V/androidripper(  803): TextualID : null
V/androidripper(  803): ContentType detected : default
V/androidripper(  803): TextualID : INSERT_TA_COMMAND
V/androidripper(  803): ContentType detected : default
V/androidripper(  803): TextualID : SWITCH_ACCOUNT_COMMAND
V/androidripper(  803): ContentType detected : default
V/androidripper(  803): TextualID : RESET_ACCOUNT_COMMAND
V/androidripper(  803): ContentType detected : default
V/androidripper(  803): TextualID : SETTINGS_COMMAND
V/androidripper(  803): ContentType detected : default
V/androidripper(  803): TextualID : HELP_COMMAND
V/androidripper(  803): ContentType detected : default
I/androidripper(  803): Attempting to resume previous session
I/androidripper(  803): Reading task file
D/androidripper(  803): Importing trace #2 from disk
D/androidripper(  803): Importing trace #3 from disk
D/androidripper(  803): Importing trace #4 from disk
D/androidripper(  803): Importing trace #5 from disk
D/androidripper(  803): Importing trace #6 from disk
D/androidripper(  803): Importing trace #7 from disk
D/androidripper(  803): Importing trace #8 from disk
D/androidripper(  803): Importing trace #9 from disk
D/androidripper(  803): Importing trace #10 from disk
D/dalvikvm(  803): GC_CONCURRENT freed 364K, 10% free 4066K/4488K, paused 10ms+4ms, total 108ms
D/dalvikvm(  803): WAIT_FOR_CONCURRENT_GC blocked 21ms
D/androidripper(  803): Importing trace #11 from disk
D/androidripper(  803): Importing trace #12 from disk
D/androidripper(  803): Importing trace #13 from disk
D/androidripper(  803): Importing trace #14 from disk
D/androidripper(  803): Importing trace #15 from disk
D/androidripper(  803): Importing trace #16 from disk
D/androidripper(  803): Importing trace #17 from disk
D/androidripper(  803): Importing trace #18 from disk
D/androidripper(  803): Importing trace #19 from disk
I/androidripper(  803): Reading state file
D/dalvikvm(  803): GC_CONCURRENT freed 426K, 11% free 4199K/4688K, paused 8ms+3ms, total 96ms
D/dalvikvm(  803): WAIT_FOR_CONCURRENT_GC blocked 29ms
D/androidripper(  803): Imported activity state a1 from disk
D/androidripper(  803): Imported activity state a2 from disk
D/androidripper(  803): Performing backup of the old activity list on disk
D/androidripper(  803): Saving new found state 'a1' on disk
V/androidripper(  803): Opening state file in overwrite mode.
D/dalvikvm(  803): GC_CONCURRENT freed 438K, 11% free 4356K/4860K, paused 14ms+3ms, total 144ms
D/dalvikvm(  803): WAIT_FOR_CONCURRENT_GC blocked 32ms
D/androidripper(  803): Performing backup of the old activity list on disk
D/androidripper(  803): Saving new found state 'a2' on disk
V/androidripper(  803): Opening state file in append mode.
D/androidripper(  803): Backup session footer restored to 
D/androidripper(  803): </SESSION>
D/androidripper(  803): Restored trace count to 20
D/androidripper(  803): Restored abstractor counters to: event = 20 - input = 0 - activity = 2
I/androidripper(  803): Saving the session on disk.
D/dalvikvm(  803): GC_EXPLICIT freed 384K, 14% free 4258K/4920K, paused 3ms+4ms, total 54ms
I/androidripper(  803): Dispatching new task. 18 more tasks remaining.
D/androidripper(  803): Performing backup of the old task list on disk
D/androidripper(  803): Saving task list on disk
V/androidripper(  803): Backing up trace #2 to disk.
V/androidripper(  803): Backing up trace #3 to disk.
V/androidripper(  803): Backing up trace #4 to disk.
V/androidripper(  803): Backing up trace #5 to disk.
V/androidripper(  803): Backing up trace #6 to disk.
V/androidripper(  803): Backing up trace #7 to disk.
V/androidripper(  803): Backing up trace #8 to disk.
V/androidripper(  803): Backing up trace #9 to disk.
V/androidripper(  803): Backing up trace #10 to disk.
V/androidripper(  803): Backing up trace #11 to disk.
V/androidripper(  803): Backing up trace #12 to disk.
V/androidripper(  803): Backing up trace #13 to disk.
V/androidripper(  803): Backing up trace #14 to disk.
V/androidripper(  803): Backing up trace #15 to disk.
D/dalvikvm(  803): GC_CONCURRENT freed 549K, 13% free 4337K/4948K, paused 12ms+2ms, total 74ms
D/dalvikvm(  803): WAIT_FOR_CONCURRENT_GC blocked 27ms
V/androidripper(  803): Backing up trace #16 to disk.
V/androidripper(  803): Backing up trace #17 to disk.
V/androidripper(  803): Backing up trace #18 to disk.
V/androidripper(  803): Backing up trace #19 to disk.
D/androidripper(  803): Deleting backup of the old task list from disk
D/androidripper(  803): Deleting backup of the old activity list from disk
I/androidripper(  803): Restarting
D/dalvikvm(  803): GC_CONCURRENT freed 620K, 15% free 4289K/5016K, paused 5ms+4ms, total 97ms
V/MediaScanner(  479): pruneDeadThumbnailFiles... android.database.sqlite.SQLiteCursor@40d0b9a0
V/MediaScanner(  479): /pruneDeadThumbnailFiles... android.database.sqlite.SQLiteCursor@40d0b9a0
W/MediaScanner(  479): Error opening directory '/mnt/sdcard/.android_secure/', skipping: Permission denied.
D/dalvikvm(  281): GC_EXPLICIT freed 1767K, 35% free 5908K/8956K, paused 4ms+11ms, total 97ms
I/androidripper(  803): Waiting for 1 sec.
V/MediaScanner(  479): pruneDeadThumbnailFiles... android.database.sqlite.SQLiteCursor@40d2a530
V/MediaScanner(  479): /pruneDeadThumbnailFiles... android.database.sqlite.SQLiteCursor@40d2a530
D/androidripper(  803): Ready to operate after restarting...
I/androidripper(  803): Retrieving widgets
D/androidripper(  803): Found widget: id=-1 (android.widget.LinearLayout{40ccb500 V.E..... ......I. 0,0-480,800})
D/androidripper(  803): Found widget: id=16909140 (android.view.ViewStub{40d5dcf0 G.E..... ......I. 0,0-0,0 #1020354})
D/androidripper(  803): Found widget: id=-1 (android.widget.FrameLayout{40d5eb18 V.E..... ......I. 0,38-480,76})
D/androidripper(  803): Found widget: id=16908310 (android.widget.TextView{40d64848 V.ED.... ......I. 6,1-474,36 #1020016 android:id/title}): My Expenses
D/androidripper(  803): Found widget: id=16908290 (android.widget.FrameLayout{40d65798 V.E..... ......I. 0,76-480,800 #1020002 android:id/content})
D/androidripper(  803): Found widget: id=-1 (android.widget.LinearLayout{40d66238 V.E..... ......I. 0,0-480,724})
D/androidripper(  803): Found widget: id=2131165222 (android.widget.LinearLayout{40d665d8 V.E..... ......I. 0,0-480,642 #7f070026 app:id/content})
D/androidripper(  803): Found widget: id=2131165223 (android.widget.RelativeLayout{40d66b38 V.E..... ......I. 0,0-480,37 #7f070027 app:id/bottom})
D/androidripper(  803): Found widget: id=-1 (android.widget.TextView{40d670d8 V.ED.... ......I. 15,0-207,37}): Current balance
D/androidripper(  803): Found widget: id=2131165224 (android.widget.TextView{40d67700 V.ED.... ......I. 396,0-465,37 #7f070028 app:id/end}): $0.00
D/androidripper(  803): Found widget: id=16908298 (android.widget.ListView{40d67e80 G.ED.VCL ......I. 0,0-0,0 #102000a android:id/list})
D/androidripper(  803): Found widget: id=16908292 (android.widget.TextView{40ce05f8 V.ED.... ......I. 0,37-480,642 #1020004 android:id/empty}): No Expenses Yet!
D/androidripper(  803): Found widget: id=2131165225 (org.totschnig.myexpenses.ButtonBar{40ce0388 V.E..... ......I. 0,642-480,724 #7f070029 app:id/ButtonBar})
D/androidripper(  803): Found widget: id=2131165184 (org.totschnig.myexpenses.ButtonBar$MenuButton{40d00598 VFED..CL .F....I. 6,8-94,80 #7f070000 app:id/INSERT_TA_COMMAND}): New
D/androidripper(  803): Found widget: id=2131165186 (org.totschnig.myexpenses.ButtonBar$MenuButton{40d10160 VFED..CL ......I. 94,8-199,80 #7f070002 app:id/SWITCH_ACCOUNT_COMMAND}): Accounts
D/androidripper(  803): Found widget: id=2131165188 (org.totschnig.myexpenses.ButtonBar$MenuButton{40d10898 VF.D..CL ......I. 199,8-287,80 #7f070004 app:id/RESET_ACCOUNT_COMMAND}): Reset
D/androidripper(  803): Found widget: id=2131165189 (org.totschnig.myexpenses.ButtonBar$MenuButton{40d231f8 VFED..CL ......I. 287,8-385,80 #7f070005 app:id/SETTINGS_COMMAND}): Settings
D/androidripper(  803): Found widget: id=2131165192 (org.totschnig.myexpenses.ButtonBar$MenuButton{40d09650 VFED..CL ......I. 385,8-474,80 #7f070008 app:id/HELP_COMMAND}): Help
D/androidripper(  803): Found widget: id=-1 (com.android.internal.policy.impl.PhoneWindow$DecorView{40cc6088 V.E..... R.....I. 0,0-480,800})
I/androidripper(  803): Playing Trace 2
I/androidripper(  803): Firing event: type= click name=FAQ widget=android.widget.TextView
I/androidripper(  803): Saving the session on disk. This is the last batch. The session will be terminated.
D/androidripper(  803): Performing backup of the old task list on disk
D/androidripper(  803): Saving task list on disk
V/androidripper(  803): Backing up trace #3 to disk.
V/androidripper(  803): Backing up trace #4 to disk.
V/androidripper(  803): Backing up trace #5 to disk.
V/androidripper(  803): Backing up trace #6 to disk.
V/androidripper(  803): Backing up trace #7 to disk.
V/androidripper(  803): Backing up trace #8 to disk.
V/androidripper(  803): Backing up trace #9 to disk.
V/androidripper(  803): Backing up trace #10 to disk.
V/androidripper(  803): Backing up trace #11 to disk.
V/androidripper(  803): Backing up trace #12 to disk.
V/androidripper(  803): Backing up trace #13 to disk.
V/androidripper(  803): Backing up trace #14 to disk.
D/dalvikvm(  803): GC_CONCURRENT freed 624K, 15% free 4298K/5016K, paused 5ms+3ms, total 65ms
D/dalvikvm(  803): WAIT_FOR_CONCURRENT_GC blocked 20ms
V/androidripper(  803): Backing up trace #15 to disk.
V/androidripper(  803): Backing up trace #16 to disk.
V/androidripper(  803): Backing up trace #17 to disk.
V/androidripper(  803): Backing up trace #18 to disk.
V/androidripper(  803): Backing up trace #19 to disk.
D/dalvikvm(  803): GC_CONCURRENT freed 570K, 14% free 4324K/5016K, paused 4ms+3ms, total 43ms
D/dalvikvm(  803): WAIT_FOR_CONCURRENT_GC blocked 17ms
D/androidripper(  803): Deleting backup of the old task list from disk
W/WindowManager(  281): Failure taking screenshot for (246x410) to layer 21010
W/ActivityManager(  281): Duplicate finish request for ActivityRecord{411af2f0 u0 org.totschnig.myexpenses/.MyExpenses}
D/dalvikvm(  803): GC_EXPLICIT freed 122K, 15% free 4275K/5016K, paused 12ms+19ms, total 147ms
D/dalvikvm(  803): GC_EXPLICIT freed <1K, 15% free 4275K/5016K, paused 10ms+8ms, total 118ms
I/TestRunner(  803): failed: testAndCrawl(it.unina.androidripper.guitree.GuiTreeEngine)
I/TestRunner(  803): ----- begin exception -----
I/TestRunner(  803): 
I/TestRunner(  803): junit.framework.AssertionFailedError: Cannot click: the widget does not exist
I/TestRunner(  803): 	at junit.framework.Assert.fail(Assert.java:50)
I/TestRunner(  803): 	at junit.framework.Assert.assertTrue(Assert.java:20)
I/TestRunner(  803): 	at junit.framework.Assert.assertNotNull(Assert.java:218)
I/TestRunner(  803): 	at it.unina.androidripper.automation.RobotUtilities.assertNotNull(RobotUtilities.java:303)
I/TestRunner(  803): 	at it.unina.androidripper.automation.RobotUtilities.click(RobotUtilities.java:47)
I/TestRunner(  803): 	at it.unina.androidripper.automation.Automation.injectInteraction(Automation.java:219)
I/TestRunner(  803): 	at it.unina.androidripper.automation.Automation.fireEventOnView(Automation.java:206)
I/TestRunner(  803): 	at it.unina.androidripper.automation.Automation.fireEvent(Automation.java:202)
I/TestRunner(  803): 	at it.unina.androidripper.automation.Automation.fireEvent(Automation.java:151)
I/TestRunner(  803): 	at it.unina.androidripper.automation.Automation.process(Automation.java:119)
I/TestRunner(  803): 	at it.unina.androidripper.automation.Automation.process(Automation.java:111)
I/TestRunner(  803): 	at it.unina.androidripper.Engine.process(Engine.java:94)
I/TestRunner(  803): 	at it.unina.androidripper.Engine.testAndCrawl(Engine.java:73)
I/TestRunner(  803): 	at java.lang.reflect.Method.invokeNative(Native Method)
I/TestRunner(  803): 	at java.lang.reflect.Method.invoke(Method.java:511)
I/TestRunner(  803): 	at android.test.InstrumentationTestCase.runMethod(InstrumentationTestCase.java:214)
I/TestRunner(  803): 	at android.test.InstrumentationTestCase.runTest(InstrumentationTestCase.java:199)
I/TestRunner(  803): 	at android.test.ActivityInstrumentationTestCase2.runTest(ActivityInstrumentationTestCase2.java:192)
I/TestRunner(  803): 	at junit.framework.TestCase.runBare(TestCase.java:134)
I/TestRunner(  803): 	at junit.framework.TestResult$1.protect(TestResult.java:115)
I/TestRunner(  803): 	at junit.framework.TestResult.runProtected(TestResult.java:133)
I/TestRunner(  803): 	at junit.framework.TestResult.run(TestResult.java:118)
I/TestRunner(  803): 	at junit.framework.TestCase.run(TestCase.java:124)
I/TestRunner(  803): 	at android.test.AndroidTestRunner.runTest(AndroidTestRunner.java:190)
I/TestRunner(  803): 	at android.test.AndroidTestRunner.runTest(AndroidTestRunner.java:175)
I/TestRunner(  803): 	at android.test.InstrumentationTestRunner.onStart(InstrumentationTestRunner.java:555)
I/TestRunner(  803): 	at android.app.Instrumentation$InstrumentationThread.run(Instrumentation.java:1661)
I/TestRunner(  803): ----- end exception -----
I/TestRunner(  803): finished: testAndCrawl(it.unina.androidripper.guitree.GuiTreeEngine)
D/AndroidRuntime(  789): Shutting down VM
D/dalvikvm(  789): GC_CONCURRENT freed 103K, 19% free 462K/568K, paused 1ms+1ms, total 9ms
D/dalvikvm(  417): GC_CONCURRENT freed 929K, 11% free 8438K/9428K, paused 4ms+240ms, total 508ms
I/ActivityManager(  281): Force stopping package org.totschnig.myexpenses appid=10047 user=0
I/ActivityManager(  281): Killing proc 803:org.totschnig.myexpenses/u0a10047: force stop org.totschnig.myexpenses
I/WindowState(  281): WIN DEATH: Window{411ba4d8 u0 org.totschnig.myexpenses/org.totschnig.myexpenses.MyExpenses EXITING}
I/Choreographer(  281): Skipped 59 frames!  The application may be doing too much work on its main thread.
I/Choreographer(  417): Skipped 242 frames!  The application may be doing too much work on its main thread.
E/SurfaceFlinger(   37): ro.sf.lcd_density must be defined as a build property
W/InputMethodManagerService(  281): Got RemoteException sending setActive(false) notification to pid 803 uid 10047
I/Choreographer(  417): Skipped 30 frames!  The application may be doing too much work on its main thread.
D/AndroidRuntime(  826): 
D/AndroidRuntime(  826): >>>>>> AndroidRuntime START com.android.internal.os.RuntimeInit <<<<<<
D/AndroidRuntime(  826): CheckJNI is ON
D/dalvikvm(  826): Trying to load lib libjavacore.so 0x0
D/dalvikvm(  826): Added shared lib libjavacore.so 0x0
D/dalvikvm(  826): Trying to load lib libnativehelper.so 0x0
D/dalvikvm(  826): Added shared lib libnativehelper.so 0x0
I/Choreographer(  281): Skipped 36 frames!  The application may be doing too much work on its main thread.
D/AndroidRuntime(  826): Calling main entry com.android.commands.am.Am
D/dalvikvm(  826): Note: class Landroid/app/ActivityManagerNative; has 157 unimplemented (abstract) methods
D/dalvikvm(  836): Not late-enabling CheckJNI (already on)
I/ActivityManager(  281): Start proc org.totschnig.myexpenses for broadcast org.totschnig.myexpenses/.EmmaInstrument.SMSInstrumentedReceiver: pid=836 uid=10047 gids={50047, 1015, 1028}
I/dalvikvm(  836): Turning on JNI app bug workarounds for target SDK version 8...
E/Trace   (  836): error opening trace file: No such file or directory (2)
D/dalvikvm(  836): GC_CONCURRENT freed 218K, 10% free 2564K/2844K, paused 4ms+6ms, total 59ms
I/System.out(  836): EMMA: collecting runtime coverage data ...
D/EmmaInstrumentation:(  836): Intermidate Dump Called with file name :/mnt/sdcard/coverage.ec
D/EmmaInstrumentation:(  836): generateCoverageReport()
I/System.out(  836): EMMA: runtime coverage data merged into [/mnt/sdcard/coverage.ec] {in 18 ms}
D/AndroidRuntime(  826): Shutting down VM
D/dalvikvm(  826): GC_CONCURRENT freed 91K, 17% free 492K/588K, paused 0ms+1ms, total 8ms
* daemon not running. starting it now on port 5037 *
W/Resources(   38): Preloaded drawable resource #0x1080345 (android:drawable/ic_menu_paste_holo_dark) that varies with configuration!!
W/Resources(   38): Preloaded drawable resource #0x1080346 (android:drawable/ic_menu_paste_holo_light) that varies with configuration!!
W/Resources(   38): Preloaded drawable resource #0x108034c (android:drawable/ic_menu_selectall_holo_light) that varies with configuration!!
W/Resources(   38): Preloaded drawable resource #0x108034b (android:drawable/ic_menu_selectall_holo_dark) that varies with configuration!!
W/Resources(   38): Preloaded drawable resource #0x10802b5 (android:drawable/ic_clear_disabled) that varies with configuration!!
W/Resources(   38): Preloaded drawable resource #0x10802b7 (android:drawable/ic_clear_normal) that varies with configuration!!
W/Resources(   38): Preloaded drawable resource #0x10802b7 (android:drawable/ic_clear_normal) that varies with configuration!!
D/dalvikvm(   38): GC_EXPLICIT freed 66K, 27% free 2318K/3152K, paused 3ms+2ms, total 147ms
W/Resources(   38): Preloaded drawable resource #0x10802b5 (android:drawable/ic_clear_disabled) that varies with configuration!!
W/Resources(   38): Preloaded drawable resource #0x10802b7 (android:drawable/ic_clear_normal) that varies with configuration!!
W/Resources(   38): Preloaded drawable resource #0x108035b (android:drawable/ic_search) that varies with configuration!!
W/Resources(   38): Preloaded drawable resource #0x10802cf (android:drawable/ic_go) that varies with configuration!!
W/Resources(   38): Preloaded drawable resource #0x1080362 (android:drawable/ic_voice_search) that varies with configuration!!
D/dalvikvm(   38): GC_EXPLICIT freed 53K, 27% free 2317K/3152K, paused 3ms+3ms, total 129ms
W/Resources(   38): Preloaded drawable resource #0x108021f (android:drawable/dialog_bottom_holo_dark) that varies with configuration!!
W/Resources(   38): Preloaded drawable resource #0x1080220 (android:drawable/dialog_bottom_holo_light) that varies with configuration!!
W/Resources(   38): Preloaded drawable resource #0x1080224 (android:drawable/dialog_full_holo_dark) that varies with configuration!!
D/dalvikvm(   38): GC_EXPLICIT freed 77K, 27% free 2317K/3152K, paused 2ms+45ms, total 86ms
W/Resources(   38): Preloaded drawable resource #0x1080225 (android:drawable/dialog_full_holo_light) that varies with configuration!!
W/Resources(   38): Preloaded drawable resource #0x108022d (android:drawable/dialog_middle_holo_dark) that varies with configuration!!
D/dalvikvm(   38): GC_EXPLICIT freed 50K, 27% free 2317K/3152K, paused 3ms+3ms, total 107ms
W/Resources(   38): Preloaded drawable resource #0x108022e (android:drawable/dialog_middle_holo_light) that varies with configuration!!
W/Resources(   38): Preloaded drawable resource #0x108022f (android:drawable/dialog_top_holo_dark) that varies with configuration!!
W/Resources(   38): Preloaded drawable resource #0x1080230 (android:drawable/dialog_top_holo_light) that varies with configuration!!
D/dalvikvm(   38): GC_EXPLICIT freed 55K, 27% free 2317K/3152K, paused 6ms+6ms, total 90ms
W/Resources(   38): Preloaded drawable resource #0x10802c2 (android:drawable/ic_dialog_alert_holo_dark) that varies with configuration!!
W/Resources(   38): Preloaded drawable resource #0x10802c3 (android:drawable/ic_dialog_alert_holo_light) that varies with configuration!!
W/Resources(   38): Preloaded drawable resource #0x10803c9 (android:drawable/list_divider_holo_dark) that varies with configuration!!
W/Resources(   38): Preloaded drawable resource #0x10803ca (android:drawable/list_divider_holo_light) that varies with configuration!!
W/Resources(   38): Preloaded drawable resource #0x10803ca (android:drawable/list_divider_holo_light) that varies with configuration!!
W/Resources(   38): Preloaded drawable resource #0x10800bd (android:drawable/ab_transparent_dark_holo) that varies with configuration!!
W/Resources(   38): Preloaded drawable resource #0x10800bb (android:drawable/ab_stacked_transparent_dark_holo) that varies with configuration!!
W/Resources(   38): Preloaded drawable resource #0x10800a1 (android:drawable/ab_bottom_transparent_dark_holo) that varies with configuration!!
D/dalvikvm(   38): GC_EXPLICIT freed 47K, 27% free 2321K/3152K, paused 3ms+3ms, total 120ms
W/Resources(   38): Preloaded drawable resource #0x10800b5 (android:drawable/ab_solid_dark_holo) that varies with configuration!!
W/Resources(   38): Preloaded drawable resource #0x10800b8 (android:drawable/ab_stacked_solid_dark_holo) that varies with configuration!!
W/Resources(   38): Preloaded drawable resource #0x108009e (android:drawable/ab_bottom_solid_dark_holo) that varies with configuration!!
W/Resources(   38): Preloaded drawable resource #0x10800be (android:drawable/ab_transparent_light_holo) that varies with configuration!!
W/Resources(   38): Preloaded drawable resource #0x10800bc (android:drawable/ab_stacked_transparent_light_holo) that varies with configuration!!
W/Resources(   38): Preloaded drawable resource #0x10800a2 (android:drawable/ab_bottom_transparent_light_holo) that varies with configuration!!
W/Resources(   38): Preloaded drawable resource #0x10800b6 (android:drawable/ab_solid_light_holo) that varies with configuration!!
W/Resources(   38): Preloaded drawable resource #0x10800ba (android:drawable/ab_stacked_solid_light_holo) that varies with configuration!!
D/dalvikvm(   38): GC_EXPLICIT freed 54K, 27% free 2322K/3152K, paused 3ms+13ms, total 44ms
W/Resources(   38): Preloaded drawable resource #0x10800a0 (android:drawable/ab_bottom_solid_light_holo) that varies with configuration!!
W/Resources(   38): Preloaded drawable resource #0x10800b7 (android:drawable/ab_solid_shadow_holo) that varies with configuration!!
W/Resources(   38): Preloaded drawable resource #0x10803f0 (android:drawable/list_selector_disabled_holo_dark) that varies with configuration!!
W/Resources(   38): Preloaded drawable resource #0x10803f0 (android:drawable/list_selector_disabled_holo_dark) that varies with configuration!!
W/Resources(   38): Preloaded drawable resource #0x10803d1 (android:drawable/list_pressed_holo_dark) that varies with configuration!!
W/Resources(   38): Preloaded drawable resource #0x10803d0 (android:drawable/list_longpressed_holo) that varies with configuration!!
W/Resources(   38): Preloaded drawable resource #0x10803d0 (android:drawable/list_longpressed_holo) that varies with configuration!!
W/Resources(   38): Preloaded drawable resource #0x10803d1 (android:drawable/list_pressed_holo_dark) that varies with configuration!!
W/Resources(   38): Preloaded drawable resource #0x10803d0 (android:drawable/list_longpressed_holo) that varies with configuration!!
W/Resources(   38): Preloaded drawable resource #0x10803d0 (android:drawable/list_longpressed_holo) that varies with configuration!!
W/Resources(   38): Preloaded drawable resource #0x10803cc (android:drawable/list_focused_holo) that varies with configuration!!
W/Resources(   38): Preloaded drawable resource #0x10803f1 (android:drawable/list_selector_disabled_holo_light) that varies with configuration!!
W/Resources(   38): Preloaded drawable resource #0x10803f1 (android:drawable/list_selector_disabled_holo_light) that varies with configuration!!
W/Resources(   38): Preloaded drawable resource #0x10803d2 (android:drawable/list_pressed_holo_light) that varies with configuration!!
W/Resources(   38): Preloaded drawable resource #0x10803d0 (android:drawable/list_longpressed_holo) that varies with configuration!!
W/Resources(   38): Preloaded drawable resource #0x10803d0 (android:drawable/list_longpressed_holo) that varies with configuration!!
W/Resources(   38): Preloaded drawable resource #0x10803d2 (android:drawable/list_pressed_holo_light) that varies with configuration!!
W/Resources(   38): Preloaded drawable resource #0x10803d0 (android:drawable/list_longpressed_holo) that varies with configuration!!
W/Resources(   38): Preloaded drawable resource #0x10803d0 (android:drawable/list_longpressed_holo) that varies with configuration!!
W/Resources(   38): Preloaded drawable resource #0x10803cc (android:drawable/list_focused_holo) that varies with configuration!!
D/dalvikvm(   38): WAIT_FOR_CONCURRENT_GC blocked 1ms
D/dalvikvm(   38): GC_EXPLICIT freed 31K, 26% free 2359K/3152K, paused 3ms+3ms, total 35ms
W/Resources(   38): Preloaded drawable resource #0x108027a (android:drawable/fastscroll_thumb_pressed_holo) that varies with configuration!!
W/Resources(   38): Preloaded drawable resource #0x1080278 (android:drawable/fastscroll_thumb_default_holo) that varies with configuration!!
W/Resources(   38): Preloaded drawable resource #0x1080278 (android:drawable/fastscroll_thumb_default_holo) that varies with configuration!!
W/Resources(   38): Preloaded drawable resource #0x108027a (android:drawable/fastscroll_thumb_pressed_holo) that varies with configuration!!
D/dalvikvm(   38): GC_EXPLICIT freed 51K, 26% free 2358K/3152K, paused 2ms+4ms, total 49ms
W/Resources(   38): Preloaded drawable resource #0x1080278 (android:drawable/fastscroll_thumb_default_holo) that varies with configuration!!
W/Resources(   38): Preloaded drawable resource #0x108027f (android:drawable/fastscroll_track_pressed_holo_dark) that varies with configuration!!
W/Resources(   38): Preloaded drawable resource #0x108027b (android:drawable/fastscroll_track_default_holo_dark) that varies with configuration!!
W/Resources(   38): Preloaded drawable resource #0x108027b (android:drawable/fastscroll_track_default_holo_dark) that varies with configuration!!
W/Resources(   38): Preloaded drawable resource #0x108027f (android:drawable/fastscroll_track_pressed_holo_dark) that varies with configuration!!
W/Resources(   38): Preloaded drawable resource #0x108027b (android:drawable/fastscroll_track_default_holo_dark) that varies with configuration!!
W/Resources(   38): Preloaded drawable resource #0x1080274 (android:drawable/fastscroll_label_left_holo_dark) that varies with configuration!!
D/dalvikvm(   38): GC_EXPLICIT freed 74K, 26% free 2358K/3152K, paused 3ms+3ms, total 45ms
W/Resources(   38): Preloaded drawable resource #0x1080276 (android:drawable/fastscroll_label_right_holo_dark) that varies with configuration!!
D/dalvikvm(   38): GC_EXPLICIT freed 50K, 26% free 2357K/3152K, paused 3ms+4ms, total 46ms
W/Resources(   38): Preloaded drawable resource #0x1080280 (android:drawable/fastscroll_track_pressed_holo_light) that varies with configuration!!
W/Resources(   38): Preloaded drawable resource #0x108027c (android:drawable/fastscroll_track_default_holo_light) that varies with configuration!!
W/Resources(   38): Preloaded drawable resource #0x108027c (android:drawable/fastscroll_track_default_holo_light) that varies with configuration!!
W/Resources(   38): Preloaded drawable resource #0x1080280 (android:drawable/fastscroll_track_pressed_holo_light) that varies with configuration!!
W/Resources(   38): Preloaded drawable resource #0x108027c (android:drawable/fastscroll_track_default_holo_light) that varies with configuration!!
W/Resources(   38): Preloaded drawable resource #0x1080275 (android:drawable/fastscroll_label_left_holo_light) that varies with configuration!!
D/dalvikvm(   38): GC_EXPLICIT freed 57K, 26% free 2359K/3152K, paused 2ms+3ms, total 91ms
W/Resources(   38): Preloaded drawable resource #0x1080277 (android:drawable/fastscroll_label_right_holo_light) that varies with configuration!!
D/dalvikvm(   38): GC_EXPLICIT freed 50K, 26% free 2358K/3152K, paused 3ms+3ms, total 91ms
W/Resources(   38): Preloaded drawable resource #0x1080259 (android:drawable/editbox_dropdown_background_dark) that varies with configuration!!
W/Resources(   38): Preloaded drawable resource #0x10805f8 (android:drawable/textfield_search_selected_holo_dark) that varies with configuration!!
W/Resources(   38): Preloaded drawable resource #0x10805ec (android:drawable/textfield_search_default_holo_dark) that varies with configuration!!
W/Resources(   38): Preloaded drawable resource #0x10805ec (android:drawable/textfield_search_default_holo_dark) that varies with configuration!!
W/Resources(   38): Preloaded drawable resource #0x10805f5 (android:drawable/textfield_search_right_selected_holo_dark) that varies with configuration!!
W/Resources(   38): Preloaded drawable resource #0x10805f3 (android:drawable/textfield_search_right_default_holo_dark) that varies with configuration!!
W/Resources(   38): Preloaded drawable resource #0x10805f3 (android:drawable/textfield_search_right_default_holo_dark) that varies with configuration!!
W/Resources(   38): Preloaded drawable resource #0x10805f9 (android:drawable/textfield_search_selected_holo_light) that varies with configuration!!
W/Resources(   38): Preloaded drawable resource #0x10805ed (android:drawable/textfield_search_default_holo_light) that varies with configuration!!
W/Resources(   38): Preloaded drawable resource #0x10805ed (android:drawable/textfield_search_default_holo_light) that varies with configuration!!
W/Resources(   38): Preloaded drawable resource #0x10805f6 (android:drawable/textfield_search_right_selected_holo_light) that varies with configuration!!
W/Resources(   38): Preloaded drawable resource #0x10805f4 (android:drawable/textfield_search_right_default_holo_light) that varies with configuration!!
W/Resources(   38): Preloaded drawable resource #0x10805f4 (android:drawable/textfield_search_right_default_holo_light) that varies with configuration!!
W/Resources(   38): Preloaded drawable resource #0x10805f8 (android:drawable/textfield_search_selected_holo_dark) that varies with configuration!!
W/Resources(   38): Preloaded drawable resource #0x10805ec (android:drawable/textfield_search_default_holo_dark) that varies with configuration!!
W/Resources(   38): Preloaded drawable resource #0x10805f5 (android:drawable/textfield_search_right_selected_holo_dark) that varies with configuration!!
W/Resources(   38): Preloaded drawable resource #0x10805f3 (android:drawable/textfield_search_right_default_holo_dark) that varies with configuration!!
W/Resources(   38): Preloaded drawable resource #0x10805f9 (android:drawable/textfield_search_selected_holo_light) that varies with configuration!!
W/Resources(   38): Preloaded drawable resource #0x10805ed (android:drawable/textfield_search_default_holo_light) that varies with configuration!!
W/Resources(   38): Preloaded drawable resource #0x10805f6 (android:drawable/textfield_search_right_selected_holo_light) that varies with configuration!!
W/Resources(   38): Preloaded drawable resource #0x10805f4 (android:drawable/textfield_search_right_default_holo_light) that varies with configuration!!
D/dalvikvm(   38): GC_EXPLICIT freed 47K, 25% free 2364K/3152K, paused 5ms+44ms, total 134ms
W/Resources(   38): Preloaded drawable resource #0x10805c1 (android:drawable/tab_unselected_holo) that varies with configuration!!
W/Resources(   38): Preloaded drawable resource #0x10805bc (android:drawable/tab_selected_holo) that varies with configuration!!
W/Resources(   38): Preloaded drawable resource #0x10805c0 (android:drawable/tab_unselected_focused_holo) that varies with configuration!!
W/Resources(   38): Preloaded drawable resource #0x10805bb (android:drawable/tab_selected_focused_holo) that varies with configuration!!
W/Resources(   38): Preloaded drawable resource #0x10805c2 (android:drawable/tab_unselected_pressed_holo) that varies with configuration!!
W/Resources(   38): Preloaded drawable resource #0x10805bd (android:drawable/tab_selected_pressed_holo) that varies with configuration!!
W/Resources(   38): Preloaded drawable resource #0x10805c2 (android:drawable/tab_unselected_pressed_holo) that varies with configuration!!
W/Resources(   38): Preloaded drawable resource #0x10805bd (android:drawable/tab_selected_pressed_holo) that varies with configuration!!
W/Resources(   38): Preloaded drawable resource #0x10805bd (android:drawable/tab_selected_pressed_holo) that varies with configuration!!
W/Resources(   38): Preloaded drawable resource #0x10805c1 (android:drawable/tab_unselected_holo) that varies with configuration!!
W/Resources(   38): Preloaded drawable resource #0x10805bc (android:drawable/tab_selected_holo) that varies with configuration!!
W/Resources(   38): Preloaded drawable resource #0x10805c0 (android:drawable/tab_unselected_focused_holo) that varies with configuration!!
W/Resources(   38): Preloaded drawable resource #0x10805bb (android:drawable/tab_selected_focused_holo) that varies with configuration!!
W/Resources(   38): Preloaded drawable resource #0x10805c2 (android:drawable/tab_unselected_pressed_holo) that varies with configuration!!
